Archive member included to satisfy reference by file (symbol)

.\CortexM3\ARM_GCC_541\Debug\Final_assignment_01.a(SPIM_1.o)
                              .\CortexM3\ARM_GCC_541\Debug\SPI_Interface.o (SPIM_1_ReadTxStatus)
.\CortexM3\ARM_GCC_541\Debug\Final_assignment_01.a(SPIM_1_INT.o)
                              .\CortexM3\ARM_GCC_541\Debug\Final_assignment_01.a(SPIM_1.o) (SPIM_1_TX_ISR)
.\CortexM3\ARM_GCC_541\Debug\Final_assignment_01.a(CS_1.o)
                              .\CortexM3\ARM_GCC_541\Debug\SPI_Interface.o (CS_1_Write)
.\CortexM3\ARM_GCC_541\Debug\Final_assignment_01.a(Pin_ISR.o)
                              .\CortexM3\ARM_GCC_541\Debug\InterruptRoutines.o (Pin_ISR_ClearInterrupt)
.\CortexM3\ARM_GCC_541\Debug\Final_assignment_01.a(isr_ACC.o)
                              .\CortexM3\ARM_GCC_541\Debug\main.o (isr_ACC_StartEx)
.\CortexM3\ARM_GCC_541\Debug\Final_assignment_01.a(SPIM_1_IntClock.o)
                              .\CortexM3\ARM_GCC_541\Debug\Final_assignment_01.a(SPIM_1.o) (SPIM_1_IntClock_Start)
.\CortexM3\ARM_GCC_541\Debug\Final_assignment_01.a(CyLib.o)
                              .\CortexM3\ARM_GCC_541\Debug\Cm3Start.o (CyHalt)
.\CortexM3\ARM_GCC_541\Debug\Final_assignment_01.a(cyPm.o)
                              .\CortexM3\ARM_GCC_541\Debug\Final_assignment_01.a(CyLib.o) (CyPmReadStatus)
.\CortexM3\ARM_GCC_541\Debug\Final_assignment_01.a(UART_1.o)
                              .\CortexM3\ARM_GCC_541\Debug\main.o (UART_1_Start)
.\CortexM3\ARM_GCC_541\Debug\Final_assignment_01.a(UART_1_IntClock.o)
                              .\CortexM3\ARM_GCC_541\Debug\Final_assignment_01.a(UART_1.o) (UART_1_IntClock_Start)
.\CortexM3\ARM_GCC_541\Debug\Final_assignment_01.a(PWM_RG.o)
                              .\CortexM3\ARM_GCC_541\Debug\RGBLedDriver.o (PWM_RG_Stop)
.\CortexM3\ARM_GCC_541\Debug\Final_assignment_01.a(PWM_B.o)
                              .\CortexM3\ARM_GCC_541\Debug\RGBLedDriver.o (PWM_B_Stop)
.\CortexM3\ARM_GCC_541\Debug\Final_assignment_01.a(CyBootAsmGnu.o)
                              .\CortexM3\ARM_GCC_541\Debug\cyfitter_cfg.o (CyDelayCycles)
.\CortexM3\ARM_GCC_541\Debug\Final_assignment_01.a(CyFlash.o)
                              .\CortexM3\ARM_GCC_541\Debug\Final_assignment_01.a(cyPm.o) (CyFlash_SetWaitCycles)
.\CortexM3\ARM_GCC_541\Debug\Final_assignment_01.a(CySpc.o)
                              .\CortexM3\ARM_GCC_541\Debug\Final_assignment_01.a(CyFlash.o) (CySpcStart)
c:/program files (x86)/cypress/psoc creator/4.3/psoc creator/import/gnu/arm/5.4.1/bin/../lib/gcc/arm-none-eabi/5.4.1/../../../../arm-none-eabi/lib/armv7-m\libg_nano.a(lib_a-errno.o)
                              .\CortexM3\ARM_GCC_541\Debug\Cm3Start.o (__errno)
c:/program files (x86)/cypress/psoc creator/4.3/psoc creator/import/gnu/arm/5.4.1/bin/../lib/gcc/arm-none-eabi/5.4.1/../../../../arm-none-eabi/lib/armv7-m\libg_nano.a(lib_a-exit.o)
                              c:/program files (x86)/cypress/psoc creator/4.3/psoc creator/import/gnu/arm/5.4.1/bin/../lib/gcc/arm-none-eabi/5.4.1/../../../../arm-none-eabi/lib/armv7-m/crt0.o (exit)
c:/program files (x86)/cypress/psoc creator/4.3/psoc creator/import/gnu/arm/5.4.1/bin/../lib/gcc/arm-none-eabi/5.4.1/../../../../arm-none-eabi/lib/armv7-m\libg_nano.a(lib_a-impure.o)
                              c:/program files (x86)/cypress/psoc creator/4.3/psoc creator/import/gnu/arm/5.4.1/bin/../lib/gcc/arm-none-eabi/5.4.1/../../../../arm-none-eabi/lib/armv7-m\libg_nano.a(lib_a-exit.o) (_global_impure_ptr)
c:/program files (x86)/cypress/psoc creator/4.3/psoc creator/import/gnu/arm/5.4.1/bin/../lib/gcc/arm-none-eabi/5.4.1/../../../../arm-none-eabi/lib/armv7-m\libg_nano.a(lib_a-init.o)
                              c:/program files (x86)/cypress/psoc creator/4.3/psoc creator/import/gnu/arm/5.4.1/bin/../lib/gcc/arm-none-eabi/5.4.1/../../../../arm-none-eabi/lib/armv7-m/crt0.o (__libc_init_array)
c:/program files (x86)/cypress/psoc creator/4.3/psoc creator/import/gnu/arm/5.4.1/bin/../lib/gcc/arm-none-eabi/5.4.1/../../../../arm-none-eabi/lib/armv7-m\libg_nano.a(lib_a-memcpy-stub.o)
                              .\CortexM3\ARM_GCC_541\Debug\LIS3DH_SPI.o (memcpy)
c:/program files (x86)/cypress/psoc creator/4.3/psoc creator/import/gnu/arm/5.4.1/bin/../lib/gcc/arm-none-eabi/5.4.1/../../../../arm-none-eabi/lib/armv7-m\libg_nano.a(lib_a-memset.o)
                              c:/program files (x86)/cypress/psoc creator/4.3/psoc creator/import/gnu/arm/5.4.1/bin/../lib/gcc/arm-none-eabi/5.4.1/../../../../arm-none-eabi/lib/armv7-m/crt0.o (memset)
c:/program files (x86)/cypress/psoc creator/4.3/psoc creator/import/gnu/arm/5.4.1/bin/../lib/gcc/arm-none-eabi/5.4.1/../../../../arm-none-eabi/lib/armv7-m\libg_nano.a(lib_a-sprintf.o)
                              .\CortexM3\ARM_GCC_541\Debug\main.o (sprintf)
[...]
Memory Configuration

Name             Origin             Length             Attributes
rom              0x00000000         0x00040000         xr
ram              0x1fff8000         0x00010000         xrw
*default*        0x00000000         0xffffffff

Linker script and memory map

LOAD c:/program files (x86)/cypress/psoc creator/4.3/psoc creator/import/gnu/arm/5.4.1/bin/../lib/gcc/arm-none-eabi/5.4.1/armv7-m/crti.o
LOAD c:/program files (x86)/cypress/psoc creator/4.3/psoc creator/import/gnu/arm/5.4.1/bin/../lib/gcc/arm-none-eabi/5.4.1/armv7-m/crtbegin.o
LOAD c:/program files (x86)/cypress/psoc creator/4.3/psoc creator/import/gnu/arm/5.4.1/bin/../lib/gcc/arm-none-eabi/5.4.1/../../../../arm-none-eabi/lib/armv7-m/crt0.o
START GROUP
LOAD .\CortexM3\ARM_GCC_541\Debug\main.o
LOAD .\CortexM3\ARM_GCC_541\Debug\SPI_Interface.o
LOAD .\CortexM3\ARM_GCC_541\Debug\LIS3DH_SPI.o
LOAD .\CortexM3\ARM_GCC_541\Debug\InterruptRoutines.o
LOAD .\CortexM3\ARM_GCC_541\Debug\RGBLedDriver.o
LOAD .\CortexM3\ARM_GCC_541\Debug\cyfitter_cfg.o
LOAD .\CortexM3\ARM_GCC_541\Debug\cymetadata.o
LOAD .\CortexM3\ARM_GCC_541\Debug\Cm3Start.o
LOAD .\CortexM3\ARM_GCC_541\Debug\Final_assignment_01.a
LOAD C:\Program Files (x86)\Cypress\PSoC Creator\4.3\PSoC Creator\psoc\content\cycomponentlibrary\CyComponentLibrary.cylib\CortexM3\ARM_GCC_541\Debug\CyComponentLibrary.a
END GROUP
START GROUP
LOAD c:/program files (x86)/cypress/psoc creator/4.3/psoc creator/import/gnu/arm/5.4.1/bin/../lib/gcc/arm-none-eabi/5.4.1/armv7-m\libgcc.a
LOAD c:/program files (x86)/cypress/psoc creator/4.3/psoc creator/import/gnu/arm/5.4.1/bin/../lib/gcc/arm-none-eabi/5.4.1/../../../../arm-none-eabi/lib/armv7-m\libg_nano.a
LOAD c:/program files (x86)/cypress/psoc creator/4.3/psoc creator/import/gnu/arm/5.4.1/bin/../lib/gcc/arm-none-eabi/5.4.1/../../../../arm-none-eabi/lib/armv7-m\libc_nano.a
END GROUP
START GROUP
LOAD c:/program files (x86)/cypress/psoc creator/4.3/psoc creator/import/gnu/arm/5.4.1/bin/../lib/gcc/arm-none-eabi/5.4.1/armv7-m\libgcc.a
LOAD c:/program files (x86)/cypress/psoc creator/4.3/psoc creator/import/gnu/arm/5.4.1/bin/../lib/gcc/arm-none-eabi/5.4.1/../../../../arm-none-eabi/lib/armv7-m\libc_nano.a
END GROUP
LOAD c:/program files (x86)/cypress/psoc creator/4.3/psoc creator/import/gnu/arm/5.4.1/bin/../lib/gcc/arm-none-eabi/5.4.1/armv7-m/crtend.o
LOAD c:/program files (x86)/cypress/psoc creator/4.3/psoc creator/import/gnu/arm/5.4.1/bin/../lib/gcc/arm-none-eabi/5.4.1/armv7-m/crtn.o
START GROUP
LOAD c:/program files (x86)/cypress/psoc creator/4.3/psoc creator/import/gnu/arm/5.4.1/bin/../lib/gcc/arm-none-eabi/5.4.1/armv7-m\libgcc.a
LOAD c:/program files (x86)/cypress/psoc creator/4.3/psoc creator/import/gnu/arm/5.4.1/bin/../lib/gcc/arm-none-eabi/5.4.1/../../../../arm-none-eabi/lib/armv7-m\libc.a
LOAD c:/program files (x86)/cypress/psoc creator/4.3/psoc creator/import/gnu/arm/5.4.1/bin/../lib/gcc/arm-none-eabi/5.4.1/../../../../arm-none-eabi/lib/armv7-m\libnosys.a
END GROUP
                0x00000000                CY_APPL_ORIGIN = 0x0
                0x00000100                CY_FLASH_ROW_SIZE = 0x100
                0x00000020                CY_ECC_ROW_SIZE = 0x20
                0x00000000                CY_EE_IN_BTLDR = 0x0
                0x00000000                CY_APPL_LOADABLE = 0x0
                0x00000800                CY_EE_SIZE = 0x800
                0x00000001                CY_APPL_NUM = 0x1
                0x00000001                CY_APPL_MAX = 0x1
                0x00000040                CY_METADATA_SIZE = 0x40
                0x00000000                CY_APPL_LOADABLE = 0x0
                0x00000000                CY_CHECKSUM_EXCLUDE_SIZE = ALIGN (0x0, CY_FLASH_ROW_SIZE)
                [!provide]                PROVIDE (__cy_heap_start, _end)
                0x00000001                PROVIDE (__cy_region_num, ((__cy_regions_end - __cy_regions) / 0x10))
                0x20008000                PROVIDE (__cy_stack, (ORIGIN (ram) + LENGTH (ram)))
                [!provide]                PROVIDE (__cy_heap_end, (__cy_stack - 0x800))

.cybootloader   0x00000000        0x0
 *(.cybootloader)
                0x00000000                appl1_start = CY_APPL_ORIGIN?CY_APPL_ORIGIN:ALIGN (CY_FLASH_ROW_SIZE)
                0x0001ff00                appl2_start = (appl1_start + ALIGN ((((LENGTH (rom) - appl1_start) - (0x2 * CY_FLASH_ROW_SIZE)) / 0x2), CY_FLASH_ROW_SIZE))
                0x00000000                appl_start = (CY_APPL_NUM == 0x1)?appl1_start:appl2_start
                0x00000000                ecc_offset = ((appl_start / CY_FLASH_ROW_SIZE) * CY_ECC_ROW_SIZE)
                0x00000000                ee_offset = (CY_APPL_LOADABLE && ! (CY_EE_IN_BTLDR))?((CY_EE_SIZE / CY_APPL_MAX) * (CY_APPL_NUM - 0x1)):0x0
                0x00000800                ee_size = (CY_APPL_LOADABLE && ! (CY_EE_IN_BTLDR))?(CY_EE_SIZE / CY_APPL_MAX):CY_EE_SIZE
                [!provide]                PROVIDE (CY_ECC_OFFSET, ecc_offset)

.text           0x00000000     0x1938
 CREATE_OBJECT_SYMBOLS
                0x00000000                PROVIDE (__cy_interrupt_vector, RomVectors)
 *(.romvectors)
 .romvectors    0x00000000       0x10 .\CortexM3\ARM_GCC_541\Debug\Cm3Start.o
                0x00000000                RomVectors
                0x00000001                ASSERT ((. != __cy_interrupt_vector), No interrupt vector)
                0x00000001                ASSERT (CY_APPL_ORIGIN?(SIZEOF (.cybootloader) <= CY_APPL_ORIGIN):0x1, Wrong image location)
                0x00000010                PROVIDE (__cy_reset, Reset)
 *(.text.Reset)
 .text.Reset    0x00000010       0x18 .\CortexM3\ARM_GCC_541\Debug\Cm3Start.o
                0x00000010                Reset
                0x00000001                ASSERT ((. != __cy_reset), No reset code)
 *(.dma_init)
                0x00000001                ASSERT ((((appl_start + .) <= 0x10000) || 0x1), DMA Init must be within the first 64k of flash)
 *(.text .text.* .gnu.linkonce.t.*)
 .text          0x00000028       0x5c c:/program files (x86)/cypress/psoc creator/4.3/psoc creator/import/gnu/arm/5.4.1/bin/../lib/gcc/arm-none-eabi/5.4.1/armv7-m/crtbegin.o
 .text.main     0x00000084      0x258 .\CortexM3\ARM_GCC_541\Debug\main.o
                0x00000084                main
 .text.SPI_Interface_Multi_RW
                0x000002dc       0xb8 .\CortexM3\ARM_GCC_541\Debug\SPI_Interface.o
                0x000002dc                SPI_Interface_Multi_RW
 .text.LIS3DH_readByte
                0x00000394       0x2c .\CortexM3\ARM_GCC_541\Debug\LIS3DH_SPI.o
                0x00000394                LIS3DH_readByte
 .text.LIS3DH_writeByte
                0x000003c0       0x28 .\CortexM3\ARM_GCC_541\Debug\LIS3DH_SPI.o
                0x000003c0                LIS3DH_writeByte
 .text.LIS3DH_readPage
                0x000003e8       0x20 .\CortexM3\ARM_GCC_541\Debug\LIS3DH_SPI.o
                0x000003e8                LIS3DH_readPage
 .text.Custom_Pin_ISR
                0x00000408       0x24 .\CortexM3\ARM_GCC_541\Debug\InterruptRoutines.o
                0x00000408                Custom_Pin_ISR
 .text.RGBLed_WriteRed
                0x0000042c        0xc .\CortexM3\ARM_GCC_541\Debug\RGBLedDriver.o
 .text.RGBLed_WriteGreen
                0x00000438        0xc .\CortexM3\ARM_GCC_541\Debug\RGBLedDriver.o
 .text.RGBLed_WriteBlu
                0x00000444        0xc .\CortexM3\ARM_GCC_541\Debug\RGBLedDriver.o
 .text.RGBLed_Start
                0x00000450        0xc .\CortexM3\ARM_GCC_541\Debug\RGBLedDriver.o
                0x00000450                RGBLed_Start
 .text.RGBLed_WriteColor
                0x0000045c       0x18 .\CortexM3\ARM_GCC_541\Debug\RGBLedDriver.o
                0x0000045c                RGBLed_WriteColor
 .text.CyClockStartupError
                0x00000474        0x4 .\CortexM3\ARM_GCC_541\Debug\cyfitter_cfg.o
 .text.cfg_write_bytes32
                0x00000478       0x34 .\CortexM3\ARM_GCC_541\Debug\cyfitter_cfg.o
 .text.AnalogSetDefault
                0x000004ac       0x28 .\CortexM3\ARM_GCC_541\Debug\cyfitter_cfg.o
 .text.CYMEMZERO
                0x000004d4        0xc .\CortexM3\ARM_GCC_541\Debug\cyfitter_cfg.o
 .text.ClockSetup
                0x000004e0       0xd4 .\CortexM3\ARM_GCC_541\Debug\cyfitter_cfg.o
 .text.CYCONFIGCPY
                0x000005b4        0x8 .\CortexM3\ARM_GCC_541\Debug\cyfitter_cfg.o
 .text.cyfitter_cfg
                0x000005bc      0x110 .\CortexM3\ARM_GCC_541\Debug\cyfitter_cfg.o
                0x000005bc                cyfitter_cfg
 .text.IntDefaultHandler
                0x000006cc       0x10 .\CortexM3\ARM_GCC_541\Debug\Cm3Start.o
                0x000006cc                IntDefaultHandler
 .text._sbrk    0x000006dc       0x30 .\CortexM3\ARM_GCC_541\Debug\Cm3Start.o
                0x000006dc                _sbrk
 .text.Start_c  0x0000070c       0x4c .\CortexM3\ARM_GCC_541\Debug\Cm3Start.o
                0x0000070c                Start_c
 .text.initialize_psoc
                0x00000758       0x68 .\CortexM3\ARM_GCC_541\Debug\Cm3Start.o
                0x00000758                initialize_psoc
 .text.SPIM_1_EnableTxInt
                0x000007c0        0xc .\CortexM3\ARM_GCC_541\Debug\Final_assignment_01.a(SPIM_1.o)
                0x000007c0                SPIM_1_EnableTxInt
 .text.SPIM_1_EnableRxInt
                0x000007cc        0xc .\CortexM3\ARM_GCC_541\Debug\Final_assignment_01.a(SPIM_1.o)
                0x000007cc                SPIM_1_EnableRxInt
 .text.SPIM_1_Enable
                0x000007d8       0x3c .\CortexM3\ARM_GCC_541\Debug\Final_assignment_01.a(SPIM_1.o)
                0x000007d8                SPIM_1_Enable
 .text.SPIM_1_DisableTxInt
                0x00000814        0xc .\CortexM3\ARM_GCC_541\Debug\Final_assignment_01.a(SPIM_1.o)
                0x00000814                SPIM_1_DisableTxInt
 .text.SPIM_1_DisableRxInt
                0x00000820        0xc .\CortexM3\ARM_GCC_541\Debug\Final_assignment_01.a(SPIM_1.o)
                0x00000820                SPIM_1_DisableRxInt
 .text.SPIM_1_ReadTxStatus
                0x0000082c       0x28 .\CortexM3\ARM_GCC_541\Debug\Final_assignment_01.a(SPIM_1.o)
                0x0000082c                SPIM_1_ReadTxStatus
 .text.SPIM_1_ReadRxStatus
                0x00000854       0x28 .\CortexM3\ARM_GCC_541\Debug\Final_assignment_01.a(SPIM_1.o)
                0x00000854                SPIM_1_ReadRxStatus
 .text.SPIM_1_WriteTxData
                0x0000087c       0xd4 .\CortexM3\ARM_GCC_541\Debug\Final_assignment_01.a(SPIM_1.o)
                0x0000087c                SPIM_1_WriteTxData
 .text.SPIM_1_ReadRxData
                0x00000950       0x64 .\CortexM3\ARM_GCC_541\Debug\Final_assignment_01.a(SPIM_1.o)
                0x00000950                SPIM_1_ReadRxData
 .text.SPIM_1_ClearRxBuffer
                0x000009b4       0x40 .\CortexM3\ARM_GCC_541\Debug\Final_assignment_01.a(SPIM_1.o)
                0x000009b4                SPIM_1_ClearRxBuffer
 .text.SPIM_1_ClearTxBuffer
                0x000009f4       0x54 .\CortexM3\ARM_GCC_541\Debug\Final_assignment_01.a(SPIM_1.o)
                0x000009f4                SPIM_1_ClearTxBuffer
 .text.SPIM_1_PutArray
                0x00000a48       0x20 .\CortexM3\ARM_GCC_541\Debug\Final_assignment_01.a(SPIM_1.o)
                0x00000a48                SPIM_1_PutArray
 .text.SPIM_1_ClearFIFO
                0x00000a68       0x3c .\CortexM3\ARM_GCC_541\Debug\Final_assignment_01.a(SPIM_1.o)
                0x00000a68                SPIM_1_ClearFIFO
 .text.SPIM_1_Init
                0x00000aa4       0x90 .\CortexM3\ARM_GCC_541\Debug\Final_assignment_01.a(SPIM_1.o)
                0x00000aa4                SPIM_1_Init
 .text.SPIM_1_Start
                0x00000b34       0x1c .\CortexM3\ARM_GCC_541\Debug\Final_assignment_01.a(SPIM_1.o)
                0x00000b34                SPIM_1_Start
 .text.SPIM_1_TX_ISR
                0x00000b50       0xa0 .\CortexM3\ARM_GCC_541\Debug\Final_assignment_01.a(SPIM_1_INT.o)
                0x00000b50                SPIM_1_TX_ISR
 .text.SPIM_1_RX_ISR
                0x00000bf0       0xa0 .\CortexM3\ARM_GCC_541\Debug\Final_assignment_01.a(SPIM_1_INT.o)
                0x00000bf0                SPIM_1_RX_ISR
 .text.CS_1_Write
                0x00000c90       0x18 .\CortexM3\ARM_GCC_541\Debug\Final_assignment_01.a(CS_1.o)
                0x00000c90                CS_1_Write
 .text.Pin_ISR_ClearInterrupt
                0x00000ca8       0x10 .\CortexM3\ARM_GCC_541\Debug\Final_assignment_01.a(Pin_ISR.o)
                0x00000ca8                Pin_ISR_ClearInterrupt
 .text.isr_ACC_SetVector
                0x00000cb8        0xc .\CortexM3\ARM_GCC_541\Debug\Final_assignment_01.a(isr_ACC.o)
                0x00000cb8                isr_ACC_SetVector
 .text.isr_ACC_SetPriority
                0x00000cc4       0x10 .\CortexM3\ARM_GCC_541\Debug\Final_assignment_01.a(isr_ACC.o)
                0x00000cc4                isr_ACC_SetPriority
 .text.isr_ACC_Enable
                0x00000cd4       0x10 .\CortexM3\ARM_GCC_541\Debug\Final_assignment_01.a(isr_ACC.o)
                0x00000cd4                isr_ACC_Enable
 .text.isr_ACC_Disable
                0x00000ce4       0x10 .\CortexM3\ARM_GCC_541\Debug\Final_assignment_01.a(isr_ACC.o)
                0x00000ce4                isr_ACC_Disable
 .text.isr_ACC_StartEx
                0x00000cf4       0x1c .\CortexM3\ARM_GCC_541\Debug\Final_assignment_01.a(isr_ACC.o)
                0x00000cf4                isr_ACC_StartEx
 .text.SPIM_1_IntClock_Start
                0x00000d10       0x1c .\CortexM3\ARM_GCC_541\Debug\Final_assignment_01.a(SPIM_1_IntClock.o)
                0x00000d10                SPIM_1_IntClock_Start
 .text.CyHalt   0x00000d2c        0x4 .\CortexM3\ARM_GCC_541\Debug\Final_assignment_01.a(CyLib.o)
                0x00000d2c                CyHalt
 .text.CyDelay  0x00000d30       0x2c .\CortexM3\ARM_GCC_541\Debug\Final_assignment_01.a(CyLib.o)
                0x00000d30                CyDelay
 .text.CyIntSetVector
                0x00000d5c       0x28 .\CortexM3\ARM_GCC_541\Debug\Final_assignment_01.a(CyLib.o)
                0x00000d5c                CyIntSetVector
 .text.CyIntSetPriority
                0x00000d84       0x30 .\CortexM3\ARM_GCC_541\Debug\Final_assignment_01.a(CyLib.o)
                0x00000d84                CyIntSetPriority
 .text.UART_1_Init
                0x00000db4       0x28 .\CortexM3\ARM_GCC_541\Debug\Final_assignment_01.a(UART_1.o)
                0x00000db4                UART_1_Init
 .text.UART_1_Enable
                0x00000ddc       0x38 .\CortexM3\ARM_GCC_541\Debug\Final_assignment_01.a(UART_1.o)
                0x00000ddc                UART_1_Enable
 .text.UART_1_Start
                0x00000e14       0x1c .\CortexM3\ARM_GCC_541\Debug\Final_assignment_01.a(UART_1.o)
                0x00000e14                UART_1_Start
 .text.UART_1_PutChar
                0x00000e30       0x18 .\CortexM3\ARM_GCC_541\Debug\Final_assignment_01.a(UART_1.o)
                0x00000e30                UART_1_PutChar
 .text.UART_1_PutString
                0x00000e48       0x24 .\CortexM3\ARM_GCC_541\Debug\Final_assignment_01.a(UART_1.o)
                0x00000e48                UART_1_PutString
 .text.UART_1_IntClock_Start
                0x00000e6c       0x1c .\CortexM3\ARM_GCC_541\Debug\Final_assignment_01.a(UART_1_IntClock.o)
                0x00000e6c                UART_1_IntClock_Start
 .text.PWM_RG_Enable
                0x00000e88       0x10 .\CortexM3\ARM_GCC_541\Debug\Final_assignment_01.a(PWM_RG.o)
                0x00000e88                PWM_RG_Enable
 .text.PWM_RG_WriteCounter
                0x00000e98        0xc .\CortexM3\ARM_GCC_541\Debug\Final_assignment_01.a(PWM_RG.o)
                0x00000e98                PWM_RG_WriteCounter
 .text.PWM_RG_WritePeriod
                0x00000ea4        0xc .\CortexM3\ARM_GCC_541\Debug\Final_assignment_01.a(PWM_RG.o)
                0x00000ea4                PWM_RG_WritePeriod
 .text.PWM_RG_WriteCompare1
                0x00000eb0        0xc .\CortexM3\ARM_GCC_541\Debug\Final_assignment_01.a(PWM_RG.o)
                0x00000eb0                PWM_RG_WriteCompare1
 .text.PWM_RG_WriteCompare2
                0x00000ebc        0xc .\CortexM3\ARM_GCC_541\Debug\Final_assignment_01.a(PWM_RG.o)
                0x00000ebc                PWM_RG_WriteCompare2
 .text.PWM_RG_SetInterruptMode
                0x00000ec8        0xc .\CortexM3\ARM_GCC_541\Debug\Final_assignment_01.a(PWM_RG.o)
                0x00000ec8                PWM_RG_SetInterruptMode
 .text.PWM_RG_ReadStatusRegister
                0x00000ed4        0xc .\CortexM3\ARM_GCC_541\Debug\Final_assignment_01.a(PWM_RG.o)
                0x00000ed4                PWM_RG_ReadStatusRegister
 .text.PWM_RG_ReadCapture
                0x00000ee0        0xc .\CortexM3\ARM_GCC_541\Debug\Final_assignment_01.a(PWM_RG.o)
                0x00000ee0                PWM_RG_ReadCapture
 .text.PWM_RG_ClearFIFO
                0x00000eec       0x14 .\CortexM3\ARM_GCC_541\Debug\Final_assignment_01.a(PWM_RG.o)
                0x00000eec                PWM_RG_ClearFIFO
 .text.PWM_RG_Init
                0x00000f00       0x58 .\CortexM3\ARM_GCC_541\Debug\Final_assignment_01.a(PWM_RG.o)
                0x00000f00                PWM_RG_Init
 .text.PWM_RG_Start
                0x00000f58       0x1c .\CortexM3\ARM_GCC_541\Debug\Final_assignment_01.a(PWM_RG.o)
                0x00000f58                PWM_RG_Start
 .text.PWM_B_Enable
                0x00000f74       0x10 .\CortexM3\ARM_GCC_541\Debug\Final_assignment_01.a(PWM_B.o)
                0x00000f74                PWM_B_Enable
 .text.PWM_B_WriteCounter
                0x00000f84        0xc .\CortexM3\ARM_GCC_541\Debug\Final_assignment_01.a(PWM_B.o)
                0x00000f84                PWM_B_WriteCounter
 .text.PWM_B_WritePeriod
                0x00000f90        0xc .\CortexM3\ARM_GCC_541\Debug\Final_assignment_01.a(PWM_B.o)
                0x00000f90                PWM_B_WritePeriod
 .text.PWM_B_WriteCompare
                0x00000f9c        0xc .\CortexM3\ARM_GCC_541\Debug\Final_assignment_01.a(PWM_B.o)
                0x00000f9c                PWM_B_WriteCompare
 .text.PWM_B_SetInterruptMode
                0x00000fa8        0xc .\CortexM3\ARM_GCC_541\Debug\Final_assignment_01.a(PWM_B.o)
                0x00000fa8                PWM_B_SetInterruptMode
 .text.PWM_B_ReadStatusRegister
                0x00000fb4        0xc .\CortexM3\ARM_GCC_541\Debug\Final_assignment_01.a(PWM_B.o)
                0x00000fb4                PWM_B_ReadStatusRegister
 .text.PWM_B_ReadCapture
                0x00000fc0        0xc .\CortexM3\ARM_GCC_541\Debug\Final_assignment_01.a(PWM_B.o)
                0x00000fc0                PWM_B_ReadCapture
 .text.PWM_B_ClearFIFO
                0x00000fcc       0x14 .\CortexM3\ARM_GCC_541\Debug\Final_assignment_01.a(PWM_B.o)
                0x00000fcc                PWM_B_ClearFIFO
 .text.PWM_B_Init
                0x00000fe0       0x50 .\CortexM3\ARM_GCC_541\Debug\Final_assignment_01.a(PWM_B.o)
                0x00000fe0                PWM_B_Init
 .text.PWM_B_Start
                0x00001030       0x1c .\CortexM3\ARM_GCC_541\Debug\Final_assignment_01.a(PWM_B.o)
                0x00001030                PWM_B_Start
 *fill*         0x0000104c        0x4 
 .text          0x00001050       0x20 .\CortexM3\ARM_GCC_541\Debug\Final_assignment_01.a(CyBootAsmGnu.o)
                0x00001050                CyDelayCycles
                0x00001060                CyEnterCriticalSection
                0x00001068                CyExitCriticalSection
 .text.__errno  0x00001070        0xc c:/program files (x86)/cypress/psoc creator/4.3/psoc creator/import/gnu/arm/5.4.1/bin/../lib/gcc/arm-none-eabi/5.4.1/../../../../arm-none-eabi/lib/armv7-m\libg_nano.a(lib_a-errno.o)
                0x00001070                __errno
 .text.__libc_init_array
                0x0000107c       0x4c c:/program files (x86)/cypress/psoc creator/4.3/psoc creator/import/gnu/arm/5.4.1/bin/../lib/gcc/arm-none-eabi/5.4.1/../../../../arm-none-eabi/lib/armv7-m\libg_nano.a(lib_a-init.o)
                0x0000107c                __libc_init_array
 .text.memcpy   0x000010c8       0x16 c:/program files (x86)/cypress/psoc creator/4.3/psoc creator/import/gnu/arm/5.4.1/bin/../lib/gcc/arm-none-eabi/5.4.1/../../../../arm-none-eabi/lib/armv7-m\libg_nano.a(lib_a-memcpy-stub.o)
                0x000010c8                memcpy
 .text.memset   0x000010de       0x10 c:/program files (x86)/cypress/psoc creator/4.3/psoc creator/import/gnu/arm/5.4.1/bin/../lib/gcc/arm-none-eabi/5.4.1/../../../../arm-none-eabi/lib/armv7-m\libg_nano.a(lib_a-memset.o)
                0x000010de                memset
 *fill*         0x000010ee        0x2 
 .text.sprintf  0x000010f0       0x48 c:/program files (x86)/cypress/psoc creator/4.3/psoc creator/import/gnu/arm/5.4.1/bin/../lib/gcc/arm-none-eabi/5.4.1/../../../../arm-none-eabi/lib/armv7-m\libg_nano.a(lib_a-sprintf.o)
                0x000010f0                siprintf
                0x000010f0                sprintf
 .text.__ssputs_r
                0x00001138       0xb2 c:/program files (x86)/cypress/psoc creator/4.3/psoc creator/import/gnu/arm/5.4.1/bin/../lib/gcc/arm-none-eabi/5.4.1/../../../../arm-none-eabi/lib/armv7-m\libg_nano.a(lib_a-nano-svfprintf.o)
                0x00001138                __ssputs_r
 *fill*         0x000011ea        0x2 
 .text._svfprintf_r
                0x000011ec      0x1e8 c:/program files (x86)/cypress/psoc creator/4.3/psoc creator/import/gnu/arm/5.4.1/bin/../lib/gcc/arm-none-eabi/5.4.1/../../../../arm-none-eabi/lib/armv7-m\libg_nano.a(lib_a-nano-svfprintf.o)
                0x000011ec                _svfiprintf_r
                0x000011ec                _svfprintf_r
 .text._printf_common
                0x000013d4       0xec c:/program files (x86)/cypress/psoc creator/4.3/psoc creator/import/gnu/arm/5.4.1/bin/../lib/gcc/arm-none-eabi/5.4.1/../../../../arm-none-eabi/lib/armv7-m\libg_nano.a(lib_a-nano-vfprintf_i.o)
                0x000013d4                _printf_common
 .text._printf_i
                0x000014c0      0x24c c:/program files (x86)/cypress/psoc creator/4.3/psoc creator/import/gnu/arm/5.4.1/bin/../lib/gcc/arm-none-eabi/5.4.1/../../../../arm-none-eabi/lib/armv7-m\libg_nano.a(lib_a-nano-vfprintf_i.o)
                0x000014c0                _printf_i
 .text.memchr   0x0000170c       0x1c c:/program files (x86)/cypress/psoc creator/4.3/psoc creator/import/gnu/arm/5.4.1/bin/../lib/gcc/arm-none-eabi/5.4.1/../../../../arm-none-eabi/lib/armv7-m\libg_nano.a(lib_a-memchr-stub.o)
                0x0000170c                memchr
 .text.memmove  0x00001728       0x36 c:/program files (x86)/cypress/psoc creator/4.3/psoc creator/import/gnu/arm/5.4.1/bin/../lib/gcc/arm-none-eabi/5.4.1/../../../../arm-none-eabi/lib/armv7-m\libg_nano.a(lib_a-memmove.o)
                0x00001728                memmove
 *fill*         0x0000175e        0x2 
 .text._free_r  0x00001760       0x98 c:/program files (x86)/cypress/psoc creator/4.3/psoc creator/import/gnu/arm/5.4.1/bin/../lib/gcc/arm-none-eabi/5.4.1/../../../../arm-none-eabi/lib/armv7-m\libg_nano.a(lib_a-nano-freer.o)
                0x00001760                _free_r
 .text._malloc_r
                0x000017f8       0xbc c:/program files (x86)/cypress/psoc creator/4.3/psoc creator/import/gnu/arm/5.4.1/bin/../lib/gcc/arm-none-eabi/5.4.1/../../../../arm-none-eabi/lib/armv7-m\libg_nano.a(lib_a-nano-mallocr.o)
                0x000017f8                _malloc_r
 .text._realloc_r
                0x000018b4       0x4c c:/program files (x86)/cypress/psoc creator/4.3/psoc creator/import/gnu/arm/5.4.1/bin/../lib/gcc/arm-none-eabi/5.4.1/../../../../arm-none-eabi/lib/armv7-m\libg_nano.a(lib_a-nano-reallocr.o)
                0x000018b4                _realloc_r
 .text._sbrk_r  0x00001900       0x20 c:/program files (x86)/cypress/psoc creator/4.3/psoc creator/import/gnu/arm/5.4.1/bin/../lib/gcc/arm-none-eabi/5.4.1/../../../../arm-none-eabi/lib/armv7-m\libg_nano.a(lib_a-sbrkr.o)
                0x00001900                _sbrk_r
 .text.__malloc_lock
                0x00001920        0x2 c:/program files (x86)/cypress/psoc creator/4.3/psoc creator/import/gnu/arm/5.4.1/bin/../lib/gcc/arm-none-eabi/5.4.1/../../../../arm-none-eabi/lib/armv7-m\libg_nano.a(lib_a-mlock.o)
                0x00001920                __malloc_lock
 .text.__malloc_unlock
                0x00001922        0x2 c:/program files (x86)/cypress/psoc creator/4.3/psoc creator/import/gnu/arm/5.4.1/bin/../lib/gcc/arm-none-eabi/5.4.1/../../../../arm-none-eabi/lib/armv7-m\libg_nano.a(lib_a-mlock.o)
                0x00001922                __malloc_unlock
 .text._malloc_usable_size_r
                0x00001924       0x14 c:/program files (x86)/cypress/psoc creator/4.3/psoc creator/import/gnu/arm/5.4.1/bin/../lib/gcc/arm-none-eabi/5.4.1/../../../../arm-none-eabi/lib/armv7-m\libg_nano.a(lib_a-nano-msizer.o)
                0x00001924                _malloc_usable_size_r
 *(.plt)
 *(.gnu.warning)
 *(.glue_7t)
 .glue_7t       0x00001938        0x0 linker stubs
 *(.glue_7)
 .glue_7        0x00001938        0x0 linker stubs
 *(.vfp11_veneer)
 .vfp11_veneer  0x00001938        0x0 linker stubs
 *(.bootloader)
 *(.ARM.extab* .gnu.linkonce.armextab.*)
 *(.gcc_except_table)

.v4_bx          0x00001938        0x0
 .v4_bx         0x00001938        0x0 linker stubs

.iplt           0x00001938        0x0
 .iplt          0x00001938        0x0 c:/program files (x86)/cypress/psoc creator/4.3/psoc creator/import/gnu/arm/5.4.1/bin/../lib/gcc/arm-none-eabi/5.4.1/armv7-m/crtbegin.o

.eh_frame_hdr
 *(.eh_frame_hdr)

.eh_frame       0x00001938        0x4
 *(.eh_frame)
 .eh_frame      0x00001938        0x0 c:/program files (x86)/cypress/psoc creator/4.3/psoc creator/import/gnu/arm/5.4.1/bin/../lib/gcc/arm-none-eabi/5.4.1/armv7-m/crtbegin.o
 .eh_frame      0x00001938        0x4 c:/program files (x86)/cypress/psoc creator/4.3/psoc creator/import/gnu/arm/5.4.1/bin/../lib/gcc/arm-none-eabi/5.4.1/armv7-m/crtend.o
                [!provide]                PROVIDE (__exidx_start, .)

.ARM.exidx
 *(.ARM.exidx* .gnu.linkonce.armexidx.*)
                0x0000193c                __exidx_end = .

.rodata         0x0000193c      0x224
 *(.rodata .rodata.* .gnu.linkonce.r.*)
 .rodata.str1.4
                0x0000193c      0x168 .\CortexM3\ARM_GCC_541\Debug\main.o
                                0x167 (size before relaxing)
 .rodata        0x00001aa4       0x50 .\CortexM3\ARM_GCC_541\Debug\cyfitter_cfg.o
 .rodata.str1.1
                0x00001af4        0x2 c:/program files (x86)/cypress/psoc creator/4.3/psoc creator/import/gnu/arm/5.4.1/bin/../lib/gcc/arm-none-eabi/5.4.1/../../../../arm-none-eabi/lib/armv7-m\libg_nano.a(lib_a-impure.o)
 .rodata.str1.1
                0x00001af6       0x11 c:/program files (x86)/cypress/psoc creator/4.3/psoc creator/import/gnu/arm/5.4.1/bin/../lib/gcc/arm-none-eabi/5.4.1/../../../../arm-none-eabi/lib/armv7-m\libg_nano.a(lib_a-nano-svfprintf.o)
 .rodata.str1.1
                0x00001b07       0x22 c:/program files (x86)/cypress/psoc creator/4.3/psoc creator/import/gnu/arm/5.4.1/bin/../lib/gcc/arm-none-eabi/5.4.1/../../../../arm-none-eabi/lib/armv7-m\libg_nano.a(lib_a-nano-vfprintf_i.o)
                0x00001b2c                . = ALIGN (0x4)
 *fill*         0x00001b29        0x3 
 *(.init)
 .init          0x00001b2c        0x4 c:/program files (x86)/cypress/psoc creator/4.3/psoc creator/import/gnu/arm/5.4.1/bin/../lib/gcc/arm-none-eabi/5.4.1/armv7-m/crti.o
                0x00001b2c                _init
 .init          0x00001b30        0x8 c:/program files (x86)/cypress/psoc creator/4.3/psoc creator/import/gnu/arm/5.4.1/bin/../lib/gcc/arm-none-eabi/5.4.1/armv7-m/crtn.o
                0x00001b38                . = ALIGN (0x4)
                0x00001b38                __preinit_array_start = .
 *(.preinit_array)
                0x00001b38                __preinit_array_end = .
                0x00001b38                . = ALIGN (0x4)
                0x00001b38                __init_array_start = .
 *(SORT(.init_array.*))
 *(.init_array)
 .init_array    0x00001b38        0x4 c:/program files (x86)/cypress/psoc creator/4.3/psoc creator/import/gnu/arm/5.4.1/bin/../lib/gcc/arm-none-eabi/5.4.1/armv7-m/crtbegin.o
 .init_array    0x00001b3c        0x4 .\CortexM3\ARM_GCC_541\Debug\Cm3Start.o
                0x00001b40                __init_array_end = .
                0x00001b40                . = ALIGN (0x4)
 *(.fini)
 .fini          0x00001b40        0x4 c:/program files (x86)/cypress/psoc creator/4.3/psoc creator/import/gnu/arm/5.4.1/bin/../lib/gcc/arm-none-eabi/5.4.1/armv7-m/crti.o
                0x00001b40                _fini
 .fini          0x00001b44        0x8 c:/program files (x86)/cypress/psoc creator/4.3/psoc creator/import/gnu/arm/5.4.1/bin/../lib/gcc/arm-none-eabi/5.4.1/armv7-m/crtn.o
                0x00001b4c                . = ALIGN (0x4)
                0x00001b4c                __fini_array_start = .
 *(.fini_array)
 .fini_array    0x00001b4c        0x4 c:/program files (x86)/cypress/psoc creator/4.3/psoc creator/import/gnu/arm/5.4.1/bin/../lib/gcc/arm-none-eabi/5.4.1/armv7-m/crtbegin.o
 *(SORT(.fini_array.*))
                0x00001b50                __fini_array_end = .
                0x00001b50                . = ALIGN (0x4)
 *crtbegin.o(.ctors)
 *(EXCLUDE_FILE(*crtend.o) .ctors)
 *(SORT(.ctors.*))
 *crtend.o(.ctors)
                0x00001b50                . = ALIGN (0x4)
 *crtbegin.o(.dtors)
 *(EXCLUDE_FILE(*crtend.o) .dtors)
 *(SORT(.dtors.*))
 *crtend.o(.dtors)
                0x00001b50                . = ALIGN (0x4)
                0x00001b50                __cy_regions = .
                0x00001b50        0x4 LONG 0x1b60 __cy_region_init_ram
                0x00001b54        0x4 LONG 0x1fff80c8 __cy_region_start_data
                0x00001b58        0x4 LONG 0x80 __cy_region_init_size_ram
                0x00001b5c        0x4 LONG 0xc0 __cy_region_zero_size_ram
                0x00001b60                __cy_regions_end = .
                0x00001b60                . = ALIGN (0x8)
                0x00001b60                _etext = .

.cy_checksum_exclude
                0x00001b60        0x0
 *(.cy_checksum_exclude)

.ramvectors     0x1fff8000       0xc0
                0x1fff8000                __cy_region_start_ram = .
 *(.ramvectors)
 .ramvectors    0x1fff8000       0xc0 .\CortexM3\ARM_GCC_541\Debug\Cm3Start.o
                0x1fff8000                CyRamVectors

.noinit         0x1fff80c0        0x1
 *(.noinit)
 .noinit        0x1fff80c0        0x1 .\CortexM3\ARM_GCC_541\Debug\Final_assignment_01.a(CyLib.o)
                0x1fff80c0                CyResetStatus

.data           0x1fff80c8       0x80 load address 0x00001b60
                0x1fff80c8                __cy_region_start_data = .
 *(.jcr)
 .jcr           0x1fff80c8        0x0 c:/program files (x86)/cypress/psoc creator/4.3/psoc creator/import/gnu/arm/5.4.1/bin/../lib/gcc/arm-none-eabi/5.4.1/armv7-m/crtbegin.o
 .jcr           0x1fff80c8        0x4 c:/program files (x86)/cypress/psoc creator/4.3/psoc creator/import/gnu/arm/5.4.1/bin/../lib/gcc/arm-none-eabi/5.4.1/armv7-m/crtend.o
 *(.got.plt)
 *(.got)
 *(.shdata)
 *(.data .data.* .gnu.linkonce.d.*)
 .data          0x1fff80cc        0x4 .\CortexM3\ARM_GCC_541\Debug\Cm3Start.o
 .data          0x1fff80d0       0x10 .\CortexM3\ARM_GCC_541\Debug\Final_assignment_01.a(CyLib.o)
                0x1fff80d0                cydelay_32k_ms
                0x1fff80d4                cydelay_freq_khz
                0x1fff80d8                cydelay_freq_mhz
                0x1fff80dc                cydelay_freq_hz
 .data.impure_data
                0x1fff80e0       0x60 c:/program files (x86)/cypress/psoc creator/4.3/psoc creator/import/gnu/arm/5.4.1/bin/../lib/gcc/arm-none-eabi/5.4.1/../../../../arm-none-eabi/lib/armv7-m\libg_nano.a(lib_a-impure.o)
 .data._impure_ptr
                0x1fff8140        0x4 c:/program files (x86)/cypress/psoc creator/4.3/psoc creator/import/gnu/arm/5.4.1/bin/../lib/gcc/arm-none-eabi/5.4.1/../../../../arm-none-eabi/lib/armv7-m\libg_nano.a(lib_a-impure.o)
                0x1fff8140                _impure_ptr
                0x1fff8148                . = ALIGN (0x8)
 *fill*         0x1fff8144        0x4 
 *(.ram)
                0x1fff8148                _edata = .

.igot.plt       0x1fff8148        0x0 load address 0x00001be0
 .igot.plt      0x1fff8148        0x0 c:/program files (x86)/cypress/psoc creator/4.3/psoc creator/import/gnu/arm/5.4.1/bin/../lib/gcc/arm-none-eabi/5.4.1/armv7-m/crtbegin.o

.bss            0x1fff8148       0xc0 load address 0x00001be0
                0x1fff8148                PROVIDE (__bss_start__, .)
 *(.shbss)
 *(.bss .bss.* .gnu.linkonce.b.*)
 .bss           0x1fff8148       0x1c c:/program files (x86)/cypress/psoc creator/4.3/psoc creator/import/gnu/arm/5.4.1/bin/../lib/gcc/arm-none-eabi/5.4.1/armv7-m/crtbegin.o
 .bss           0x1fff8164        0x1 .\CortexM3\ARM_GCC_541\Debug\Final_assignment_01.a(SPIM_1.o)
                0x1fff8164                SPIM_1_initVar
 .bss           0x1fff8165        0x2 .\CortexM3\ARM_GCC_541\Debug\Final_assignment_01.a(UART_1.o)
                0x1fff8165                UART_1_initVar
 .bss           0x1fff8167        0x1 .\CortexM3\ARM_GCC_541\Debug\Final_assignment_01.a(PWM_RG.o)
                0x1fff8167                PWM_RG_initVar
 .bss           0x1fff8168        0x1 .\CortexM3\ARM_GCC_541\Debug\Final_assignment_01.a(PWM_B.o)
                0x1fff8168                PWM_B_initVar
 *fill*         0x1fff8169        0x3 
 .bss.__malloc_sbrk_start
                0x1fff816c        0x4 c:/program files (x86)/cypress/psoc creator/4.3/psoc creator/import/gnu/arm/5.4.1/bin/../lib/gcc/arm-none-eabi/5.4.1/../../../../arm-none-eabi/lib/armv7-m\libg_nano.a(lib_a-nano-mallocr.o)
                0x1fff816c                __malloc_sbrk_start
 .bss.__malloc_free_list
                0x1fff8170        0x4 c:/program files (x86)/cypress/psoc creator/4.3/psoc creator/import/gnu/arm/5.4.1/bin/../lib/gcc/arm-none-eabi/5.4.1/../../../../arm-none-eabi/lib/armv7-m\libg_nano.a(lib_a-nano-mallocr.o)
                0x1fff8170                __malloc_free_list
 *(COMMON)
 COMMON         0x1fff8174       0x6d .\CortexM3\ARM_GCC_541\Debug\main.o
                0x1fff8174                AccData
                0x1fff817c                bufferUART
                0x1fff81e0                PacketReadyFlag
 *fill*         0x1fff81e1        0x3 
 COMMON         0x1fff81e4       0x1c .\CortexM3\ARM_GCC_541\Debug\Final_assignment_01.a(SPIM_1.o)
                0x1fff81e4                SPIM_1_swStatusTx
                0x1fff81e8                SPIM_1_txBuffer
                0x1fff81f0                SPIM_1_txBufferFull
                0x1fff81f1                SPIM_1_rxBufferWrite
                0x1fff81f2                SPIM_1_rxBufferFull
                0x1fff81f3                SPIM_1_rxBufferRead
                0x1fff81f4                SPIM_1_txBufferWrite
                0x1fff81f5                SPIM_1_swStatusRx
                0x1fff81f6                SPIM_1_txBufferRead
                0x1fff81f8                SPIM_1_rxBuffer
 COMMON         0x1fff8200        0x4 c:/program files (x86)/cypress/psoc creator/4.3/psoc creator/import/gnu/arm/5.4.1/bin/../lib/gcc/arm-none-eabi/5.4.1/../../../../arm-none-eabi/lib/armv7-m\libg_nano.a(lib_a-reent.o)
                0x1fff8200                errno
                0x1fff8208                . = ALIGN (0x8)
 *fill*         0x1fff8204        0x4 
 *(.ram.b)
                0x1fff8208                _end = .
                0x1fff8208                __end = .
                0x1fff8208                PROVIDE (end, .)
                0x1fff8208                PROVIDE (__bss_end__, .)
                0x00001b60                __cy_region_init_ram = LOADADDR (.data)
                0x00000080                __cy_region_init_size_ram = (_edata - ADDR (.data))
                0x000000c0                __cy_region_zero_size_ram = (_end - _edata)

.heap           0x1fff8208       0x80 load address 0x00001be0
                0x1fff8208                . = _end
                0x1fff8288                . = (. + 0x80)
 *fill*         0x1fff8208       0x80 
                0x1fff8288                __cy_heap_limit = .

.stack          0x20007800      0x800
                0x20007800                __cy_stack_limit = .
                0x20008000                . = (. + 0x800)
 *fill*         0x20007800      0x800 
                0x00000001                ASSERT ((__cy_stack_limit >= __cy_heap_limit), region RAM overflowed with stack)
                0x00000000                cy_checksum_exclude_size = (CY_APPL_LOADABLE == 0x1)?SIZEOF (.cy_checksum_exclude):0x0
                0x00000001                ASSERT ((cy_checksum_exclude_size <= CY_CHECKSUM_EXCLUDE_SIZE), CY_BOOT: Section .cy_checksum_exclude size exceedes specified limit.)

.cyloadermeta
 *(.cyloadermeta)

.cyloadablemeta
 *(.cyloadablemeta)

.cyconfigecc    0x80000000      0x608
 *(.cyconfigecc)
 .cyconfigecc   0x80000000      0x608 .\CortexM3\ARM_GCC_541\Debug\cymetadata.o
                0x80000000                cy_meta_configecc

.cycustnvl      0x90000000        0x4
 *(.cycustnvl)
 .cycustnvl     0x90000000        0x4 .\CortexM3\ARM_GCC_541\Debug\cymetadata.o
                0x90000000                cy_meta_custnvl

.cywolatch      0x90100000        0x4
 *(.cywolatch)
 .cywolatch     0x90100000        0x4 .\CortexM3\ARM_GCC_541\Debug\cymetadata.o
                0x90100000                cy_meta_wonvl

.cyeeprom       0x90200000        0x0
 *(.cyeeprom)
                0x00000001                ASSERT ((. <= ((0x90200000 + ee_offset) + ee_size)), .cyeeprom data will not fit in EEPROM)

.cyflashprotect
                0x90400000      0x100
 *(.cyflashprotect)
 .cyflashprotect
                0x90400000      0x100 .\CortexM3\ARM_GCC_541\Debug\cymetadata.o
                0x90400000                cy_meta_flashprotect

.cymeta         0x90500000        0xc
 *(.cymeta)
 .cymeta        0x90500000        0xc .\CortexM3\ARM_GCC_541\Debug\cymetadata.o
                0x90500000                cy_metadata

.rel.dyn        0x00001be0        0x0 load address 0x9050000c
 .rel.iplt      0x00001be0        0x0 c:/program files (x86)/cypress/psoc creator/4.3/psoc creator/import/gnu/arm/5.4.1/bin/../lib/gcc/arm-none-eabi/5.4.1/armv7-m/crtbegin.o

.stab
 *(.stab)

.stabstr
 *(.stabstr)

.debug
 *(.debug)

.line
 *(.line)

.debug_srcinfo
 *(.debug_srcinfo)

.debug_sfnames
 *(.debug_sfnames)

.debug_aranges  0x00000000      0xb20
 *(.debug_aranges)
 .debug_aranges
                0x00000000       0x20 .\CortexM3\ARM_GCC_541\Debug\main.o
 .debug_aranges
                0x00000020       0x38 .\CortexM3\ARM_GCC_541\Debug\SPI_Interface.o
 .debug_aranges
                0x00000058       0x38 .\CortexM3\ARM_GCC_541\Debug\LIS3DH_SPI.o
 .debug_aranges
                0x00000090       0x20 .\CortexM3\ARM_GCC_541\Debug\InterruptRoutines.o
 .debug_aranges
                0x000000b0       0x48 .\CortexM3\ARM_GCC_541\Debug\RGBLedDriver.o
 .debug_aranges
                0x000000f8       0x58 .\CortexM3\ARM_GCC_541\Debug\cyfitter_cfg.o
 .debug_aranges
                0x00000150       0x18 .\CortexM3\ARM_GCC_541\Debug\cymetadata.o
 .debug_aranges
                0x00000168       0x48 .\CortexM3\ARM_GCC_541\Debug\Cm3Start.o
 .debug_aranges
                0x000001b0       0xd8 .\CortexM3\ARM_GCC_541\Debug\Final_assignment_01.a(SPIM_1.o)
 .debug_aranges
                0x00000288       0x28 .\CortexM3\ARM_GCC_541\Debug\Final_assignment_01.a(SPIM_1_INT.o)
 .debug_aranges
                0x000002b0       0x38 .\CortexM3\ARM_GCC_541\Debug\Final_assignment_01.a(CS_1.o)
 .debug_aranges
                0x000002e8       0x48 .\CortexM3\ARM_GCC_541\Debug\Final_assignment_01.a(Pin_ISR.o)
 .debug_aranges
                0x00000330       0x80 .\CortexM3\ARM_GCC_541\Debug\Final_assignment_01.a(isr_ACC.o)
 .debug_aranges
                0x000003b0       0x70 .\CortexM3\ARM_GCC_541\Debug\Final_assignment_01.a(SPIM_1_IntClock.o)
 .debug_aranges
                0x00000420      0x2a0 .\CortexM3\ARM_GCC_541\Debug\Final_assignment_01.a(CyLib.o)
 .debug_aranges
                0x000006c0       0x98 .\CortexM3\ARM_GCC_541\Debug\Final_assignment_01.a(cyPm.o)
 .debug_aranges
                0x00000758       0xf0 .\CortexM3\ARM_GCC_541\Debug\Final_assignment_01.a(UART_1.o)
 .debug_aranges
                0x00000848       0x70 .\CortexM3\ARM_GCC_541\Debug\Final_assignment_01.a(UART_1_IntClock.o)
 .debug_aranges
                0x000008b8       0xa8 .\CortexM3\ARM_GCC_541\Debug\Final_assignment_01.a(PWM_RG.o)
 .debug_aranges
                0x00000960       0x98 .\CortexM3\ARM_GCC_541\Debug\Final_assignment_01.a(PWM_B.o)
 .debug_aranges
                0x000009f8       0x20 .\CortexM3\ARM_GCC_541\Debug\Final_assignment_01.a(CyBootAsmGnu.o)
 .debug_aranges
                0x00000a18       0x88 .\CortexM3\ARM_GCC_541\Debug\Final_assignment_01.a(CyFlash.o)
 .debug_aranges
                0x00000aa0       0x80 .\CortexM3\ARM_GCC_541\Debug\Final_assignment_01.a(CySpc.o)

.debug_pubnames
 *(.debug_pubnames)

.debug_info     0x00000000     0x671b
 *(.debug_info .gnu.linkonce.wi.*)
 .debug_info    0x00000000      0x806 .\CortexM3\ARM_GCC_541\Debug\main.o
 .debug_info    0x00000806      0x3d4 .\CortexM3\ARM_GCC_541\Debug\SPI_Interface.o
 .debug_info    0x00000bda      0x2f5 .\CortexM3\ARM_GCC_541\Debug\LIS3DH_SPI.o
 .debug_info    0x00000ecf      0x173 .\CortexM3\ARM_GCC_541\Debug\InterruptRoutines.o
 .debug_info    0x00001042      0x263 .\CortexM3\ARM_GCC_541\Debug\RGBLedDriver.o
 .debug_info    0x000012a5      0x5a8 .\CortexM3\ARM_GCC_541\Debug\cyfitter_cfg.o
 .debug_info    0x0000184d      0x137 .\CortexM3\ARM_GCC_541\Debug\cymetadata.o
 .debug_info    0x00001984      0x3bb .\CortexM3\ARM_GCC_541\Debug\Cm3Start.o
 .debug_info    0x00001d3f      0x709 .\CortexM3\ARM_GCC_541\Debug\Final_assignment_01.a(SPIM_1.o)
 .debug_info    0x00002448      0x18d .\CortexM3\ARM_GCC_541\Debug\Final_assignment_01.a(SPIM_1_INT.o)
 .debug_info    0x000025d5      0x11f .\CortexM3\ARM_GCC_541\Debug\Final_assignment_01.a(CS_1.o)
 .debug_info    0x000026f4      0x174 .\CortexM3\ARM_GCC_541\Debug\Final_assignment_01.a(Pin_ISR.o)
 .debug_info    0x00002868      0x2d2 .\CortexM3\ARM_GCC_541\Debug\Final_assignment_01.a(isr_ACC.o)
 .debug_info    0x00002b3a      0x283 .\CortexM3\ARM_GCC_541\Debug\Final_assignment_01.a(SPIM_1_IntClock.o)
 .debug_info    0x00002dbd     0x1374 .\CortexM3\ARM_GCC_541\Debug\Final_assignment_01.a(CyLib.o)
 .debug_info    0x00004131      0xa2a .\CortexM3\ARM_GCC_541\Debug\Final_assignment_01.a(cyPm.o)
 .debug_info    0x00004b5b      0x60c .\CortexM3\ARM_GCC_541\Debug\Final_assignment_01.a(UART_1.o)
 .debug_info    0x00005167      0x283 .\CortexM3\ARM_GCC_541\Debug\Final_assignment_01.a(UART_1_IntClock.o)
 .debug_info    0x000053ea      0x383 .\CortexM3\ARM_GCC_541\Debug\Final_assignment_01.a(PWM_RG.o)
 .debug_info    0x0000576d      0x333 .\CortexM3\ARM_GCC_541\Debug\Final_assignment_01.a(PWM_B.o)
 .debug_info    0x00005aa0       0xde .\CortexM3\ARM_GCC_541\Debug\Final_assignment_01.a(CyBootAsmGnu.o)
 .debug_info    0x00005b7e      0x64d .\CortexM3\ARM_GCC_541\Debug\Final_assignment_01.a(CyFlash.o)
 .debug_info    0x000061cb      0x550 .\CortexM3\ARM_GCC_541\Debug\Final_assignment_01.a(CySpc.o)

.debug_abbrev   0x00000000     0x1b7f
 *(.debug_abbrev)
 .debug_abbrev  0x00000000      0x116 .\CortexM3\ARM_GCC_541\Debug\main.o
 .debug_abbrev  0x00000116      0x12b .\CortexM3\ARM_GCC_541\Debug\SPI_Interface.o
 .debug_abbrev  0x00000241      0x100 .\CortexM3\ARM_GCC_541\Debug\LIS3DH_SPI.o
 .debug_abbrev  0x00000341       0xd9 .\CortexM3\ARM_GCC_541\Debug\InterruptRoutines.o
 .debug_abbrev  0x0000041a       0xdf .\CortexM3\ARM_GCC_541\Debug\RGBLedDriver.o
 .debug_abbrev  0x000004f9      0x20d .\CortexM3\ARM_GCC_541\Debug\cyfitter_cfg.o
 .debug_abbrev  0x00000706       0x77 .\CortexM3\ARM_GCC_541\Debug\cymetadata.o
 .debug_abbrev  0x0000077d      0x1e8 .\CortexM3\ARM_GCC_541\Debug\Cm3Start.o
 .debug_abbrev  0x00000965      0x162 .\CortexM3\ARM_GCC_541\Debug\Final_assignment_01.a(SPIM_1.o)
 .debug_abbrev  0x00000ac7       0x8a .\CortexM3\ARM_GCC_541\Debug\Final_assignment_01.a(SPIM_1_INT.o)
 .debug_abbrev  0x00000b51       0x90 .\CortexM3\ARM_GCC_541\Debug\Final_assignment_01.a(CS_1.o)
 .debug_abbrev  0x00000be1       0x90 .\CortexM3\ARM_GCC_541\Debug\Final_assignment_01.a(Pin_ISR.o)
 .debug_abbrev  0x00000c71      0x173 .\CortexM3\ARM_GCC_541\Debug\Final_assignment_01.a(isr_ACC.o)
 .debug_abbrev  0x00000de4      0x139 .\CortexM3\ARM_GCC_541\Debug\Final_assignment_01.a(SPIM_1_IntClock.o)
 .debug_abbrev  0x00000f1d      0x254 .\CortexM3\ARM_GCC_541\Debug\Final_assignment_01.a(CyLib.o)
 .debug_abbrev  0x00001171      0x1ab .\CortexM3\ARM_GCC_541\Debug\Final_assignment_01.a(cyPm.o)
 .debug_abbrev  0x0000131c      0x175 .\CortexM3\ARM_GCC_541\Debug\Final_assignment_01.a(UART_1.o)
 .debug_abbrev  0x00001491      0x139 .\CortexM3\ARM_GCC_541\Debug\Final_assignment_01.a(UART_1_IntClock.o)
 .debug_abbrev  0x000015ca      0x133 .\CortexM3\ARM_GCC_541\Debug\Final_assignment_01.a(PWM_RG.o)
 .debug_abbrev  0x000016fd      0x133 .\CortexM3\ARM_GCC_541\Debug\Final_assignment_01.a(PWM_B.o)
 .debug_abbrev  0x00001830       0x14 .\CortexM3\ARM_GCC_541\Debug\Final_assignment_01.a(CyBootAsmGnu.o)
 .debug_abbrev  0x00001844      0x1a7 .\CortexM3\ARM_GCC_541\Debug\Final_assignment_01.a(CyFlash.o)
 .debug_abbrev  0x000019eb      0x194 .\CortexM3\ARM_GCC_541\Debug\Final_assignment_01.a(CySpc.o)

.debug_line     0x00000000     0x2e1f
 *(.debug_line)
 .debug_line    0x00000000      0x28e .\CortexM3\ARM_GCC_541\Debug\main.o
 .debug_line    0x0000028e      0x1f4 .\CortexM3\ARM_GCC_541\Debug\SPI_Interface.o
 .debug_line    0x00000482      0x1ae .\CortexM3\ARM_GCC_541\Debug\LIS3DH_SPI.o
 .debug_line    0x00000630      0x1aa .\CortexM3\ARM_GCC_541\Debug\InterruptRoutines.o
 .debug_line    0x000007da      0x1cc .\CortexM3\ARM_GCC_541\Debug\RGBLedDriver.o
 .debug_line    0x000009a6      0x1f7 .\CortexM3\ARM_GCC_541\Debug\cyfitter_cfg.o
 .debug_line    0x00000b9d      0x141 .\CortexM3\ARM_GCC_541\Debug\cymetadata.o
 .debug_line    0x00000cde      0x234 .\CortexM3\ARM_GCC_541\Debug\Cm3Start.o
 .debug_line    0x00000f12      0x29e .\CortexM3\ARM_GCC_541\Debug\Final_assignment_01.a(SPIM_1.o)
 .debug_line    0x000011b0       0xaa .\CortexM3\ARM_GCC_541\Debug\Final_assignment_01.a(SPIM_1_INT.o)
 .debug_line    0x0000125a       0x91 .\CortexM3\ARM_GCC_541\Debug\Final_assignment_01.a(CS_1.o)
 .debug_line    0x000012eb       0xb8 .\CortexM3\ARM_GCC_541\Debug\Final_assignment_01.a(Pin_ISR.o)
 .debug_line    0x000013a3      0x134 .\CortexM3\ARM_GCC_541\Debug\Final_assignment_01.a(isr_ACC.o)
 .debug_line    0x000014d7      0x17e .\CortexM3\ARM_GCC_541\Debug\Final_assignment_01.a(SPIM_1_IntClock.o)
 .debug_line    0x00001655      0x816 .\CortexM3\ARM_GCC_541\Debug\Final_assignment_01.a(CyLib.o)
 .debug_line    0x00001e6b      0x367 .\CortexM3\ARM_GCC_541\Debug\Final_assignment_01.a(cyPm.o)
 .debug_line    0x000021d2      0x2c0 .\CortexM3\ARM_GCC_541\Debug\Final_assignment_01.a(UART_1.o)
 .debug_line    0x00002492      0x17e .\CortexM3\ARM_GCC_541\Debug\Final_assignment_01.a(UART_1_IntClock.o)
 .debug_line    0x00002610      0x1aa .\CortexM3\ARM_GCC_541\Debug\Final_assignment_01.a(PWM_RG.o)
 .debug_line    0x000027ba      0x185 .\CortexM3\ARM_GCC_541\Debug\Final_assignment_01.a(PWM_B.o)
 .debug_line    0x0000293f       0x66 .\CortexM3\ARM_GCC_541\Debug\Final_assignment_01.a(CyBootAsmGnu.o)
 .debug_line    0x000029a5      0x21a .\CortexM3\ARM_GCC_541\Debug\Final_assignment_01.a(CyFlash.o)
 .debug_line    0x00002bbf      0x260 .\CortexM3\ARM_GCC_541\Debug\Final_assignment_01.a(CySpc.o)

.debug_frame    0x00000000     0x1ee8
 *(.debug_frame)
 .debug_frame   0x00000000       0x30 .\CortexM3\ARM_GCC_541\Debug\main.o
 .debug_frame   0x00000030       0x88 .\CortexM3\ARM_GCC_541\Debug\SPI_Interface.o
 .debug_frame   0x000000b8       0x98 .\CortexM3\ARM_GCC_541\Debug\LIS3DH_SPI.o
 .debug_frame   0x00000150       0x2c .\CortexM3\ARM_GCC_541\Debug\InterruptRoutines.o
 .debug_frame   0x0000017c       0xbc .\CortexM3\ARM_GCC_541\Debug\RGBLedDriver.o
 .debug_frame   0x00000238       0xe4 .\CortexM3\ARM_GCC_541\Debug\cyfitter_cfg.o
 .debug_frame   0x0000031c       0xb8 .\CortexM3\ARM_GCC_541\Debug\Cm3Start.o
 .debug_frame   0x000003d4      0x260 .\CortexM3\ARM_GCC_541\Debug\Final_assignment_01.a(SPIM_1.o)
 .debug_frame   0x00000634       0x30 .\CortexM3\ARM_GCC_541\Debug\Final_assignment_01.a(SPIM_1_INT.o)
 .debug_frame   0x00000664       0x50 .\CortexM3\ARM_GCC_541\Debug\Final_assignment_01.a(CS_1.o)
 .debug_frame   0x000006b4       0x70 .\CortexM3\ARM_GCC_541\Debug\Final_assignment_01.a(Pin_ISR.o)
 .debug_frame   0x00000724      0x104 .\CortexM3\ARM_GCC_541\Debug\Final_assignment_01.a(isr_ACC.o)
 .debug_frame   0x00000828       0xe0 .\CortexM3\ARM_GCC_541\Debug\Final_assignment_01.a(SPIM_1_IntClock.o)
 .debug_frame   0x00000908      0x738 .\CortexM3\ARM_GCC_541\Debug\Final_assignment_01.a(CyLib.o)
 .debug_frame   0x00001040      0x1f8 .\CortexM3\ARM_GCC_541\Debug\Final_assignment_01.a(cyPm.o)
 .debug_frame   0x00001238      0x250 .\CortexM3\ARM_GCC_541\Debug\Final_assignment_01.a(UART_1.o)
 .debug_frame   0x00001488       0xe0 .\CortexM3\ARM_GCC_541\Debug\Final_assignment_01.a(UART_1_IntClock.o)
 .debug_frame   0x00001568      0x154 .\CortexM3\ARM_GCC_541\Debug\Final_assignment_01.a(PWM_RG.o)
 .debug_frame   0x000016bc      0x134 .\CortexM3\ARM_GCC_541\Debug\Final_assignment_01.a(PWM_B.o)
 .debug_frame   0x000017f0      0x194 .\CortexM3\ARM_GCC_541\Debug\Final_assignment_01.a(CyFlash.o)
 .debug_frame   0x00001984      0x180 .\CortexM3\ARM_GCC_541\Debug\Final_assignment_01.a(CySpc.o)
 .debug_frame   0x00001b04       0x20 c:/program files (x86)/cypress/psoc creator/4.3/psoc creator/import/gnu/arm/5.4.1/bin/../lib/gcc/arm-none-eabi/5.4.1/../../../../arm-none-eabi/lib/armv7-m\libg_nano.a(lib_a-errno.o)
 .debug_frame   0x00001b24       0x28 c:/program files (x86)/cypress/psoc creator/4.3/psoc creator/import/gnu/arm/5.4.1/bin/../lib/gcc/arm-none-eabi/5.4.1/../../../../arm-none-eabi/lib/armv7-m\libg_nano.a(lib_a-exit.o)
 .debug_frame   0x00001b4c       0x2c c:/program files (x86)/cypress/psoc creator/4.3/psoc creator/import/gnu/arm/5.4.1/bin/../lib/gcc/arm-none-eabi/5.4.1/../../../../arm-none-eabi/lib/armv7-m\libg_nano.a(lib_a-init.o)
 .debug_frame   0x00001b78       0x28 c:/program files (x86)/cypress/psoc creator/4.3/psoc creator/import/gnu/arm/5.4.1/bin/../lib/gcc/arm-none-eabi/5.4.1/../../../../arm-none-eabi/lib/armv7-m\libg_nano.a(lib_a-memcpy-stub.o)
 .debug_frame   0x00001ba0       0x20 c:/program files (x86)/cypress/psoc creator/4.3/psoc creator/import/gnu/arm/5.4.1/bin/../lib/gcc/arm-none-eabi/5.4.1/../../../../arm-none-eabi/lib/armv7-m\libg_nano.a(lib_a-memset.o)
 .debug_frame   0x00001bc0       0x70 c:/program files (x86)/cypress/psoc creator/4.3/psoc creator/import/gnu/arm/5.4.1/bin/../lib/gcc/arm-none-eabi/5.4.1/../../../../arm-none-eabi/lib/armv7-m\libg_nano.a(lib_a-sprintf.o)
 .debug_frame   0x00001c30       0x90 c:/program files (x86)/cypress/psoc creator/4.3/psoc creator/import/gnu/arm/5.4.1/bin/../lib/gcc/arm-none-eabi/5.4.1/../../../../arm-none-eabi/lib/armv7-m\libg_nano.a(lib_a-nano-svfprintf.o)
 .debug_frame   0x00001cc0       0x60 c:/program files (x86)/cypress/psoc creator/4.3/psoc creator/import/gnu/arm/5.4.1/bin/../lib/gcc/arm-none-eabi/5.4.1/../../../../arm-none-eabi/lib/armv7-m\libg_nano.a(lib_a-nano-vfprintf_i.o)
 .debug_frame   0x00001d20       0x28 c:/program files (x86)/cypress/psoc creator/4.3/psoc creator/import/gnu/arm/5.4.1/bin/../lib/gcc/arm-none-eabi/5.4.1/../../../../arm-none-eabi/lib/armv7-m\libg_nano.a(lib_a-memchr-stub.o)
 .debug_frame   0x00001d48       0x28 c:/program files (x86)/cypress/psoc creator/4.3/psoc creator/import/gnu/arm/5.4.1/bin/../lib/gcc/arm-none-eabi/5.4.1/../../../../arm-none-eabi/lib/armv7-m\libg_nano.a(lib_a-memmove.o)
 .debug_frame   0x00001d70       0x38 c:/program files (x86)/cypress/psoc creator/4.3/psoc creator/import/gnu/arm/5.4.1/bin/../lib/gcc/arm-none-eabi/5.4.1/../../../../arm-none-eabi/lib/armv7-m\libg_nano.a(lib_a-nano-freer.o)
 .debug_frame   0x00001da8       0x2c c:/program files (x86)/cypress/psoc creator/4.3/psoc creator/import/gnu/arm/5.4.1/bin/../lib/gcc/arm-none-eabi/5.4.1/../../../../arm-none-eabi/lib/armv7-m\libg_nano.a(lib_a-nano-mallocr.o)
 .debug_frame   0x00001dd4       0x3c c:/program files (x86)/cypress/psoc creator/4.3/psoc creator/import/gnu/arm/5.4.1/bin/../lib/gcc/arm-none-eabi/5.4.1/../../../../arm-none-eabi/lib/armv7-m\libg_nano.a(lib_a-nano-reallocr.o)
 .debug_frame   0x00001e10       0x2c c:/program files (x86)/cypress/psoc creator/4.3/psoc creator/import/gnu/arm/5.4.1/bin/../lib/gcc/arm-none-eabi/5.4.1/../../../../arm-none-eabi/lib/armv7-m\libg_nano.a(lib_a-sbrkr.o)
 .debug_frame   0x00001e3c       0x30 c:/program files (x86)/cypress/psoc creator/4.3/psoc creator/import/gnu/arm/5.4.1/bin/../lib/gcc/arm-none-eabi/5.4.1/../../../../arm-none-eabi/lib/armv7-m\libg_nano.a(lib_a-mlock.o)
 .debug_frame   0x00001e6c       0x20 c:/program files (x86)/cypress/psoc creator/4.3/psoc creator/import/gnu/arm/5.4.1/bin/../lib/gcc/arm-none-eabi/5.4.1/../../../../arm-none-eabi/lib/armv7-m\libg_nano.a(lib_a-nano-msizer.o)
 .debug_frame   0x00001e8c       0x5c c:/program files (x86)/cypress/psoc creator/4.3/psoc creator/import/gnu/arm/5.4.1/bin/../lib/gcc/arm-none-eabi/5.4.1/../../../../arm-none-eabi/lib/armv7-m\libg_nano.a(lib_a-reent.o)

.debug_str      0x00000000     0x23ae
 *(.debug_str)
 .debug_str     0x00000000      0x2bb .\CortexM3\ARM_GCC_541\Debug\main.o
                                0x319 (size before relaxing)
 .debug_str     0x000002bb      0x154 .\CortexM3\ARM_GCC_541\Debug\SPI_Interface.o
                                0x341 (size before relaxing)
 .debug_str     0x0000040f       0x49 .\CortexM3\ARM_GCC_541\Debug\LIS3DH_SPI.o
                                0x286 (size before relaxing)
 .debug_str     0x00000458       0x3a .\CortexM3\ARM_GCC_541\Debug\InterruptRoutines.o
                                0x263 (size before relaxing)
 .debug_str     0x00000492       0xc5 .\CortexM3\ARM_GCC_541\Debug\RGBLedDriver.o
                                0x2de (size before relaxing)
 .debug_str     0x00000557      0x1a9 .\CortexM3\ARM_GCC_541\Debug\cyfitter_cfg.o
                                0x392 (size before relaxing)
 .debug_str     0x00000700       0x75 .\CortexM3\ARM_GCC_541\Debug\cymetadata.o
                                0x232 (size before relaxing)
 .debug_str     0x00000775      0x144 .\CortexM3\ARM_GCC_541\Debug\Cm3Start.o
                                0x358 (size before relaxing)
 .debug_str     0x000008b9      0x301 .\CortexM3\ARM_GCC_541\Debug\Final_assignment_01.a(SPIM_1.o)
                                0x578 (size before relaxing)
 .debug_str     0x00000bba       0x40 .\CortexM3\ARM_GCC_541\Debug\Final_assignment_01.a(SPIM_1_INT.o)
                                0x2e3 (size before relaxing)
 .debug_str     0x00000bfa       0x5b .\CortexM3\ARM_GCC_541\Debug\Final_assignment_01.a(CS_1.o)
                                0x22b (size before relaxing)
 .debug_str     0x00000c55       0x87 .\CortexM3\ARM_GCC_541\Debug\Final_assignment_01.a(Pin_ISR.o)
                                0x27a (size before relaxing)
 .debug_str     0x00000cdc      0x10a .\CortexM3\ARM_GCC_541\Debug\Final_assignment_01.a(isr_ACC.o)
                                0x310 (size before relaxing)
 .debug_str     0x00000de6      0x19d .\CortexM3\ARM_GCC_541\Debug\Final_assignment_01.a(SPIM_1_IntClock.o)
                                0x39c (size before relaxing)
 .debug_str     0x00000f83      0x7b9 .\CortexM3\ARM_GCC_541\Debug\Final_assignment_01.a(CyLib.o)
                                0xa95 (size before relaxing)
 .debug_str     0x0000173c      0x365 .\CortexM3\ARM_GCC_541\Debug\Final_assignment_01.a(cyPm.o)
                                0x781 (size before relaxing)
 .debug_str     0x00001aa1      0x295 .\CortexM3\ARM_GCC_541\Debug\Final_assignment_01.a(UART_1.o)
                                0x501 (size before relaxing)
 .debug_str     0x00001d36      0x14c .\CortexM3\ARM_GCC_541\Debug\Final_assignment_01.a(UART_1_IntClock.o)
                                0x39c (size before relaxing)
 .debug_str     0x00001e82      0x191 .\CortexM3\ARM_GCC_541\Debug\Final_assignment_01.a(PWM_RG.o)
                                0x3dd (size before relaxing)
 .debug_str     0x00002013      0x13b .\CortexM3\ARM_GCC_541\Debug\Final_assignment_01.a(PWM_B.o)
                                0x39f (size before relaxing)
 .debug_str     0x0000214e      0x1b4 .\CortexM3\ARM_GCC_541\Debug\Final_assignment_01.a(CyFlash.o)
                                0x40e (size before relaxing)
 .debug_str     0x00002302       0xac .\CortexM3\ARM_GCC_541\Debug\Final_assignment_01.a(CySpc.o)
                                0x386 (size before relaxing)

.debug_loc      0x00000000     0x2727
 *(.debug_loc)
 .debug_loc     0x00000000       0x81 .\CortexM3\ARM_GCC_541\Debug\main.o
 .debug_loc     0x00000081      0x16c .\CortexM3\ARM_GCC_541\Debug\SPI_Interface.o
 .debug_loc     0x000001ed      0x166 .\CortexM3\ARM_GCC_541\Debug\LIS3DH_SPI.o
 .debug_loc     0x00000353       0xc6 .\CortexM3\ARM_GCC_541\Debug\RGBLedDriver.o
 .debug_loc     0x00000419      0x289 .\CortexM3\ARM_GCC_541\Debug\cyfitter_cfg.o
 .debug_loc     0x000006a2      0x144 .\CortexM3\ARM_GCC_541\Debug\Cm3Start.o
 .debug_loc     0x000007e6      0x20d .\CortexM3\ARM_GCC_541\Debug\Final_assignment_01.a(SPIM_1.o)
 .debug_loc     0x000009f3       0x74 .\CortexM3\ARM_GCC_541\Debug\Final_assignment_01.a(SPIM_1_INT.o)
 .debug_loc     0x00000a67       0x42 .\CortexM3\ARM_GCC_541\Debug\Final_assignment_01.a(CS_1.o)
 .debug_loc     0x00000aa9       0x84 .\CortexM3\ARM_GCC_541\Debug\Final_assignment_01.a(Pin_ISR.o)
 .debug_loc     0x00000b2d       0x56 .\CortexM3\ARM_GCC_541\Debug\Final_assignment_01.a(isr_ACC.o)
 .debug_loc     0x00000b83      0x12c .\CortexM3\ARM_GCC_541\Debug\Final_assignment_01.a(SPIM_1_IntClock.o)
 .debug_loc     0x00000caf      0xa11 .\CortexM3\ARM_GCC_541\Debug\Final_assignment_01.a(CyLib.o)
 .debug_loc     0x000016c0      0x1e4 .\CortexM3\ARM_GCC_541\Debug\Final_assignment_01.a(cyPm.o)
 .debug_loc     0x000018a4      0x258 .\CortexM3\ARM_GCC_541\Debug\Final_assignment_01.a(UART_1.o)
 .debug_loc     0x00001afc      0x128 .\CortexM3\ARM_GCC_541\Debug\Final_assignment_01.a(UART_1_IntClock.o)
 .debug_loc     0x00001c24       0x26 .\CortexM3\ARM_GCC_541\Debug\Final_assignment_01.a(PWM_RG.o)
 .debug_loc     0x00001c4a       0x26 .\CortexM3\ARM_GCC_541\Debug\Final_assignment_01.a(PWM_B.o)
 .debug_loc     0x00001c70      0x3b2 .\CortexM3\ARM_GCC_541\Debug\Final_assignment_01.a(CyFlash.o)
 .debug_loc     0x00002022      0x705 .\CortexM3\ARM_GCC_541\Debug\Final_assignment_01.a(CySpc.o)

.debug_macinfo
 *(.debug_macinfo)

.debug_ranges   0x00000000      0x998
 *(.debug_ranges)
 .debug_ranges  0x00000000       0x10 .\CortexM3\ARM_GCC_541\Debug\main.o
 .debug_ranges  0x00000010       0x28 .\CortexM3\ARM_GCC_541\Debug\SPI_Interface.o
 .debug_ranges  0x00000038       0x28 .\CortexM3\ARM_GCC_541\Debug\LIS3DH_SPI.o
 .debug_ranges  0x00000060       0x10 .\CortexM3\ARM_GCC_541\Debug\InterruptRoutines.o
 .debug_ranges  0x00000070       0x38 .\CortexM3\ARM_GCC_541\Debug\RGBLedDriver.o
 .debug_ranges  0x000000a8       0x48 .\CortexM3\ARM_GCC_541\Debug\cyfitter_cfg.o
 .debug_ranges  0x000000f0       0x38 .\CortexM3\ARM_GCC_541\Debug\Cm3Start.o
 .debug_ranges  0x00000128       0xc8 .\CortexM3\ARM_GCC_541\Debug\Final_assignment_01.a(SPIM_1.o)
 .debug_ranges  0x000001f0       0x18 .\CortexM3\ARM_GCC_541\Debug\Final_assignment_01.a(SPIM_1_INT.o)
 .debug_ranges  0x00000208       0x28 .\CortexM3\ARM_GCC_541\Debug\Final_assignment_01.a(CS_1.o)
 .debug_ranges  0x00000230       0x38 .\CortexM3\ARM_GCC_541\Debug\Final_assignment_01.a(Pin_ISR.o)
 .debug_ranges  0x00000268       0x70 .\CortexM3\ARM_GCC_541\Debug\Final_assignment_01.a(isr_ACC.o)
 .debug_ranges  0x000002d8       0x60 .\CortexM3\ARM_GCC_541\Debug\Final_assignment_01.a(SPIM_1_IntClock.o)
 .debug_ranges  0x00000338      0x290 .\CortexM3\ARM_GCC_541\Debug\Final_assignment_01.a(CyLib.o)
 .debug_ranges  0x000005c8       0x88 .\CortexM3\ARM_GCC_541\Debug\Final_assignment_01.a(cyPm.o)
 .debug_ranges  0x00000650       0xe0 .\CortexM3\ARM_GCC_541\Debug\Final_assignment_01.a(UART_1.o)
 .debug_ranges  0x00000730       0x60 .\CortexM3\ARM_GCC_541\Debug\Final_assignment_01.a(UART_1_IntClock.o)
 .debug_ranges  0x00000790       0x98 .\CortexM3\ARM_GCC_541\Debug\Final_assignment_01.a(PWM_RG.o)
 .debug_ranges  0x00000828       0x88 .\CortexM3\ARM_GCC_541\Debug\Final_assignment_01.a(PWM_B.o)
 .debug_ranges  0x000008b0       0x78 .\CortexM3\ARM_GCC_541\Debug\Final_assignment_01.a(CyFlash.o)
 .debug_ranges  0x00000928       0x70 .\CortexM3\ARM_GCC_541\Debug\Final_assignment_01.a(CySpc.o)

.comment        0x00000000       0x6e
 .comment       0x00000000       0x6e .\CortexM3\ARM_GCC_541\Debug\main.o
                                 0x6f (size before relaxing)
 .comment       0x0000006e       0x6f .\CortexM3\ARM_GCC_541\Debug\SPI_Interface.o
 .comment       0x0000006e       0x6f .\CortexM3\ARM_GCC_541\Debug\LIS3DH_SPI.o
 .comment       0x0000006e       0x6f .\CortexM3\ARM_GCC_541\Debug\InterruptRoutines.o
 .comment       0x0000006e       0x6f .\CortexM3\ARM_GCC_541\Debug\RGBLedDriver.o
 .comment       0x0000006e       0x6f .\CortexM3\ARM_GCC_541\Debug\cyfitter_cfg.o
 .comment       0x0000006e       0x6f .\CortexM3\ARM_GCC_541\Debug\cymetadata.o
 .comment       0x0000006e       0x6f .\CortexM3\ARM_GCC_541\Debug\Cm3Start.o
 .comment       0x0000006e       0x6f .\CortexM3\ARM_GCC_541\Debug\Final_assignment_01.a(SPIM_1.o)
 .comment       0x0000006e       0x6f .\CortexM3\ARM_GCC_541\Debug\Final_assignment_01.a(SPIM_1_INT.o)
 .comment       0x0000006e       0x6f .\CortexM3\ARM_GCC_541\Debug\Final_assignment_01.a(CS_1.o)
 .comment       0x0000006e       0x6f .\CortexM3\ARM_GCC_541\Debug\Final_assignment_01.a(Pin_ISR.o)
 .comment       0x0000006e       0x6f .\CortexM3\ARM_GCC_541\Debug\Final_assignment_01.a(isr_ACC.o)
 .comment       0x0000006e       0x6f .\CortexM3\ARM_GCC_541\Debug\Final_assignment_01.a(SPIM_1_IntClock.o)
 .comment       0x0000006e       0x6f .\CortexM3\ARM_GCC_541\Debug\Final_assignment_01.a(CyLib.o)
 .comment       0x0000006e       0x6f .\CortexM3\ARM_GCC_541\Debug\Final_assignment_01.a(cyPm.o)
 .comment       0x0000006e       0x6f .\CortexM3\ARM_GCC_541\Debug\Final_assignment_01.a(UART_1.o)
 .comment       0x0000006e       0x6f .\CortexM3\ARM_GCC_541\Debug\Final_assignment_01.a(UART_1_IntClock.o)
 .comment       0x0000006e       0x6f .\CortexM3\ARM_GCC_541\Debug\Final_assignment_01.a(PWM_RG.o)
 .comment       0x0000006e       0x6f .\CortexM3\ARM_GCC_541\Debug\Final_assignment_01.a(PWM_B.o)
 .comment       0x0000006e       0x6f .\CortexM3\ARM_GCC_541\Debug\Final_assignment_01.a(CyFlash.o)
 .comment       0x0000006e       0x6f .\CortexM3\ARM_GCC_541\Debug\Final_assignment_01.a(CySpc.o)

.debug_weaknames
 *(.debug_weaknames)

.debug_funcnames
 *(.debug_funcnames)

.debug_typenames
 *(.debug_typenames)

.debug_varnames
 *(.debug_varnames)

.note.gnu.arm.ident
 *(.note.gnu.arm.ident)

.ARM.attributes
                0x00000000       0x29
 *(.ARM.attributes)
 .ARM.attributes
                0x00000000       0x1d c:/program files (x86)/cypress/psoc creator/4.3/psoc creator/import/gnu/arm/5.4.1/bin/../lib/gcc/arm-none-eabi/5.4.1/armv7-m/crti.o
 .ARM.attributes
                0x0000001d       0x2d c:/program files (x86)/cypress/psoc creator/4.3/psoc creator/import/gnu/arm/5.4.1/bin/../lib/gcc/arm-none-eabi/5.4.1/armv7-m/crtbegin.o
 .ARM.attributes
                0x0000004a       0x1b c:/program files (x86)/cypress/psoc creator/4.3/psoc creator/import/gnu/arm/5.4.1/bin/../lib/gcc/arm-none-eabi/5.4.1/../../../../arm-none-eabi/lib/armv7-m/crt0.o
 .ARM.attributes
                0x00000065       0x33 .\CortexM3\ARM_GCC_541\Debug\main.o
 .ARM.attributes
                0x00000098       0x33 .\CortexM3\ARM_GCC_541\Debug\SPI_Interface.o
 .ARM.attributes
                0x000000cb       0x33 .\CortexM3\ARM_GCC_541\Debug\LIS3DH_SPI.o
 .ARM.attributes
                0x000000fe       0x33 .\CortexM3\ARM_GCC_541\Debug\InterruptRoutines.o
 .ARM.attributes
                0x00000131       0x33 .\CortexM3\ARM_GCC_541\Debug\RGBLedDriver.o
 .ARM.attributes
                0x00000164       0x33 .\CortexM3\ARM_GCC_541\Debug\cyfitter_cfg.o
 .ARM.attributes
                0x00000197       0x33 .\CortexM3\ARM_GCC_541\Debug\cymetadata.o
 .ARM.attributes
                0x000001ca       0x33 .\CortexM3\ARM_GCC_541\Debug\Cm3Start.o
 .ARM.attributes
                0x000001fd       0x33 .\CortexM3\ARM_GCC_541\Debug\Final_assignment_01.a(SPIM_1.o)
 .ARM.attributes
                0x00000230       0x33 .\CortexM3\ARM_GCC_541\Debug\Final_assignment_01.a(SPIM_1_INT.o)
 .ARM.attributes
                0x00000263       0x33 .\CortexM3\ARM_GCC_541\Debug\Final_assignment_01.a(CS_1.o)
 .ARM.attributes
                0x00000296       0x33 .\CortexM3\ARM_GCC_541\Debug\Final_assignment_01.a(Pin_ISR.o)
 .ARM.attributes
                0x000002c9       0x33 .\CortexM3\ARM_GCC_541\Debug\Final_assignment_01.a(isr_ACC.o)
 .ARM.attributes
                0x000002fc       0x33 .\CortexM3\ARM_GCC_541\Debug\Final_assignment_01.a(SPIM_1_IntClock.o)
 .ARM.attributes
                0x0000032f       0x33 .\CortexM3\ARM_GCC_541\Debug\Final_assignment_01.a(CyLib.o)
 .ARM.attributes
                0x00000362       0x33 .\CortexM3\ARM_GCC_541\Debug\Final_assignment_01.a(cyPm.o)
 .ARM.attributes
                0x00000395       0x33 .\CortexM3\ARM_GCC_541\Debug\Final_assignment_01.a(UART_1.o)
 .ARM.attributes
                0x000003c8       0x33 .\CortexM3\ARM_GCC_541\Debug\Final_assignment_01.a(UART_1_IntClock.o)
 .ARM.attributes
                0x000003fb       0x33 .\CortexM3\ARM_GCC_541\Debug\Final_assignment_01.a(PWM_RG.o)
 .ARM.attributes
                0x0000042e       0x33 .\CortexM3\ARM_GCC_541\Debug\Final_assignment_01.a(PWM_B.o)
 .ARM.attributes
                0x00000461       0x21 .\CortexM3\ARM_GCC_541\Debug\Final_assignment_01.a(CyBootAsmGnu.o)
 .ARM.attributes
                0x00000482       0x33 .\CortexM3\ARM_GCC_541\Debug\Final_assignment_01.a(CyFlash.o)
 .ARM.attributes
                0x000004b5       0x33 .\CortexM3\ARM_GCC_541\Debug\Final_assignment_01.a(CySpc.o)
 .ARM.attributes
                0x000004e8       0x2d c:/program files (x86)/cypress/psoc creator/4.3/psoc creator/import/gnu/arm/5.4.1/bin/../lib/gcc/arm-none-eabi/5.4.1/../../../../arm-none-eabi/lib/armv7-m\libg_nano.a(lib_a-errno.o)
 .ARM.attributes
                0x00000515       0x2d c:/program files (x86)/cypress/psoc creator/4.3/psoc creator/import/gnu/arm/5.4.1/bin/../lib/gcc/arm-none-eabi/5.4.1/../../../../arm-none-eabi/lib/armv7-m\libg_nano.a(lib_a-exit.o)
 .ARM.attributes
                0x00000542       0x2d c:/program files (x86)/cypress/psoc creator/4.3/psoc creator/import/gnu/arm/5.4.1/bin/../lib/gcc/arm-none-eabi/5.4.1/../../../../arm-none-eabi/lib/armv7-m\libg_nano.a(lib_a-impure.o)
 .ARM.attributes
                0x0000056f       0x2d c:/program files (x86)/cypress/psoc creator/4.3/psoc creator/import/gnu/arm/5.4.1/bin/../lib/gcc/arm-none-eabi/5.4.1/../../../../arm-none-eabi/lib/armv7-m\libg_nano.a(lib_a-init.o)
 .ARM.attributes
                0x0000059c       0x2d c:/program files (x86)/cypress/psoc creator/4.3/psoc creator/import/gnu/arm/5.4.1/bin/../lib/gcc/arm-none-eabi/5.4.1/../../../../arm-none-eabi/lib/armv7-m\libg_nano.a(lib_a-memcpy-stub.o)
 .ARM.attributes
                0x000005c9       0x2d c:/program files (x86)/cypress/psoc creator/4.3/psoc creator/import/gnu/arm/5.4.1/bin/../lib/gcc/arm-none-eabi/5.4.1/../../../../arm-none-eabi/lib/armv7-m\libg_nano.a(lib_a-memset.o)
 .ARM.attributes
                0x000005f6       0x2d c:/program files (x86)/cypress/psoc creator/4.3/psoc creator/import/gnu/arm/5.4.1/bin/../lib/gcc/arm-none-eabi/5.4.1/../../../../arm-none-eabi/lib/armv7-m\libg_nano.a(lib_a-sprintf.o)
 .ARM.attributes
                0x00000623       0x2d c:/program files (x86)/cypress/psoc creator/4.3/psoc creator/import/gnu/arm/5.4.1/bin/../lib/gcc/arm-none-eabi/5.4.1/../../../../arm-none-eabi/lib/armv7-m\libg_nano.a(lib_a-nano-svfprintf.o)
 .ARM.attributes
                0x00000650       0x2d c:/program files (x86)/cypress/psoc creator/4.3/psoc creator/import/gnu/arm/5.4.1/bin/../lib/gcc/arm-none-eabi/5.4.1/../../../../arm-none-eabi/lib/armv7-m\libg_nano.a(lib_a-nano-vfprintf_i.o)
 .ARM.attributes
                0x0000067d       0x2d c:/program files (x86)/cypress/psoc creator/4.3/psoc creator/import/gnu/arm/5.4.1/bin/../lib/gcc/arm-none-eabi/5.4.1/../../../../arm-none-eabi/lib/armv7-m\libg_nano.a(lib_a-memchr-stub.o)
 .ARM.attributes
                0x000006aa       0x2d c:/program files (x86)/cypress/psoc creator/4.3/psoc creator/import/gnu/arm/5.4.1/bin/../lib/gcc/arm-none-eabi/5.4.1/../../../../arm-none-eabi/lib/armv7-m\libg_nano.a(lib_a-memmove.o)
 .ARM.attributes
                0x000006d7       0x2d c:/program files (x86)/cypress/psoc creator/4.3/psoc creator/import/gnu/arm/5.4.1/bin/../lib/gcc/arm-none-eabi/5.4.1/../../../../arm-none-eabi/lib/armv7-m\libg_nano.a(lib_a-nano-freer.o)
 .ARM.attributes
                0x00000704       0x2d c:/program files (x86)/cypress/psoc creator/4.3/psoc creator/import/gnu/arm/5.4.1/bin/../lib/gcc/arm-none-eabi/5.4.1/../../../../arm-none-eabi/lib/armv7-m\libg_nano.a(lib_a-nano-mallocr.o)
 .ARM.attributes
                0x00000731       0x2d c:/program files (x86)/cypress/psoc creator/4.3/psoc creator/import/gnu/arm/5.4.1/bin/../lib/gcc/arm-none-eabi/5.4.1/../../../../arm-none-eabi/lib/armv7-m\libg_nano.a(lib_a-nano-reallocr.o)
 .ARM.attributes
                0x0000075e       0x2d c:/program files (x86)/cypress/psoc creator/4.3/psoc creator/import/gnu/arm/5.4.1/bin/../lib/gcc/arm-none-eabi/5.4.1/../../../../arm-none-eabi/lib/armv7-m\libg_nano.a(lib_a-sbrkr.o)
 .ARM.attributes
                0x0000078b       0x2d c:/program files (x86)/cypress/psoc creator/4.3/psoc creator/import/gnu/arm/5.4.1/bin/../lib/gcc/arm-none-eabi/5.4.1/../../../../arm-none-eabi/lib/armv7-m\libg_nano.a(lib_a-mlock.o)
 .ARM.attributes
                0x000007b8       0x2d c:/program files (x86)/cypress/psoc creator/4.3/psoc creator/import/gnu/arm/5.4.1/bin/../lib/gcc/arm-none-eabi/5.4.1/../../../../arm-none-eabi/lib/armv7-m\libg_nano.a(lib_a-nano-msizer.o)
 .ARM.attributes
                0x000007e5       0x2d c:/program files (x86)/cypress/psoc creator/4.3/psoc creator/import/gnu/arm/5.4.1/bin/../lib/gcc/arm-none-eabi/5.4.1/../../../../arm-none-eabi/lib/armv7-m\libg_nano.a(lib_a-reent.o)
 .ARM.attributes
                0x00000812       0x2d c:/program files (x86)/cypress/psoc creator/4.3/psoc creator/import/gnu/arm/5.4.1/bin/../lib/gcc/arm-none-eabi/5.4.1/armv7-m/crtend.o
 .ARM.attributes
                0x0000083f       0x1d c:/program files (x86)/cypress/psoc creator/4.3/psoc creator/import/gnu/arm/5.4.1/bin/../lib/gcc/arm-none-eabi/5.4.1/armv7-m/crtn.o

/DISCARD/
 *(.note.GNU-stack)
OUTPUT(C:\Users\noemi\Desktop\university\university\poli\lab sensors\final assignment\Final-Assignment-PSoC\Final_Assignment\Final_assignment_01.cydsn\CortexM3\ARM_GCC_541\Debug\Final_assignment_01.elf elf32-littlearm)
