Archive member included to satisfy reference by file (symbol)

.\CortexM3\ARM_GCC_541\Debug\Final_assignment_01.a(SPIM_1.o)
                              .\CortexM3\ARM_GCC_541\Debug\InterruptRoutines.o (SPIM_1_Enable)
.\CortexM3\ARM_GCC_541\Debug\Final_assignment_01.a(SPIM_1_INT.o)
                              .\CortexM3\ARM_GCC_541\Debug\Final_assignment_01.a(SPIM_1.o) (SPIM_1_TX_ISR)
.\CortexM3\ARM_GCC_541\Debug\Final_assignment_01.a(CS_1.o)
                              .\CortexM3\ARM_GCC_541\Debug\SPI_Interface.o (CS_1_Write)
.\CortexM3\ARM_GCC_541\Debug\Final_assignment_01.a(Pin_ISR.o)
                              .\CortexM3\ARM_GCC_541\Debug\InterruptRoutines.o (Pin_ISR_ClearInterrupt)
.\CortexM3\ARM_GCC_541\Debug\Final_assignment_01.a(isr_ACC.o)
                              .\CortexM3\ARM_GCC_541\Debug\main.o (isr_ACC_StartEx)
.\CortexM3\ARM_GCC_541\Debug\Final_assignment_01.a(SPIM_1_IntClock.o)
                              .\CortexM3\ARM_GCC_541\Debug\Final_assignment_01.a(SPIM_1.o) (SPIM_1_IntClock_Start)
.\CortexM3\ARM_GCC_541\Debug\Final_assignment_01.a(CyLib.o)
                              .\CortexM3\ARM_GCC_541\Debug\Cm3Start.o (CyHalt)
.\CortexM3\ARM_GCC_541\Debug\Final_assignment_01.a(cyPm.o)
                              .\CortexM3\ARM_GCC_541\Debug\Final_assignment_01.a(CyLib.o) (CyPmReadStatus)
.\CortexM3\ARM_GCC_541\Debug\Final_assignment_01.a(UART_1.o)
                              .\CortexM3\ARM_GCC_541\Debug\InterruptRoutines.o (UART_1_Enable)
.\CortexM3\ARM_GCC_541\Debug\Final_assignment_01.a(UART_1_IntClock.o)
                              .\CortexM3\ARM_GCC_541\Debug\Final_assignment_01.a(UART_1.o) (UART_1_IntClock_Start)
.\CortexM3\ARM_GCC_541\Debug\Final_assignment_01.a(PWM_RG.o)
                              .\CortexM3\ARM_GCC_541\Debug\RGBLedDriver.o (PWM_RG_Stop)
.\CortexM3\ARM_GCC_541\Debug\Final_assignment_01.a(PWM_B.o)
                              .\CortexM3\ARM_GCC_541\Debug\RGBLedDriver.o (PWM_B_Stop)
.\CortexM3\ARM_GCC_541\Debug\Final_assignment_01.a(CS_2.o)
                              .\CortexM3\ARM_GCC_541\Debug\SPI_Interface_EEPROM.o (CS_2_Write)
.\CortexM3\ARM_GCC_541\Debug\Final_assignment_01.a(SPIM_2.o)
                              .\CortexM3\ARM_GCC_541\Debug\SPI_Interface_EEPROM.o (SPIM_2_ReadTxStatus)
.\CortexM3\ARM_GCC_541\Debug\Final_assignment_01.a(SPIM_2_INT.o)
                              .\CortexM3\ARM_GCC_541\Debug\Final_assignment_01.a(SPIM_2.o) (SPIM_2_TX_ISR)
.\CortexM3\ARM_GCC_541\Debug\Final_assignment_01.a(SPIM_2_IntClock.o)
                              .\CortexM3\ARM_GCC_541\Debug\Final_assignment_01.a(SPIM_2.o) (SPIM_2_IntClock_Start)
.\CortexM3\ARM_GCC_541\Debug\Final_assignment_01.a(isr_DEBOUNCER.o)
                              .\CortexM3\ARM_GCC_541\Debug\main.o (isr_DEBOUNCER_StartEx)
.\CortexM3\ARM_GCC_541\Debug\Final_assignment_01.a(Pin_Led_Blue.o)
                              .\CortexM3\ARM_GCC_541\Debug\InterruptRoutines.o (Pin_Led_Blue_Write)
.\CortexM3\ARM_GCC_541\Debug\Final_assignment_01.a(TIMER_button.o)
                              .\CortexM3\ARM_GCC_541\Debug\InterruptRoutines.o (TIMER_button_Stop)
.\CortexM3\ARM_GCC_541\Debug\Final_assignment_01.a(isr_TIMER.o)
                              .\CortexM3\ARM_GCC_541\Debug\main.o (isr_TIMER_StartEx)
.\CortexM3\ARM_GCC_541\Debug\Final_assignment_01.a(Timer_Blinking.o)
                              .\CortexM3\ARM_GCC_541\Debug\InterruptRoutines.o (Timer_Blinking_Stop)
.\CortexM3\ARM_GCC_541\Debug\Final_assignment_01.a(isr_BLINKING.o)
                              .\CortexM3\ARM_GCC_541\Debug\main.o (isr_BLINKING_StartEx)
.\CortexM3\ARM_GCC_541\Debug\Final_assignment_01.a(isr_positive.o)
                              .\CortexM3\ARM_GCC_541\Debug\main.o (isr_positive_StartEx)
.\CortexM3\ARM_GCC_541\Debug\Final_assignment_01.a(ADC_DelSig.o)
                              .\CortexM3\ARM_GCC_541\Debug\main.o (ADC_DelSig_Start)
.\CortexM3\ARM_GCC_541\Debug\Final_assignment_01.a(ADC_DelSig_INT.o)
                              .\CortexM3\ARM_GCC_541\Debug\Final_assignment_01.a(ADC_DelSig.o) (ADC_DelSig_ISR1)
.\CortexM3\ARM_GCC_541\Debug\Final_assignment_01.a(ADC_DelSig_AMux.o)
                              .\CortexM3\ARM_GCC_541\Debug\Final_assignment_01.a(ADC_DelSig.o) (ADC_DelSig_AMux_Select)
.\CortexM3\ARM_GCC_541\Debug\Final_assignment_01.a(ADC_DelSig_Ext_CP_Clk.o)
                              .\CortexM3\ARM_GCC_541\Debug\Final_assignment_01.a(ADC_DelSig.o) (ADC_DelSig_Ext_CP_Clk_SetModeRegister)
.\CortexM3\ARM_GCC_541\Debug\Final_assignment_01.a(ADC_DelSig_theACLK.o)
                              .\CortexM3\ARM_GCC_541\Debug\Final_assignment_01.a(ADC_DelSig.o) (ADC_DelSig_theACLK_SetModeRegister)
.\CortexM3\ARM_GCC_541\Debug\Final_assignment_01.a(Pin_RED_UARTVerboseFlag.o)
                              .\CortexM3\ARM_GCC_541\Debug\InterruptRoutines.o (Pin_RED_UARTVerboseFlag_Write)
.\CortexM3\ARM_GCC_541\Debug\Final_assignment_01.a(Pin_EnableDisable.o)
[...]
Memory Configuration

Name             Origin             Length             Attributes
rom              0x00000000         0x00040000         xr
ram              0x1fff8000         0x00010000         xrw
*default*        0x00000000         0xffffffff

Linker script and memory map

LOAD c:/program files (x86)/cypress/psoc creator/4.3/psoc creator/import/gnu/arm/5.4.1/bin/../lib/gcc/arm-none-eabi/5.4.1/armv7-m/crti.o
LOAD c:/program files (x86)/cypress/psoc creator/4.3/psoc creator/import/gnu/arm/5.4.1/bin/../lib/gcc/arm-none-eabi/5.4.1/armv7-m/crtbegin.o
LOAD c:/program files (x86)/cypress/psoc creator/4.3/psoc creator/import/gnu/arm/5.4.1/bin/../lib/gcc/arm-none-eabi/5.4.1/../../../../arm-none-eabi/lib/armv7-m/crt0.o
START GROUP
LOAD .\CortexM3\ARM_GCC_541\Debug\main.o
LOAD .\CortexM3\ARM_GCC_541\Debug\SPI_Interface.o
LOAD .\CortexM3\ARM_GCC_541\Debug\LIS3DH_SPI.o
LOAD .\CortexM3\ARM_GCC_541\Debug\InterruptRoutines.o
LOAD .\CortexM3\ARM_GCC_541\Debug\RGBLedDriver.o
LOAD .\CortexM3\ARM_GCC_541\Debug\25LC256.o
LOAD .\CortexM3\ARM_GCC_541\Debug\SPI_Interface_EEPROM.o
LOAD .\CortexM3\ARM_GCC_541\Debug\cyfitter_cfg.o
LOAD .\CortexM3\ARM_GCC_541\Debug\cymetadata.o
LOAD .\CortexM3\ARM_GCC_541\Debug\Cm3Start.o
LOAD .\CortexM3\ARM_GCC_541\Debug\Final_assignment_01.a
LOAD C:\Program Files (x86)\Cypress\PSoC Creator\4.3\PSoC Creator\psoc\content\cycomponentlibrary\CyComponentLibrary.cylib\CortexM3\ARM_GCC_541\Debug\CyComponentLibrary.a
END GROUP
START GROUP
LOAD c:/program files (x86)/cypress/psoc creator/4.3/psoc creator/import/gnu/arm/5.4.1/bin/../lib/gcc/arm-none-eabi/5.4.1/armv7-m\libgcc.a
LOAD c:/program files (x86)/cypress/psoc creator/4.3/psoc creator/import/gnu/arm/5.4.1/bin/../lib/gcc/arm-none-eabi/5.4.1/../../../../arm-none-eabi/lib/armv7-m\libg_nano.a
LOAD c:/program files (x86)/cypress/psoc creator/4.3/psoc creator/import/gnu/arm/5.4.1/bin/../lib/gcc/arm-none-eabi/5.4.1/../../../../arm-none-eabi/lib/armv7-m\libc_nano.a
END GROUP
START GROUP
LOAD c:/program files (x86)/cypress/psoc creator/4.3/psoc creator/import/gnu/arm/5.4.1/bin/../lib/gcc/arm-none-eabi/5.4.1/armv7-m\libgcc.a
LOAD c:/program files (x86)/cypress/psoc creator/4.3/psoc creator/import/gnu/arm/5.4.1/bin/../lib/gcc/arm-none-eabi/5.4.1/../../../../arm-none-eabi/lib/armv7-m\libc_nano.a
END GROUP
LOAD c:/program files (x86)/cypress/psoc creator/4.3/psoc creator/import/gnu/arm/5.4.1/bin/../lib/gcc/arm-none-eabi/5.4.1/armv7-m/crtend.o
LOAD c:/program files (x86)/cypress/psoc creator/4.3/psoc creator/import/gnu/arm/5.4.1/bin/../lib/gcc/arm-none-eabi/5.4.1/armv7-m/crtn.o
START GROUP
LOAD c:/program files (x86)/cypress/psoc creator/4.3/psoc creator/import/gnu/arm/5.4.1/bin/../lib/gcc/arm-none-eabi/5.4.1/armv7-m\libgcc.a
LOAD c:/program files (x86)/cypress/psoc creator/4.3/psoc creator/import/gnu/arm/5.4.1/bin/../lib/gcc/arm-none-eabi/5.4.1/../../../../arm-none-eabi/lib/armv7-m\libc.a
LOAD c:/program files (x86)/cypress/psoc creator/4.3/psoc creator/import/gnu/arm/5.4.1/bin/../lib/gcc/arm-none-eabi/5.4.1/../../../../arm-none-eabi/lib/armv7-m\libnosys.a
END GROUP
                0x00000000                CY_APPL_ORIGIN = 0x0
                0x00000100                CY_FLASH_ROW_SIZE = 0x100
                0x00000020                CY_ECC_ROW_SIZE = 0x20
                0x00000000                CY_EE_IN_BTLDR = 0x0
                0x00000000                CY_APPL_LOADABLE = 0x0
                0x00000800                CY_EE_SIZE = 0x800
                0x00000001                CY_APPL_NUM = 0x1
                0x00000001                CY_APPL_MAX = 0x1
                0x00000040                CY_METADATA_SIZE = 0x40
                0x00000000                CY_APPL_LOADABLE = 0x0
                0x00000000                CY_CHECKSUM_EXCLUDE_SIZE = ALIGN (0x0, CY_FLASH_ROW_SIZE)
                [!provide]                PROVIDE (__cy_heap_start, _end)
                0x00000001                PROVIDE (__cy_region_num, ((__cy_regions_end - __cy_regions) / 0x10))
                0x20008000                PROVIDE (__cy_stack, (ORIGIN (ram) + LENGTH (ram)))
                [!provide]                PROVIDE (__cy_heap_end, (__cy_stack - 0x800))

.cybootloader   0x00000000        0x0
 *(.cybootloader)
                0x00000000                appl1_start = CY_APPL_ORIGIN?CY_APPL_ORIGIN:ALIGN (CY_FLASH_ROW_SIZE)
                0x0001ff00                appl2_start = (appl1_start + ALIGN ((((LENGTH (rom) - appl1_start) - (0x2 * CY_FLASH_ROW_SIZE)) / 0x2), CY_FLASH_ROW_SIZE))
                0x00000000                appl_start = (CY_APPL_NUM == 0x1)?appl1_start:appl2_start
                0x00000000                ecc_offset = ((appl_start / CY_FLASH_ROW_SIZE) * CY_ECC_ROW_SIZE)
                0x00000000                ee_offset = (CY_APPL_LOADABLE && ! (CY_EE_IN_BTLDR))?((CY_EE_SIZE / CY_APPL_MAX) * (CY_APPL_NUM - 0x1)):0x0
                0x00000800                ee_size = (CY_APPL_LOADABLE && ! (CY_EE_IN_BTLDR))?(CY_EE_SIZE / CY_APPL_MAX):CY_EE_SIZE
                [!provide]                PROVIDE (CY_ECC_OFFSET, ecc_offset)

.text           0x00000000     0x3b7c
 CREATE_OBJECT_SYMBOLS
                0x00000000                PROVIDE (__cy_interrupt_vector, RomVectors)
 *(.romvectors)
 .romvectors    0x00000000       0x10 .\CortexM3\ARM_GCC_541\Debug\Cm3Start.o
                0x00000000                RomVectors
                0x00000001                ASSERT ((. != __cy_interrupt_vector), No interrupt vector)
                0x00000001                ASSERT (CY_APPL_ORIGIN?(SIZEOF (.cybootloader) <= CY_APPL_ORIGIN):0x1, Wrong image location)
                0x00000010                PROVIDE (__cy_reset, Reset)
 *(.text.Reset)
 .text.Reset    0x00000010       0x18 .\CortexM3\ARM_GCC_541\Debug\Cm3Start.o
                0x00000010                Reset
                0x00000001                ASSERT ((. != __cy_reset), No reset code)
 *(.dma_init)
                0x00000001                ASSERT ((((appl_start + .) <= 0x10000) || 0x1), DMA Init must be within the first 64k of flash)
 *(.text .text.* .gnu.linkonce.t.*)
 .text          0x00000028       0x5c c:/program files (x86)/cypress/psoc creator/4.3/psoc creator/import/gnu/arm/5.4.1/bin/../lib/gcc/arm-none-eabi/5.4.1/armv7-m/crtbegin.o
 *fill*         0x00000084        0x4 
 .text.main     0x00000088      0x504 .\CortexM3\ARM_GCC_541\Debug\main.o
                0x00000088                main
 .text.SPI_Interface_Multi_RW
                0x0000058c       0xb8 .\CortexM3\ARM_GCC_541\Debug\SPI_Interface.o
                0x0000058c                SPI_Interface_Multi_RW
 .text.LIS3DH_readByte
                0x00000644       0x2c .\CortexM3\ARM_GCC_541\Debug\LIS3DH_SPI.o
                0x00000644                LIS3DH_readByte
 .text.LIS3DH_writeByte
                0x00000670       0x28 .\CortexM3\ARM_GCC_541\Debug\LIS3DH_SPI.o
                0x00000670                LIS3DH_writeByte
 .text.LIS3DH_readPage
                0x00000698       0x20 .\CortexM3\ARM_GCC_541\Debug\LIS3DH_SPI.o
                0x00000698                LIS3DH_readPage
 .text.Custom_Pin_ISR
                0x000006b8       0x14 .\CortexM3\ARM_GCC_541\Debug\InterruptRoutines.o
                0x000006b8                Custom_Pin_ISR
 .text.Custom_Pin_Button
                0x000006cc       0x18 .\CortexM3\ARM_GCC_541\Debug\InterruptRoutines.o
                0x000006cc                Custom_Pin_Button
 .text.Custom_Pin_Button_Positive
                0x000006e4      0x140 .\CortexM3\ARM_GCC_541\Debug\InterruptRoutines.o
                0x000006e4                Custom_Pin_Button_Positive
 .text.Custom_Timer_Button
                0x00000824       0x14 .\CortexM3\ARM_GCC_541\Debug\InterruptRoutines.o
                0x00000824                Custom_Timer_Button
 .text.Custom_LED_Blinking
                0x00000838       0x84 .\CortexM3\ARM_GCC_541\Debug\InterruptRoutines.o
                0x00000838                Custom_LED_Blinking
 .text.Custom_Pin_EnableDisable
                0x000008bc       0x20 .\CortexM3\ARM_GCC_541\Debug\InterruptRoutines.o
                0x000008bc                Custom_Pin_EnableDisable
 .text.Custom_TimeStamp
                0x000008dc       0x18 .\CortexM3\ARM_GCC_541\Debug\InterruptRoutines.o
                0x000008dc                Custom_TimeStamp
 .text.RGBLed_WriteRed
                0x000008f4        0x8 .\CortexM3\ARM_GCC_541\Debug\RGBLedDriver.o
 .text.RGBLed_WriteGreen
                0x000008fc        0x8 .\CortexM3\ARM_GCC_541\Debug\RGBLedDriver.o
 .text.RGBLed_WriteBlu
                0x00000904        0x8 .\CortexM3\ARM_GCC_541\Debug\RGBLedDriver.o
 .text.RGBLed_Start
                0x0000090c        0xc .\CortexM3\ARM_GCC_541\Debug\RGBLedDriver.o
                0x0000090c                RGBLed_Start
 .text.RGBLed_WriteColor
                0x00000918       0x18 .\CortexM3\ARM_GCC_541\Debug\RGBLedDriver.o
                0x00000918                RGBLed_WriteColor
 .text.EEPROM_readStatus
                0x00000930        0xc .\CortexM3\ARM_GCC_541\Debug\25LC256.o
                0x00000930                EEPROM_readStatus
 .text.EEPROM_writeEnable
                0x0000093c        0xc .\CortexM3\ARM_GCC_541\Debug\25LC256.o
                0x0000093c                EEPROM_writeEnable
 .text.EEPROM_readByte
                0x00000948       0x30 .\CortexM3\ARM_GCC_541\Debug\25LC256.o
                0x00000948                EEPROM_readByte
 .text.EEPROM_writeByte
                0x00000978       0x38 .\CortexM3\ARM_GCC_541\Debug\25LC256.o
                0x00000978                EEPROM_writeByte
 .text.EEPROM_readPage
                0x000009b0       0x24 .\CortexM3\ARM_GCC_541\Debug\25LC256.o
                0x000009b0                EEPROM_readPage
 .text.EEPROM_writePage
                0x000009d4       0x5c .\CortexM3\ARM_GCC_541\Debug\25LC256.o
                0x000009d4                EEPROM_writePage
 .text.EEPROM_waitForWriteComplete
                0x00000a30       0x10 .\CortexM3\ARM_GCC_541\Debug\25LC256.o
                0x00000a30                EEPROM_waitForWriteComplete
 .text.SPI_Interface_EEPROM_tradeByte
                0x00000a40       0x2c .\CortexM3\ARM_GCC_541\Debug\SPI_Interface_EEPROM.o
                0x00000a40                SPI_Interface_EEPROM_tradeByte
 .text.SPI_Interface_EEPROM_ReadByte
                0x00000a6c       0x34 .\CortexM3\ARM_GCC_541\Debug\SPI_Interface_EEPROM.o
                0x00000a6c                SPI_Interface_EEPROM_ReadByte
 .text.SPI_Interface_EEPROM_Multi_RW
                0x00000aa0       0xb8 .\CortexM3\ARM_GCC_541\Debug\SPI_Interface_EEPROM.o
                0x00000aa0                SPI_Interface_EEPROM_Multi_RW
 .text.CyClockStartupError
                0x00000b58        0x4 .\CortexM3\ARM_GCC_541\Debug\cyfitter_cfg.o
 .text.cfg_write_bytes32
                0x00000b5c       0x34 .\CortexM3\ARM_GCC_541\Debug\cyfitter_cfg.o
 .text.AnalogSetDefault
                0x00000b90       0x40 .\CortexM3\ARM_GCC_541\Debug\cyfitter_cfg.o
 .text.CYMEMZERO
                0x00000bd0        0xc .\CortexM3\ARM_GCC_541\Debug\cyfitter_cfg.o
 .text.CYCONFIGCPY
                0x00000bdc        0x8 .\CortexM3\ARM_GCC_541\Debug\cyfitter_cfg.o
 .text.ClockSetup
                0x00000be4      0x190 .\CortexM3\ARM_GCC_541\Debug\cyfitter_cfg.o
 .text.ADC_DelSig_AMux_Set
                0x00000d74       0x1c .\CortexM3\ARM_GCC_541\Debug\cyfitter_cfg.o
                0x00000d74                ADC_DelSig_AMux_Set
 .text.ADC_DelSig_AMux_Unset
                0x00000d90       0x1c .\CortexM3\ARM_GCC_541\Debug\cyfitter_cfg.o
                0x00000d90                ADC_DelSig_AMux_Unset
 .text.cyfitter_cfg
                0x00000dac      0x13c .\CortexM3\ARM_GCC_541\Debug\cyfitter_cfg.o
                0x00000dac                cyfitter_cfg
 .text.IntDefaultHandler
                0x00000ee8       0x10 .\CortexM3\ARM_GCC_541\Debug\Cm3Start.o
                0x00000ee8                IntDefaultHandler
 .text._sbrk    0x00000ef8       0x30 .\CortexM3\ARM_GCC_541\Debug\Cm3Start.o
                0x00000ef8                _sbrk
 .text.Start_c  0x00000f28       0x4c .\CortexM3\ARM_GCC_541\Debug\Cm3Start.o
                0x00000f28                Start_c
 .text.initialize_psoc
                0x00000f74       0x68 .\CortexM3\ARM_GCC_541\Debug\Cm3Start.o
                0x00000f74                initialize_psoc
 .text.SPIM_1_EnableTxInt
                0x00000fdc        0xc .\CortexM3\ARM_GCC_541\Debug\Final_assignment_01.a(SPIM_1.o)
                0x00000fdc                SPIM_1_EnableTxInt
 .text.SPIM_1_EnableRxInt
                0x00000fe8        0xc .\CortexM3\ARM_GCC_541\Debug\Final_assignment_01.a(SPIM_1.o)
                0x00000fe8                SPIM_1_EnableRxInt
 .text.SPIM_1_Enable
                0x00000ff4       0x3c .\CortexM3\ARM_GCC_541\Debug\Final_assignment_01.a(SPIM_1.o)
                0x00000ff4                SPIM_1_Enable
 .text.SPIM_1_DisableTxInt
                0x00001030        0xc .\CortexM3\ARM_GCC_541\Debug\Final_assignment_01.a(SPIM_1.o)
                0x00001030                SPIM_1_DisableTxInt
 .text.SPIM_1_DisableRxInt
                0x0000103c        0xc .\CortexM3\ARM_GCC_541\Debug\Final_assignment_01.a(SPIM_1.o)
                0x0000103c                SPIM_1_DisableRxInt
 .text.SPIM_1_Stop
                0x00001048       0x30 .\CortexM3\ARM_GCC_541\Debug\Final_assignment_01.a(SPIM_1.o)
                0x00001048                SPIM_1_Stop
 .text.SPIM_1_ReadTxStatus
                0x00001078       0x28 .\CortexM3\ARM_GCC_541\Debug\Final_assignment_01.a(SPIM_1.o)
                0x00001078                SPIM_1_ReadTxStatus
 .text.SPIM_1_ReadRxStatus
                0x000010a0       0x28 .\CortexM3\ARM_GCC_541\Debug\Final_assignment_01.a(SPIM_1.o)
                0x000010a0                SPIM_1_ReadRxStatus
 .text.SPIM_1_WriteTxData
                0x000010c8       0xd4 .\CortexM3\ARM_GCC_541\Debug\Final_assignment_01.a(SPIM_1.o)
                0x000010c8                SPIM_1_WriteTxData
 .text.SPIM_1_ReadRxData
                0x0000119c       0x64 .\CortexM3\ARM_GCC_541\Debug\Final_assignment_01.a(SPIM_1.o)
                0x0000119c                SPIM_1_ReadRxData
 .text.SPIM_1_ClearRxBuffer
                0x00001200       0x40 .\CortexM3\ARM_GCC_541\Debug\Final_assignment_01.a(SPIM_1.o)
                0x00001200                SPIM_1_ClearRxBuffer
 .text.SPIM_1_ClearTxBuffer
                0x00001240       0x54 .\CortexM3\ARM_GCC_541\Debug\Final_assignment_01.a(SPIM_1.o)
                0x00001240                SPIM_1_ClearTxBuffer
 .text.SPIM_1_PutArray
                0x00001294       0x20 .\CortexM3\ARM_GCC_541\Debug\Final_assignment_01.a(SPIM_1.o)
                0x00001294                SPIM_1_PutArray
 .text.SPIM_1_ClearFIFO
                0x000012b4       0x3c .\CortexM3\ARM_GCC_541\Debug\Final_assignment_01.a(SPIM_1.o)
                0x000012b4                SPIM_1_ClearFIFO
 .text.SPIM_1_Init
                0x000012f0       0x90 .\CortexM3\ARM_GCC_541\Debug\Final_assignment_01.a(SPIM_1.o)
                0x000012f0                SPIM_1_Init
 .text.SPIM_1_Start
                0x00001380       0x1c .\CortexM3\ARM_GCC_541\Debug\Final_assignment_01.a(SPIM_1.o)
                0x00001380                SPIM_1_Start
 .text.SPIM_1_TX_ISR
                0x0000139c       0xa0 .\CortexM3\ARM_GCC_541\Debug\Final_assignment_01.a(SPIM_1_INT.o)
                0x0000139c                SPIM_1_TX_ISR
 .text.SPIM_1_RX_ISR
                0x0000143c       0xa0 .\CortexM3\ARM_GCC_541\Debug\Final_assignment_01.a(SPIM_1_INT.o)
                0x0000143c                SPIM_1_RX_ISR
 .text.CS_1_Write
                0x000014dc       0x18 .\CortexM3\ARM_GCC_541\Debug\Final_assignment_01.a(CS_1.o)
                0x000014dc                CS_1_Write
 .text.Pin_ISR_ClearInterrupt
                0x000014f4       0x10 .\CortexM3\ARM_GCC_541\Debug\Final_assignment_01.a(Pin_ISR.o)
                0x000014f4                Pin_ISR_ClearInterrupt
 .text.isr_ACC_SetVector
                0x00001504        0xc .\CortexM3\ARM_GCC_541\Debug\Final_assignment_01.a(isr_ACC.o)
                0x00001504                isr_ACC_SetVector
 .text.isr_ACC_SetPriority
                0x00001510       0x10 .\CortexM3\ARM_GCC_541\Debug\Final_assignment_01.a(isr_ACC.o)
                0x00001510                isr_ACC_SetPriority
 .text.isr_ACC_Enable
                0x00001520       0x10 .\CortexM3\ARM_GCC_541\Debug\Final_assignment_01.a(isr_ACC.o)
                0x00001520                isr_ACC_Enable
 .text.isr_ACC_Disable
                0x00001530       0x10 .\CortexM3\ARM_GCC_541\Debug\Final_assignment_01.a(isr_ACC.o)
                0x00001530                isr_ACC_Disable
 .text.isr_ACC_StartEx
                0x00001540       0x1c .\CortexM3\ARM_GCC_541\Debug\Final_assignment_01.a(isr_ACC.o)
                0x00001540                isr_ACC_StartEx
 .text.SPIM_1_IntClock_Start
                0x0000155c       0x1c .\CortexM3\ARM_GCC_541\Debug\Final_assignment_01.a(SPIM_1_IntClock.o)
                0x0000155c                SPIM_1_IntClock_Start
 .text.SPIM_1_IntClock_Stop
                0x00001578       0x1c .\CortexM3\ARM_GCC_541\Debug\Final_assignment_01.a(SPIM_1_IntClock.o)
                0x00001578                SPIM_1_IntClock_Stop
 .text.CyHalt   0x00001594        0x4 .\CortexM3\ARM_GCC_541\Debug\Final_assignment_01.a(CyLib.o)
                0x00001594                CyHalt
 .text.CyDelay  0x00001598       0x2c .\CortexM3\ARM_GCC_541\Debug\Final_assignment_01.a(CyLib.o)
                0x00001598                CyDelay
 .text.CyDelayUs
                0x000015c4       0x14 .\CortexM3\ARM_GCC_541\Debug\Final_assignment_01.a(CyLib.o)
                0x000015c4                CyDelayUs
 .text.CyIntSetVector
                0x000015d8       0x28 .\CortexM3\ARM_GCC_541\Debug\Final_assignment_01.a(CyLib.o)
                0x000015d8                CyIntSetVector
 .text.CyIntSetPriority
                0x00001600       0x30 .\CortexM3\ARM_GCC_541\Debug\Final_assignment_01.a(CyLib.o)
                0x00001600                CyIntSetPriority
 .text.UART_1_Init
                0x00001630       0x24 .\CortexM3\ARM_GCC_541\Debug\Final_assignment_01.a(UART_1.o)
                0x00001630                UART_1_Init
 .text.UART_1_Enable
                0x00001654       0x38 .\CortexM3\ARM_GCC_541\Debug\Final_assignment_01.a(UART_1.o)
                0x00001654                UART_1_Enable
 .text.UART_1_Start
                0x0000168c       0x1c .\CortexM3\ARM_GCC_541\Debug\Final_assignment_01.a(UART_1.o)
                0x0000168c                UART_1_Start
 .text.UART_1_Stop
                0x000016a8       0x3c .\CortexM3\ARM_GCC_541\Debug\Final_assignment_01.a(UART_1.o)
                0x000016a8                UART_1_Stop
 .text.UART_1_PutChar
                0x000016e4       0x18 .\CortexM3\ARM_GCC_541\Debug\Final_assignment_01.a(UART_1.o)
                0x000016e4                UART_1_PutChar
 .text.UART_1_PutString
                0x000016fc       0x24 .\CortexM3\ARM_GCC_541\Debug\Final_assignment_01.a(UART_1.o)
                0x000016fc                UART_1_PutString
 .text.UART_1_PutArray
                0x00001720       0x28 .\CortexM3\ARM_GCC_541\Debug\Final_assignment_01.a(UART_1.o)
                0x00001720                UART_1_PutArray
 .text.UART_1_IntClock_Start
                0x00001748       0x1c .\CortexM3\ARM_GCC_541\Debug\Final_assignment_01.a(UART_1_IntClock.o)
                0x00001748                UART_1_IntClock_Start
 .text.UART_1_IntClock_Stop
                0x00001764       0x1c .\CortexM3\ARM_GCC_541\Debug\Final_assignment_01.a(UART_1_IntClock.o)
                0x00001764                UART_1_IntClock_Stop
 .text.PWM_RG_Enable
                0x00001780       0x10 .\CortexM3\ARM_GCC_541\Debug\Final_assignment_01.a(PWM_RG.o)
                0x00001780                PWM_RG_Enable
 .text.PWM_RG_WriteCounter
                0x00001790        0xc .\CortexM3\ARM_GCC_541\Debug\Final_assignment_01.a(PWM_RG.o)
                0x00001790                PWM_RG_WriteCounter
 .text.PWM_RG_WritePeriod
                0x0000179c        0xc .\CortexM3\ARM_GCC_541\Debug\Final_assignment_01.a(PWM_RG.o)
                0x0000179c                PWM_RG_WritePeriod
 .text.PWM_RG_WriteCompare1
                0x000017a8        0xc .\CortexM3\ARM_GCC_541\Debug\Final_assignment_01.a(PWM_RG.o)
                0x000017a8                PWM_RG_WriteCompare1
 .text.PWM_RG_WriteCompare2
                0x000017b4        0xc .\CortexM3\ARM_GCC_541\Debug\Final_assignment_01.a(PWM_RG.o)
                0x000017b4                PWM_RG_WriteCompare2
 .text.PWM_RG_SetInterruptMode
                0x000017c0        0xc .\CortexM3\ARM_GCC_541\Debug\Final_assignment_01.a(PWM_RG.o)
                0x000017c0                PWM_RG_SetInterruptMode
 .text.PWM_RG_ReadStatusRegister
                0x000017cc        0xc .\CortexM3\ARM_GCC_541\Debug\Final_assignment_01.a(PWM_RG.o)
                0x000017cc                PWM_RG_ReadStatusRegister
 .text.PWM_RG_ReadCapture
                0x000017d8        0xc .\CortexM3\ARM_GCC_541\Debug\Final_assignment_01.a(PWM_RG.o)
                0x000017d8                PWM_RG_ReadCapture
 .text.PWM_RG_ClearFIFO
                0x000017e4       0x14 .\CortexM3\ARM_GCC_541\Debug\Final_assignment_01.a(PWM_RG.o)
                0x000017e4                PWM_RG_ClearFIFO
 .text.PWM_RG_Init
                0x000017f8       0x58 .\CortexM3\ARM_GCC_541\Debug\Final_assignment_01.a(PWM_RG.o)
                0x000017f8                PWM_RG_Init
 .text.PWM_RG_Start
                0x00001850       0x1c .\CortexM3\ARM_GCC_541\Debug\Final_assignment_01.a(PWM_RG.o)
                0x00001850                PWM_RG_Start
 .text.PWM_B_Enable
                0x0000186c       0x10 .\CortexM3\ARM_GCC_541\Debug\Final_assignment_01.a(PWM_B.o)
                0x0000186c                PWM_B_Enable
 .text.PWM_B_WriteCounter
                0x0000187c        0xc .\CortexM3\ARM_GCC_541\Debug\Final_assignment_01.a(PWM_B.o)
                0x0000187c                PWM_B_WriteCounter
 .text.PWM_B_WritePeriod
                0x00001888        0xc .\CortexM3\ARM_GCC_541\Debug\Final_assignment_01.a(PWM_B.o)
                0x00001888                PWM_B_WritePeriod
 .text.PWM_B_WriteCompare
                0x00001894        0xc .\CortexM3\ARM_GCC_541\Debug\Final_assignment_01.a(PWM_B.o)
                0x00001894                PWM_B_WriteCompare
 .text.PWM_B_SetInterruptMode
                0x000018a0        0xc .\CortexM3\ARM_GCC_541\Debug\Final_assignment_01.a(PWM_B.o)
                0x000018a0                PWM_B_SetInterruptMode
 .text.PWM_B_ReadStatusRegister
                0x000018ac        0xc .\CortexM3\ARM_GCC_541\Debug\Final_assignment_01.a(PWM_B.o)
                0x000018ac                PWM_B_ReadStatusRegister
 .text.PWM_B_ReadCapture
                0x000018b8        0xc .\CortexM3\ARM_GCC_541\Debug\Final_assignment_01.a(PWM_B.o)
                0x000018b8                PWM_B_ReadCapture
 .text.PWM_B_ClearFIFO
                0x000018c4       0x14 .\CortexM3\ARM_GCC_541\Debug\Final_assignment_01.a(PWM_B.o)
                0x000018c4                PWM_B_ClearFIFO
 .text.PWM_B_Init
                0x000018d8       0x54 .\CortexM3\ARM_GCC_541\Debug\Final_assignment_01.a(PWM_B.o)
                0x000018d8                PWM_B_Init
 .text.PWM_B_Start
                0x0000192c       0x1c .\CortexM3\ARM_GCC_541\Debug\Final_assignment_01.a(PWM_B.o)
                0x0000192c                PWM_B_Start
 .text.CS_2_Write
                0x00001948       0x18 .\CortexM3\ARM_GCC_541\Debug\Final_assignment_01.a(CS_2.o)
                0x00001948                CS_2_Write
 .text.SPIM_2_EnableTxInt
                0x00001960        0xc .\CortexM3\ARM_GCC_541\Debug\Final_assignment_01.a(SPIM_2.o)
                0x00001960                SPIM_2_EnableTxInt
 .text.SPIM_2_EnableRxInt
                0x0000196c        0xc .\CortexM3\ARM_GCC_541\Debug\Final_assignment_01.a(SPIM_2.o)
                0x0000196c                SPIM_2_EnableRxInt
 .text.SPIM_2_Enable
                0x00001978       0x3c .\CortexM3\ARM_GCC_541\Debug\Final_assignment_01.a(SPIM_2.o)
                0x00001978                SPIM_2_Enable
 .text.SPIM_2_DisableTxInt
                0x000019b4        0xc .\CortexM3\ARM_GCC_541\Debug\Final_assignment_01.a(SPIM_2.o)
                0x000019b4                SPIM_2_DisableTxInt
 .text.SPIM_2_DisableRxInt
                0x000019c0        0xc .\CortexM3\ARM_GCC_541\Debug\Final_assignment_01.a(SPIM_2.o)
                0x000019c0                SPIM_2_DisableRxInt
 .text.SPIM_2_ReadTxStatus
                0x000019cc       0x28 .\CortexM3\ARM_GCC_541\Debug\Final_assignment_01.a(SPIM_2.o)
                0x000019cc                SPIM_2_ReadTxStatus
 .text.SPIM_2_ReadRxStatus
                0x000019f4       0x28 .\CortexM3\ARM_GCC_541\Debug\Final_assignment_01.a(SPIM_2.o)
                0x000019f4                SPIM_2_ReadRxStatus
 .text.SPIM_2_WriteTxData
                0x00001a1c       0xd4 .\CortexM3\ARM_GCC_541\Debug\Final_assignment_01.a(SPIM_2.o)
                0x00001a1c                SPIM_2_WriteTxData
 .text.SPIM_2_ReadRxData
                0x00001af0       0x64 .\CortexM3\ARM_GCC_541\Debug\Final_assignment_01.a(SPIM_2.o)
                0x00001af0                SPIM_2_ReadRxData
 .text.SPIM_2_ClearRxBuffer
                0x00001b54       0x40 .\CortexM3\ARM_GCC_541\Debug\Final_assignment_01.a(SPIM_2.o)
                0x00001b54                SPIM_2_ClearRxBuffer
 .text.SPIM_2_ClearTxBuffer
                0x00001b94       0x54 .\CortexM3\ARM_GCC_541\Debug\Final_assignment_01.a(SPIM_2.o)
                0x00001b94                SPIM_2_ClearTxBuffer
 .text.SPIM_2_PutArray
                0x00001be8       0x20 .\CortexM3\ARM_GCC_541\Debug\Final_assignment_01.a(SPIM_2.o)
                0x00001be8                SPIM_2_PutArray
 .text.SPIM_2_ClearFIFO
                0x00001c08       0x3c .\CortexM3\ARM_GCC_541\Debug\Final_assignment_01.a(SPIM_2.o)
                0x00001c08                SPIM_2_ClearFIFO
 .text.SPIM_2_Init
                0x00001c44       0x90 .\CortexM3\ARM_GCC_541\Debug\Final_assignment_01.a(SPIM_2.o)
                0x00001c44                SPIM_2_Init
 .text.SPIM_2_Start
                0x00001cd4       0x1c .\CortexM3\ARM_GCC_541\Debug\Final_assignment_01.a(SPIM_2.o)
                0x00001cd4                SPIM_2_Start
 .text.SPIM_2_TX_ISR
                0x00001cf0       0xa0 .\CortexM3\ARM_GCC_541\Debug\Final_assignment_01.a(SPIM_2_INT.o)
                0x00001cf0                SPIM_2_TX_ISR
 .text.SPIM_2_RX_ISR
                0x00001d90       0xa0 .\CortexM3\ARM_GCC_541\Debug\Final_assignment_01.a(SPIM_2_INT.o)
                0x00001d90                SPIM_2_RX_ISR
 .text.SPIM_2_IntClock_Start
                0x00001e30       0x1c .\CortexM3\ARM_GCC_541\Debug\Final_assignment_01.a(SPIM_2_IntClock.o)
                0x00001e30                SPIM_2_IntClock_Start
 .text.isr_DEBOUNCER_SetVector
                0x00001e4c        0xc .\CortexM3\ARM_GCC_541\Debug\Final_assignment_01.a(isr_DEBOUNCER.o)
                0x00001e4c                isr_DEBOUNCER_SetVector
 .text.isr_DEBOUNCER_SetPriority
                0x00001e58       0x10 .\CortexM3\ARM_GCC_541\Debug\Final_assignment_01.a(isr_DEBOUNCER.o)
                0x00001e58                isr_DEBOUNCER_SetPriority
 .text.isr_DEBOUNCER_Enable
                0x00001e68        0xc .\CortexM3\ARM_GCC_541\Debug\Final_assignment_01.a(isr_DEBOUNCER.o)
                0x00001e68                isr_DEBOUNCER_Enable
 .text.isr_DEBOUNCER_Disable
                0x00001e74        0xc .\CortexM3\ARM_GCC_541\Debug\Final_assignment_01.a(isr_DEBOUNCER.o)
                0x00001e74                isr_DEBOUNCER_Disable
 .text.isr_DEBOUNCER_StartEx
                0x00001e80       0x1c .\CortexM3\ARM_GCC_541\Debug\Final_assignment_01.a(isr_DEBOUNCER.o)
                0x00001e80                isr_DEBOUNCER_StartEx
 .text.Pin_Led_Blue_Write
                0x00001e9c       0x18 .\CortexM3\ARM_GCC_541\Debug\Final_assignment_01.a(Pin_Led_Blue.o)
                0x00001e9c                Pin_Led_Blue_Write
 .text.Pin_Led_Blue_Read
                0x00001eb4       0x10 .\CortexM3\ARM_GCC_541\Debug\Final_assignment_01.a(Pin_Led_Blue.o)
                0x00001eb4                Pin_Led_Blue_Read
 .text.TIMER_button_Enable
                0x00001ec4       0x28 .\CortexM3\ARM_GCC_541\Debug\Final_assignment_01.a(TIMER_button.o)
                0x00001ec4                TIMER_button_Enable
 .text.TIMER_button_Stop
                0x00001eec       0x28 .\CortexM3\ARM_GCC_541\Debug\Final_assignment_01.a(TIMER_button.o)
                0x00001eec                TIMER_button_Stop
 .text.TIMER_button_SetInterruptMode
                0x00001f14        0xc .\CortexM3\ARM_GCC_541\Debug\Final_assignment_01.a(TIMER_button.o)
                0x00001f14                TIMER_button_SetInterruptMode
 .text.TIMER_button_ReadStatusRegister
                0x00001f20        0xc .\CortexM3\ARM_GCC_541\Debug\Final_assignment_01.a(TIMER_button.o)
                0x00001f20                TIMER_button_ReadStatusRegister
 .text.TIMER_button_WritePeriod
                0x00001f2c        0xc .\CortexM3\ARM_GCC_541\Debug\Final_assignment_01.a(TIMER_button.o)
                0x00001f2c                TIMER_button_WritePeriod
 .text.TIMER_button_WriteCounter
                0x00001f38        0xc .\CortexM3\ARM_GCC_541\Debug\Final_assignment_01.a(TIMER_button.o)
                0x00001f38                TIMER_button_WriteCounter
 .text.TIMER_button_Init
                0x00001f44       0x64 .\CortexM3\ARM_GCC_541\Debug\Final_assignment_01.a(TIMER_button.o)
                0x00001f44                TIMER_button_Init
 .text.TIMER_button_Start
                0x00001fa8       0x1c .\CortexM3\ARM_GCC_541\Debug\Final_assignment_01.a(TIMER_button.o)
                0x00001fa8                TIMER_button_Start
 .text.isr_TIMER_SetVector
                0x00001fc4       0x10 .\CortexM3\ARM_GCC_541\Debug\Final_assignment_01.a(isr_TIMER.o)
                0x00001fc4                isr_TIMER_SetVector
 .text.isr_TIMER_SetPriority
                0x00001fd4       0x10 .\CortexM3\ARM_GCC_541\Debug\Final_assignment_01.a(isr_TIMER.o)
                0x00001fd4                isr_TIMER_SetPriority
 .text.isr_TIMER_Enable
                0x00001fe4       0x10 .\CortexM3\ARM_GCC_541\Debug\Final_assignment_01.a(isr_TIMER.o)
                0x00001fe4                isr_TIMER_Enable
 .text.isr_TIMER_Disable
                0x00001ff4       0x10 .\CortexM3\ARM_GCC_541\Debug\Final_assignment_01.a(isr_TIMER.o)
                0x00001ff4                isr_TIMER_Disable
 .text.isr_TIMER_StartEx
                0x00002004       0x1c .\CortexM3\ARM_GCC_541\Debug\Final_assignment_01.a(isr_TIMER.o)
                0x00002004                isr_TIMER_StartEx
 .text.Timer_Blinking_Enable
                0x00002020       0x28 .\CortexM3\ARM_GCC_541\Debug\Final_assignment_01.a(Timer_Blinking.o)
                0x00002020                Timer_Blinking_Enable
 .text.Timer_Blinking_Stop
                0x00002048       0x28 .\CortexM3\ARM_GCC_541\Debug\Final_assignment_01.a(Timer_Blinking.o)
                0x00002048                Timer_Blinking_Stop
 .text.Timer_Blinking_SetInterruptMode
                0x00002070        0xc .\CortexM3\ARM_GCC_541\Debug\Final_assignment_01.a(Timer_Blinking.o)
                0x00002070                Timer_Blinking_SetInterruptMode
 .text.Timer_Blinking_ReadStatusRegister
                0x0000207c        0xc .\CortexM3\ARM_GCC_541\Debug\Final_assignment_01.a(Timer_Blinking.o)
                0x0000207c                Timer_Blinking_ReadStatusRegister
 .text.Timer_Blinking_WritePeriod
                0x00002088        0xc .\CortexM3\ARM_GCC_541\Debug\Final_assignment_01.a(Timer_Blinking.o)
                0x00002088                Timer_Blinking_WritePeriod
 .text.Timer_Blinking_WriteCounter
                0x00002094        0xc .\CortexM3\ARM_GCC_541\Debug\Final_assignment_01.a(Timer_Blinking.o)
                0x00002094                Timer_Blinking_WriteCounter
 .text.Timer_Blinking_Init
                0x000020a0       0x64 .\CortexM3\ARM_GCC_541\Debug\Final_assignment_01.a(Timer_Blinking.o)
                0x000020a0                Timer_Blinking_Init
 .text.Timer_Blinking_Start
                0x00002104       0x1c .\CortexM3\ARM_GCC_541\Debug\Final_assignment_01.a(Timer_Blinking.o)
                0x00002104                Timer_Blinking_Start
 .text.isr_BLINKING_SetVector
                0x00002120       0x10 .\CortexM3\ARM_GCC_541\Debug\Final_assignment_01.a(isr_BLINKING.o)
                0x00002120                isr_BLINKING_SetVector
 .text.isr_BLINKING_SetPriority
                0x00002130       0x10 .\CortexM3\ARM_GCC_541\Debug\Final_assignment_01.a(isr_BLINKING.o)
                0x00002130                isr_BLINKING_SetPriority
 .text.isr_BLINKING_Enable
                0x00002140       0x10 .\CortexM3\ARM_GCC_541\Debug\Final_assignment_01.a(isr_BLINKING.o)
                0x00002140                isr_BLINKING_Enable
 .text.isr_BLINKING_Disable
                0x00002150       0x10 .\CortexM3\ARM_GCC_541\Debug\Final_assignment_01.a(isr_BLINKING.o)
                0x00002150                isr_BLINKING_Disable
 .text.isr_BLINKING_StartEx
                0x00002160       0x1c .\CortexM3\ARM_GCC_541\Debug\Final_assignment_01.a(isr_BLINKING.o)
                0x00002160                isr_BLINKING_StartEx
 .text.isr_positive_SetVector
                0x0000217c        0xc .\CortexM3\ARM_GCC_541\Debug\Final_assignment_01.a(isr_positive.o)
                0x0000217c                isr_positive_SetVector
 .text.isr_positive_SetPriority
                0x00002188       0x10 .\CortexM3\ARM_GCC_541\Debug\Final_assignment_01.a(isr_positive.o)
                0x00002188                isr_positive_SetPriority
 .text.isr_positive_Enable
                0x00002198        0xc .\CortexM3\ARM_GCC_541\Debug\Final_assignment_01.a(isr_positive.o)
                0x00002198                isr_positive_Enable
 .text.isr_positive_Disable
                0x000021a4        0xc .\CortexM3\ARM_GCC_541\Debug\Final_assignment_01.a(isr_positive.o)
                0x000021a4                isr_positive_Disable
 .text.isr_positive_StartEx
                0x000021b0       0x1c .\CortexM3\ARM_GCC_541\Debug\Final_assignment_01.a(isr_positive.o)
                0x000021b0                isr_positive_StartEx
 .text.ADC_DelSig_GainCompensation
                0x000021cc       0xdc .\CortexM3\ARM_GCC_541\Debug\Final_assignment_01.a(ADC_DelSig.o)
 .text.ADC_DelSig_SetDSMRef0Reg
                0x000022a8       0x4c .\CortexM3\ARM_GCC_541\Debug\Final_assignment_01.a(ADC_DelSig.o)
 .text.ADC_DelSig_InitConfig
                0x000022f4       0xe0 .\CortexM3\ARM_GCC_541\Debug\Final_assignment_01.a(ADC_DelSig.o)
 .text.ADC_DelSig_Init
                0x000023d4       0xc4 .\CortexM3\ARM_GCC_541\Debug\Final_assignment_01.a(ADC_DelSig.o)
                0x000023d4                ADC_DelSig_Init
 .text.ADC_DelSig_Enable
                0x00002498       0xd8 .\CortexM3\ARM_GCC_541\Debug\Final_assignment_01.a(ADC_DelSig.o)
                0x00002498                ADC_DelSig_Enable
 .text.ADC_DelSig_Start
                0x00002570       0x28 .\CortexM3\ARM_GCC_541\Debug\Final_assignment_01.a(ADC_DelSig.o)
                0x00002570                ADC_DelSig_Start
 .text.ADC_DelSig_StartConvert
                0x00002598       0x10 .\CortexM3\ARM_GCC_541\Debug\Final_assignment_01.a(ADC_DelSig.o)
                0x00002598                ADC_DelSig_StartConvert
 .text.ADC_DelSig_StopConvert
                0x000025a8       0x10 .\CortexM3\ARM_GCC_541\Debug\Final_assignment_01.a(ADC_DelSig.o)
                0x000025a8                ADC_DelSig_StopConvert
 .text.ADC_DelSig_IsEndConversion
                0x000025b8       0x30 .\CortexM3\ARM_GCC_541\Debug\Final_assignment_01.a(ADC_DelSig.o)
                0x000025b8                ADC_DelSig_IsEndConversion
 .text.ADC_DelSig_GetResult32
                0x000025e8       0x6c .\CortexM3\ARM_GCC_541\Debug\Final_assignment_01.a(ADC_DelSig.o)
                0x000025e8                ADC_DelSig_GetResult32
 .text.ADC_DelSig_Read32
                0x00002654       0x28 .\CortexM3\ARM_GCC_541\Debug\Final_assignment_01.a(ADC_DelSig.o)
                0x00002654                ADC_DelSig_Read32
 .text.ADC_DelSig_ISR1
                0x0000267c        0x4 .\CortexM3\ARM_GCC_541\Debug\Final_assignment_01.a(ADC_DelSig_INT.o)
                0x0000267c                ADC_DelSig_ISR1
 .text.ADC_DelSig_AMux_Start
                0x00002680       0x20 .\CortexM3\ARM_GCC_541\Debug\Final_assignment_01.a(ADC_DelSig_AMux.o)
                0x00002680                ADC_DelSig_AMux_Start
 .text.ADC_DelSig_AMux_Select
                0x000026a0       0x18 .\CortexM3\ARM_GCC_541\Debug\Final_assignment_01.a(ADC_DelSig_AMux.o)
                0x000026a0                ADC_DelSig_AMux_Select
 .text.ADC_DelSig_Ext_CP_Clk_GetDividerRegister
                0x000026b8        0xc .\CortexM3\ARM_GCC_541\Debug\Final_assignment_01.a(ADC_DelSig_Ext_CP_Clk.o)
                0x000026b8                ADC_DelSig_Ext_CP_Clk_GetDividerRegister
 .text.ADC_DelSig_Ext_CP_Clk_SetModeRegister
                0x000026c4       0x14 .\CortexM3\ARM_GCC_541\Debug\Final_assignment_01.a(ADC_DelSig_Ext_CP_Clk.o)
                0x000026c4                ADC_DelSig_Ext_CP_Clk_SetModeRegister
 .text.ADC_DelSig_Ext_CP_Clk_GetSourceRegister
                0x000026d8       0x10 .\CortexM3\ARM_GCC_541\Debug\Final_assignment_01.a(ADC_DelSig_Ext_CP_Clk.o)
                0x000026d8                ADC_DelSig_Ext_CP_Clk_GetSourceRegister
 .text.ADC_DelSig_Ext_CP_Clk_SetDividerRegister
                0x000026e8       0xd8 .\CortexM3\ARM_GCC_541\Debug\Final_assignment_01.a(ADC_DelSig_Ext_CP_Clk.o)
                0x000026e8                ADC_DelSig_Ext_CP_Clk_SetDividerRegister
 .text.ADC_DelSig_theACLK_GetDividerRegister
                0x000027c0        0xc .\CortexM3\ARM_GCC_541\Debug\Final_assignment_01.a(ADC_DelSig_theACLK.o)
                0x000027c0                ADC_DelSig_theACLK_GetDividerRegister
 .text.ADC_DelSig_theACLK_SetModeRegister
                0x000027cc       0x14 .\CortexM3\ARM_GCC_541\Debug\Final_assignment_01.a(ADC_DelSig_theACLK.o)
                0x000027cc                ADC_DelSig_theACLK_SetModeRegister
 .text.ADC_DelSig_theACLK_GetSourceRegister
                0x000027e0       0x10 .\CortexM3\ARM_GCC_541\Debug\Final_assignment_01.a(ADC_DelSig_theACLK.o)
                0x000027e0                ADC_DelSig_theACLK_GetSourceRegister
 .text.ADC_DelSig_theACLK_SetDividerRegister
                0x000027f0       0xd8 .\CortexM3\ARM_GCC_541\Debug\Final_assignment_01.a(ADC_DelSig_theACLK.o)
                0x000027f0                ADC_DelSig_theACLK_SetDividerRegister
 .text.Pin_RED_UARTVerboseFlag_Write
                0x000028c8       0x18 .\CortexM3\ARM_GCC_541\Debug\Final_assignment_01.a(Pin_RED_UARTVerboseFlag.o)
                0x000028c8                Pin_RED_UARTVerboseFlag_Write
 .text.Pin_EnableDisable_Read
                0x000028e0       0x10 .\CortexM3\ARM_GCC_541\Debug\Final_assignment_01.a(Pin_EnableDisable.o)
                0x000028e0                Pin_EnableDisable_Read
 .text.Pin_EnableDisable_ClearInterrupt
                0x000028f0       0x10 .\CortexM3\ARM_GCC_541\Debug\Final_assignment_01.a(Pin_EnableDisable.o)
                0x000028f0                Pin_EnableDisable_ClearInterrupt
 .text.isr_EnableDisable_SetVector
                0x00002900        0xc .\CortexM3\ARM_GCC_541\Debug\Final_assignment_01.a(isr_EnableDisable.o)
                0x00002900                isr_EnableDisable_SetVector
 .text.isr_EnableDisable_SetPriority
                0x0000290c       0x10 .\CortexM3\ARM_GCC_541\Debug\Final_assignment_01.a(isr_EnableDisable.o)
                0x0000290c                isr_EnableDisable_SetPriority
 .text.isr_EnableDisable_Enable
                0x0000291c        0xc .\CortexM3\ARM_GCC_541\Debug\Final_assignment_01.a(isr_EnableDisable.o)
                0x0000291c                isr_EnableDisable_Enable
 .text.isr_EnableDisable_Disable
                0x00002928        0xc .\CortexM3\ARM_GCC_541\Debug\Final_assignment_01.a(isr_EnableDisable.o)
                0x00002928                isr_EnableDisable_Disable
 .text.isr_EnableDisable_StartEx
                0x00002934       0x1c .\CortexM3\ARM_GCC_541\Debug\Final_assignment_01.a(isr_EnableDisable.o)
                0x00002934                isr_EnableDisable_StartEx
 .text.Counter_TimeStamp_Enable
                0x00002950       0x28 .\CortexM3\ARM_GCC_541\Debug\Final_assignment_01.a(Counter_TimeStamp.o)
                0x00002950                Counter_TimeStamp_Enable
 .text.Counter_TimeStamp_SetInterruptMode
                0x00002978        0xc .\CortexM3\ARM_GCC_541\Debug\Final_assignment_01.a(Counter_TimeStamp.o)
                0x00002978                Counter_TimeStamp_SetInterruptMode
 .text.Counter_TimeStamp_ReadStatusRegister
                0x00002984        0xc .\CortexM3\ARM_GCC_541\Debug\Final_assignment_01.a(Counter_TimeStamp.o)
                0x00002984                Counter_TimeStamp_ReadStatusRegister
 .text.Counter_TimeStamp_WriteCounter
                0x00002990       0x34 .\CortexM3\ARM_GCC_541\Debug\Final_assignment_01.a(Counter_TimeStamp.o)
                0x00002990                Counter_TimeStamp_WriteCounter
 .text.Counter_TimeStamp_ReadCounter
                0x000029c4       0x14 .\CortexM3\ARM_GCC_541\Debug\Final_assignment_01.a(Counter_TimeStamp.o)
                0x000029c4                Counter_TimeStamp_ReadCounter
 .text.Counter_TimeStamp_WritePeriod
                0x000029d8        0xc .\CortexM3\ARM_GCC_541\Debug\Final_assignment_01.a(Counter_TimeStamp.o)
                0x000029d8                Counter_TimeStamp_WritePeriod
 .text.Counter_TimeStamp_Init
                0x000029e4       0x64 .\CortexM3\ARM_GCC_541\Debug\Final_assignment_01.a(Counter_TimeStamp.o)
                0x000029e4                Counter_TimeStamp_Init
 .text.Counter_TimeStamp_Start
                0x00002a48       0x1c .\CortexM3\ARM_GCC_541\Debug\Final_assignment_01.a(Counter_TimeStamp.o)
                0x00002a48                Counter_TimeStamp_Start
 .text.isr_TimeStamp_SetVector
                0x00002a64       0x10 .\CortexM3\ARM_GCC_541\Debug\Final_assignment_01.a(isr_TimeStamp.o)
                0x00002a64                isr_TimeStamp_SetVector
 .text.isr_TimeStamp_SetPriority
                0x00002a74       0x10 .\CortexM3\ARM_GCC_541\Debug\Final_assignment_01.a(isr_TimeStamp.o)
                0x00002a74                isr_TimeStamp_SetPriority
 .text.isr_TimeStamp_Enable
                0x00002a84       0x10 .\CortexM3\ARM_GCC_541\Debug\Final_assignment_01.a(isr_TimeStamp.o)
                0x00002a84                isr_TimeStamp_Enable
 .text.isr_TimeStamp_Disable
                0x00002a94       0x10 .\CortexM3\ARM_GCC_541\Debug\Final_assignment_01.a(isr_TimeStamp.o)
                0x00002a94                isr_TimeStamp_Disable
 .text.isr_TimeStamp_StartEx
                0x00002aa4       0x1c .\CortexM3\ARM_GCC_541\Debug\Final_assignment_01.a(isr_TimeStamp.o)
                0x00002aa4                isr_TimeStamp_StartEx
 .text          0x00002ac0       0x20 .\CortexM3\ARM_GCC_541\Debug\Final_assignment_01.a(CyBootAsmGnu.o)
                0x00002ac0                CyDelayCycles
                0x00002ad0                CyEnterCriticalSection
                0x00002ad8                CyExitCriticalSection
 .text          0x00002ae0      0x370 c:/program files (x86)/cypress/psoc creator/4.3/psoc creator/import/gnu/arm/5.4.1/bin/../lib/gcc/arm-none-eabi/5.4.1/armv7-m\libgcc.a(_arm_addsubdf3.o)
                0x00002ae0                __aeabi_drsub
                0x00002ae8                __aeabi_dsub
                0x00002ae8                __subdf3
                0x00002aec                __aeabi_dadd
                0x00002aec                __adddf3
                0x00002d64                __floatunsidf
                0x00002d64                __aeabi_ui2d
                0x00002d84                __floatsidf
                0x00002d84                __aeabi_i2d
                0x00002da8                __aeabi_f2d
                0x00002da8                __extendsfdf2
                0x00002de4                __floatundidf
                0x00002de4                __aeabi_ul2d
                0x00002df4                __floatdidf
                0x00002df4                __aeabi_l2d
 .text          0x00002e50      0x424 c:/program files (x86)/cypress/psoc creator/4.3/psoc creator/import/gnu/arm/5.4.1/bin/../lib/gcc/arm-none-eabi/5.4.1/armv7-m\libgcc.a(_arm_muldivdf3.o)
                0x00002e50                __aeabi_dmul
                0x00002e50                __muldf3
                0x000030a4                __divdf3
                0x000030a4                __aeabi_ddiv
 .text          0x00003274       0x40 c:/program files (x86)/cypress/psoc creator/4.3/psoc creator/import/gnu/arm/5.4.1/bin/../lib/gcc/arm-none-eabi/5.4.1/armv7-m\libgcc.a(_arm_fixunsdfsi.o)
                0x00003274                __aeabi_d2uiz
                0x00003274                __fixunsdfsi
 .text.__errno  0x000032b4        0xc c:/program files (x86)/cypress/psoc creator/4.3/psoc creator/import/gnu/arm/5.4.1/bin/../lib/gcc/arm-none-eabi/5.4.1/../../../../arm-none-eabi/lib/armv7-m\libg_nano.a(lib_a-errno.o)
                0x000032b4                __errno
 .text.__libc_init_array
                0x000032c0       0x4c c:/program files (x86)/cypress/psoc creator/4.3/psoc creator/import/gnu/arm/5.4.1/bin/../lib/gcc/arm-none-eabi/5.4.1/../../../../arm-none-eabi/lib/armv7-m\libg_nano.a(lib_a-init.o)
                0x000032c0                __libc_init_array
 .text.memcpy   0x0000330c       0x16 c:/program files (x86)/cypress/psoc creator/4.3/psoc creator/import/gnu/arm/5.4.1/bin/../lib/gcc/arm-none-eabi/5.4.1/../../../../arm-none-eabi/lib/armv7-m\libg_nano.a(lib_a-memcpy-stub.o)
                0x0000330c                memcpy
 .text.memset   0x00003322       0x10 c:/program files (x86)/cypress/psoc creator/4.3/psoc creator/import/gnu/arm/5.4.1/bin/../lib/gcc/arm-none-eabi/5.4.1/../../../../arm-none-eabi/lib/armv7-m\libg_nano.a(lib_a-memset.o)
                0x00003322                memset
 *fill*         0x00003332        0x2 
 .text.sprintf  0x00003334       0x48 c:/program files (x86)/cypress/psoc creator/4.3/psoc creator/import/gnu/arm/5.4.1/bin/../lib/gcc/arm-none-eabi/5.4.1/../../../../arm-none-eabi/lib/armv7-m\libg_nano.a(lib_a-sprintf.o)
                0x00003334                siprintf
                0x00003334                sprintf
 .text.__ssputs_r
                0x0000337c       0xb2 c:/program files (x86)/cypress/psoc creator/4.3/psoc creator/import/gnu/arm/5.4.1/bin/../lib/gcc/arm-none-eabi/5.4.1/../../../../arm-none-eabi/lib/armv7-m\libg_nano.a(lib_a-nano-svfprintf.o)
                0x0000337c                __ssputs_r
 *fill*         0x0000342e        0x2 
 .text._svfprintf_r
                0x00003430      0x1e8 c:/program files (x86)/cypress/psoc creator/4.3/psoc creator/import/gnu/arm/5.4.1/bin/../lib/gcc/arm-none-eabi/5.4.1/../../../../arm-none-eabi/lib/armv7-m\libg_nano.a(lib_a-nano-svfprintf.o)
                0x00003430                _svfiprintf_r
                0x00003430                _svfprintf_r
 .text._printf_common
                0x00003618       0xec c:/program files (x86)/cypress/psoc creator/4.3/psoc creator/import/gnu/arm/5.4.1/bin/../lib/gcc/arm-none-eabi/5.4.1/../../../../arm-none-eabi/lib/armv7-m\libg_nano.a(lib_a-nano-vfprintf_i.o)
                0x00003618                _printf_common
 .text._printf_i
                0x00003704      0x24c c:/program files (x86)/cypress/psoc creator/4.3/psoc creator/import/gnu/arm/5.4.1/bin/../lib/gcc/arm-none-eabi/5.4.1/../../../../arm-none-eabi/lib/armv7-m\libg_nano.a(lib_a-nano-vfprintf_i.o)
                0x00003704                _printf_i
 .text.memchr   0x00003950       0x1c c:/program files (x86)/cypress/psoc creator/4.3/psoc creator/import/gnu/arm/5.4.1/bin/../lib/gcc/arm-none-eabi/5.4.1/../../../../arm-none-eabi/lib/armv7-m\libg_nano.a(lib_a-memchr-stub.o)
                0x00003950                memchr
 .text.memmove  0x0000396c       0x36 c:/program files (x86)/cypress/psoc creator/4.3/psoc creator/import/gnu/arm/5.4.1/bin/../lib/gcc/arm-none-eabi/5.4.1/../../../../arm-none-eabi/lib/armv7-m\libg_nano.a(lib_a-memmove.o)
                0x0000396c                memmove
 *fill*         0x000039a2        0x2 
 .text._free_r  0x000039a4       0x98 c:/program files (x86)/cypress/psoc creator/4.3/psoc creator/import/gnu/arm/5.4.1/bin/../lib/gcc/arm-none-eabi/5.4.1/../../../../arm-none-eabi/lib/armv7-m\libg_nano.a(lib_a-nano-freer.o)
                0x000039a4                _free_r
 .text._malloc_r
                0x00003a3c       0xbc c:/program files (x86)/cypress/psoc creator/4.3/psoc creator/import/gnu/arm/5.4.1/bin/../lib/gcc/arm-none-eabi/5.4.1/../../../../arm-none-eabi/lib/armv7-m\libg_nano.a(lib_a-nano-mallocr.o)
                0x00003a3c                _malloc_r
 .text._realloc_r
                0x00003af8       0x4c c:/program files (x86)/cypress/psoc creator/4.3/psoc creator/import/gnu/arm/5.4.1/bin/../lib/gcc/arm-none-eabi/5.4.1/../../../../arm-none-eabi/lib/armv7-m\libg_nano.a(lib_a-nano-reallocr.o)
                0x00003af8                _realloc_r
 .text._sbrk_r  0x00003b44       0x20 c:/program files (x86)/cypress/psoc creator/4.3/psoc creator/import/gnu/arm/5.4.1/bin/../lib/gcc/arm-none-eabi/5.4.1/../../../../arm-none-eabi/lib/armv7-m\libg_nano.a(lib_a-sbrkr.o)
                0x00003b44                _sbrk_r
 .text.__malloc_lock
                0x00003b64        0x2 c:/program files (x86)/cypress/psoc creator/4.3/psoc creator/import/gnu/arm/5.4.1/bin/../lib/gcc/arm-none-eabi/5.4.1/../../../../arm-none-eabi/lib/armv7-m\libg_nano.a(lib_a-mlock.o)
                0x00003b64                __malloc_lock
 .text.__malloc_unlock
                0x00003b66        0x2 c:/program files (x86)/cypress/psoc creator/4.3/psoc creator/import/gnu/arm/5.4.1/bin/../lib/gcc/arm-none-eabi/5.4.1/../../../../arm-none-eabi/lib/armv7-m\libg_nano.a(lib_a-mlock.o)
                0x00003b66                __malloc_unlock
 .text._malloc_usable_size_r
                0x00003b68       0x14 c:/program files (x86)/cypress/psoc creator/4.3/psoc creator/import/gnu/arm/5.4.1/bin/../lib/gcc/arm-none-eabi/5.4.1/../../../../arm-none-eabi/lib/armv7-m\libg_nano.a(lib_a-nano-msizer.o)
                0x00003b68                _malloc_usable_size_r
 *(.plt)
 *(.gnu.warning)
 *(.glue_7t)
 .glue_7t       0x00003b7c        0x0 linker stubs
 *(.glue_7)
 .glue_7        0x00003b7c        0x0 linker stubs
 *(.vfp11_veneer)
 .vfp11_veneer  0x00003b7c        0x0 linker stubs
 *(.bootloader)
 *(.ARM.extab* .gnu.linkonce.armextab.*)
 *(.gcc_except_table)

.v4_bx          0x00003b7c        0x0
 .v4_bx         0x00003b7c        0x0 linker stubs

.iplt           0x00003b7c        0x0
 .iplt          0x00003b7c        0x0 c:/program files (x86)/cypress/psoc creator/4.3/psoc creator/import/gnu/arm/5.4.1/bin/../lib/gcc/arm-none-eabi/5.4.1/armv7-m/crtbegin.o

.eh_frame_hdr
 *(.eh_frame_hdr)

.eh_frame       0x00003b7c        0x4
 *(.eh_frame)
 .eh_frame      0x00003b7c        0x0 c:/program files (x86)/cypress/psoc creator/4.3/psoc creator/import/gnu/arm/5.4.1/bin/../lib/gcc/arm-none-eabi/5.4.1/armv7-m/crtbegin.o
 .eh_frame      0x00003b7c        0x4 c:/program files (x86)/cypress/psoc creator/4.3/psoc creator/import/gnu/arm/5.4.1/bin/../lib/gcc/arm-none-eabi/5.4.1/armv7-m/crtend.o
                [!provide]                PROVIDE (__exidx_start, .)

.ARM.exidx
 *(.ARM.exidx* .gnu.linkonce.armexidx.*)
                0x00003b80                __exidx_end = .

.rodata         0x00003b80      0x3b8
 *(.rodata .rodata.* .gnu.linkonce.r.*)
 .rodata        0x00003b80        0x6 .\CortexM3\ARM_GCC_541\Debug\main.o
 *fill*         0x00003b86        0x2 
 .rodata.str1.4
                0x00003b88      0x2e0 .\CortexM3\ARM_GCC_541\Debug\main.o
                                0x2df (size before relaxing)
 .rodata        0x00003e68       0x66 .\CortexM3\ARM_GCC_541\Debug\cyfitter_cfg.o
                0x00003e68                ADC_DelSig_AMux__addrTable
                0x00003e70                ADC_DelSig_AMux__maskTable
 .rodata.str1.1
                0x00003ece        0x2 c:/program files (x86)/cypress/psoc creator/4.3/psoc creator/import/gnu/arm/5.4.1/bin/../lib/gcc/arm-none-eabi/5.4.1/../../../../arm-none-eabi/lib/armv7-m\libg_nano.a(lib_a-impure.o)
 .rodata.str1.1
                0x00003ed0       0x11 c:/program files (x86)/cypress/psoc creator/4.3/psoc creator/import/gnu/arm/5.4.1/bin/../lib/gcc/arm-none-eabi/5.4.1/../../../../arm-none-eabi/lib/armv7-m\libg_nano.a(lib_a-nano-svfprintf.o)
 .rodata.str1.1
                0x00003ee1       0x22 c:/program files (x86)/cypress/psoc creator/4.3/psoc creator/import/gnu/arm/5.4.1/bin/../lib/gcc/arm-none-eabi/5.4.1/../../../../arm-none-eabi/lib/armv7-m\libg_nano.a(lib_a-nano-vfprintf_i.o)
                0x00003f04                . = ALIGN (0x4)
 *fill*         0x00003f03        0x1 
 *(.init)
 .init          0x00003f04        0x4 c:/program files (x86)/cypress/psoc creator/4.3/psoc creator/import/gnu/arm/5.4.1/bin/../lib/gcc/arm-none-eabi/5.4.1/armv7-m/crti.o
                0x00003f04                _init
 .init          0x00003f08        0x8 c:/program files (x86)/cypress/psoc creator/4.3/psoc creator/import/gnu/arm/5.4.1/bin/../lib/gcc/arm-none-eabi/5.4.1/armv7-m/crtn.o
                0x00003f10                . = ALIGN (0x4)
                0x00003f10                __preinit_array_start = .
 *(.preinit_array)
                0x00003f10                __preinit_array_end = .
                0x00003f10                . = ALIGN (0x4)
                0x00003f10                __init_array_start = .
 *(SORT(.init_array.*))
 *(.init_array)
 .init_array    0x00003f10        0x4 c:/program files (x86)/cypress/psoc creator/4.3/psoc creator/import/gnu/arm/5.4.1/bin/../lib/gcc/arm-none-eabi/5.4.1/armv7-m/crtbegin.o
 .init_array    0x00003f14        0x4 .\CortexM3\ARM_GCC_541\Debug\Cm3Start.o
                0x00003f18                __init_array_end = .
                0x00003f18                . = ALIGN (0x4)
 *(.fini)
 .fini          0x00003f18        0x4 c:/program files (x86)/cypress/psoc creator/4.3/psoc creator/import/gnu/arm/5.4.1/bin/../lib/gcc/arm-none-eabi/5.4.1/armv7-m/crti.o
                0x00003f18                _fini
 .fini          0x00003f1c        0x8 c:/program files (x86)/cypress/psoc creator/4.3/psoc creator/import/gnu/arm/5.4.1/bin/../lib/gcc/arm-none-eabi/5.4.1/armv7-m/crtn.o
                0x00003f24                . = ALIGN (0x4)
                0x00003f24                __fini_array_start = .
 *(.fini_array)
 .fini_array    0x00003f24        0x4 c:/program files (x86)/cypress/psoc creator/4.3/psoc creator/import/gnu/arm/5.4.1/bin/../lib/gcc/arm-none-eabi/5.4.1/armv7-m/crtbegin.o
 *(SORT(.fini_array.*))
                0x00003f28                __fini_array_end = .
                0x00003f28                . = ALIGN (0x4)
 *crtbegin.o(.ctors)
 *(EXCLUDE_FILE(*crtend.o) .ctors)
 *(SORT(.ctors.*))
 *crtend.o(.ctors)
                0x00003f28                . = ALIGN (0x4)
 *crtbegin.o(.dtors)
 *(EXCLUDE_FILE(*crtend.o) .dtors)
 *(SORT(.dtors.*))
 *crtend.o(.dtors)
                0x00003f28                . = ALIGN (0x4)
                0x00003f28                __cy_regions = .
                0x00003f28        0x4 LONG 0x3f38 __cy_region_init_ram
                0x00003f2c        0x4 LONG 0x1fff80c8 __cy_region_start_data
                0x00003f30        0x4 LONG 0x80 __cy_region_init_size_ram
                0x00003f34        0x4 LONG 0xf8 __cy_region_zero_size_ram
                0x00003f38                __cy_regions_end = .
                0x00003f38                . = ALIGN (0x8)
                0x00003f38                _etext = .

.cy_checksum_exclude
                0x00003f38        0x0
 *(.cy_checksum_exclude)

.ramvectors     0x1fff8000       0xc0
                0x1fff8000                __cy_region_start_ram = .
 *(.ramvectors)
 .ramvectors    0x1fff8000       0xc0 .\CortexM3\ARM_GCC_541\Debug\Cm3Start.o
                0x1fff8000                CyRamVectors

.noinit         0x1fff80c0        0x1
 *(.noinit)
 .noinit        0x1fff80c0        0x1 .\CortexM3\ARM_GCC_541\Debug\Final_assignment_01.a(CyLib.o)
                0x1fff80c0                CyResetStatus

.data           0x1fff80c8       0x80 load address 0x00003f38
                0x1fff80c8                __cy_region_start_data = .
 *(.jcr)
 .jcr           0x1fff80c8        0x0 c:/program files (x86)/cypress/psoc creator/4.3/psoc creator/import/gnu/arm/5.4.1/bin/../lib/gcc/arm-none-eabi/5.4.1/armv7-m/crtbegin.o
 .jcr           0x1fff80c8        0x4 c:/program files (x86)/cypress/psoc creator/4.3/psoc creator/import/gnu/arm/5.4.1/bin/../lib/gcc/arm-none-eabi/5.4.1/armv7-m/crtend.o
 *(.got.plt)
 *(.got)
 *(.shdata)
 *(.data .data.* .gnu.linkonce.d.*)
 .data          0x1fff80cc        0x4 .\CortexM3\ARM_GCC_541\Debug\Cm3Start.o
 .data          0x1fff80d0       0x10 .\CortexM3\ARM_GCC_541\Debug\Final_assignment_01.a(CyLib.o)
                0x1fff80d0                cydelay_32k_ms
                0x1fff80d4                cydelay_freq_khz
                0x1fff80d8                cydelay_freq_mhz
                0x1fff80dc                cydelay_freq_hz
 .data          0x1fff80e0        0x1 .\CortexM3\ARM_GCC_541\Debug\Final_assignment_01.a(ADC_DelSig.o)
                0x1fff80e0                ADC_DelSig_Config
 .data          0x1fff80e1        0x1 .\CortexM3\ARM_GCC_541\Debug\Final_assignment_01.a(ADC_DelSig_AMux.o)
 *fill*         0x1fff80e2        0x2 
 .data.impure_data
                0x1fff80e4       0x60 c:/program files (x86)/cypress/psoc creator/4.3/psoc creator/import/gnu/arm/5.4.1/bin/../lib/gcc/arm-none-eabi/5.4.1/../../../../arm-none-eabi/lib/armv7-m\libg_nano.a(lib_a-impure.o)
 .data._impure_ptr
                0x1fff8144        0x4 c:/program files (x86)/cypress/psoc creator/4.3/psoc creator/import/gnu/arm/5.4.1/bin/../lib/gcc/arm-none-eabi/5.4.1/../../../../arm-none-eabi/lib/armv7-m\libg_nano.a(lib_a-impure.o)
                0x1fff8144                _impure_ptr
                0x1fff8148                . = ALIGN (0x8)
 *(.ram)
                0x1fff8148                _edata = .

.igot.plt       0x1fff8148        0x0 load address 0x00003fb8
 .igot.plt      0x1fff8148        0x0 c:/program files (x86)/cypress/psoc creator/4.3/psoc creator/import/gnu/arm/5.4.1/bin/../lib/gcc/arm-none-eabi/5.4.1/armv7-m/crtbegin.o

.bss            0x1fff8148       0xf8 load address 0x00003fb8
                0x1fff8148                PROVIDE (__bss_start__, .)
 *(.shbss)
 *(.bss .bss.* .gnu.linkonce.b.*)
 .bss           0x1fff8148       0x1c c:/program files (x86)/cypress/psoc creator/4.3/psoc creator/import/gnu/arm/5.4.1/bin/../lib/gcc/arm-none-eabi/5.4.1/armv7-m/crtbegin.o
 .bss           0x1fff8164        0x7 .\CortexM3\ARM_GCC_541\Debug\InterruptRoutines.o
                0x1fff8164                i
                0x1fff8168                configuration_status
                0x1fff8169                system_status
                0x1fff816a                TimerFlag
 .bss           0x1fff816b        0x1 .\CortexM3\ARM_GCC_541\Debug\Final_assignment_01.a(SPIM_1.o)
                0x1fff816b                SPIM_1_initVar
 .bss           0x1fff816c        0x2 .\CortexM3\ARM_GCC_541\Debug\Final_assignment_01.a(UART_1.o)
                0x1fff816c                UART_1_initVar
 .bss           0x1fff816e        0x1 .\CortexM3\ARM_GCC_541\Debug\Final_assignment_01.a(PWM_RG.o)
                0x1fff816e                PWM_RG_initVar
 .bss           0x1fff816f        0x1 .\CortexM3\ARM_GCC_541\Debug\Final_assignment_01.a(PWM_B.o)
                0x1fff816f                PWM_B_initVar
 .bss           0x1fff8170        0x1 .\CortexM3\ARM_GCC_541\Debug\Final_assignment_01.a(SPIM_2.o)
                0x1fff8170                SPIM_2_initVar
 .bss           0x1fff8171        0x1 .\CortexM3\ARM_GCC_541\Debug\Final_assignment_01.a(TIMER_button.o)
                0x1fff8171                TIMER_button_initVar
 .bss           0x1fff8172        0x1 .\CortexM3\ARM_GCC_541\Debug\Final_assignment_01.a(Timer_Blinking.o)
                0x1fff8172                Timer_Blinking_initVar
 *fill*         0x1fff8173        0x1 
 .bss           0x1fff8174        0xc .\CortexM3\ARM_GCC_541\Debug\Final_assignment_01.a(ADC_DelSig.o)
                0x1fff8178                ADC_DelSig_stopConversion
                0x1fff8179                ADC_DelSig_convDone
                0x1fff817a                ADC_DelSig_initVar
                0x1fff817b                ADC_DelSig_started
                0x1fff817c                ADC_DelSig_Offset
 .bss           0x1fff8180        0x1 .\CortexM3\ARM_GCC_541\Debug\Final_assignment_01.a(Counter_TimeStamp.o)
                0x1fff8180                Counter_TimeStamp_initVar
 *fill*         0x1fff8181        0x3 
 .bss.__malloc_sbrk_start
                0x1fff8184        0x4 c:/program files (x86)/cypress/psoc creator/4.3/psoc creator/import/gnu/arm/5.4.1/bin/../lib/gcc/arm-none-eabi/5.4.1/../../../../arm-none-eabi/lib/armv7-m\libg_nano.a(lib_a-nano-mallocr.o)
                0x1fff8184                __malloc_sbrk_start
 .bss.__malloc_free_list
                0x1fff8188        0x4 c:/program files (x86)/cypress/psoc creator/4.3/psoc creator/import/gnu/arm/5.4.1/bin/../lib/gcc/arm-none-eabi/5.4.1/../../../../arm-none-eabi/lib/armv7-m\libg_nano.a(lib_a-nano-mallocr.o)
                0x1fff8188                __malloc_free_list
 *(COMMON)
 COMMON         0x1fff818c       0x6d .\CortexM3\ARM_GCC_541\Debug\main.o
                0x1fff818c                data_water
                0x1fff818d                new_EnableDisable
                0x1fff818e                Counter_overflow
                0x1fff8190                bufferUART
                0x1fff81f4                PacketReadyFlag
                0x1fff81f5                UARTVerboseFlag
                0x1fff81f6                data_register
                0x1fff81f7                new_EEPROM
                0x1fff81f8                FlagEnableDisable
 *fill*         0x1fff81f9        0x3 
 COMMON         0x1fff81fc        0x4 .\CortexM3\ARM_GCC_541\Debug\InterruptRoutines.o
                0x1fff81fc                value_POT
 COMMON         0x1fff8200       0x1c .\CortexM3\ARM_GCC_541\Debug\Final_assignment_01.a(SPIM_1.o)
                0x1fff8200                SPIM_1_swStatusTx
                0x1fff8204                SPIM_1_txBuffer
                0x1fff820c                SPIM_1_txBufferFull
                0x1fff820d                SPIM_1_rxBufferWrite
                0x1fff820e                SPIM_1_rxBufferFull
                0x1fff820f                SPIM_1_rxBufferRead
                0x1fff8210                SPIM_1_txBufferWrite
                0x1fff8211                SPIM_1_swStatusRx
                0x1fff8212                SPIM_1_txBufferRead
                0x1fff8214                SPIM_1_rxBuffer
 COMMON         0x1fff821c       0x18 .\CortexM3\ARM_GCC_541\Debug\Final_assignment_01.a(SPIM_2.o)
                0x1fff821c                SPIM_2_rxBuffer
                0x1fff8224                SPIM_2_swStatusRx
                0x1fff8225                SPIM_2_rxBufferWrite
                0x1fff8226                SPIM_2_rxBufferFull
                0x1fff8227                SPIM_2_txBufferFull
                0x1fff8228                SPIM_2_txBufferRead
                0x1fff8229                SPIM_2_txBufferWrite
                0x1fff822a                SPIM_2_rxBufferRead
                0x1fff822b                SPIM_2_swStatusTx
                0x1fff822c                SPIM_2_txBuffer
 COMMON         0x1fff8234        0x4 .\CortexM3\ARM_GCC_541\Debug\Final_assignment_01.a(ADC_DelSig.o)
                0x1fff8234                ADC_DelSig_CountsPerVolt
 COMMON         0x1fff8238        0x4 c:/program files (x86)/cypress/psoc creator/4.3/psoc creator/import/gnu/arm/5.4.1/bin/../lib/gcc/arm-none-eabi/5.4.1/../../../../arm-none-eabi/lib/armv7-m\libg_nano.a(lib_a-reent.o)
                0x1fff8238                errno
                0x1fff8240                . = ALIGN (0x8)
 *fill*         0x1fff823c        0x4 
 *(.ram.b)
                0x1fff8240                _end = .
                0x1fff8240                __end = .
                0x1fff8240                PROVIDE (end, .)
                0x1fff8240                PROVIDE (__bss_end__, .)
                0x00003f38                __cy_region_init_ram = LOADADDR (.data)
                0x00000080                __cy_region_init_size_ram = (_edata - ADDR (.data))
                0x000000f8                __cy_region_zero_size_ram = (_end - _edata)

.heap           0x1fff8240       0x80 load address 0x00003fb8
                0x1fff8240                . = _end
                0x1fff82c0                . = (. + 0x80)
 *fill*         0x1fff8240       0x80 
                0x1fff82c0                __cy_heap_limit = .

.stack          0x20007800      0x800
                0x20007800                __cy_stack_limit = .
                0x20008000                . = (. + 0x800)
 *fill*         0x20007800      0x800 
                0x00000001                ASSERT ((__cy_stack_limit >= __cy_heap_limit), region RAM overflowed with stack)
                0x00000000                cy_checksum_exclude_size = (CY_APPL_LOADABLE == 0x1)?SIZEOF (.cy_checksum_exclude):0x0
                0x00000001                ASSERT ((cy_checksum_exclude_size <= CY_CHECKSUM_EXCLUDE_SIZE), CY_BOOT: Section .cy_checksum_exclude size exceedes specified limit.)

.cyloadermeta
 *(.cyloadermeta)

.cyloadablemeta
 *(.cyloadablemeta)

.cyconfigecc    0x80000000      0x9b0
 *(.cyconfigecc)
 .cyconfigecc   0x80000000      0x9b0 .\CortexM3\ARM_GCC_541\Debug\cymetadata.o
                0x80000000                cy_meta_configecc

.cycustnvl      0x90000000        0x4
 *(.cycustnvl)
 .cycustnvl     0x90000000        0x4 .\CortexM3\ARM_GCC_541\Debug\cymetadata.o
                0x90000000                cy_meta_custnvl

.cywolatch      0x90100000        0x4
 *(.cywolatch)
 .cywolatch     0x90100000        0x4 .\CortexM3\ARM_GCC_541\Debug\cymetadata.o
                0x90100000                cy_meta_wonvl

.cyeeprom       0x90200000        0x0
 *(.cyeeprom)
                0x00000001                ASSERT ((. <= ((0x90200000 + ee_offset) + ee_size)), .cyeeprom data will not fit in EEPROM)

.cyflashprotect
                0x90400000      0x100
 *(.cyflashprotect)
 .cyflashprotect
                0x90400000      0x100 .\CortexM3\ARM_GCC_541\Debug\cymetadata.o
                0x90400000                cy_meta_flashprotect

.cymeta         0x90500000        0xc
 *(.cymeta)
 .cymeta        0x90500000        0xc .\CortexM3\ARM_GCC_541\Debug\cymetadata.o
                0x90500000                cy_metadata

.rel.dyn        0x00003fb8        0x0 load address 0x9050000c
 .rel.iplt      0x00003fb8        0x0 c:/program files (x86)/cypress/psoc creator/4.3/psoc creator/import/gnu/arm/5.4.1/bin/../lib/gcc/arm-none-eabi/5.4.1/armv7-m/crtbegin.o

.stab
 *(.stab)

.stabstr
 *(.stabstr)

.debug
 *(.debug)

.line
 *(.line)

.debug_srcinfo
 *(.debug_srcinfo)

.debug_sfnames
 *(.debug_sfnames)

.debug_aranges  0x00000000     0x1518
 *(.debug_aranges)
 .debug_aranges
                0x00000000       0x20 .\CortexM3\ARM_GCC_541\Debug\main.o
 .debug_aranges
                0x00000020       0x38 .\CortexM3\ARM_GCC_541\Debug\SPI_Interface.o
 .debug_aranges
                0x00000058       0x38 .\CortexM3\ARM_GCC_541\Debug\LIS3DH_SPI.o
 .debug_aranges
                0x00000090       0x50 .\CortexM3\ARM_GCC_541\Debug\InterruptRoutines.o
 .debug_aranges
                0x000000e0       0x48 .\CortexM3\ARM_GCC_541\Debug\RGBLedDriver.o
 .debug_aranges
                0x00000128       0x50 .\CortexM3\ARM_GCC_541\Debug\25LC256.o
 .debug_aranges
                0x00000178       0x38 .\CortexM3\ARM_GCC_541\Debug\SPI_Interface_EEPROM.o
 .debug_aranges
                0x000001b0       0x68 .\CortexM3\ARM_GCC_541\Debug\cyfitter_cfg.o
 .debug_aranges
                0x00000218       0x18 .\CortexM3\ARM_GCC_541\Debug\cymetadata.o
 .debug_aranges
                0x00000230       0x48 .\CortexM3\ARM_GCC_541\Debug\Cm3Start.o
 .debug_aranges
                0x00000278       0xd8 .\CortexM3\ARM_GCC_541\Debug\Final_assignment_01.a(SPIM_1.o)
 .debug_aranges
                0x00000350       0x28 .\CortexM3\ARM_GCC_541\Debug\Final_assignment_01.a(SPIM_1_INT.o)
 .debug_aranges
                0x00000378       0x38 .\CortexM3\ARM_GCC_541\Debug\Final_assignment_01.a(CS_1.o)
 .debug_aranges
                0x000003b0       0x48 .\CortexM3\ARM_GCC_541\Debug\Final_assignment_01.a(Pin_ISR.o)
 .debug_aranges
                0x000003f8       0x80 .\CortexM3\ARM_GCC_541\Debug\Final_assignment_01.a(isr_ACC.o)
 .debug_aranges
                0x00000478       0x70 .\CortexM3\ARM_GCC_541\Debug\Final_assignment_01.a(SPIM_1_IntClock.o)
 .debug_aranges
                0x000004e8      0x2a0 .\CortexM3\ARM_GCC_541\Debug\Final_assignment_01.a(CyLib.o)
 .debug_aranges
                0x00000788       0x98 .\CortexM3\ARM_GCC_541\Debug\Final_assignment_01.a(cyPm.o)
 .debug_aranges
                0x00000820       0xf0 .\CortexM3\ARM_GCC_541\Debug\Final_assignment_01.a(UART_1.o)
 .debug_aranges
                0x00000910       0x70 .\CortexM3\ARM_GCC_541\Debug\Final_assignment_01.a(UART_1_IntClock.o)
 .debug_aranges
                0x00000980       0xa8 .\CortexM3\ARM_GCC_541\Debug\Final_assignment_01.a(PWM_RG.o)
 .debug_aranges
                0x00000a28       0x98 .\CortexM3\ARM_GCC_541\Debug\Final_assignment_01.a(PWM_B.o)
 .debug_aranges
                0x00000ac0       0x38 .\CortexM3\ARM_GCC_541\Debug\Final_assignment_01.a(CS_2.o)
 .debug_aranges
                0x00000af8       0xd8 .\CortexM3\ARM_GCC_541\Debug\Final_assignment_01.a(SPIM_2.o)
 .debug_aranges
                0x00000bd0       0x28 .\CortexM3\ARM_GCC_541\Debug\Final_assignment_01.a(SPIM_2_INT.o)
 .debug_aranges
                0x00000bf8       0x70 .\CortexM3\ARM_GCC_541\Debug\Final_assignment_01.a(SPIM_2_IntClock.o)
 .debug_aranges
                0x00000c68       0x80 .\CortexM3\ARM_GCC_541\Debug\Final_assignment_01.a(isr_DEBOUNCER.o)
 .debug_aranges
                0x00000ce8       0x38 .\CortexM3\ARM_GCC_541\Debug\Final_assignment_01.a(Pin_Led_Blue.o)
 .debug_aranges
                0x00000d20       0x88 .\CortexM3\ARM_GCC_541\Debug\Final_assignment_01.a(TIMER_button.o)
 .debug_aranges
                0x00000da8       0x80 .\CortexM3\ARM_GCC_541\Debug\Final_assignment_01.a(isr_TIMER.o)
 .debug_aranges
                0x00000e28       0x88 .\CortexM3\ARM_GCC_541\Debug\Final_assignment_01.a(Timer_Blinking.o)
 .debug_aranges
                0x00000eb0       0x80 .\CortexM3\ARM_GCC_541\Debug\Final_assignment_01.a(isr_BLINKING.o)
 .debug_aranges
                0x00000f30       0x80 .\CortexM3\ARM_GCC_541\Debug\Final_assignment_01.a(isr_positive.o)
 .debug_aranges
                0x00000fb0       0xe8 .\CortexM3\ARM_GCC_541\Debug\Final_assignment_01.a(ADC_DelSig.o)
 .debug_aranges
                0x00001098       0x38 .\CortexM3\ARM_GCC_541\Debug\Final_assignment_01.a(ADC_DelSig_INT.o)
 .debug_aranges
                0x000010d0       0x30 .\CortexM3\ARM_GCC_541\Debug\Final_assignment_01.a(ADC_DelSig_AMux.o)
 .debug_aranges
                0x00001100       0x70 .\CortexM3\ARM_GCC_541\Debug\Final_assignment_01.a(ADC_DelSig_Ext_CP_Clk.o)
 .debug_aranges
                0x00001170       0x80 .\CortexM3\ARM_GCC_541\Debug\Final_assignment_01.a(ADC_DelSig_theACLK.o)
 .debug_aranges
                0x000011f0       0x38 .\CortexM3\ARM_GCC_541\Debug\Final_assignment_01.a(Pin_RED_UARTVerboseFlag.o)
 .debug_aranges
                0x00001228       0x48 .\CortexM3\ARM_GCC_541\Debug\Final_assignment_01.a(Pin_EnableDisable.o)
 .debug_aranges
                0x00001270       0x80 .\CortexM3\ARM_GCC_541\Debug\Final_assignment_01.a(isr_EnableDisable.o)
 .debug_aranges
                0x000012f0       0x80 .\CortexM3\ARM_GCC_541\Debug\Final_assignment_01.a(Counter_TimeStamp.o)
 .debug_aranges
                0x00001370       0x80 .\CortexM3\ARM_GCC_541\Debug\Final_assignment_01.a(isr_TimeStamp.o)
 .debug_aranges
                0x000013f0       0x20 .\CortexM3\ARM_GCC_541\Debug\Final_assignment_01.a(CyBootAsmGnu.o)
 .debug_aranges
                0x00001410       0x88 .\CortexM3\ARM_GCC_541\Debug\Final_assignment_01.a(CyFlash.o)
 .debug_aranges
                0x00001498       0x80 .\CortexM3\ARM_GCC_541\Debug\Final_assignment_01.a(CySpc.o)

.debug_pubnames
 *(.debug_pubnames)

.debug_info     0x00000000     0xb364
 *(.debug_info .gnu.linkonce.wi.*)
 .debug_info    0x00000000      0xddc .\CortexM3\ARM_GCC_541\Debug\main.o
 .debug_info    0x00000ddc      0x3d4 .\CortexM3\ARM_GCC_541\Debug\SPI_Interface.o
 .debug_info    0x000011b0      0x2f5 .\CortexM3\ARM_GCC_541\Debug\LIS3DH_SPI.o
 .debug_info    0x000014a5      0x4f8 .\CortexM3\ARM_GCC_541\Debug\InterruptRoutines.o
 .debug_info    0x0000199d      0x263 .\CortexM3\ARM_GCC_541\Debug\RGBLedDriver.o
 .debug_info    0x00001c00      0x3b4 .\CortexM3\ARM_GCC_541\Debug\25LC256.o
 .debug_info    0x00001fb4      0x3d4 .\CortexM3\ARM_GCC_541\Debug\SPI_Interface_EEPROM.o
 .debug_info    0x00002388      0x6eb .\CortexM3\ARM_GCC_541\Debug\cyfitter_cfg.o
 .debug_info    0x00002a73      0x139 .\CortexM3\ARM_GCC_541\Debug\cymetadata.o
 .debug_info    0x00002bac      0x3bb .\CortexM3\ARM_GCC_541\Debug\Cm3Start.o
 .debug_info    0x00002f67      0x709 .\CortexM3\ARM_GCC_541\Debug\Final_assignment_01.a(SPIM_1.o)
 .debug_info    0x00003670      0x18d .\CortexM3\ARM_GCC_541\Debug\Final_assignment_01.a(SPIM_1_INT.o)
 .debug_info    0x000037fd      0x11f .\CortexM3\ARM_GCC_541\Debug\Final_assignment_01.a(CS_1.o)
 .debug_info    0x0000391c      0x174 .\CortexM3\ARM_GCC_541\Debug\Final_assignment_01.a(Pin_ISR.o)
 .debug_info    0x00003a90      0x2d2 .\CortexM3\ARM_GCC_541\Debug\Final_assignment_01.a(isr_ACC.o)
 .debug_info    0x00003d62      0x283 .\CortexM3\ARM_GCC_541\Debug\Final_assignment_01.a(SPIM_1_IntClock.o)
 .debug_info    0x00003fe5     0x1374 .\CortexM3\ARM_GCC_541\Debug\Final_assignment_01.a(CyLib.o)
 .debug_info    0x00005359      0xa2a .\CortexM3\ARM_GCC_541\Debug\Final_assignment_01.a(cyPm.o)
 .debug_info    0x00005d83      0x60c .\CortexM3\ARM_GCC_541\Debug\Final_assignment_01.a(UART_1.o)
 .debug_info    0x0000638f      0x283 .\CortexM3\ARM_GCC_541\Debug\Final_assignment_01.a(UART_1_IntClock.o)
 .debug_info    0x00006612      0x381 .\CortexM3\ARM_GCC_541\Debug\Final_assignment_01.a(PWM_RG.o)
 .debug_info    0x00006993      0x333 .\CortexM3\ARM_GCC_541\Debug\Final_assignment_01.a(PWM_B.o)
 .debug_info    0x00006cc6      0x11f .\CortexM3\ARM_GCC_541\Debug\Final_assignment_01.a(CS_2.o)
 .debug_info    0x00006de5      0x709 .\CortexM3\ARM_GCC_541\Debug\Final_assignment_01.a(SPIM_2.o)
 .debug_info    0x000074ee      0x18d .\CortexM3\ARM_GCC_541\Debug\Final_assignment_01.a(SPIM_2_INT.o)
 .debug_info    0x0000767b      0x283 .\CortexM3\ARM_GCC_541\Debug\Final_assignment_01.a(SPIM_2_IntClock.o)
 .debug_info    0x000078fe      0x2d2 .\CortexM3\ARM_GCC_541\Debug\Final_assignment_01.a(isr_DEBOUNCER.o)
 .debug_info    0x00007bd0      0x11f .\CortexM3\ARM_GCC_541\Debug\Final_assignment_01.a(Pin_Led_Blue.o)
 .debug_info    0x00007cef      0x293 .\CortexM3\ARM_GCC_541\Debug\Final_assignment_01.a(TIMER_button.o)
 .debug_info    0x00007f82      0x2d2 .\CortexM3\ARM_GCC_541\Debug\Final_assignment_01.a(isr_TIMER.o)
 .debug_info    0x00008254      0x293 .\CortexM3\ARM_GCC_541\Debug\Final_assignment_01.a(Timer_Blinking.o)
 .debug_info    0x000084e7      0x2d2 .\CortexM3\ARM_GCC_541\Debug\Final_assignment_01.a(isr_BLINKING.o)
 .debug_info    0x000087b9      0x2d2 .\CortexM3\ARM_GCC_541\Debug\Final_assignment_01.a(isr_positive.o)
 .debug_info    0x00008a8b      0xa19 .\CortexM3\ARM_GCC_541\Debug\Final_assignment_01.a(ADC_DelSig.o)
 .debug_info    0x000094a4       0xd3 .\CortexM3\ARM_GCC_541\Debug\Final_assignment_01.a(ADC_DelSig_INT.o)
 .debug_info    0x00009577      0x165 .\CortexM3\ARM_GCC_541\Debug\Final_assignment_01.a(ADC_DelSig_AMux.o)
 .debug_info    0x000096dc      0x283 .\CortexM3\ARM_GCC_541\Debug\Final_assignment_01.a(ADC_DelSig_Ext_CP_Clk.o)
 .debug_info    0x0000995f      0x2c4 .\CortexM3\ARM_GCC_541\Debug\Final_assignment_01.a(ADC_DelSig_theACLK.o)
 .debug_info    0x00009c23      0x11f .\CortexM3\ARM_GCC_541\Debug\Final_assignment_01.a(Pin_RED_UARTVerboseFlag.o)
 .debug_info    0x00009d42      0x174 .\CortexM3\ARM_GCC_541\Debug\Final_assignment_01.a(Pin_EnableDisable.o)
 .debug_info    0x00009eb6      0x2d2 .\CortexM3\ARM_GCC_541\Debug\Final_assignment_01.a(isr_EnableDisable.o)
 .debug_info    0x0000a188      0x28f .\CortexM3\ARM_GCC_541\Debug\Final_assignment_01.a(Counter_TimeStamp.o)
 .debug_info    0x0000a417      0x2d2 .\CortexM3\ARM_GCC_541\Debug\Final_assignment_01.a(isr_TimeStamp.o)
 .debug_info    0x0000a6e9       0xde .\CortexM3\ARM_GCC_541\Debug\Final_assignment_01.a(CyBootAsmGnu.o)
 .debug_info    0x0000a7c7      0x64d .\CortexM3\ARM_GCC_541\Debug\Final_assignment_01.a(CyFlash.o)
 .debug_info    0x0000ae14      0x550 .\CortexM3\ARM_GCC_541\Debug\Final_assignment_01.a(CySpc.o)

.debug_abbrev   0x00000000     0x34f9
 *(.debug_abbrev)
 .debug_abbrev  0x00000000      0x159 .\CortexM3\ARM_GCC_541\Debug\main.o
 .debug_abbrev  0x00000159      0x12b .\CortexM3\ARM_GCC_541\Debug\SPI_Interface.o
 .debug_abbrev  0x00000284      0x100 .\CortexM3\ARM_GCC_541\Debug\LIS3DH_SPI.o
 .debug_abbrev  0x00000384      0x104 .\CortexM3\ARM_GCC_541\Debug\InterruptRoutines.o
 .debug_abbrev  0x00000488       0xdf .\CortexM3\ARM_GCC_541\Debug\RGBLedDriver.o
 .debug_abbrev  0x00000567      0x11c .\CortexM3\ARM_GCC_541\Debug\25LC256.o
 .debug_abbrev  0x00000683      0x12b .\CortexM3\ARM_GCC_541\Debug\SPI_Interface_EEPROM.o
 .debug_abbrev  0x000007ae      0x22d .\CortexM3\ARM_GCC_541\Debug\cyfitter_cfg.o
 .debug_abbrev  0x000009db       0x77 .\CortexM3\ARM_GCC_541\Debug\cymetadata.o
 .debug_abbrev  0x00000a52      0x1e8 .\CortexM3\ARM_GCC_541\Debug\Cm3Start.o
 .debug_abbrev  0x00000c3a      0x162 .\CortexM3\ARM_GCC_541\Debug\Final_assignment_01.a(SPIM_1.o)
 .debug_abbrev  0x00000d9c       0x8a .\CortexM3\ARM_GCC_541\Debug\Final_assignment_01.a(SPIM_1_INT.o)
 .debug_abbrev  0x00000e26       0x90 .\CortexM3\ARM_GCC_541\Debug\Final_assignment_01.a(CS_1.o)
 .debug_abbrev  0x00000eb6       0x90 .\CortexM3\ARM_GCC_541\Debug\Final_assignment_01.a(Pin_ISR.o)
 .debug_abbrev  0x00000f46      0x173 .\CortexM3\ARM_GCC_541\Debug\Final_assignment_01.a(isr_ACC.o)
 .debug_abbrev  0x000010b9      0x139 .\CortexM3\ARM_GCC_541\Debug\Final_assignment_01.a(SPIM_1_IntClock.o)
 .debug_abbrev  0x000011f2      0x254 .\CortexM3\ARM_GCC_541\Debug\Final_assignment_01.a(CyLib.o)
 .debug_abbrev  0x00001446      0x1ab .\CortexM3\ARM_GCC_541\Debug\Final_assignment_01.a(cyPm.o)
 .debug_abbrev  0x000015f1      0x175 .\CortexM3\ARM_GCC_541\Debug\Final_assignment_01.a(UART_1.o)
 .debug_abbrev  0x00001766      0x139 .\CortexM3\ARM_GCC_541\Debug\Final_assignment_01.a(UART_1_IntClock.o)
 .debug_abbrev  0x0000189f      0x133 .\CortexM3\ARM_GCC_541\Debug\Final_assignment_01.a(PWM_RG.o)
 .debug_abbrev  0x000019d2      0x133 .\CortexM3\ARM_GCC_541\Debug\Final_assignment_01.a(PWM_B.o)
 .debug_abbrev  0x00001b05       0x90 .\CortexM3\ARM_GCC_541\Debug\Final_assignment_01.a(CS_2.o)
 .debug_abbrev  0x00001b95      0x162 .\CortexM3\ARM_GCC_541\Debug\Final_assignment_01.a(SPIM_2.o)
 .debug_abbrev  0x00001cf7       0x8a .\CortexM3\ARM_GCC_541\Debug\Final_assignment_01.a(SPIM_2_INT.o)
 .debug_abbrev  0x00001d81      0x139 .\CortexM3\ARM_GCC_541\Debug\Final_assignment_01.a(SPIM_2_IntClock.o)
 .debug_abbrev  0x00001eba      0x173 .\CortexM3\ARM_GCC_541\Debug\Final_assignment_01.a(isr_DEBOUNCER.o)
 .debug_abbrev  0x0000202d       0x90 .\CortexM3\ARM_GCC_541\Debug\Final_assignment_01.a(Pin_Led_Blue.o)
 .debug_abbrev  0x000020bd      0x11a .\CortexM3\ARM_GCC_541\Debug\Final_assignment_01.a(TIMER_button.o)
 .debug_abbrev  0x000021d7      0x173 .\CortexM3\ARM_GCC_541\Debug\Final_assignment_01.a(isr_TIMER.o)
 .debug_abbrev  0x0000234a      0x11a .\CortexM3\ARM_GCC_541\Debug\Final_assignment_01.a(Timer_Blinking.o)
 .debug_abbrev  0x00002464      0x173 .\CortexM3\ARM_GCC_541\Debug\Final_assignment_01.a(isr_BLINKING.o)
 .debug_abbrev  0x000025d7      0x173 .\CortexM3\ARM_GCC_541\Debug\Final_assignment_01.a(isr_positive.o)
 .debug_abbrev  0x0000274a      0x1eb .\CortexM3\ARM_GCC_541\Debug\Final_assignment_01.a(ADC_DelSig.o)
 .debug_abbrev  0x00002935       0x42 .\CortexM3\ARM_GCC_541\Debug\Final_assignment_01.a(ADC_DelSig_INT.o)
 .debug_abbrev  0x00002977       0xb1 .\CortexM3\ARM_GCC_541\Debug\Final_assignment_01.a(ADC_DelSig_AMux.o)
 .debug_abbrev  0x00002a28      0x139 .\CortexM3\ARM_GCC_541\Debug\Final_assignment_01.a(ADC_DelSig_Ext_CP_Clk.o)
 .debug_abbrev  0x00002b61      0x121 .\CortexM3\ARM_GCC_541\Debug\Final_assignment_01.a(ADC_DelSig_theACLK.o)
 .debug_abbrev  0x00002c82       0x90 .\CortexM3\ARM_GCC_541\Debug\Final_assignment_01.a(Pin_RED_UARTVerboseFlag.o)
 .debug_abbrev  0x00002d12       0x90 .\CortexM3\ARM_GCC_541\Debug\Final_assignment_01.a(Pin_EnableDisable.o)
 .debug_abbrev  0x00002da2      0x173 .\CortexM3\ARM_GCC_541\Debug\Final_assignment_01.a(isr_EnableDisable.o)
 .debug_abbrev  0x00002f15      0x122 .\CortexM3\ARM_GCC_541\Debug\Final_assignment_01.a(Counter_TimeStamp.o)
 .debug_abbrev  0x00003037      0x173 .\CortexM3\ARM_GCC_541\Debug\Final_assignment_01.a(isr_TimeStamp.o)
 .debug_abbrev  0x000031aa       0x14 .\CortexM3\ARM_GCC_541\Debug\Final_assignment_01.a(CyBootAsmGnu.o)
 .debug_abbrev  0x000031be      0x1a7 .\CortexM3\ARM_GCC_541\Debug\Final_assignment_01.a(CyFlash.o)
 .debug_abbrev  0x00003365      0x194 .\CortexM3\ARM_GCC_541\Debug\Final_assignment_01.a(CySpc.o)

.debug_line     0x00000000     0x4f92
 *(.debug_line)
 .debug_line    0x00000000      0x3b6 .\CortexM3\ARM_GCC_541\Debug\main.o
 .debug_line    0x000003b6      0x1f4 .\CortexM3\ARM_GCC_541\Debug\SPI_Interface.o
 .debug_line    0x000005aa      0x1ae .\CortexM3\ARM_GCC_541\Debug\LIS3DH_SPI.o
 .debug_line    0x00000758      0x317 .\CortexM3\ARM_GCC_541\Debug\InterruptRoutines.o
 .debug_line    0x00000a6f      0x1cc .\CortexM3\ARM_GCC_541\Debug\RGBLedDriver.o
 .debug_line    0x00000c3b      0x1ed .\CortexM3\ARM_GCC_541\Debug\25LC256.o
 .debug_line    0x00000e28      0x1fb .\CortexM3\ARM_GCC_541\Debug\SPI_Interface_EEPROM.o
 .debug_line    0x00001023      0x24d .\CortexM3\ARM_GCC_541\Debug\cyfitter_cfg.o
 .debug_line    0x00001270      0x141 .\CortexM3\ARM_GCC_541\Debug\cymetadata.o
 .debug_line    0x000013b1      0x234 .\CortexM3\ARM_GCC_541\Debug\Cm3Start.o
 .debug_line    0x000015e5      0x29e .\CortexM3\ARM_GCC_541\Debug\Final_assignment_01.a(SPIM_1.o)
 .debug_line    0x00001883       0xaa .\CortexM3\ARM_GCC_541\Debug\Final_assignment_01.a(SPIM_1_INT.o)
 .debug_line    0x0000192d       0x91 .\CortexM3\ARM_GCC_541\Debug\Final_assignment_01.a(CS_1.o)
 .debug_line    0x000019be       0xb8 .\CortexM3\ARM_GCC_541\Debug\Final_assignment_01.a(Pin_ISR.o)
 .debug_line    0x00001a76      0x134 .\CortexM3\ARM_GCC_541\Debug\Final_assignment_01.a(isr_ACC.o)
 .debug_line    0x00001baa      0x17e .\CortexM3\ARM_GCC_541\Debug\Final_assignment_01.a(SPIM_1_IntClock.o)
 .debug_line    0x00001d28      0x816 .\CortexM3\ARM_GCC_541\Debug\Final_assignment_01.a(CyLib.o)
 .debug_line    0x0000253e      0x367 .\CortexM3\ARM_GCC_541\Debug\Final_assignment_01.a(cyPm.o)
 .debug_line    0x000028a5      0x2c0 .\CortexM3\ARM_GCC_541\Debug\Final_assignment_01.a(UART_1.o)
 .debug_line    0x00002b65      0x17e .\CortexM3\ARM_GCC_541\Debug\Final_assignment_01.a(UART_1_IntClock.o)
 .debug_line    0x00002ce3      0x1aa .\CortexM3\ARM_GCC_541\Debug\Final_assignment_01.a(PWM_RG.o)
 .debug_line    0x00002e8d      0x185 .\CortexM3\ARM_GCC_541\Debug\Final_assignment_01.a(PWM_B.o)
 .debug_line    0x00003012       0x91 .\CortexM3\ARM_GCC_541\Debug\Final_assignment_01.a(CS_2.o)
 .debug_line    0x000030a3      0x29e .\CortexM3\ARM_GCC_541\Debug\Final_assignment_01.a(SPIM_2.o)
 .debug_line    0x00003341       0xaa .\CortexM3\ARM_GCC_541\Debug\Final_assignment_01.a(SPIM_2_INT.o)
 .debug_line    0x000033eb      0x17e .\CortexM3\ARM_GCC_541\Debug\Final_assignment_01.a(SPIM_2_IntClock.o)
 .debug_line    0x00003569      0x13a .\CortexM3\ARM_GCC_541\Debug\Final_assignment_01.a(isr_DEBOUNCER.o)
 .debug_line    0x000036a3       0x99 .\CortexM3\ARM_GCC_541\Debug\Final_assignment_01.a(Pin_Led_Blue.o)
 .debug_line    0x0000373c      0x15a .\CortexM3\ARM_GCC_541\Debug\Final_assignment_01.a(TIMER_button.o)
 .debug_line    0x00003896      0x136 .\CortexM3\ARM_GCC_541\Debug\Final_assignment_01.a(isr_TIMER.o)
 .debug_line    0x000039cc      0x15c .\CortexM3\ARM_GCC_541\Debug\Final_assignment_01.a(Timer_Blinking.o)
 .debug_line    0x00003b28      0x139 .\CortexM3\ARM_GCC_541\Debug\Final_assignment_01.a(isr_BLINKING.o)
 .debug_line    0x00003c61      0x139 .\CortexM3\ARM_GCC_541\Debug\Final_assignment_01.a(isr_positive.o)
 .debug_line    0x00003d9a      0x373 .\CortexM3\ARM_GCC_541\Debug\Final_assignment_01.a(ADC_DelSig.o)
 .debug_line    0x0000410d       0x87 .\CortexM3\ARM_GCC_541\Debug\Final_assignment_01.a(ADC_DelSig_INT.o)
 .debug_line    0x00004194       0xb3 .\CortexM3\ARM_GCC_541\Debug\Final_assignment_01.a(ADC_DelSig_AMux.o)
 .debug_line    0x00004247      0x184 .\CortexM3\ARM_GCC_541\Debug\Final_assignment_01.a(ADC_DelSig_Ext_CP_Clk.o)
 .debug_line    0x000043cb      0x1a4 .\CortexM3\ARM_GCC_541\Debug\Final_assignment_01.a(ADC_DelSig_theACLK.o)
 .debug_line    0x0000456f       0xa4 .\CortexM3\ARM_GCC_541\Debug\Final_assignment_01.a(Pin_RED_UARTVerboseFlag.o)
 .debug_line    0x00004613       0xc2 .\CortexM3\ARM_GCC_541\Debug\Final_assignment_01.a(Pin_EnableDisable.o)
 .debug_line    0x000046d5      0x13e .\CortexM3\ARM_GCC_541\Debug\Final_assignment_01.a(isr_EnableDisable.o)
 .debug_line    0x00004813      0x165 .\CortexM3\ARM_GCC_541\Debug\Final_assignment_01.a(Counter_TimeStamp.o)
 .debug_line    0x00004978      0x13a .\CortexM3\ARM_GCC_541\Debug\Final_assignment_01.a(isr_TimeStamp.o)
 .debug_line    0x00004ab2       0x66 .\CortexM3\ARM_GCC_541\Debug\Final_assignment_01.a(CyBootAsmGnu.o)
 .debug_line    0x00004b18      0x21a .\CortexM3\ARM_GCC_541\Debug\Final_assignment_01.a(CyFlash.o)
 .debug_line    0x00004d32      0x260 .\CortexM3\ARM_GCC_541\Debug\Final_assignment_01.a(CySpc.o)

.debug_frame    0x00000000     0x3458
 *(.debug_frame)
 .debug_frame   0x00000000       0x40 .\CortexM3\ARM_GCC_541\Debug\main.o
 .debug_frame   0x00000040       0x88 .\CortexM3\ARM_GCC_541\Debug\SPI_Interface.o
 .debug_frame   0x000000c8       0x98 .\CortexM3\ARM_GCC_541\Debug\LIS3DH_SPI.o
 .debug_frame   0x00000160       0xd8 .\CortexM3\ARM_GCC_541\Debug\InterruptRoutines.o
 .debug_frame   0x00000238       0xbc .\CortexM3\ARM_GCC_541\Debug\RGBLedDriver.o
 .debug_frame   0x000002f4       0xf8 .\CortexM3\ARM_GCC_541\Debug\25LC256.o
 .debug_frame   0x000003ec       0x88 .\CortexM3\ARM_GCC_541\Debug\SPI_Interface_EEPROM.o
 .debug_frame   0x00000474      0x104 .\CortexM3\ARM_GCC_541\Debug\cyfitter_cfg.o
 .debug_frame   0x00000578       0xb8 .\CortexM3\ARM_GCC_541\Debug\Cm3Start.o
 .debug_frame   0x00000630      0x260 .\CortexM3\ARM_GCC_541\Debug\Final_assignment_01.a(SPIM_1.o)
 .debug_frame   0x00000890       0x30 .\CortexM3\ARM_GCC_541\Debug\Final_assignment_01.a(SPIM_1_INT.o)
 .debug_frame   0x000008c0       0x50 .\CortexM3\ARM_GCC_541\Debug\Final_assignment_01.a(CS_1.o)
 .debug_frame   0x00000910       0x70 .\CortexM3\ARM_GCC_541\Debug\Final_assignment_01.a(Pin_ISR.o)
 .debug_frame   0x00000980      0x104 .\CortexM3\ARM_GCC_541\Debug\Final_assignment_01.a(isr_ACC.o)
 .debug_frame   0x00000a84       0xe0 .\CortexM3\ARM_GCC_541\Debug\Final_assignment_01.a(SPIM_1_IntClock.o)
 .debug_frame   0x00000b64      0x738 .\CortexM3\ARM_GCC_541\Debug\Final_assignment_01.a(CyLib.o)
 .debug_frame   0x0000129c      0x1f8 .\CortexM3\ARM_GCC_541\Debug\Final_assignment_01.a(cyPm.o)
 .debug_frame   0x00001494      0x250 .\CortexM3\ARM_GCC_541\Debug\Final_assignment_01.a(UART_1.o)
 .debug_frame   0x000016e4       0xe0 .\CortexM3\ARM_GCC_541\Debug\Final_assignment_01.a(UART_1_IntClock.o)
 .debug_frame   0x000017c4      0x154 .\CortexM3\ARM_GCC_541\Debug\Final_assignment_01.a(PWM_RG.o)
 .debug_frame   0x00001918      0x134 .\CortexM3\ARM_GCC_541\Debug\Final_assignment_01.a(PWM_B.o)
 .debug_frame   0x00001a4c       0x50 .\CortexM3\ARM_GCC_541\Debug\Final_assignment_01.a(CS_2.o)
 .debug_frame   0x00001a9c      0x260 .\CortexM3\ARM_GCC_541\Debug\Final_assignment_01.a(SPIM_2.o)
 .debug_frame   0x00001cfc       0x30 .\CortexM3\ARM_GCC_541\Debug\Final_assignment_01.a(SPIM_2_INT.o)
 .debug_frame   0x00001d2c       0xe0 .\CortexM3\ARM_GCC_541\Debug\Final_assignment_01.a(SPIM_2_IntClock.o)
 .debug_frame   0x00001e0c      0x104 .\CortexM3\ARM_GCC_541\Debug\Final_assignment_01.a(isr_DEBOUNCER.o)
 .debug_frame   0x00001f10       0x50 .\CortexM3\ARM_GCC_541\Debug\Final_assignment_01.a(Pin_Led_Blue.o)
 .debug_frame   0x00001f60      0x108 .\CortexM3\ARM_GCC_541\Debug\Final_assignment_01.a(TIMER_button.o)
 .debug_frame   0x00002068      0x104 .\CortexM3\ARM_GCC_541\Debug\Final_assignment_01.a(isr_TIMER.o)
 .debug_frame   0x0000216c      0x108 .\CortexM3\ARM_GCC_541\Debug\Final_assignment_01.a(Timer_Blinking.o)
 .debug_frame   0x00002274      0x104 .\CortexM3\ARM_GCC_541\Debug\Final_assignment_01.a(isr_BLINKING.o)
 .debug_frame   0x00002378      0x104 .\CortexM3\ARM_GCC_541\Debug\Final_assignment_01.a(isr_positive.o)
 .debug_frame   0x0000247c      0x284 .\CortexM3\ARM_GCC_541\Debug\Final_assignment_01.a(ADC_DelSig.o)
 .debug_frame   0x00002700       0x50 .\CortexM3\ARM_GCC_541\Debug\Final_assignment_01.a(ADC_DelSig_INT.o)
 .debug_frame   0x00002750       0x64 .\CortexM3\ARM_GCC_541\Debug\Final_assignment_01.a(ADC_DelSig_AMux.o)
 .debug_frame   0x000027b4       0xe0 .\CortexM3\ARM_GCC_541\Debug\Final_assignment_01.a(ADC_DelSig_Ext_CP_Clk.o)
 .debug_frame   0x00002894      0x100 .\CortexM3\ARM_GCC_541\Debug\Final_assignment_01.a(ADC_DelSig_theACLK.o)
 .debug_frame   0x00002994       0x50 .\CortexM3\ARM_GCC_541\Debug\Final_assignment_01.a(Pin_RED_UARTVerboseFlag.o)
 .debug_frame   0x000029e4       0x70 .\CortexM3\ARM_GCC_541\Debug\Final_assignment_01.a(Pin_EnableDisable.o)
 .debug_frame   0x00002a54      0x104 .\CortexM3\ARM_GCC_541\Debug\Final_assignment_01.a(isr_EnableDisable.o)
 .debug_frame   0x00002b58      0x104 .\CortexM3\ARM_GCC_541\Debug\Final_assignment_01.a(Counter_TimeStamp.o)
 .debug_frame   0x00002c5c      0x104 .\CortexM3\ARM_GCC_541\Debug\Final_assignment_01.a(isr_TimeStamp.o)
 .debug_frame   0x00002d60      0x194 .\CortexM3\ARM_GCC_541\Debug\Final_assignment_01.a(CyFlash.o)
 .debug_frame   0x00002ef4      0x180 .\CortexM3\ARM_GCC_541\Debug\Final_assignment_01.a(CySpc.o)
 .debug_frame   0x00003074       0x20 c:/program files (x86)/cypress/psoc creator/4.3/psoc creator/import/gnu/arm/5.4.1/bin/../lib/gcc/arm-none-eabi/5.4.1/../../../../arm-none-eabi/lib/armv7-m\libg_nano.a(lib_a-errno.o)
 .debug_frame   0x00003094       0x28 c:/program files (x86)/cypress/psoc creator/4.3/psoc creator/import/gnu/arm/5.4.1/bin/../lib/gcc/arm-none-eabi/5.4.1/../../../../arm-none-eabi/lib/armv7-m\libg_nano.a(lib_a-exit.o)
 .debug_frame   0x000030bc       0x2c c:/program files (x86)/cypress/psoc creator/4.3/psoc creator/import/gnu/arm/5.4.1/bin/../lib/gcc/arm-none-eabi/5.4.1/../../../../arm-none-eabi/lib/armv7-m\libg_nano.a(lib_a-init.o)
 .debug_frame   0x000030e8       0x28 c:/program files (x86)/cypress/psoc creator/4.3/psoc creator/import/gnu/arm/5.4.1/bin/../lib/gcc/arm-none-eabi/5.4.1/../../../../arm-none-eabi/lib/armv7-m\libg_nano.a(lib_a-memcpy-stub.o)
 .debug_frame   0x00003110       0x20 c:/program files (x86)/cypress/psoc creator/4.3/psoc creator/import/gnu/arm/5.4.1/bin/../lib/gcc/arm-none-eabi/5.4.1/../../../../arm-none-eabi/lib/armv7-m\libg_nano.a(lib_a-memset.o)
 .debug_frame   0x00003130       0x70 c:/program files (x86)/cypress/psoc creator/4.3/psoc creator/import/gnu/arm/5.4.1/bin/../lib/gcc/arm-none-eabi/5.4.1/../../../../arm-none-eabi/lib/armv7-m\libg_nano.a(lib_a-sprintf.o)
 .debug_frame   0x000031a0       0x90 c:/program files (x86)/cypress/psoc creator/4.3/psoc creator/import/gnu/arm/5.4.1/bin/../lib/gcc/arm-none-eabi/5.4.1/../../../../arm-none-eabi/lib/armv7-m\libg_nano.a(lib_a-nano-svfprintf.o)
 .debug_frame   0x00003230       0x60 c:/program files (x86)/cypress/psoc creator/4.3/psoc creator/import/gnu/arm/5.4.1/bin/../lib/gcc/arm-none-eabi/5.4.1/../../../../arm-none-eabi/lib/armv7-m\libg_nano.a(lib_a-nano-vfprintf_i.o)
 .debug_frame   0x00003290       0x28 c:/program files (x86)/cypress/psoc creator/4.3/psoc creator/import/gnu/arm/5.4.1/bin/../lib/gcc/arm-none-eabi/5.4.1/../../../../arm-none-eabi/lib/armv7-m\libg_nano.a(lib_a-memchr-stub.o)
 .debug_frame   0x000032b8       0x28 c:/program files (x86)/cypress/psoc creator/4.3/psoc creator/import/gnu/arm/5.4.1/bin/../lib/gcc/arm-none-eabi/5.4.1/../../../../arm-none-eabi/lib/armv7-m\libg_nano.a(lib_a-memmove.o)
 .debug_frame   0x000032e0       0x38 c:/program files (x86)/cypress/psoc creator/4.3/psoc creator/import/gnu/arm/5.4.1/bin/../lib/gcc/arm-none-eabi/5.4.1/../../../../arm-none-eabi/lib/armv7-m\libg_nano.a(lib_a-nano-freer.o)
 .debug_frame   0x00003318       0x2c c:/program files (x86)/cypress/psoc creator/4.3/psoc creator/import/gnu/arm/5.4.1/bin/../lib/gcc/arm-none-eabi/5.4.1/../../../../arm-none-eabi/lib/armv7-m\libg_nano.a(lib_a-nano-mallocr.o)
 .debug_frame   0x00003344       0x3c c:/program files (x86)/cypress/psoc creator/4.3/psoc creator/import/gnu/arm/5.4.1/bin/../lib/gcc/arm-none-eabi/5.4.1/../../../../arm-none-eabi/lib/armv7-m\libg_nano.a(lib_a-nano-reallocr.o)
 .debug_frame   0x00003380       0x2c c:/program files (x86)/cypress/psoc creator/4.3/psoc creator/import/gnu/arm/5.4.1/bin/../lib/gcc/arm-none-eabi/5.4.1/../../../../arm-none-eabi/lib/armv7-m\libg_nano.a(lib_a-sbrkr.o)