Archive member included to satisfy reference by file (symbol)

.\CortexM3\ARM_GCC_541\Debug\Final_assignment_01.a(SPIM_1.o)
                              .\CortexM3\ARM_GCC_541\Debug\main.o (SPIM_1_Stop)
.\CortexM3\ARM_GCC_541\Debug\Final_assignment_01.a(SPIM_1_INT.o)
                              .\CortexM3\ARM_GCC_541\Debug\Final_assignment_01.a(SPIM_1.o) (SPIM_1_TX_ISR)
.\CortexM3\ARM_GCC_541\Debug\Final_assignment_01.a(CS_1.o)
                              .\CortexM3\ARM_GCC_541\Debug\SPI_Interface.o (CS_1_Write)
.\CortexM3\ARM_GCC_541\Debug\Final_assignment_01.a(Pin_ISR.o)
                              .\CortexM3\ARM_GCC_541\Debug\InterruptRoutines.o (Pin_ISR_ClearInterrupt)
.\CortexM3\ARM_GCC_541\Debug\Final_assignment_01.a(isr_ACC.o)
                              .\CortexM3\ARM_GCC_541\Debug\main.o (isr_ACC_StartEx)
.\CortexM3\ARM_GCC_541\Debug\Final_assignment_01.a(SPIM_1_IntClock.o)
                              .\CortexM3\ARM_GCC_541\Debug\Final_assignment_01.a(SPIM_1.o) (SPIM_1_IntClock_Start)
.\CortexM3\ARM_GCC_541\Debug\Final_assignment_01.a(CyLib.o)
                              .\CortexM3\ARM_GCC_541\Debug\Cm3Start.o (CyHalt)
.\CortexM3\ARM_GCC_541\Debug\Final_assignment_01.a(cyPm.o)
                              .\CortexM3\ARM_GCC_541\Debug\Final_assignment_01.a(CyLib.o) (CyPmReadStatus)
.\CortexM3\ARM_GCC_541\Debug\Final_assignment_01.a(UART_1.o)
                              .\CortexM3\ARM_GCC_541\Debug\main.o (UART_1_Start)
.\CortexM3\ARM_GCC_541\Debug\Final_assignment_01.a(UART_1_IntClock.o)
                              .\CortexM3\ARM_GCC_541\Debug\Final_assignment_01.a(UART_1.o) (UART_1_IntClock_Start)
.\CortexM3\ARM_GCC_541\Debug\Final_assignment_01.a(PWM_RG.o)
                              .\CortexM3\ARM_GCC_541\Debug\RGBLedDriver.o (PWM_RG_Stop)
.\CortexM3\ARM_GCC_541\Debug\Final_assignment_01.a(PWM_B.o)
                              .\CortexM3\ARM_GCC_541\Debug\RGBLedDriver.o (PWM_B_Stop)
.\CortexM3\ARM_GCC_541\Debug\Final_assignment_01.a(CS_2.o)
                              .\CortexM3\ARM_GCC_541\Debug\SPI_Interface_EEPROM.o (CS_2_Write)
.\CortexM3\ARM_GCC_541\Debug\Final_assignment_01.a(SPIM_2.o)
                              .\CortexM3\ARM_GCC_541\Debug\SPI_Interface_EEPROM.o (SPIM_2_ReadTxStatus)
.\CortexM3\ARM_GCC_541\Debug\Final_assignment_01.a(SPIM_2_INT.o)
                              .\CortexM3\ARM_GCC_541\Debug\Final_assignment_01.a(SPIM_2.o) (SPIM_2_TX_ISR)
.\CortexM3\ARM_GCC_541\Debug\Final_assignment_01.a(SPIM_2_IntClock.o)
                              .\CortexM3\ARM_GCC_541\Debug\Final_assignment_01.a(SPIM_2.o) (SPIM_2_IntClock_Start)
.\CortexM3\ARM_GCC_541\Debug\Final_assignment_01.a(isr_DEBOUNCER.o)
                              .\CortexM3\ARM_GCC_541\Debug\main.o (isr_DEBOUNCER_StartEx)
.\CortexM3\ARM_GCC_541\Debug\Final_assignment_01.a(Pin_Led_Blue.o)
                              .\CortexM3\ARM_GCC_541\Debug\InterruptRoutines.o (Pin_Led_Blue_Write)
.\CortexM3\ARM_GCC_541\Debug\Final_assignment_01.a(TIMER_button.o)
                              .\CortexM3\ARM_GCC_541\Debug\InterruptRoutines.o (TIMER_button_Stop)
.\CortexM3\ARM_GCC_541\Debug\Final_assignment_01.a(isr_TIMER.o)
                              .\CortexM3\ARM_GCC_541\Debug\main.o (isr_TIMER_StartEx)
.\CortexM3\ARM_GCC_541\Debug\Final_assignment_01.a(Timer_Blinking.o)
                              .\CortexM3\ARM_GCC_541\Debug\InterruptRoutines.o (Timer_Blinking_Stop)
.\CortexM3\ARM_GCC_541\Debug\Final_assignment_01.a(isr_BLINKING.o)
                              .\CortexM3\ARM_GCC_541\Debug\main.o (isr_BLINKING_StartEx)
.\CortexM3\ARM_GCC_541\Debug\Final_assignment_01.a(isr_positive.o)
                              .\CortexM3\ARM_GCC_541\Debug\main.o (isr_positive_StartEx)
.\CortexM3\ARM_GCC_541\Debug\Final_assignment_01.a(ADC_DelSig.o)
                              .\CortexM3\ARM_GCC_541\Debug\main.o (ADC_DelSig_Start)
.\CortexM3\ARM_GCC_541\Debug\Final_assignment_01.a(ADC_DelSig_INT.o)
                              .\CortexM3\ARM_GCC_541\Debug\Final_assignment_01.a(ADC_DelSig.o) (ADC_DelSig_ISR1)
.\CortexM3\ARM_GCC_541\Debug\Final_assignment_01.a(ADC_DelSig_AMux.o)
                              .\CortexM3\ARM_GCC_541\Debug\Final_assignment_01.a(ADC_DelSig.o) (ADC_DelSig_AMux_Select)
.\CortexM3\ARM_GCC_541\Debug\Final_assignment_01.a(ADC_DelSig_Ext_CP_Clk.o)
                              .\CortexM3\ARM_GCC_541\Debug\Final_assignment_01.a(ADC_DelSig.o) (ADC_DelSig_Ext_CP_Clk_SetModeRegister)
.\CortexM3\ARM_GCC_541\Debug\Final_assignment_01.a(ADC_DelSig_theACLK.o)
                              .\CortexM3\ARM_GCC_541\Debug\Final_assignment_01.a(ADC_DelSig.o) (ADC_DelSig_theACLK_SetModeRegister)
.\CortexM3\ARM_GCC_541\Debug\Final_assignment_01.a(Pin_RED_UARTVerboseFlag.o)
                              .\CortexM3\ARM_GCC_541\Debug\InterruptRoutines.o (Pin_RED_UARTVerboseFlag_Write)
.\CortexM3\ARM_GCC_541\Debug\Final_assignment_01.a(CyBootAsmGnu.o)
[...]
Memory Configuration

Name             Origin             Length             Attributes
rom              0x00000000         0x00040000         xr
ram              0x1fff8000         0x00010000         xrw
*default*        0x00000000         0xffffffff

Linker script and memory map

LOAD c:/program files (x86)/cypress/psoc creator/4.3/psoc creator/import/gnu/arm/5.4.1/bin/../lib/gcc/arm-none-eabi/5.4.1/armv7-m/crti.o
LOAD c:/program files (x86)/cypress/psoc creator/4.3/psoc creator/import/gnu/arm/5.4.1/bin/../lib/gcc/arm-none-eabi/5.4.1/armv7-m/crtbegin.o
LOAD c:/program files (x86)/cypress/psoc creator/4.3/psoc creator/import/gnu/arm/5.4.1/bin/../lib/gcc/arm-none-eabi/5.4.1/../../../../arm-none-eabi/lib/armv7-m/crt0.o
START GROUP
LOAD .\CortexM3\ARM_GCC_541\Debug\main.o
LOAD .\CortexM3\ARM_GCC_541\Debug\SPI_Interface.o
LOAD .\CortexM3\ARM_GCC_541\Debug\LIS3DH_SPI.o
LOAD .\CortexM3\ARM_GCC_541\Debug\InterruptRoutines.o
LOAD .\CortexM3\ARM_GCC_541\Debug\RGBLedDriver.o
LOAD .\CortexM3\ARM_GCC_541\Debug\25LC256.o
LOAD .\CortexM3\ARM_GCC_541\Debug\SPI_Interface_EEPROM.o
LOAD .\CortexM3\ARM_GCC_541\Debug\cyfitter_cfg.o
LOAD .\CortexM3\ARM_GCC_541\Debug\cymetadata.o
LOAD .\CortexM3\ARM_GCC_541\Debug\Cm3Start.o
LOAD .\CortexM3\ARM_GCC_541\Debug\Final_assignment_01.a
LOAD C:\Program Files (x86)\Cypress\PSoC Creator\4.3\PSoC Creator\psoc\content\cycomponentlibrary\CyComponentLibrary.cylib\CortexM3\ARM_GCC_541\Debug\CyComponentLibrary.a
END GROUP
START GROUP
LOAD c:/program files (x86)/cypress/psoc creator/4.3/psoc creator/import/gnu/arm/5.4.1/bin/../lib/gcc/arm-none-eabi/5.4.1/armv7-m\libgcc.a
LOAD c:/program files (x86)/cypress/psoc creator/4.3/psoc creator/import/gnu/arm/5.4.1/bin/../lib/gcc/arm-none-eabi/5.4.1/../../../../arm-none-eabi/lib/armv7-m\libg_nano.a
LOAD c:/program files (x86)/cypress/psoc creator/4.3/psoc creator/import/gnu/arm/5.4.1/bin/../lib/gcc/arm-none-eabi/5.4.1/../../../../arm-none-eabi/lib/armv7-m\libc_nano.a
END GROUP
START GROUP
LOAD c:/program files (x86)/cypress/psoc creator/4.3/psoc creator/import/gnu/arm/5.4.1/bin/../lib/gcc/arm-none-eabi/5.4.1/armv7-m\libgcc.a
LOAD c:/program files (x86)/cypress/psoc creator/4.3/psoc creator/import/gnu/arm/5.4.1/bin/../lib/gcc/arm-none-eabi/5.4.1/../../../../arm-none-eabi/lib/armv7-m\libc_nano.a
END GROUP
LOAD c:/program files (x86)/cypress/psoc creator/4.3/psoc creator/import/gnu/arm/5.4.1/bin/../lib/gcc/arm-none-eabi/5.4.1/armv7-m/crtend.o
LOAD c:/program files (x86)/cypress/psoc creator/4.3/psoc creator/import/gnu/arm/5.4.1/bin/../lib/gcc/arm-none-eabi/5.4.1/armv7-m/crtn.o
START GROUP
LOAD c:/program files (x86)/cypress/psoc creator/4.3/psoc creator/import/gnu/arm/5.4.1/bin/../lib/gcc/arm-none-eabi/5.4.1/armv7-m\libgcc.a
LOAD c:/program files (x86)/cypress/psoc creator/4.3/psoc creator/import/gnu/arm/5.4.1/bin/../lib/gcc/arm-none-eabi/5.4.1/../../../../arm-none-eabi/lib/armv7-m\libc.a
LOAD c:/program files (x86)/cypress/psoc creator/4.3/psoc creator/import/gnu/arm/5.4.1/bin/../lib/gcc/arm-none-eabi/5.4.1/../../../../arm-none-eabi/lib/armv7-m\libnosys.a
END GROUP
                0x00000000                CY_APPL_ORIGIN = 0x0
                0x00000100                CY_FLASH_ROW_SIZE = 0x100
                0x00000020                CY_ECC_ROW_SIZE = 0x20
                0x00000000                CY_EE_IN_BTLDR = 0x0
                0x00000000                CY_APPL_LOADABLE = 0x0
                0x00000800                CY_EE_SIZE = 0x800
                0x00000001                CY_APPL_NUM = 0x1
                0x00000001                CY_APPL_MAX = 0x1
                0x00000040                CY_METADATA_SIZE = 0x40
                0x00000000                CY_APPL_LOADABLE = 0x0
                0x00000000                CY_CHECKSUM_EXCLUDE_SIZE = ALIGN (0x0, CY_FLASH_ROW_SIZE)
                [!provide]                PROVIDE (__cy_heap_start, _end)
                0x00000001                PROVIDE (__cy_region_num, ((__cy_regions_end - __cy_regions) / 0x10))
                0x20008000                PROVIDE (__cy_stack, (ORIGIN (ram) + LENGTH (ram)))
                [!provide]                PROVIDE (__cy_heap_end, (__cy_stack - 0x800))

.cybootloader   0x00000000        0x0
 *(.cybootloader)
                0x00000000                appl1_start = CY_APPL_ORIGIN?CY_APPL_ORIGIN:ALIGN (CY_FLASH_ROW_SIZE)
                0x0001ff00                appl2_start = (appl1_start + ALIGN ((((LENGTH (rom) - appl1_start) - (0x2 * CY_FLASH_ROW_SIZE)) / 0x2), CY_FLASH_ROW_SIZE))
                0x00000000                appl_start = (CY_APPL_NUM == 0x1)?appl1_start:appl2_start
                0x00000000                ecc_offset = ((appl_start / CY_FLASH_ROW_SIZE) * CY_ECC_ROW_SIZE)
                0x00000000                ee_offset = (CY_APPL_LOADABLE && ! (CY_EE_IN_BTLDR))?((CY_EE_SIZE / CY_APPL_MAX) * (CY_APPL_NUM - 0x1)):0x0
                0x00000800                ee_size = (CY_APPL_LOADABLE && ! (CY_EE_IN_BTLDR))?(CY_EE_SIZE / CY_APPL_MAX):CY_EE_SIZE
                [!provide]                PROVIDE (CY_ECC_OFFSET, ecc_offset)

.text           0x00000000     0x2fe8
 CREATE_OBJECT_SYMBOLS
                0x00000000                PROVIDE (__cy_interrupt_vector, RomVectors)
 *(.romvectors)
 .romvectors    0x00000000       0x10 .\CortexM3\ARM_GCC_541\Debug\Cm3Start.o
                0x00000000                RomVectors
                0x00000001                ASSERT ((. != __cy_interrupt_vector), No interrupt vector)
                0x00000001                ASSERT (CY_APPL_ORIGIN?(SIZEOF (.cybootloader) <= CY_APPL_ORIGIN):0x1, Wrong image location)
                0x00000010                PROVIDE (__cy_reset, Reset)
 *(.text.Reset)
 .text.Reset    0x00000010       0x18 .\CortexM3\ARM_GCC_541\Debug\Cm3Start.o
                0x00000010                Reset
                0x00000001                ASSERT ((. != __cy_reset), No reset code)
 *(.dma_init)
                0x00000001                ASSERT ((((appl_start + .) <= 0x10000) || 0x1), DMA Init must be within the first 64k of flash)
 *(.text .text.* .gnu.linkonce.t.*)
 .text          0x00000028       0x5c c:/program files (x86)/cypress/psoc creator/4.3/psoc creator/import/gnu/arm/5.4.1/bin/../lib/gcc/arm-none-eabi/5.4.1/armv7-m/crtbegin.o
 .text.main     0x00000084      0x3fc .\CortexM3\ARM_GCC_541\Debug\main.o
                0x00000084                main
 .text.SPI_Interface_Multi_RW
                0x00000480       0xb8 .\CortexM3\ARM_GCC_541\Debug\SPI_Interface.o
                0x00000480                SPI_Interface_Multi_RW
 .text.LIS3DH_readByte
                0x00000538       0x2c .\CortexM3\ARM_GCC_541\Debug\LIS3DH_SPI.o
                0x00000538                LIS3DH_readByte
 .text.LIS3DH_writeByte
                0x00000564       0x28 .\CortexM3\ARM_GCC_541\Debug\LIS3DH_SPI.o
                0x00000564                LIS3DH_writeByte
 .text.LIS3DH_readPage
                0x0000058c       0x20 .\CortexM3\ARM_GCC_541\Debug\LIS3DH_SPI.o
                0x0000058c                LIS3DH_readPage
 .text.Custom_Pin_ISR
                0x000005ac       0x14 .\CortexM3\ARM_GCC_541\Debug\InterruptRoutines.o
                0x000005ac                Custom_Pin_ISR
 .text.Custom_Pin_Button
                0x000005c0       0x18 .\CortexM3\ARM_GCC_541\Debug\InterruptRoutines.o
                0x000005c0                Custom_Pin_Button
 .text.Custom_Pin_Button_Positive
                0x000005d8      0x130 .\CortexM3\ARM_GCC_541\Debug\InterruptRoutines.o
                0x000005d8                Custom_Pin_Button_Positive
 .text.Custom_Timer_Button
                0x00000708       0x14 .\CortexM3\ARM_GCC_541\Debug\InterruptRoutines.o
                0x00000708                Custom_Timer_Button
 .text.Custom_LED_Blinking
                0x0000071c       0x70 .\CortexM3\ARM_GCC_541\Debug\InterruptRoutines.o
                0x0000071c                Custom_LED_Blinking
 .text.RGBLed_WriteRed
                0x0000078c        0x8 .\CortexM3\ARM_GCC_541\Debug\RGBLedDriver.o
 .text.RGBLed_WriteGreen
                0x00000794        0x8 .\CortexM3\ARM_GCC_541\Debug\RGBLedDriver.o
 .text.RGBLed_WriteBlu
                0x0000079c        0x8 .\CortexM3\ARM_GCC_541\Debug\RGBLedDriver.o
 .text.RGBLed_Start
                0x000007a4        0xc .\CortexM3\ARM_GCC_541\Debug\RGBLedDriver.o
                0x000007a4                RGBLed_Start
 .text.RGBLed_WriteColor
                0x000007b0       0x18 .\CortexM3\ARM_GCC_541\Debug\RGBLedDriver.o
                0x000007b0                RGBLed_WriteColor
 .text.EEPROM_readStatus
                0x000007c8        0xc .\CortexM3\ARM_GCC_541\Debug\25LC256.o
                0x000007c8                EEPROM_readStatus
 .text.EEPROM_writeEnable
                0x000007d4        0xc .\CortexM3\ARM_GCC_541\Debug\25LC256.o
                0x000007d4                EEPROM_writeEnable
 .text.EEPROM_writeByte
                0x000007e0       0x38 .\CortexM3\ARM_GCC_541\Debug\25LC256.o
                0x000007e0                EEPROM_writeByte
 .text.EEPROM_readPage
                0x00000818       0x24 .\CortexM3\ARM_GCC_541\Debug\25LC256.o
                0x00000818                EEPROM_readPage
 .text.EEPROM_writePage
                0x0000083c       0x5c .\CortexM3\ARM_GCC_541\Debug\25LC256.o
                0x0000083c                EEPROM_writePage
 .text.EEPROM_waitForWriteComplete
                0x00000898       0x10 .\CortexM3\ARM_GCC_541\Debug\25LC256.o
                0x00000898                EEPROM_waitForWriteComplete
 .text.SPI_Interface_EEPROM_tradeByte
                0x000008a8       0x2c .\CortexM3\ARM_GCC_541\Debug\SPI_Interface_EEPROM.o
                0x000008a8                SPI_Interface_EEPROM_tradeByte
 .text.SPI_Interface_EEPROM_ReadByte
                0x000008d4       0x34 .\CortexM3\ARM_GCC_541\Debug\SPI_Interface_EEPROM.o
                0x000008d4                SPI_Interface_EEPROM_ReadByte
 .text.SPI_Interface_EEPROM_Multi_RW
                0x00000908       0xb8 .\CortexM3\ARM_GCC_541\Debug\SPI_Interface_EEPROM.o
                0x00000908                SPI_Interface_EEPROM_Multi_RW
 .text.CyClockStartupError
                0x000009c0        0x4 .\CortexM3\ARM_GCC_541\Debug\cyfitter_cfg.o
 .text.cfg_write_bytes32
                0x000009c4       0x34 .\CortexM3\ARM_GCC_541\Debug\cyfitter_cfg.o
 .text.AnalogSetDefault
                0x000009f8       0x40 .\CortexM3\ARM_GCC_541\Debug\cyfitter_cfg.o
 .text.CYMEMZERO
                0x00000a38        0xc .\CortexM3\ARM_GCC_541\Debug\cyfitter_cfg.o
 .text.CYCONFIGCPY
                0x00000a44        0x8 .\CortexM3\ARM_GCC_541\Debug\cyfitter_cfg.o
 .text.ClockSetup
                0x00000a4c      0x138 .\CortexM3\ARM_GCC_541\Debug\cyfitter_cfg.o
 .text.ADC_DelSig_AMux_Set
                0x00000b84       0x1c .\CortexM3\ARM_GCC_541\Debug\cyfitter_cfg.o
                0x00000b84                ADC_DelSig_AMux_Set
 .text.ADC_DelSig_AMux_Unset
                0x00000ba0       0x1c .\CortexM3\ARM_GCC_541\Debug\cyfitter_cfg.o
                0x00000ba0                ADC_DelSig_AMux_Unset
 .text.cyfitter_cfg
                0x00000bbc      0x13c .\CortexM3\ARM_GCC_541\Debug\cyfitter_cfg.o
                0x00000bbc                cyfitter_cfg
 .text.IntDefaultHandler
                0x00000cf8       0x10 .\CortexM3\ARM_GCC_541\Debug\Cm3Start.o
                0x00000cf8                IntDefaultHandler
 .text._sbrk    0x00000d08       0x30 .\CortexM3\ARM_GCC_541\Debug\Cm3Start.o
                0x00000d08                _sbrk
 .text.Start_c  0x00000d38       0x4c .\CortexM3\ARM_GCC_541\Debug\Cm3Start.o
                0x00000d38                Start_c
 .text.initialize_psoc
                0x00000d84       0x68 .\CortexM3\ARM_GCC_541\Debug\Cm3Start.o
                0x00000d84                initialize_psoc
 .text.SPIM_1_EnableTxInt
                0x00000dec        0xc .\CortexM3\ARM_GCC_541\Debug\Final_assignment_01.a(SPIM_1.o)
                0x00000dec                SPIM_1_EnableTxInt
 .text.SPIM_1_EnableRxInt
                0x00000df8        0xc .\CortexM3\ARM_GCC_541\Debug\Final_assignment_01.a(SPIM_1.o)
                0x00000df8                SPIM_1_EnableRxInt
 .text.SPIM_1_Enable
                0x00000e04       0x3c .\CortexM3\ARM_GCC_541\Debug\Final_assignment_01.a(SPIM_1.o)
                0x00000e04                SPIM_1_Enable
 .text.SPIM_1_DisableTxInt
                0x00000e40        0xc .\CortexM3\ARM_GCC_541\Debug\Final_assignment_01.a(SPIM_1.o)
                0x00000e40                SPIM_1_DisableTxInt
 .text.SPIM_1_DisableRxInt
                0x00000e4c        0xc .\CortexM3\ARM_GCC_541\Debug\Final_assignment_01.a(SPIM_1.o)
                0x00000e4c                SPIM_1_DisableRxInt
 .text.SPIM_1_Stop
                0x00000e58       0x34 .\CortexM3\ARM_GCC_541\Debug\Final_assignment_01.a(SPIM_1.o)
                0x00000e58                SPIM_1_Stop
 .text.SPIM_1_ReadTxStatus
                0x00000e8c       0x28 .\CortexM3\ARM_GCC_541\Debug\Final_assignment_01.a(SPIM_1.o)
                0x00000e8c                SPIM_1_ReadTxStatus
 .text.SPIM_1_ReadRxStatus
                0x00000eb4       0x28 .\CortexM3\ARM_GCC_541\Debug\Final_assignment_01.a(SPIM_1.o)
                0x00000eb4                SPIM_1_ReadRxStatus
 .text.SPIM_1_WriteTxData
                0x00000edc       0xd4 .\CortexM3\ARM_GCC_541\Debug\Final_assignment_01.a(SPIM_1.o)
                0x00000edc                SPIM_1_WriteTxData
 .text.SPIM_1_ReadRxData
                0x00000fb0       0x64 .\CortexM3\ARM_GCC_541\Debug\Final_assignment_01.a(SPIM_1.o)
                0x00000fb0                SPIM_1_ReadRxData
 .text.SPIM_1_ClearRxBuffer
                0x00001014       0x40 .\CortexM3\ARM_GCC_541\Debug\Final_assignment_01.a(SPIM_1.o)
                0x00001014                SPIM_1_ClearRxBuffer
 .text.SPIM_1_ClearTxBuffer
                0x00001054       0x54 .\CortexM3\ARM_GCC_541\Debug\Final_assignment_01.a(SPIM_1.o)
                0x00001054                SPIM_1_ClearTxBuffer
 .text.SPIM_1_PutArray
                0x000010a8       0x20 .\CortexM3\ARM_GCC_541\Debug\Final_assignment_01.a(SPIM_1.o)
                0x000010a8                SPIM_1_PutArray
 .text.SPIM_1_ClearFIFO
                0x000010c8       0x3c .\CortexM3\ARM_GCC_541\Debug\Final_assignment_01.a(SPIM_1.o)
                0x000010c8                SPIM_1_ClearFIFO
 .text.SPIM_1_Init
                0x00001104       0x94 .\CortexM3\ARM_GCC_541\Debug\Final_assignment_01.a(SPIM_1.o)
                0x00001104                SPIM_1_Init
 .text.SPIM_1_Start
                0x00001198       0x1c .\CortexM3\ARM_GCC_541\Debug\Final_assignment_01.a(SPIM_1.o)
                0x00001198                SPIM_1_Start
 .text.SPIM_1_TX_ISR
                0x000011b4       0xa0 .\CortexM3\ARM_GCC_541\Debug\Final_assignment_01.a(SPIM_1_INT.o)
                0x000011b4                SPIM_1_TX_ISR
 .text.SPIM_1_RX_ISR
                0x00001254       0xa0 .\CortexM3\ARM_GCC_541\Debug\Final_assignment_01.a(SPIM_1_INT.o)
                0x00001254                SPIM_1_RX_ISR
 .text.CS_1_Write
                0x000012f4       0x18 .\CortexM3\ARM_GCC_541\Debug\Final_assignment_01.a(CS_1.o)
                0x000012f4                CS_1_Write
 .text.Pin_ISR_ClearInterrupt
                0x0000130c       0x10 .\CortexM3\ARM_GCC_541\Debug\Final_assignment_01.a(Pin_ISR.o)
                0x0000130c                Pin_ISR_ClearInterrupt
 .text.isr_ACC_SetVector
                0x0000131c        0xc .\CortexM3\ARM_GCC_541\Debug\Final_assignment_01.a(isr_ACC.o)
                0x0000131c                isr_ACC_SetVector
 .text.isr_ACC_SetPriority
                0x00001328       0x10 .\CortexM3\ARM_GCC_541\Debug\Final_assignment_01.a(isr_ACC.o)
                0x00001328                isr_ACC_SetPriority
 .text.isr_ACC_Enable
                0x00001338       0x10 .\CortexM3\ARM_GCC_541\Debug\Final_assignment_01.a(isr_ACC.o)
                0x00001338                isr_ACC_Enable
 .text.isr_ACC_Disable
                0x00001348       0x10 .\CortexM3\ARM_GCC_541\Debug\Final_assignment_01.a(isr_ACC.o)
                0x00001348                isr_ACC_Disable
 .text.isr_ACC_StartEx
                0x00001358       0x1c .\CortexM3\ARM_GCC_541\Debug\Final_assignment_01.a(isr_ACC.o)
                0x00001358                isr_ACC_StartEx
 .text.SPIM_1_IntClock_Start
                0x00001374       0x1c .\CortexM3\ARM_GCC_541\Debug\Final_assignment_01.a(SPIM_1_IntClock.o)
                0x00001374                SPIM_1_IntClock_Start
 .text.SPIM_1_IntClock_Stop
                0x00001390       0x1c .\CortexM3\ARM_GCC_541\Debug\Final_assignment_01.a(SPIM_1_IntClock.o)
                0x00001390                SPIM_1_IntClock_Stop
 .text.CyHalt   0x000013ac        0x4 .\CortexM3\ARM_GCC_541\Debug\Final_assignment_01.a(CyLib.o)
                0x000013ac                CyHalt
 .text.CyDelay  0x000013b0       0x2c .\CortexM3\ARM_GCC_541\Debug\Final_assignment_01.a(CyLib.o)
                0x000013b0                CyDelay
 .text.CyDelayUs
                0x000013dc       0x14 .\CortexM3\ARM_GCC_541\Debug\Final_assignment_01.a(CyLib.o)
                0x000013dc                CyDelayUs
 .text.CyIntSetVector
                0x000013f0       0x28 .\CortexM3\ARM_GCC_541\Debug\Final_assignment_01.a(CyLib.o)
                0x000013f0                CyIntSetVector
 .text.CyIntSetPriority
                0x00001418       0x30 .\CortexM3\ARM_GCC_541\Debug\Final_assignment_01.a(CyLib.o)
                0x00001418                CyIntSetPriority
 .text.UART_1_Init
                0x00001448       0x24 .\CortexM3\ARM_GCC_541\Debug\Final_assignment_01.a(UART_1.o)
                0x00001448                UART_1_Init
 .text.UART_1_Enable
                0x0000146c       0x38 .\CortexM3\ARM_GCC_541\Debug\Final_assignment_01.a(UART_1.o)
                0x0000146c                UART_1_Enable
 .text.UART_1_Start
                0x000014a4       0x1c .\CortexM3\ARM_GCC_541\Debug\Final_assignment_01.a(UART_1.o)
                0x000014a4                UART_1_Start
 .text.UART_1_Stop
                0x000014c0       0x3c .\CortexM3\ARM_GCC_541\Debug\Final_assignment_01.a(UART_1.o)
                0x000014c0                UART_1_Stop
 .text.UART_1_PutChar
                0x000014fc       0x18 .\CortexM3\ARM_GCC_541\Debug\Final_assignment_01.a(UART_1.o)
                0x000014fc                UART_1_PutChar
 .text.UART_1_PutString
                0x00001514       0x24 .\CortexM3\ARM_GCC_541\Debug\Final_assignment_01.a(UART_1.o)
                0x00001514                UART_1_PutString
 .text.UART_1_PutArray
                0x00001538       0x28 .\CortexM3\ARM_GCC_541\Debug\Final_assignment_01.a(UART_1.o)
                0x00001538                UART_1_PutArray
 .text.UART_1_IntClock_Start
                0x00001560       0x1c .\CortexM3\ARM_GCC_541\Debug\Final_assignment_01.a(UART_1_IntClock.o)
                0x00001560                UART_1_IntClock_Start
 .text.UART_1_IntClock_Stop
                0x0000157c       0x1c .\CortexM3\ARM_GCC_541\Debug\Final_assignment_01.a(UART_1_IntClock.o)
                0x0000157c                UART_1_IntClock_Stop
 .text.PWM_RG_Enable
                0x00001598       0x10 .\CortexM3\ARM_GCC_541\Debug\Final_assignment_01.a(PWM_RG.o)
                0x00001598                PWM_RG_Enable
 .text.PWM_RG_WriteCounter
                0x000015a8        0xc .\CortexM3\ARM_GCC_541\Debug\Final_assignment_01.a(PWM_RG.o)
                0x000015a8                PWM_RG_WriteCounter
 .text.PWM_RG_WritePeriod
                0x000015b4        0xc .\CortexM3\ARM_GCC_541\Debug\Final_assignment_01.a(PWM_RG.o)
                0x000015b4                PWM_RG_WritePeriod
 .text.PWM_RG_WriteCompare1
                0x000015c0        0xc .\CortexM3\ARM_GCC_541\Debug\Final_assignment_01.a(PWM_RG.o)
                0x000015c0                PWM_RG_WriteCompare1
 .text.PWM_RG_WriteCompare2
                0x000015cc        0xc .\CortexM3\ARM_GCC_541\Debug\Final_assignment_01.a(PWM_RG.o)
                0x000015cc                PWM_RG_WriteCompare2
 .text.PWM_RG_SetInterruptMode
                0x000015d8        0xc .\CortexM3\ARM_GCC_541\Debug\Final_assignment_01.a(PWM_RG.o)
                0x000015d8                PWM_RG_SetInterruptMode
 .text.PWM_RG_ReadStatusRegister
                0x000015e4        0xc .\CortexM3\ARM_GCC_541\Debug\Final_assignment_01.a(PWM_RG.o)
                0x000015e4                PWM_RG_ReadStatusRegister
 .text.PWM_RG_ReadCapture
                0x000015f0        0xc .\CortexM3\ARM_GCC_541\Debug\Final_assignment_01.a(PWM_RG.o)
                0x000015f0                PWM_RG_ReadCapture
 .text.PWM_RG_ClearFIFO
                0x000015fc       0x14 .\CortexM3\ARM_GCC_541\Debug\Final_assignment_01.a(PWM_RG.o)
                0x000015fc                PWM_RG_ClearFIFO
 .text.PWM_RG_Init
                0x00001610       0x58 .\CortexM3\ARM_GCC_541\Debug\Final_assignment_01.a(PWM_RG.o)
                0x00001610                PWM_RG_Init
 .text.PWM_RG_Start
                0x00001668       0x1c .\CortexM3\ARM_GCC_541\Debug\Final_assignment_01.a(PWM_RG.o)
                0x00001668                PWM_RG_Start
 .text.PWM_B_Enable
                0x00001684       0x10 .\CortexM3\ARM_GCC_541\Debug\Final_assignment_01.a(PWM_B.o)
                0x00001684                PWM_B_Enable
 .text.PWM_B_WriteCounter
                0x00001694        0xc .\CortexM3\ARM_GCC_541\Debug\Final_assignment_01.a(PWM_B.o)
                0x00001694                PWM_B_WriteCounter
 .text.PWM_B_WritePeriod
                0x000016a0        0xc .\CortexM3\ARM_GCC_541\Debug\Final_assignment_01.a(PWM_B.o)
                0x000016a0                PWM_B_WritePeriod
 .text.PWM_B_WriteCompare
                0x000016ac        0xc .\CortexM3\ARM_GCC_541\Debug\Final_assignment_01.a(PWM_B.o)
                0x000016ac                PWM_B_WriteCompare
 .text.PWM_B_SetInterruptMode
                0x000016b8        0xc .\CortexM3\ARM_GCC_541\Debug\Final_assignment_01.a(PWM_B.o)
                0x000016b8                PWM_B_SetInterruptMode
 .text.PWM_B_ReadStatusRegister
                0x000016c4        0xc .\CortexM3\ARM_GCC_541\Debug\Final_assignment_01.a(PWM_B.o)
                0x000016c4                PWM_B_ReadStatusRegister
 .text.PWM_B_ReadCapture
                0x000016d0        0xc .\CortexM3\ARM_GCC_541\Debug\Final_assignment_01.a(PWM_B.o)
                0x000016d0                PWM_B_ReadCapture
 .text.PWM_B_ClearFIFO
                0x000016dc       0x14 .\CortexM3\ARM_GCC_541\Debug\Final_assignment_01.a(PWM_B.o)
                0x000016dc                PWM_B_ClearFIFO
 .text.PWM_B_Init
                0x000016f0       0x54 .\CortexM3\ARM_GCC_541\Debug\Final_assignment_01.a(PWM_B.o)
                0x000016f0                PWM_B_Init
 .text.PWM_B_Start
                0x00001744       0x1c .\CortexM3\ARM_GCC_541\Debug\Final_assignment_01.a(PWM_B.o)
                0x00001744                PWM_B_Start
 .text.CS_2_Write
                0x00001760       0x18 .\CortexM3\ARM_GCC_541\Debug\Final_assignment_01.a(CS_2.o)
                0x00001760                CS_2_Write
 .text.SPIM_2_EnableTxInt
                0x00001778        0xc .\CortexM3\ARM_GCC_541\Debug\Final_assignment_01.a(SPIM_2.o)
                0x00001778                SPIM_2_EnableTxInt
 .text.SPIM_2_EnableRxInt
                0x00001784        0xc .\CortexM3\ARM_GCC_541\Debug\Final_assignment_01.a(SPIM_2.o)
                0x00001784                SPIM_2_EnableRxInt
 .text.SPIM_2_Enable
                0x00001790       0x3c .\CortexM3\ARM_GCC_541\Debug\Final_assignment_01.a(SPIM_2.o)
                0x00001790                SPIM_2_Enable
 .text.SPIM_2_DisableTxInt
                0x000017cc        0xc .\CortexM3\ARM_GCC_541\Debug\Final_assignment_01.a(SPIM_2.o)
                0x000017cc                SPIM_2_DisableTxInt
 .text.SPIM_2_DisableRxInt
                0x000017d8        0xc .\CortexM3\ARM_GCC_541\Debug\Final_assignment_01.a(SPIM_2.o)
                0x000017d8                SPIM_2_DisableRxInt
 .text.SPIM_2_ReadTxStatus
                0x000017e4       0x28 .\CortexM3\ARM_GCC_541\Debug\Final_assignment_01.a(SPIM_2.o)
                0x000017e4                SPIM_2_ReadTxStatus
 .text.SPIM_2_ReadRxStatus
                0x0000180c       0x28 .\CortexM3\ARM_GCC_541\Debug\Final_assignment_01.a(SPIM_2.o)
                0x0000180c                SPIM_2_ReadRxStatus
 .text.SPIM_2_WriteTxData
                0x00001834       0xd4 .\CortexM3\ARM_GCC_541\Debug\Final_assignment_01.a(SPIM_2.o)
                0x00001834                SPIM_2_WriteTxData
 .text.SPIM_2_ReadRxData
                0x00001908       0x64 .\CortexM3\ARM_GCC_541\Debug\Final_assignment_01.a(SPIM_2.o)
                0x00001908                SPIM_2_ReadRxData
 .text.SPIM_2_ClearRxBuffer
                0x0000196c       0x40 .\CortexM3\ARM_GCC_541\Debug\Final_assignment_01.a(SPIM_2.o)
                0x0000196c                SPIM_2_ClearRxBuffer
 .text.SPIM_2_ClearTxBuffer
                0x000019ac       0x54 .\CortexM3\ARM_GCC_541\Debug\Final_assignment_01.a(SPIM_2.o)
                0x000019ac                SPIM_2_ClearTxBuffer
 .text.SPIM_2_PutArray
                0x00001a00       0x20 .\CortexM3\ARM_GCC_541\Debug\Final_assignment_01.a(SPIM_2.o)
                0x00001a00                SPIM_2_PutArray
 .text.SPIM_2_ClearFIFO
                0x00001a20       0x3c .\CortexM3\ARM_GCC_541\Debug\Final_assignment_01.a(SPIM_2.o)
                0x00001a20                SPIM_2_ClearFIFO
 .text.SPIM_2_Init
                0x00001a5c       0x94 .\CortexM3\ARM_GCC_541\Debug\Final_assignment_01.a(SPIM_2.o)
                0x00001a5c                SPIM_2_Init
 .text.SPIM_2_Start
                0x00001af0       0x1c .\CortexM3\ARM_GCC_541\Debug\Final_assignment_01.a(SPIM_2.o)
                0x00001af0                SPIM_2_Start
 .text.SPIM_2_TX_ISR
                0x00001b0c       0xa0 .\CortexM3\ARM_GCC_541\Debug\Final_assignment_01.a(SPIM_2_INT.o)
                0x00001b0c                SPIM_2_TX_ISR
 .text.SPIM_2_RX_ISR
                0x00001bac       0xa0 .\CortexM3\ARM_GCC_541\Debug\Final_assignment_01.a(SPIM_2_INT.o)
                0x00001bac                SPIM_2_RX_ISR
 .text.SPIM_2_IntClock_Start
                0x00001c4c       0x1c .\CortexM3\ARM_GCC_541\Debug\Final_assignment_01.a(SPIM_2_IntClock.o)
                0x00001c4c                SPIM_2_IntClock_Start
 .text.isr_DEBOUNCER_SetVector
                0x00001c68        0xc .\CortexM3\ARM_GCC_541\Debug\Final_assignment_01.a(isr_DEBOUNCER.o)
                0x00001c68                isr_DEBOUNCER_SetVector
 .text.isr_DEBOUNCER_SetPriority
                0x00001c74       0x10 .\CortexM3\ARM_GCC_541\Debug\Final_assignment_01.a(isr_DEBOUNCER.o)
                0x00001c74                isr_DEBOUNCER_SetPriority
 .text.isr_DEBOUNCER_Enable
                0x00001c84        0xc .\CortexM3\ARM_GCC_541\Debug\Final_assignment_01.a(isr_DEBOUNCER.o)
                0x00001c84                isr_DEBOUNCER_Enable
 .text.isr_DEBOUNCER_Disable
                0x00001c90        0xc .\CortexM3\ARM_GCC_541\Debug\Final_assignment_01.a(isr_DEBOUNCER.o)
                0x00001c90                isr_DEBOUNCER_Disable
 .text.isr_DEBOUNCER_StartEx
                0x00001c9c       0x1c .\CortexM3\ARM_GCC_541\Debug\Final_assignment_01.a(isr_DEBOUNCER.o)
                0x00001c9c                isr_DEBOUNCER_StartEx
 .text.Pin_Led_Blue_Write
                0x00001cb8       0x18 .\CortexM3\ARM_GCC_541\Debug\Final_assignment_01.a(Pin_Led_Blue.o)
                0x00001cb8                Pin_Led_Blue_Write
 .text.Pin_Led_Blue_Read
                0x00001cd0       0x10 .\CortexM3\ARM_GCC_541\Debug\Final_assignment_01.a(Pin_Led_Blue.o)
                0x00001cd0                Pin_Led_Blue_Read
 .text.TIMER_button_Enable
                0x00001ce0       0x28 .\CortexM3\ARM_GCC_541\Debug\Final_assignment_01.a(TIMER_button.o)
                0x00001ce0                TIMER_button_Enable
 .text.TIMER_button_Stop
                0x00001d08       0x28 .\CortexM3\ARM_GCC_541\Debug\Final_assignment_01.a(TIMER_button.o)
                0x00001d08                TIMER_button_Stop
 .text.TIMER_button_SetInterruptMode
                0x00001d30        0xc .\CortexM3\ARM_GCC_541\Debug\Final_assignment_01.a(TIMER_button.o)
                0x00001d30                TIMER_button_SetInterruptMode
 .text.TIMER_button_ReadStatusRegister
                0x00001d3c        0xc .\CortexM3\ARM_GCC_541\Debug\Final_assignment_01.a(TIMER_button.o)
                0x00001d3c                TIMER_button_ReadStatusRegister
 .text.TIMER_button_WritePeriod
                0x00001d48        0xc .\CortexM3\ARM_GCC_541\Debug\Final_assignment_01.a(TIMER_button.o)
                0x00001d48                TIMER_button_WritePeriod
 .text.TIMER_button_WriteCounter
                0x00001d54        0xc .\CortexM3\ARM_GCC_541\Debug\Final_assignment_01.a(TIMER_button.o)
                0x00001d54                TIMER_button_WriteCounter
 .text.TIMER_button_Init
                0x00001d60       0x64 .\CortexM3\ARM_GCC_541\Debug\Final_assignment_01.a(TIMER_button.o)
                0x00001d60                TIMER_button_Init
 .text.TIMER_button_Start
                0x00001dc4       0x1c .\CortexM3\ARM_GCC_541\Debug\Final_assignment_01.a(TIMER_button.o)
                0x00001dc4                TIMER_button_Start
 .text.isr_TIMER_SetVector
                0x00001de0       0x10 .\CortexM3\ARM_GCC_541\Debug\Final_assignment_01.a(isr_TIMER.o)
                0x00001de0                isr_TIMER_SetVector
 .text.isr_TIMER_SetPriority
                0x00001df0       0x10 .\CortexM3\ARM_GCC_541\Debug\Final_assignment_01.a(isr_TIMER.o)
                0x00001df0                isr_TIMER_SetPriority
 .text.isr_TIMER_Enable
                0x00001e00       0x10 .\CortexM3\ARM_GCC_541\Debug\Final_assignment_01.a(isr_TIMER.o)
                0x00001e00                isr_TIMER_Enable
 .text.isr_TIMER_Disable
                0x00001e10       0x10 .\CortexM3\ARM_GCC_541\Debug\Final_assignment_01.a(isr_TIMER.o)
                0x00001e10                isr_TIMER_Disable
 .text.isr_TIMER_StartEx
                0x00001e20       0x1c .\CortexM3\ARM_GCC_541\Debug\Final_assignment_01.a(isr_TIMER.o)
                0x00001e20                isr_TIMER_StartEx
 .text.Timer_Blinking_Enable
                0x00001e3c       0x28 .\CortexM3\ARM_GCC_541\Debug\Final_assignment_01.a(Timer_Blinking.o)
                0x00001e3c                Timer_Blinking_Enable
 .text.Timer_Blinking_Stop
                0x00001e64       0x28 .\CortexM3\ARM_GCC_541\Debug\Final_assignment_01.a(Timer_Blinking.o)
                0x00001e64                Timer_Blinking_Stop
 .text.Timer_Blinking_SetInterruptMode
                0x00001e8c        0xc .\CortexM3\ARM_GCC_541\Debug\Final_assignment_01.a(Timer_Blinking.o)
                0x00001e8c                Timer_Blinking_SetInterruptMode
 .text.Timer_Blinking_ReadStatusRegister
                0x00001e98        0xc .\CortexM3\ARM_GCC_541\Debug\Final_assignment_01.a(Timer_Blinking.o)
                0x00001e98                Timer_Blinking_ReadStatusRegister
 .text.Timer_Blinking_WritePeriod
                0x00001ea4        0xc .\CortexM3\ARM_GCC_541\Debug\Final_assignment_01.a(Timer_Blinking.o)
                0x00001ea4                Timer_Blinking_WritePeriod
 .text.Timer_Blinking_WriteCounter
                0x00001eb0        0xc .\CortexM3\ARM_GCC_541\Debug\Final_assignment_01.a(Timer_Blinking.o)
                0x00001eb0                Timer_Blinking_WriteCounter
 .text.Timer_Blinking_Init
                0x00001ebc       0x64 .\CortexM3\ARM_GCC_541\Debug\Final_assignment_01.a(Timer_Blinking.o)
                0x00001ebc                Timer_Blinking_Init
 .text.Timer_Blinking_Start
                0x00001f20       0x1c .\CortexM3\ARM_GCC_541\Debug\Final_assignment_01.a(Timer_Blinking.o)
                0x00001f20                Timer_Blinking_Start
 .text.isr_BLINKING_SetVector
                0x00001f3c       0x10 .\CortexM3\ARM_GCC_541\Debug\Final_assignment_01.a(isr_BLINKING.o)
                0x00001f3c                isr_BLINKING_SetVector
 .text.isr_BLINKING_SetPriority
                0x00001f4c       0x10 .\CortexM3\ARM_GCC_541\Debug\Final_assignment_01.a(isr_BLINKING.o)
                0x00001f4c                isr_BLINKING_SetPriority
 .text.isr_BLINKING_Enable
                0x00001f5c       0x10 .\CortexM3\ARM_GCC_541\Debug\Final_assignment_01.a(isr_BLINKING.o)
                0x00001f5c                isr_BLINKING_Enable
 .text.isr_BLINKING_Disable
                0x00001f6c       0x10 .\CortexM3\ARM_GCC_541\Debug\Final_assignment_01.a(isr_BLINKING.o)
                0x00001f6c                isr_BLINKING_Disable
 .text.isr_BLINKING_StartEx
                0x00001f7c       0x1c .\CortexM3\ARM_GCC_541\Debug\Final_assignment_01.a(isr_BLINKING.o)
                0x00001f7c                isr_BLINKING_StartEx
 .text.isr_positive_SetVector
                0x00001f98        0xc .\CortexM3\ARM_GCC_541\Debug\Final_assignment_01.a(isr_positive.o)
                0x00001f98                isr_positive_SetVector
 .text.isr_positive_SetPriority
                0x00001fa4       0x10 .\CortexM3\ARM_GCC_541\Debug\Final_assignment_01.a(isr_positive.o)
                0x00001fa4                isr_positive_SetPriority
 .text.isr_positive_Enable
                0x00001fb4        0xc .\CortexM3\ARM_GCC_541\Debug\Final_assignment_01.a(isr_positive.o)
                0x00001fb4                isr_positive_Enable
 .text.isr_positive_Disable
                0x00001fc0        0xc .\CortexM3\ARM_GCC_541\Debug\Final_assignment_01.a(isr_positive.o)
                0x00001fc0                isr_positive_Disable
 .text.isr_positive_StartEx
                0x00001fcc       0x1c .\CortexM3\ARM_GCC_541\Debug\Final_assignment_01.a(isr_positive.o)
                0x00001fcc                isr_positive_StartEx
 .text.ADC_DelSig_GainCompensation
                0x00001fe8       0xdc .\CortexM3\ARM_GCC_541\Debug\Final_assignment_01.a(ADC_DelSig.o)
 .text.ADC_DelSig_SetDSMRef0Reg
                0x000020c4       0x4c .\CortexM3\ARM_GCC_541\Debug\Final_assignment_01.a(ADC_DelSig.o)
 .text.ADC_DelSig_InitConfig
                0x00002110       0xe0 .\CortexM3\ARM_GCC_541\Debug\Final_assignment_01.a(ADC_DelSig.o)
 .text.ADC_DelSig_Init
                0x000021f0       0xc4 .\CortexM3\ARM_GCC_541\Debug\Final_assignment_01.a(ADC_DelSig.o)
                0x000021f0                ADC_DelSig_Init
 .text.ADC_DelSig_Enable
                0x000022b4       0xd8 .\CortexM3\ARM_GCC_541\Debug\Final_assignment_01.a(ADC_DelSig.o)
                0x000022b4                ADC_DelSig_Enable
 .text.ADC_DelSig_Start
                0x0000238c       0x28 .\CortexM3\ARM_GCC_541\Debug\Final_assignment_01.a(ADC_DelSig.o)
                0x0000238c                ADC_DelSig_Start
 .text.ADC_DelSig_StartConvert
                0x000023b4       0x10 .\CortexM3\ARM_GCC_541\Debug\Final_assignment_01.a(ADC_DelSig.o)
                0x000023b4                ADC_DelSig_StartConvert
 .text.ADC_DelSig_StopConvert
                0x000023c4       0x10 .\CortexM3\ARM_GCC_541\Debug\Final_assignment_01.a(ADC_DelSig.o)
                0x000023c4                ADC_DelSig_StopConvert
 .text.ADC_DelSig_IsEndConversion
                0x000023d4       0x30 .\CortexM3\ARM_GCC_541\Debug\Final_assignment_01.a(ADC_DelSig.o)
                0x000023d4                ADC_DelSig_IsEndConversion
 .text.ADC_DelSig_GetResult32
                0x00002404       0x6c .\CortexM3\ARM_GCC_541\Debug\Final_assignment_01.a(ADC_DelSig.o)
                0x00002404                ADC_DelSig_GetResult32
 .text.ADC_DelSig_Read32
                0x00002470       0x28 .\CortexM3\ARM_GCC_541\Debug\Final_assignment_01.a(ADC_DelSig.o)
                0x00002470                ADC_DelSig_Read32
 .text.ADC_DelSig_ISR1
                0x00002498        0x4 .\CortexM3\ARM_GCC_541\Debug\Final_assignment_01.a(ADC_DelSig_INT.o)
                0x00002498                ADC_DelSig_ISR1
 .text.ADC_DelSig_AMux_Start
                0x0000249c       0x20 .\CortexM3\ARM_GCC_541\Debug\Final_assignment_01.a(ADC_DelSig_AMux.o)
                0x0000249c                ADC_DelSig_AMux_Start
 .text.ADC_DelSig_AMux_Select
                0x000024bc       0x18 .\CortexM3\ARM_GCC_541\Debug\Final_assignment_01.a(ADC_DelSig_AMux.o)
                0x000024bc                ADC_DelSig_AMux_Select
 .text.ADC_DelSig_Ext_CP_Clk_GetDividerRegister
                0x000024d4        0xc .\CortexM3\ARM_GCC_541\Debug\Final_assignment_01.a(ADC_DelSig_Ext_CP_Clk.o)
                0x000024d4                ADC_DelSig_Ext_CP_Clk_GetDividerRegister
 .text.ADC_DelSig_Ext_CP_Clk_SetModeRegister
                0x000024e0       0x14 .\CortexM3\ARM_GCC_541\Debug\Final_assignment_01.a(ADC_DelSig_Ext_CP_Clk.o)
                0x000024e0                ADC_DelSig_Ext_CP_Clk_SetModeRegister
 .text.ADC_DelSig_Ext_CP_Clk_GetSourceRegister
                0x000024f4       0x10 .\CortexM3\ARM_GCC_541\Debug\Final_assignment_01.a(ADC_DelSig_Ext_CP_Clk.o)
                0x000024f4                ADC_DelSig_Ext_CP_Clk_GetSourceRegister
 .text.ADC_DelSig_Ext_CP_Clk_SetDividerRegister
                0x00002504       0xd8 .\CortexM3\ARM_GCC_541\Debug\Final_assignment_01.a(ADC_DelSig_Ext_CP_Clk.o)
                0x00002504                ADC_DelSig_Ext_CP_Clk_SetDividerRegister
 .text.ADC_DelSig_theACLK_GetDividerRegister
                0x000025dc        0xc .\CortexM3\ARM_GCC_541\Debug\Final_assignment_01.a(ADC_DelSig_theACLK.o)
                0x000025dc                ADC_DelSig_theACLK_GetDividerRegister
 .text.ADC_DelSig_theACLK_SetModeRegister
                0x000025e8       0x14 .\CortexM3\ARM_GCC_541\Debug\Final_assignment_01.a(ADC_DelSig_theACLK.o)
                0x000025e8                ADC_DelSig_theACLK_SetModeRegister
 .text.ADC_DelSig_theACLK_GetSourceRegister
                0x000025fc       0x10 .\CortexM3\ARM_GCC_541\Debug\Final_assignment_01.a(ADC_DelSig_theACLK.o)
                0x000025fc                ADC_DelSig_theACLK_GetSourceRegister
 .text.ADC_DelSig_theACLK_SetDividerRegister
                0x0000260c       0xd8 .\CortexM3\ARM_GCC_541\Debug\Final_assignment_01.a(ADC_DelSig_theACLK.o)
                0x0000260c                ADC_DelSig_theACLK_SetDividerRegister
 .text.Pin_RED_UARTVerboseFlag_Write
                0x000026e4       0x18 .\CortexM3\ARM_GCC_541\Debug\Final_assignment_01.a(Pin_RED_UARTVerboseFlag.o)
                0x000026e4                Pin_RED_UARTVerboseFlag_Write
 *fill*         0x000026fc        0x4 
 .text          0x00002700       0x20 .\CortexM3\ARM_GCC_541\Debug\Final_assignment_01.a(CyBootAsmGnu.o)
                0x00002700                CyDelayCycles
                0x00002710                CyEnterCriticalSection
                0x00002718                CyExitCriticalSection
 .text.__errno  0x00002720        0xc c:/program files (x86)/cypress/psoc creator/4.3/psoc creator/import/gnu/arm/5.4.1/bin/../lib/gcc/arm-none-eabi/5.4.1/../../../../arm-none-eabi/lib/armv7-m\libg_nano.a(lib_a-errno.o)
                0x00002720                __errno
 .text.__libc_init_array
                0x0000272c       0x4c c:/program files (x86)/cypress/psoc creator/4.3/psoc creator/import/gnu/arm/5.4.1/bin/../lib/gcc/arm-none-eabi/5.4.1/../../../../arm-none-eabi/lib/armv7-m\libg_nano.a(lib_a-init.o)
                0x0000272c                __libc_init_array
 .text.memcpy   0x00002778       0x16 c:/program files (x86)/cypress/psoc creator/4.3/psoc creator/import/gnu/arm/5.4.1/bin/../lib/gcc/arm-none-eabi/5.4.1/../../../../arm-none-eabi/lib/armv7-m\libg_nano.a(lib_a-memcpy-stub.o)
                0x00002778                memcpy
 .text.memset   0x0000278e       0x10 c:/program files (x86)/cypress/psoc creator/4.3/psoc creator/import/gnu/arm/5.4.1/bin/../lib/gcc/arm-none-eabi/5.4.1/../../../../arm-none-eabi/lib/armv7-m\libg_nano.a(lib_a-memset.o)
                0x0000278e                memset
 *fill*         0x0000279e        0x2 
 .text.sprintf  0x000027a0       0x48 c:/program files (x86)/cypress/psoc creator/4.3/psoc creator/import/gnu/arm/5.4.1/bin/../lib/gcc/arm-none-eabi/5.4.1/../../../../arm-none-eabi/lib/armv7-m\libg_nano.a(lib_a-sprintf.o)
                0x000027a0                siprintf
                0x000027a0                sprintf
 .text.__ssputs_r
                0x000027e8       0xb2 c:/program files (x86)/cypress/psoc creator/4.3/psoc creator/import/gnu/arm/5.4.1/bin/../lib/gcc/arm-none-eabi/5.4.1/../../../../arm-none-eabi/lib/armv7-m\libg_nano.a(lib_a-nano-svfprintf.o)
                0x000027e8                __ssputs_r
 *fill*         0x0000289a        0x2 
 .text._svfprintf_r
                0x0000289c      0x1e8 c:/program files (x86)/cypress/psoc creator/4.3/psoc creator/import/gnu/arm/5.4.1/bin/../lib/gcc/arm-none-eabi/5.4.1/../../../../arm-none-eabi/lib/armv7-m\libg_nano.a(lib_a-nano-svfprintf.o)
                0x0000289c                _svfiprintf_r
                0x0000289c                _svfprintf_r
 .text._printf_common
                0x00002a84       0xec c:/program files (x86)/cypress/psoc creator/4.3/psoc creator/import/gnu/arm/5.4.1/bin/../lib/gcc/arm-none-eabi/5.4.1/../../../../arm-none-eabi/lib/armv7-m\libg_nano.a(lib_a-nano-vfprintf_i.o)
                0x00002a84                _printf_common
 .text._printf_i
                0x00002b70      0x24c c:/program files (x86)/cypress/psoc creator/4.3/psoc creator/import/gnu/arm/5.4.1/bin/../lib/gcc/arm-none-eabi/5.4.1/../../../../arm-none-eabi/lib/armv7-m\libg_nano.a(lib_a-nano-vfprintf_i.o)
                0x00002b70                _printf_i
 .text.memchr   0x00002dbc       0x1c c:/program files (x86)/cypress/psoc creator/4.3/psoc creator/import/gnu/arm/5.4.1/bin/../lib/gcc/arm-none-eabi/5.4.1/../../../../arm-none-eabi/lib/armv7-m\libg_nano.a(lib_a-memchr-stub.o)
                0x00002dbc                memchr
 .text.memmove  0x00002dd8       0x36 c:/program files (x86)/cypress/psoc creator/4.3/psoc creator/import/gnu/arm/5.4.1/bin/../lib/gcc/arm-none-eabi/5.4.1/../../../../arm-none-eabi/lib/armv7-m\libg_nano.a(lib_a-memmove.o)
                0x00002dd8                memmove
 *fill*         0x00002e0e        0x2 
 .text._free_r  0x00002e10       0x98 c:/program files (x86)/cypress/psoc creator/4.3/psoc creator/import/gnu/arm/5.4.1/bin/../lib/gcc/arm-none-eabi/5.4.1/../../../../arm-none-eabi/lib/armv7-m\libg_nano.a(lib_a-nano-freer.o)
                0x00002e10                _free_r
 .text._malloc_r
                0x00002ea8       0xbc c:/program files (x86)/cypress/psoc creator/4.3/psoc creator/import/gnu/arm/5.4.1/bin/../lib/gcc/arm-none-eabi/5.4.1/../../../../arm-none-eabi/lib/armv7-m\libg_nano.a(lib_a-nano-mallocr.o)
                0x00002ea8                _malloc_r
 .text._realloc_r
                0x00002f64       0x4c c:/program files (x86)/cypress/psoc creator/4.3/psoc creator/import/gnu/arm/5.4.1/bin/../lib/gcc/arm-none-eabi/5.4.1/../../../../arm-none-eabi/lib/armv7-m\libg_nano.a(lib_a-nano-reallocr.o)
                0x00002f64                _realloc_r
 .text._sbrk_r  0x00002fb0       0x20 c:/program files (x86)/cypress/psoc creator/4.3/psoc creator/import/gnu/arm/5.4.1/bin/../lib/gcc/arm-none-eabi/5.4.1/../../../../arm-none-eabi/lib/armv7-m\libg_nano.a(lib_a-sbrkr.o)
                0x00002fb0                _sbrk_r
 .text.__malloc_lock
                0x00002fd0        0x2 c:/program files (x86)/cypress/psoc creator/4.3/psoc creator/import/gnu/arm/5.4.1/bin/../lib/gcc/arm-none-eabi/5.4.1/../../../../arm-none-eabi/lib/armv7-m\libg_nano.a(lib_a-mlock.o)
                0x00002fd0                __malloc_lock
 .text.__malloc_unlock
                0x00002fd2        0x2 c:/program files (x86)/cypress/psoc creator/4.3/psoc creator/import/gnu/arm/5.4.1/bin/../lib/gcc/arm-none-eabi/5.4.1/../../../../arm-none-eabi/lib/armv7-m\libg_nano.a(lib_a-mlock.o)
                0x00002fd2                __malloc_unlock
 .text._malloc_usable_size_r
                0x00002fd4       0x14 c:/program files (x86)/cypress/psoc creator/4.3/psoc creator/import/gnu/arm/5.4.1/bin/../lib/gcc/arm-none-eabi/5.4.1/../../../../arm-none-eabi/lib/armv7-m\libg_nano.a(lib_a-nano-msizer.o)
                0x00002fd4                _malloc_usable_size_r
 *(.plt)
 *(.gnu.warning)
 *(.glue_7t)
 .glue_7t       0x00002fe8        0x0 linker stubs
 *(.glue_7)
 .glue_7        0x00002fe8        0x0 linker stubs
 *(.vfp11_veneer)
 .vfp11_veneer  0x00002fe8        0x0 linker stubs
 *(.bootloader)
 *(.ARM.extab* .gnu.linkonce.armextab.*)
 *(.gcc_except_table)

.v4_bx          0x00002fe8        0x0
 .v4_bx         0x00002fe8        0x0 linker stubs

.iplt           0x00002fe8        0x0
 .iplt          0x00002fe8        0x0 c:/program files (x86)/cypress/psoc creator/4.3/psoc creator/import/gnu/arm/5.4.1/bin/../lib/gcc/arm-none-eabi/5.4.1/armv7-m/crtbegin.o

.eh_frame_hdr
 *(.eh_frame_hdr)

.eh_frame       0x00002fe8        0x4
 *(.eh_frame)
 .eh_frame      0x00002fe8        0x0 c:/program files (x86)/cypress/psoc creator/4.3/psoc creator/import/gnu/arm/5.4.1/bin/../lib/gcc/arm-none-eabi/5.4.1/armv7-m/crtbegin.o
 .eh_frame      0x00002fe8        0x4 c:/program files (x86)/cypress/psoc creator/4.3/psoc creator/import/gnu/arm/5.4.1/bin/../lib/gcc/arm-none-eabi/5.4.1/armv7-m/crtend.o
                [!provide]                PROVIDE (__exidx_start, .)

.ARM.exidx
 *(.ARM.exidx* .gnu.linkonce.armexidx.*)
                0x00002fec                __exidx_end = .

.rodata         0x00002fec      0x3cc
 *(.rodata .rodata.* .gnu.linkonce.r.*)
 .rodata        0x00002fec        0x6 .\CortexM3\ARM_GCC_541\Debug\main.o
 *fill*         0x00002ff2        0x2 
 .rodata.str1.4
                0x00002ff4      0x2dc .\CortexM3\ARM_GCC_541\Debug\main.o
                                0x2da (size before relaxing)
 .rodata        0x000032d0       0x78 .\CortexM3\ARM_GCC_541\Debug\cyfitter_cfg.o
                0x000032d0                ADC_DelSig_AMux__addrTable
                0x000032d8                ADC_DelSig_AMux__maskTable
 .rodata.str1.1
                0x00003348        0x2 c:/program files (x86)/cypress/psoc creator/4.3/psoc creator/import/gnu/arm/5.4.1/bin/../lib/gcc/arm-none-eabi/5.4.1/../../../../arm-none-eabi/lib/armv7-m\libg_nano.a(lib_a-impure.o)
 .rodata.str1.1
                0x0000334a       0x11 c:/program files (x86)/cypress/psoc creator/4.3/psoc creator/import/gnu/arm/5.4.1/bin/../lib/gcc/arm-none-eabi/5.4.1/../../../../arm-none-eabi/lib/armv7-m\libg_nano.a(lib_a-nano-svfprintf.o)
 .rodata.str1.1
                0x0000335b       0x22 c:/program files (x86)/cypress/psoc creator/4.3/psoc creator/import/gnu/arm/5.4.1/bin/../lib/gcc/arm-none-eabi/5.4.1/../../../../arm-none-eabi/lib/armv7-m\libg_nano.a(lib_a-nano-vfprintf_i.o)
                0x00003380                . = ALIGN (0x4)
 *fill*         0x0000337d        0x3 
 *(.init)
 .init          0x00003380        0x4 c:/program files (x86)/cypress/psoc creator/4.3/psoc creator/import/gnu/arm/5.4.1/bin/../lib/gcc/arm-none-eabi/5.4.1/armv7-m/crti.o
                0x00003380                _init
 .init          0x00003384        0x8 c:/program files (x86)/cypress/psoc creator/4.3/psoc creator/import/gnu/arm/5.4.1/bin/../lib/gcc/arm-none-eabi/5.4.1/armv7-m/crtn.o
                0x0000338c                . = ALIGN (0x4)
                0x0000338c                __preinit_array_start = .
 *(.preinit_array)
                0x0000338c                __preinit_array_end = .
                0x0000338c                . = ALIGN (0x4)
                0x0000338c                __init_array_start = .
 *(SORT(.init_array.*))
 *(.init_array)
 .init_array    0x0000338c        0x4 c:/program files (x86)/cypress/psoc creator/4.3/psoc creator/import/gnu/arm/5.4.1/bin/../lib/gcc/arm-none-eabi/5.4.1/armv7-m/crtbegin.o
 .init_array    0x00003390        0x4 .\CortexM3\ARM_GCC_541\Debug\Cm3Start.o
                0x00003394                __init_array_end = .
                0x00003394                . = ALIGN (0x4)
 *(.fini)
 .fini          0x00003394        0x4 c:/program files (x86)/cypress/psoc creator/4.3/psoc creator/import/gnu/arm/5.4.1/bin/../lib/gcc/arm-none-eabi/5.4.1/armv7-m/crti.o
                0x00003394                _fini
 .fini          0x00003398        0x8 c:/program files (x86)/cypress/psoc creator/4.3/psoc creator/import/gnu/arm/5.4.1/bin/../lib/gcc/arm-none-eabi/5.4.1/armv7-m/crtn.o
                0x000033a0                . = ALIGN (0x4)
                0x000033a0                __fini_array_start = .
 *(.fini_array)
 .fini_array    0x000033a0        0x4 c:/program files (x86)/cypress/psoc creator/4.3/psoc creator/import/gnu/arm/5.4.1/bin/../lib/gcc/arm-none-eabi/5.4.1/armv7-m/crtbegin.o
 *(SORT(.fini_array.*))
                0x000033a4                __fini_array_end = .
                0x000033a4                . = ALIGN (0x4)
 *crtbegin.o(.ctors)
 *(EXCLUDE_FILE(*crtend.o) .ctors)
 *(SORT(.ctors.*))
 *crtend.o(.ctors)
                0x000033a4                . = ALIGN (0x4)
 *crtbegin.o(.dtors)
 *(EXCLUDE_FILE(*crtend.o) .dtors)
 *(SORT(.dtors.*))
 *crtend.o(.dtors)
                0x000033a4                . = ALIGN (0x4)
                0x000033a4                __cy_regions = .
                0x000033a4        0x4 LONG 0x33b8 __cy_region_init_ram
                0x000033a8        0x4 LONG 0x1fff80c8 __cy_region_start_data
                0x000033ac        0x4 LONG 0x80 __cy_region_init_size_ram
                0x000033b0        0x4 LONG 0xf0 __cy_region_zero_size_ram
                0x000033b4                __cy_regions_end = .
                0x000033b8                . = ALIGN (0x8)
 *fill*         0x000033b4        0x4 
                0x000033b8                _etext = .

.cy_checksum_exclude
                0x000033b8        0x0
 *(.cy_checksum_exclude)

.ramvectors     0x1fff8000       0xc0
                0x1fff8000                __cy_region_start_ram = .
 *(.ramvectors)
 .ramvectors    0x1fff8000       0xc0 .\CortexM3\ARM_GCC_541\Debug\Cm3Start.o
                0x1fff8000                CyRamVectors

.noinit         0x1fff80c0        0x1
 *(.noinit)
 .noinit        0x1fff80c0        0x1 .\CortexM3\ARM_GCC_541\Debug\Final_assignment_01.a(CyLib.o)
                0x1fff80c0                CyResetStatus

.data           0x1fff80c8       0x80 load address 0x000033b8
                0x1fff80c8                __cy_region_start_data = .
 *(.jcr)
 .jcr           0x1fff80c8        0x0 c:/program files (x86)/cypress/psoc creator/4.3/psoc creator/import/gnu/arm/5.4.1/bin/../lib/gcc/arm-none-eabi/5.4.1/armv7-m/crtbegin.o
 .jcr           0x1fff80c8        0x4 c:/program files (x86)/cypress/psoc creator/4.3/psoc creator/import/gnu/arm/5.4.1/bin/../lib/gcc/arm-none-eabi/5.4.1/armv7-m/crtend.o
 *(.got.plt)
 *(.got)
 *(.shdata)
 *(.data .data.* .gnu.linkonce.d.*)
 .data          0x1fff80cc        0x4 .\CortexM3\ARM_GCC_541\Debug\Cm3Start.o
 .data          0x1fff80d0       0x10 .\CortexM3\ARM_GCC_541\Debug\Final_assignment_01.a(CyLib.o)
                0x1fff80d0                cydelay_32k_ms
                0x1fff80d4                cydelay_freq_khz
                0x1fff80d8                cydelay_freq_mhz
                0x1fff80dc                cydelay_freq_hz
 .data          0x1fff80e0        0x1 .\CortexM3\ARM_GCC_541\Debug\Final_assignment_01.a(ADC_DelSig.o)
                0x1fff80e0                ADC_DelSig_Config
 .data          0x1fff80e1        0x1 .\CortexM3\ARM_GCC_541\Debug\Final_assignment_01.a(ADC_DelSig_AMux.o)
 *fill*         0x1fff80e2        0x2 
 .data.impure_data
                0x1fff80e4       0x60 c:/program files (x86)/cypress/psoc creator/4.3/psoc creator/import/gnu/arm/5.4.1/bin/../lib/gcc/arm-none-eabi/5.4.1/../../../../arm-none-eabi/lib/armv7-m\libg_nano.a(lib_a-impure.o)
 .data._impure_ptr
                0x1fff8144        0x4 c:/program files (x86)/cypress/psoc creator/4.3/psoc creator/import/gnu/arm/5.4.1/bin/../lib/gcc/arm-none-eabi/5.4.1/../../../../arm-none-eabi/lib/armv7-m\libg_nano.a(lib_a-impure.o)
                0x1fff8144                _impure_ptr
                0x1fff8148                . = ALIGN (0x8)
 *(.ram)
                0x1fff8148                _edata = .

.igot.plt       0x1fff8148        0x0 load address 0x00003438
 .igot.plt      0x1fff8148        0x0 c:/program files (x86)/cypress/psoc creator/4.3/psoc creator/import/gnu/arm/5.4.1/bin/../lib/gcc/arm-none-eabi/5.4.1/armv7-m/crtbegin.o

.bss            0x1fff8148       0xf0 load address 0x00003438
                0x1fff8148                PROVIDE (__bss_start__, .)
 *(.shbss)
 *(.bss .bss.* .gnu.linkonce.b.*)
 .bss           0x1fff8148       0x1c c:/program files (x86)/cypress/psoc creator/4.3/psoc creator/import/gnu/arm/5.4.1/bin/../lib/gcc/arm-none-eabi/5.4.1/armv7-m/crtbegin.o
 .bss           0x1fff8164        0x5 .\CortexM3\ARM_GCC_541\Debug\InterruptRoutines.o
                0x1fff8164                i
                0x1fff8165                configuration_status
                0x1fff8166                system_status
                0x1fff8167                UARTVerboseFlag
                0x1fff8168                TimerFlag
 .bss           0x1fff8169        0x1 .\CortexM3\ARM_GCC_541\Debug\Final_assignment_01.a(SPIM_1.o)
                0x1fff8169                SPIM_1_initVar
 .bss           0x1fff816a        0x2 .\CortexM3\ARM_GCC_541\Debug\Final_assignment_01.a(UART_1.o)
                0x1fff816a                UART_1_initVar
 .bss           0x1fff816c        0x1 .\CortexM3\ARM_GCC_541\Debug\Final_assignment_01.a(PWM_RG.o)
                0x1fff816c                PWM_RG_initVar
 .bss           0x1fff816d        0x1 .\CortexM3\ARM_GCC_541\Debug\Final_assignment_01.a(PWM_B.o)
                0x1fff816d                PWM_B_initVar
 .bss           0x1fff816e        0x1 .\CortexM3\ARM_GCC_541\Debug\Final_assignment_01.a(SPIM_2.o)
                0x1fff816e                SPIM_2_initVar
 .bss           0x1fff816f        0x1 .\CortexM3\ARM_GCC_541\Debug\Final_assignment_01.a(TIMER_button.o)
                0x1fff816f                TIMER_button_initVar
 .bss           0x1fff8170        0x1 .\CortexM3\ARM_GCC_541\Debug\Final_assignment_01.a(Timer_Blinking.o)
                0x1fff8170                Timer_Blinking_initVar
 *fill*         0x1fff8171        0x3 
 .bss           0x1fff8174        0xc .\CortexM3\ARM_GCC_541\Debug\Final_assignment_01.a(ADC_DelSig.o)
                0x1fff8178                ADC_DelSig_stopConversion
                0x1fff8179                ADC_DelSig_convDone
                0x1fff817a                ADC_DelSig_initVar
                0x1fff817b                ADC_DelSig_started
                0x1fff817c                ADC_DelSig_Offset
 .bss.__malloc_sbrk_start
                0x1fff8180        0x4 c:/program files (x86)/cypress/psoc creator/4.3/psoc creator/import/gnu/arm/5.4.1/bin/../lib/gcc/arm-none-eabi/5.4.1/../../../../arm-none-eabi/lib/armv7-m\libg_nano.a(lib_a-nano-mallocr.o)
                0x1fff8180                __malloc_sbrk_start
 .bss.__malloc_free_list
                0x1fff8184        0x4 c:/program files (x86)/cypress/psoc creator/4.3/psoc creator/import/gnu/arm/5.4.1/bin/../lib/gcc/arm-none-eabi/5.4.1/../../../../arm-none-eabi/lib/armv7-m\libg_nano.a(lib_a-nano-mallocr.o)
                0x1fff8184                __malloc_free_list
 *(COMMON)
 COMMON         0x1fff8188       0x69 .\CortexM3\ARM_GCC_541\Debug\main.o
                0x1fff8188                data_water
                0x1fff818c                bufferUART
                0x1fff81f0                PacketReadyFlag
 *fill*         0x1fff81f1        0x3 
 COMMON         0x1fff81f4        0x5 .\CortexM3\ARM_GCC_541\Debug\InterruptRoutines.o
                0x1fff81f4                value_POT
                0x1fff81f8                data_register
 *fill*         0x1fff81f9        0x3 
 COMMON         0x1fff81fc       0x1c .\CortexM3\ARM_GCC_541\Debug\Final_assignment_01.a(SPIM_1.o)
                0x1fff81fc                SPIM_1_swStatusTx
                0x1fff8200                SPIM_1_txBuffer
                0x1fff8208                SPIM_1_txBufferFull
                0x1fff8209                SPIM_1_rxBufferWrite
                0x1fff820a                SPIM_1_rxBufferFull
                0x1fff820b                SPIM_1_rxBufferRead
                0x1fff820c                SPIM_1_txBufferWrite
                0x1fff820d                SPIM_1_swStatusRx
                0x1fff820e                SPIM_1_txBufferRead
                0x1fff8210                SPIM_1_rxBuffer
 COMMON         0x1fff8218       0x18 .\CortexM3\ARM_GCC_541\Debug\Final_assignment_01.a(SPIM_2.o)
                0x1fff8218                SPIM_2_rxBuffer
                0x1fff8220                SPIM_2_swStatusRx
                0x1fff8221                SPIM_2_rxBufferWrite
                0x1fff8222                SPIM_2_rxBufferFull
                0x1fff8223                SPIM_2_txBufferFull
                0x1fff8224                SPIM_2_txBufferRead
                0x1fff8225                SPIM_2_txBufferWrite
                0x1fff8226                SPIM_2_rxBufferRead
                0x1fff8227                SPIM_2_swStatusTx
                0x1fff8228                SPIM_2_txBuffer
 COMMON         0x1fff8230        0x4 .\CortexM3\ARM_GCC_541\Debug\Final_assignment_01.a(ADC_DelSig.o)
                0x1fff8230                ADC_DelSig_CountsPerVolt
 COMMON         0x1fff8234        0x4 c:/program files (x86)/cypress/psoc creator/4.3/psoc creator/import/gnu/arm/5.4.1/bin/../lib/gcc/arm-none-eabi/5.4.1/../../../../arm-none-eabi/lib/armv7-m\libg_nano.a(lib_a-reent.o)
                0x1fff8234                errno
                0x1fff8238                . = ALIGN (0x8)
 *(.ram.b)
                0x1fff8238                _end = .
                0x1fff8238                __end = .
                0x1fff8238                PROVIDE (end, .)
                0x1fff8238                PROVIDE (__bss_end__, .)
                0x000033b8                __cy_region_init_ram = LOADADDR (.data)
                0x00000080                __cy_region_init_size_ram = (_edata - ADDR (.data))
                0x000000f0                __cy_region_zero_size_ram = (_end - _edata)

.heap           0x1fff8238       0x80 load address 0x00003438
                0x1fff8238                . = _end
                0x1fff82b8                . = (. + 0x80)
 *fill*         0x1fff8238       0x80 
                0x1fff82b8                __cy_heap_limit = .

.stack          0x20007800      0x800
                0x20007800                __cy_stack_limit = .
                0x20008000                . = (. + 0x800)
 *fill*         0x20007800      0x800 
                0x00000001                ASSERT ((__cy_stack_limit >= __cy_heap_limit), region RAM overflowed with stack)
                0x00000000                cy_checksum_exclude_size = (CY_APPL_LOADABLE == 0x1)?SIZEOF (.cy_checksum_exclude):0x0
                0x00000001                ASSERT ((cy_checksum_exclude_size <= CY_CHECKSUM_EXCLUDE_SIZE), CY_BOOT: Section .cy_checksum_exclude size exceedes specified limit.)

.cyloadermeta
 *(.cyloadermeta)

.cyloadablemeta
 *(.cyloadablemeta)

.cyconfigecc    0x80000000      0x994
 *(.cyconfigecc)
 .cyconfigecc   0x80000000      0x994 .\CortexM3\ARM_GCC_541\Debug\cymetadata.o
                0x80000000                cy_meta_configecc

.cycustnvl      0x90000000        0x4
 *(.cycustnvl)
 .cycustnvl     0x90000000        0x4 .\CortexM3\ARM_GCC_541\Debug\cymetadata.o
                0x90000000                cy_meta_custnvl

.cywolatch      0x90100000        0x4
 *(.cywolatch)
 .cywolatch     0x90100000        0x4 .\CortexM3\ARM_GCC_541\Debug\cymetadata.o
                0x90100000                cy_meta_wonvl

.cyeeprom       0x90200000        0x0
 *(.cyeeprom)
                0x00000001                ASSERT ((. <= ((0x90200000 + ee_offset) + ee_size)), .cyeeprom data will not fit in EEPROM)

.cyflashprotect
                0x90400000      0x100
 *(.cyflashprotect)
 .cyflashprotect
                0x90400000      0x100 .\CortexM3\ARM_GCC_541\Debug\cymetadata.o
                0x90400000                cy_meta_flashprotect

.cymeta         0x90500000        0xc
 *(.cymeta)
 .cymeta        0x90500000        0xc .\CortexM3\ARM_GCC_541\Debug\cymetadata.o
                0x90500000                cy_metadata

.rel.dyn        0x00003438        0x0 load address 0x9050000c
 .rel.iplt      0x00003438        0x0 c:/program files (x86)/cypress/psoc creator/4.3/psoc creator/import/gnu/arm/5.4.1/bin/../lib/gcc/arm-none-eabi/5.4.1/armv7-m/crtbegin.o

.stab
 *(.stab)

.stabstr
 *(.stabstr)

.debug
 *(.debug)

.line
 *(.line)

.debug_srcinfo
 *(.debug_srcinfo)

.debug_sfnames
 *(.debug_sfnames)

.debug_aranges  0x00000000     0x1340
 *(.debug_aranges)
 .debug_aranges
                0x00000000       0x20 .\CortexM3\ARM_GCC_541\Debug\main.o
 .debug_aranges
                0x00000020       0x38 .\CortexM3\ARM_GCC_541\Debug\SPI_Interface.o
 .debug_aranges
                0x00000058       0x38 .\CortexM3\ARM_GCC_541\Debug\LIS3DH_SPI.o
 .debug_aranges
                0x00000090       0x40 .\CortexM3\ARM_GCC_541\Debug\InterruptRoutines.o
 .debug_aranges
                0x000000d0       0x48 .\CortexM3\ARM_GCC_541\Debug\RGBLedDriver.o
 .debug_aranges
                0x00000118       0x50 .\CortexM3\ARM_GCC_541\Debug\25LC256.o
 .debug_aranges
                0x00000168       0x38 .\CortexM3\ARM_GCC_541\Debug\SPI_Interface_EEPROM.o
 .debug_aranges
                0x000001a0       0x68 .\CortexM3\ARM_GCC_541\Debug\cyfitter_cfg.o
 .debug_aranges
                0x00000208       0x18 .\CortexM3\ARM_GCC_541\Debug\cymetadata.o
 .debug_aranges
                0x00000220       0x48 .\CortexM3\ARM_GCC_541\Debug\Cm3Start.o
 .debug_aranges
                0x00000268       0xd8 .\CortexM3\ARM_GCC_541\Debug\Final_assignment_01.a(SPIM_1.o)
 .debug_aranges
                0x00000340       0x28 .\CortexM3\ARM_GCC_541\Debug\Final_assignment_01.a(SPIM_1_INT.o)
 .debug_aranges
                0x00000368       0x38 .\CortexM3\ARM_GCC_541\Debug\Final_assignment_01.a(CS_1.o)
 .debug_aranges
                0x000003a0       0x48 .\CortexM3\ARM_GCC_541\Debug\Final_assignment_01.a(Pin_ISR.o)
 .debug_aranges
                0x000003e8       0x80 .\CortexM3\ARM_GCC_541\Debug\Final_assignment_01.a(isr_ACC.o)
 .debug_aranges
                0x00000468       0x70 .\CortexM3\ARM_GCC_541\Debug\Final_assignment_01.a(SPIM_1_IntClock.o)
 .debug_aranges
                0x000004d8      0x2a0 .\CortexM3\ARM_GCC_541\Debug\Final_assignment_01.a(CyLib.o)
 .debug_aranges
                0x00000778       0x98 .\CortexM3\ARM_GCC_541\Debug\Final_assignment_01.a(cyPm.o)
 .debug_aranges
                0x00000810       0xf0 .\CortexM3\ARM_GCC_541\Debug\Final_assignment_01.a(UART_1.o)
 .debug_aranges
                0x00000900       0x70 .\CortexM3\ARM_GCC_541\Debug\Final_assignment_01.a(UART_1_IntClock.o)
 .debug_aranges
                0x00000970       0xa8 .\CortexM3\ARM_GCC_541\Debug\Final_assignment_01.a(PWM_RG.o)
 .debug_aranges
                0x00000a18       0x98 .\CortexM3\ARM_GCC_541\Debug\Final_assignment_01.a(PWM_B.o)
 .debug_aranges
                0x00000ab0       0x38 .\CortexM3\ARM_GCC_541\Debug\Final_assignment_01.a(CS_2.o)
 .debug_aranges
                0x00000ae8       0xd8 .\CortexM3\ARM_GCC_541\Debug\Final_assignment_01.a(SPIM_2.o)
 .debug_aranges
                0x00000bc0       0x28 .\CortexM3\ARM_GCC_541\Debug\Final_assignment_01.a(SPIM_2_INT.o)
 .debug_aranges
                0x00000be8       0x70 .\CortexM3\ARM_GCC_541\Debug\Final_assignment_01.a(SPIM_2_IntClock.o)
 .debug_aranges
                0x00000c58       0x80 .\CortexM3\ARM_GCC_541\Debug\Final_assignment_01.a(isr_DEBOUNCER.o)
 .debug_aranges
                0x00000cd8       0x38 .\CortexM3\ARM_GCC_541\Debug\Final_assignment_01.a(Pin_Led_Blue.o)
 .debug_aranges
                0x00000d10       0x88 .\CortexM3\ARM_GCC_541\Debug\Final_assignment_01.a(TIMER_button.o)
 .debug_aranges
                0x00000d98       0x80 .\CortexM3\ARM_GCC_541\Debug\Final_assignment_01.a(isr_TIMER.o)
 .debug_aranges
                0x00000e18       0x88 .\CortexM3\ARM_GCC_541\Debug\Final_assignment_01.a(Timer_Blinking.o)
 .debug_aranges
                0x00000ea0       0x80 .\CortexM3\ARM_GCC_541\Debug\Final_assignment_01.a(isr_BLINKING.o)
 .debug_aranges
                0x00000f20       0x80 .\CortexM3\ARM_GCC_541\Debug\Final_assignment_01.a(isr_positive.o)
 .debug_aranges
                0x00000fa0       0xe8 .\CortexM3\ARM_GCC_541\Debug\Final_assignment_01.a(ADC_DelSig.o)
 .debug_aranges
                0x00001088       0x38 .\CortexM3\ARM_GCC_541\Debug\Final_assignment_01.a(ADC_DelSig_INT.o)
 .debug_aranges
                0x000010c0       0x30 .\CortexM3\ARM_GCC_541\Debug\Final_assignment_01.a(ADC_DelSig_AMux.o)
 .debug_aranges
                0x000010f0       0x70 .\CortexM3\ARM_GCC_541\Debug\Final_assignment_01.a(ADC_DelSig_Ext_CP_Clk.o)
 .debug_aranges
                0x00001160       0x80 .\CortexM3\ARM_GCC_541\Debug\Final_assignment_01.a(ADC_DelSig_theACLK.o)
 .debug_aranges
                0x000011e0       0x38 .\CortexM3\ARM_GCC_541\Debug\Final_assignment_01.a(Pin_RED_UARTVerboseFlag.o)
 .debug_aranges
                0x00001218       0x20 .\CortexM3\ARM_GCC_541\Debug\Final_assignment_01.a(CyBootAsmGnu.o)
 .debug_aranges
                0x00001238       0x88 .\CortexM3\ARM_GCC_541\Debug\Final_assignment_01.a(CyFlash.o)
 .debug_aranges
                0x000012c0       0x80 .\CortexM3\ARM_GCC_541\Debug\Final_assignment_01.a(CySpc.o)

.debug_pubnames
 *(.debug_pubnames)

.debug_info     0x00000000     0xa578
 *(.debug_info .gnu.linkonce.wi.*)
 .debug_info    0x00000000      0xa42 .\CortexM3\ARM_GCC_541\Debug\main.o
 .debug_info    0x00000a42      0x3d4 .\CortexM3\ARM_GCC_541\Debug\SPI_Interface.o
 .debug_info    0x00000e16      0x2f5 .\CortexM3\ARM_GCC_541\Debug\LIS3DH_SPI.o
 .debug_info    0x0000110b      0x4a7 .\CortexM3\ARM_GCC_541\Debug\InterruptRoutines.o
 .debug_info    0x000015b2      0x263 .\CortexM3\ARM_GCC_541\Debug\RGBLedDriver.o
 .debug_info    0x00001815      0x3b4 .\CortexM3\ARM_GCC_541\Debug\25LC256.o
 .debug_info    0x00001bc9      0x3d4 .\CortexM3\ARM_GCC_541\Debug\SPI_Interface_EEPROM.o
 .debug_info    0x00001f9d      0x6c7 .\CortexM3\ARM_GCC_541\Debug\cyfitter_cfg.o
 .debug_info    0x00002664      0x139 .\CortexM3\ARM_GCC_541\Debug\cymetadata.o
 .debug_info    0x0000279d      0x3bb .\CortexM3\ARM_GCC_541\Debug\Cm3Start.o
 .debug_info    0x00002b58      0x709 .\CortexM3\ARM_GCC_541\Debug\Final_assignment_01.a(SPIM_1.o)
 .debug_info    0x00003261      0x18d .\CortexM3\ARM_GCC_541\Debug\Final_assignment_01.a(SPIM_1_INT.o)
 .debug_info    0x000033ee      0x11f .\CortexM3\ARM_GCC_541\Debug\Final_assignment_01.a(CS_1.o)
 .debug_info    0x0000350d      0x174 .\CortexM3\ARM_GCC_541\Debug\Final_assignment_01.a(Pin_ISR.o)
 .debug_info    0x00003681      0x2d2 .\CortexM3\ARM_GCC_541\Debug\Final_assignment_01.a(isr_ACC.o)
 .debug_info    0x00003953      0x283 .\CortexM3\ARM_GCC_541\Debug\Final_assignment_01.a(SPIM_1_IntClock.o)
 .debug_info    0x00003bd6     0x1374 .\CortexM3\ARM_GCC_541\Debug\Final_assignment_01.a(CyLib.o)
 .debug_info    0x00004f4a      0xa2a .\CortexM3\ARM_GCC_541\Debug\Final_assignment_01.a(cyPm.o)
 .debug_info    0x00005974      0x60c .\CortexM3\ARM_GCC_541\Debug\Final_assignment_01.a(UART_1.o)
 .debug_info    0x00005f80      0x283 .\CortexM3\ARM_GCC_541\Debug\Final_assignment_01.a(UART_1_IntClock.o)
 .debug_info    0x00006203      0x381 .\CortexM3\ARM_GCC_541\Debug\Final_assignment_01.a(PWM_RG.o)
 .debug_info    0x00006584      0x333 .\CortexM3\ARM_GCC_541\Debug\Final_assignment_01.a(PWM_B.o)
 .debug_info    0x000068b7      0x11f .\CortexM3\ARM_GCC_541\Debug\Final_assignment_01.a(CS_2.o)
 .debug_info    0x000069d6      0x709 .\CortexM3\ARM_GCC_541\Debug\Final_assignment_01.a(SPIM_2.o)
 .debug_info    0x000070df      0x18d .\CortexM3\ARM_GCC_541\Debug\Final_assignment_01.a(SPIM_2_INT.o)
 .debug_info    0x0000726c      0x283 .\CortexM3\ARM_GCC_541\Debug\Final_assignment_01.a(SPIM_2_IntClock.o)
 .debug_info    0x000074ef      0x2d2 .\CortexM3\ARM_GCC_541\Debug\Final_assignment_01.a(isr_DEBOUNCER.o)
 .debug_info    0x000077c1      0x11f .\CortexM3\ARM_GCC_541\Debug\Final_assignment_01.a(Pin_Led_Blue.o)
 .debug_info    0x000078e0      0x293 .\CortexM3\ARM_GCC_541\Debug\Final_assignment_01.a(TIMER_button.o)
 .debug_info    0x00007b73      0x2d2 .\CortexM3\ARM_GCC_541\Debug\Final_assignment_01.a(isr_TIMER.o)
 .debug_info    0x00007e45      0x293 .\CortexM3\ARM_GCC_541\Debug\Final_assignment_01.a(Timer_Blinking.o)
 .debug_info    0x000080d8      0x2d2 .\CortexM3\ARM_GCC_541\Debug\Final_assignment_01.a(isr_BLINKING.o)
 .debug_info    0x000083aa      0x2d2 .\CortexM3\ARM_GCC_541\Debug\Final_assignment_01.a(isr_positive.o)
 .debug_info    0x0000867c      0xa19 .\CortexM3\ARM_GCC_541\Debug\Final_assignment_01.a(ADC_DelSig.o)
 .debug_info    0x00009095       0xd3 .\CortexM3\ARM_GCC_541\Debug\Final_assignment_01.a(ADC_DelSig_INT.o)
 .debug_info    0x00009168      0x165 .\CortexM3\ARM_GCC_541\Debug\Final_assignment_01.a(ADC_DelSig_AMux.o)
 .debug_info    0x000092cd      0x283 .\CortexM3\ARM_GCC_541\Debug\Final_assignment_01.a(ADC_DelSig_Ext_CP_Clk.o)
 .debug_info    0x00009550      0x2c4 .\CortexM3\ARM_GCC_541\Debug\Final_assignment_01.a(ADC_DelSig_theACLK.o)
 .debug_info    0x00009814      0x11f .\CortexM3\ARM_GCC_541\Debug\Final_assignment_01.a(Pin_RED_UARTVerboseFlag.o)
 .debug_info    0x00009933       0xa8 .\CortexM3\ARM_GCC_541\Debug\Final_assignment_01.a(CyBootAsmGnu.o)
 .debug_info    0x000099db      0x64d .\CortexM3\ARM_GCC_541\Debug\Final_assignment_01.a(CyFlash.o)
 .debug_info    0x0000a028      0x550 .\CortexM3\ARM_GCC_541\Debug\Final_assignment_01.a(CySpc.o)

.debug_abbrev   0x00000000     0x301e
 *(.debug_abbrev)
 .debug_abbrev  0x00000000      0x130 .\CortexM3\ARM_GCC_541\Debug\main.o
 .debug_abbrev  0x00000130      0x12b .\CortexM3\ARM_GCC_541\Debug\SPI_Interface.o
 .debug_abbrev  0x0000025b      0x100 .\CortexM3\ARM_GCC_541\Debug\LIS3DH_SPI.o
 .debug_abbrev  0x0000035b       0xea .\CortexM3\ARM_GCC_541\Debug\InterruptRoutines.o
 .debug_abbrev  0x00000445       0xdf .\CortexM3\ARM_GCC_541\Debug\RGBLedDriver.o
 .debug_abbrev  0x00000524      0x11c .\CortexM3\ARM_GCC_541\Debug\25LC256.o
 .debug_abbrev  0x00000640      0x12b .\CortexM3\ARM_GCC_541\Debug\SPI_Interface_EEPROM.o
 .debug_abbrev  0x0000076b      0x22d .\CortexM3\ARM_GCC_541\Debug\cyfitter_cfg.o
 .debug_abbrev  0x00000998       0x77 .\CortexM3\ARM_GCC_541\Debug\cymetadata.o
 .debug_abbrev  0x00000a0f      0x1e8 .\CortexM3\ARM_GCC_541\Debug\Cm3Start.o
 .debug_abbrev  0x00000bf7      0x162 .\CortexM3\ARM_GCC_541\Debug\Final_assignment_01.a(SPIM_1.o)
 .debug_abbrev  0x00000d59       0x8a .\CortexM3\ARM_GCC_541\Debug\Final_assignment_01.a(SPIM_1_INT.o)
 .debug_abbrev  0x00000de3       0x90 .\CortexM3\ARM_GCC_541\Debug\Final_assignment_01.a(CS_1.o)
 .debug_abbrev  0x00000e73       0x90 .\CortexM3\ARM_GCC_541\Debug\Final_assignment_01.a(Pin_ISR.o)
 .debug_abbrev  0x00000f03      0x173 .\CortexM3\ARM_GCC_541\Debug\Final_assignment_01.a(isr_ACC.o)
 .debug_abbrev  0x00001076      0x139 .\CortexM3\ARM_GCC_541\Debug\Final_assignment_01.a(SPIM_1_IntClock.o)
 .debug_abbrev  0x000011af      0x254 .\CortexM3\ARM_GCC_541\Debug\Final_assignment_01.a(CyLib.o)
 .debug_abbrev  0x00001403      0x1ab .\CortexM3\ARM_GCC_541\Debug\Final_assignment_01.a(cyPm.o)
 .debug_abbrev  0x000015ae      0x175 .\CortexM3\ARM_GCC_541\Debug\Final_assignment_01.a(UART_1.o)
 .debug_abbrev  0x00001723      0x139 .\CortexM3\ARM_GCC_541\Debug\Final_assignment_01.a(UART_1_IntClock.o)
 .debug_abbrev  0x0000185c      0x133 .\CortexM3\ARM_GCC_541\Debug\Final_assignment_01.a(PWM_RG.o)
 .debug_abbrev  0x0000198f      0x133 .\CortexM3\ARM_GCC_541\Debug\Final_assignment_01.a(PWM_B.o)
 .debug_abbrev  0x00001ac2       0x90 .\CortexM3\ARM_GCC_541\Debug\Final_assignment_01.a(CS_2.o)
 .debug_abbrev  0x00001b52      0x162 .\CortexM3\ARM_GCC_541\Debug\Final_assignment_01.a(SPIM_2.o)
 .debug_abbrev  0x00001cb4       0x8a .\CortexM3\ARM_GCC_541\Debug\Final_assignment_01.a(SPIM_2_INT.o)
 .debug_abbrev  0x00001d3e      0x139 .\CortexM3\ARM_GCC_541\Debug\Final_assignment_01.a(SPIM_2_IntClock.o)
 .debug_abbrev  0x00001e77      0x173 .\CortexM3\ARM_GCC_541\Debug\Final_assignment_01.a(isr_DEBOUNCER.o)
 .debug_abbrev  0x00001fea       0x90 .\CortexM3\ARM_GCC_541\Debug\Final_assignment_01.a(Pin_Led_Blue.o)
 .debug_abbrev  0x0000207a      0x11a .\CortexM3\ARM_GCC_541\Debug\Final_assignment_01.a(TIMER_button.o)
 .debug_abbrev  0x00002194      0x173 .\CortexM3\ARM_GCC_541\Debug\Final_assignment_01.a(isr_TIMER.o)
 .debug_abbrev  0x00002307      0x11a .\CortexM3\ARM_GCC_541\Debug\Final_assignment_01.a(Timer_Blinking.o)
 .debug_abbrev  0x00002421      0x173 .\CortexM3\ARM_GCC_541\Debug\Final_assignment_01.a(isr_BLINKING.o)
 .debug_abbrev  0x00002594      0x173 .\CortexM3\ARM_GCC_541\Debug\Final_assignment_01.a(isr_positive.o)
 .debug_abbrev  0x00002707      0x1eb .\CortexM3\ARM_GCC_541\Debug\Final_assignment_01.a(ADC_DelSig.o)
 .debug_abbrev  0x000028f2       0x42 .\CortexM3\ARM_GCC_541\Debug\Final_assignment_01.a(ADC_DelSig_INT.o)
 .debug_abbrev  0x00002934       0xb1 .\CortexM3\ARM_GCC_541\Debug\Final_assignment_01.a(ADC_DelSig_AMux.o)
 .debug_abbrev  0x000029e5      0x139 .\CortexM3\ARM_GCC_541\Debug\Final_assignment_01.a(ADC_DelSig_Ext_CP_Clk.o)
 .debug_abbrev  0x00002b1e      0x121 .\CortexM3\ARM_GCC_541\Debug\Final_assignment_01.a(ADC_DelSig_theACLK.o)
 .debug_abbrev  0x00002c3f       0x90 .\CortexM3\ARM_GCC_541\Debug\Final_assignment_01.a(Pin_RED_UARTVerboseFlag.o)
 .debug_abbrev  0x00002ccf       0x14 .\CortexM3\ARM_GCC_541\Debug\Final_assignment_01.a(CyBootAsmGnu.o)
 .debug_abbrev  0x00002ce3      0x1a7 .\CortexM3\ARM_GCC_541\Debug\Final_assignment_01.a(CyFlash.o)
 .debug_abbrev  0x00002e8a      0x194 .\CortexM3\ARM_GCC_541\Debug\Final_assignment_01.a(CySpc.o)

.debug_line     0x00000000     0x4a1f
 *(.debug_line)
 .debug_line    0x00000000      0x345 .\CortexM3\ARM_GCC_541\Debug\main.o
 .debug_line    0x00000345      0x1f4 .\CortexM3\ARM_GCC_541\Debug\SPI_Interface.o
 .debug_line    0x00000539      0x1ae .\CortexM3\ARM_GCC_541\Debug\LIS3DH_SPI.o
 .debug_line    0x000006e7      0x2d2 .\CortexM3\ARM_GCC_541\Debug\InterruptRoutines.o
 .debug_line    0x000009b9      0x1cc .\CortexM3\ARM_GCC_541\Debug\RGBLedDriver.o
 .debug_line    0x00000b85      0x1ed .\CortexM3\ARM_GCC_541\Debug\25LC256.o
 .debug_line    0x00000d72      0x1fb .\CortexM3\ARM_GCC_541\Debug\SPI_Interface_EEPROM.o
 .debug_line    0x00000f6d      0x22f .\CortexM3\ARM_GCC_541\Debug\cyfitter_cfg.o
 .debug_line    0x0000119c      0x141 .\CortexM3\ARM_GCC_541\Debug\cymetadata.o
 .debug_line    0x000012dd      0x234 .\CortexM3\ARM_GCC_541\Debug\Cm3Start.o
 .debug_line    0x00001511      0x29e .\CortexM3\ARM_GCC_541\Debug\Final_assignment_01.a(SPIM_1.o)
 .debug_line    0x000017af       0xaa .\CortexM3\ARM_GCC_541\Debug\Final_assignment_01.a(SPIM_1_INT.o)
 .debug_line    0x00001859       0x91 .\CortexM3\ARM_GCC_541\Debug\Final_assignment_01.a(CS_1.o)
 .debug_line    0x000018ea       0xb8 .\CortexM3\ARM_GCC_541\Debug\Final_assignment_01.a(Pin_ISR.o)
 .debug_line    0x000019a2      0x134 .\CortexM3\ARM_GCC_541\Debug\Final_assignment_01.a(isr_ACC.o)
 .debug_line    0x00001ad6      0x17e .\CortexM3\ARM_GCC_541\Debug\Final_assignment_01.a(SPIM_1_IntClock.o)
 .debug_line    0x00001c54      0x816 .\CortexM3\ARM_GCC_541\Debug\Final_assignment_01.a(CyLib.o)
 .debug_line    0x0000246a      0x367 .\CortexM3\ARM_GCC_541\Debug\Final_assignment_01.a(cyPm.o)
 .debug_line    0x000027d1      0x2c0 .\CortexM3\ARM_GCC_541\Debug\Final_assignment_01.a(UART_1.o)
 .debug_line    0x00002a91      0x17e .\CortexM3\ARM_GCC_541\Debug\Final_assignment_01.a(UART_1_IntClock.o)
 .debug_line    0x00002c0f      0x1aa .\CortexM3\ARM_GCC_541\Debug\Final_assignment_01.a(PWM_RG.o)
 .debug_line    0x00002db9      0x185 .\CortexM3\ARM_GCC_541\Debug\Final_assignment_01.a(PWM_B.o)
 .debug_line    0x00002f3e       0x91 .\CortexM3\ARM_GCC_541\Debug\Final_assignment_01.a(CS_2.o)
 .debug_line    0x00002fcf      0x29e .\CortexM3\ARM_GCC_541\Debug\Final_assignment_01.a(SPIM_2.o)
 .debug_line    0x0000326d       0xaa .\CortexM3\ARM_GCC_541\Debug\Final_assignment_01.a(SPIM_2_INT.o)
 .debug_line    0x00003317      0x17e .\CortexM3\ARM_GCC_541\Debug\Final_assignment_01.a(SPIM_2_IntClock.o)
 .debug_line    0x00003495      0x13a .\CortexM3\ARM_GCC_541\Debug\Final_assignment_01.a(isr_DEBOUNCER.o)
 .debug_line    0x000035cf       0x99 .\CortexM3\ARM_GCC_541\Debug\Final_assignment_01.a(Pin_Led_Blue.o)
 .debug_line    0x00003668      0x15a .\CortexM3\ARM_GCC_541\Debug\Final_assignment_01.a(TIMER_button.o)
 .debug_line    0x000037c2      0x136 .\CortexM3\ARM_GCC_541\Debug\Final_assignment_01.a(isr_TIMER.o)
 .debug_line    0x000038f8      0x15c .\CortexM3\ARM_GCC_541\Debug\Final_assignment_01.a(Timer_Blinking.o)
 .debug_line    0x00003a54      0x139 .\CortexM3\ARM_GCC_541\Debug\Final_assignment_01.a(isr_BLINKING.o)
 .debug_line    0x00003b8d      0x139 .\CortexM3\ARM_GCC_541\Debug\Final_assignment_01.a(isr_positive.o)
 .debug_line    0x00003cc6      0x373 .\CortexM3\ARM_GCC_541\Debug\Final_assignment_01.a(ADC_DelSig.o)
 .debug_line    0x00004039       0x87 .\CortexM3\ARM_GCC_541\Debug\Final_assignment_01.a(ADC_DelSig_INT.o)
 .debug_line    0x000040c0       0xb3 .\CortexM3\ARM_GCC_541\Debug\Final_assignment_01.a(ADC_DelSig_AMux.o)
 .debug_line    0x00004173      0x184 .\CortexM3\ARM_GCC_541\Debug\Final_assignment_01.a(ADC_DelSig_Ext_CP_Clk.o)
 .debug_line    0x000042f7      0x1a4 .\CortexM3\ARM_GCC_541\Debug\Final_assignment_01.a(ADC_DelSig_theACLK.o)
 .debug_line    0x0000449b       0xa4 .\CortexM3\ARM_GCC_541\Debug\Final_assignment_01.a(Pin_RED_UARTVerboseFlag.o)
 .debug_line    0x0000453f       0x66 .\CortexM3\ARM_GCC_541\Debug\Final_assignment_01.a(CyBootAsmGnu.o)
 .debug_line    0x000045a5      0x21a .\CortexM3\ARM_GCC_541\Debug\Final_assignment_01.a(CyFlash.o)
 .debug_line    0x000047bf      0x260 .\CortexM3\ARM_GCC_541\Debug\Final_assignment_01.a(CySpc.o)

.debug_frame    0x00000000     0x30a4
 *(.debug_frame)
 .debug_frame   0x00000000       0x40 .\CortexM3\ARM_GCC_541\Debug\main.o
 .debug_frame   0x00000040       0x88 .\CortexM3\ARM_GCC_541\Debug\SPI_Interface.o
 .debug_frame   0x000000c8       0x98 .\CortexM3\ARM_GCC_541\Debug\LIS3DH_SPI.o
 .debug_frame   0x00000160       0xa0 .\CortexM3\ARM_GCC_541\Debug\InterruptRoutines.o
 .debug_frame   0x00000200       0xbc .\CortexM3\ARM_GCC_541\Debug\RGBLedDriver.o
 .debug_frame   0x000002bc       0xf8 .\CortexM3\ARM_GCC_541\Debug\25LC256.o
 .debug_frame   0x000003b4       0x88 .\CortexM3\ARM_GCC_541\Debug\SPI_Interface_EEPROM.o
 .debug_frame   0x0000043c      0x104 .\CortexM3\ARM_GCC_541\Debug\cyfitter_cfg.o
 .debug_frame   0x00000540       0xb8 .\CortexM3\ARM_GCC_541\Debug\Cm3Start.o
 .debug_frame   0x000005f8      0x260 .\CortexM3\ARM_GCC_541\Debug\Final_assignment_01.a(SPIM_1.o)
 .debug_frame   0x00000858       0x30 .\CortexM3\ARM_GCC_541\Debug\Final_assignment_01.a(SPIM_1_INT.o)
 .debug_frame   0x00000888       0x50 .\CortexM3\ARM_GCC_541\Debug\Final_assignment_01.a(CS_1.o)
 .debug_frame   0x000008d8       0x70 .\CortexM3\ARM_GCC_541\Debug\Final_assignment_01.a(Pin_ISR.o)
 .debug_frame   0x00000948      0x104 .\CortexM3\ARM_GCC_541\Debug\Final_assignment_01.a(isr_ACC.o)
 .debug_frame   0x00000a4c       0xe0 .\CortexM3\ARM_GCC_541\Debug\Final_assignment_01.a(SPIM_1_IntClock.o)
 .debug_frame   0x00000b2c      0x738 .\CortexM3\ARM_GCC_541\Debug\Final_assignment_01.a(CyLib.o)
 .debug_frame   0x00001264      0x1f8 .\CortexM3\ARM_GCC_541\Debug\Final_assignment_01.a(cyPm.o)
 .debug_frame   0x0000145c      0x250 .\CortexM3\ARM_GCC_541\Debug\Final_assignment_01.a(UART_1.o)
 .debug_frame   0x000016ac       0xe0 .\CortexM3\ARM_GCC_541\Debug\Final_assignment_01.a(UART_1_IntClock.o)
 .debug_frame   0x0000178c      0x154 .\CortexM3\ARM_GCC_541\Debug\Final_assignment_01.a(PWM_RG.o)
 .debug_frame   0x000018e0      0x134 .\CortexM3\ARM_GCC_541\Debug\Final_assignment_01.a(PWM_B.o)
 .debug_frame   0x00001a14       0x50 .\CortexM3\ARM_GCC_541\Debug\Final_assignment_01.a(CS_2.o)
 .debug_frame   0x00001a64      0x260 .\CortexM3\ARM_GCC_541\Debug\Final_assignment_01.a(SPIM_2.o)
 .debug_frame   0x00001cc4       0x30 .\CortexM3\ARM_GCC_541\Debug\Final_assignment_01.a(SPIM_2_INT.o)
 .debug_frame   0x00001cf4       0xe0 .\CortexM3\ARM_GCC_541\Debug\Final_assignment_01.a(SPIM_2_IntClock.o)
 .debug_frame   0x00001dd4      0x104 .\CortexM3\ARM_GCC_541\Debug\Final_assignment_01.a(isr_DEBOUNCER.o)
 .debug_frame   0x00001ed8       0x50 .\CortexM3\ARM_GCC_541\Debug\Final_assignment_01.a(Pin_Led_Blue.o)
 .debug_frame   0x00001f28      0x108 .\CortexM3\ARM_GCC_541\Debug\Final_assignment_01.a(TIMER_button.o)
 .debug_frame   0x00002030      0x104 .\CortexM3\ARM_GCC_541\Debug\Final_assignment_01.a(isr_TIMER.o)
 .debug_frame   0x00002134      0x108 .\CortexM3\ARM_GCC_541\Debug\Final_assignment_01.a(Timer_Blinking.o)
 .debug_frame   0x0000223c      0x104 .\CortexM3\ARM_GCC_541\Debug\Final_assignment_01.a(isr_BLINKING.o)
 .debug_frame   0x00002340      0x104 .\CortexM3\ARM_GCC_541\Debug\Final_assignment_01.a(isr_positive.o)
 .debug_frame   0x00002444      0x284 .\CortexM3\ARM_GCC_541\Debug\Final_assignment_01.a(ADC_DelSig.o)
 .debug_frame   0x000026c8       0x50 .\CortexM3\ARM_GCC_541\Debug\Final_assignment_01.a(ADC_DelSig_INT.o)
 .debug_frame   0x00002718       0x64 .\CortexM3\ARM_GCC_541\Debug\Final_assignment_01.a(ADC_DelSig_AMux.o)
 .debug_frame   0x0000277c       0xe0 .\CortexM3\ARM_GCC_541\Debug\Final_assignment_01.a(ADC_DelSig_Ext_CP_Clk.o)
 .debug_frame   0x0000285c      0x100 .\CortexM3\ARM_GCC_541\Debug\Final_assignment_01.a(ADC_DelSig_theACLK.o)
 .debug_frame   0x0000295c       0x50 .\CortexM3\ARM_GCC_541\Debug\Final_assignment_01.a(Pin_RED_UARTVerboseFlag.o)
 .debug_frame   0x000029ac      0x194 .\CortexM3\ARM_GCC_541\Debug\Final_assignment_01.a(CyFlash.o)
 .debug_frame   0x00002b40      0x180 .\CortexM3\ARM_GCC_541\Debug\Final_assignment_01.a(CySpc.o)
 .debug_frame   0x00002cc0       0x20 c:/program files (x86)/cypress/psoc creator/4.3/psoc creator/import/gnu/arm/5.4.1/bin/../lib/gcc/arm-none-eabi/5.4.1/../../../../arm-none-eabi/lib/armv7-m\libg_nano.a(lib_a-errno.o)
 .debug_frame   0x00002ce0       0x28 c:/program files (x86)/cypress/psoc creator/4.3/psoc creator/import/gnu/arm/5.4.1/bin/../lib/gcc/arm-none-eabi/5.4.1/../../../../arm-none-eabi/lib/armv7-m\libg_nano.a(lib_a-exit.o)
 .debug_frame   0x00002d08       0x2c c:/program files (x86)/cypress/psoc creator/4.3/psoc creator/import/gnu/arm/5.4.1/bin/../lib/gcc/arm-none-eabi/5.4.1/../../../../arm-none-eabi/lib/armv7-m\libg_nano.a(lib_a-init.o)
 .debug_frame   0x00002d34       0x28 c:/program files (x86)/cypress/psoc creator/4.3/psoc creator/import/gnu/arm/5.4.1/bin/../lib/gcc/arm-none-eabi/5.4.1/../../../../arm-none-eabi/lib/armv7-m\libg_nano.a(lib_a-memcpy-stub.o)
 .debug_frame   0x00002d5c       0x20 c:/program files (x86)/cypress/psoc creator/4.3/psoc creator/import/gnu/arm/5.4.1/bin/../lib/gcc/arm-none-eabi/5.4.1/../../../../arm-none-eabi/lib/armv7-m\libg_nano.a(lib_a-memset.o)
 .debug_frame   0x00002d7c       0x70 c:/program files (x86)/cypress/psoc creator/4.3/psoc creator/import/gnu/arm/5.4.1/bin/../lib/gcc/arm-none-eabi/5.4.1/../../../../arm-none-eabi/lib/armv7-m\libg_nano.a(lib_a-sprintf.o)
 .debug_frame   0x00002dec       0x90 c:/program files (x86)/cypress/psoc creator/4.3/psoc creator/import/gnu/arm/5.4.1/bin/../lib/gcc/arm-none-eabi/5.4.1/../../../../arm-none-eabi/lib/armv7-m\libg_nano.a(lib_a-nano-svfprintf.o)
 .debug_frame   0x00002e7c       0x60 c:/program files (x86)/cypress/psoc creator/4.3/psoc creator/import/gnu/arm/5.4.1/bin/../lib/gcc/arm-none-eabi/5.4.1/../../../../arm-none-eabi/lib/armv7-m\libg_nano.a(lib_a-nano-vfprintf_i.o)
 .debug_frame   0x00002edc       0x28 c:/program files (x86)/cypress/psoc creator/4.3/psoc creator/import/gnu/arm/5.4.1/bin/../lib/gcc/arm-none-eabi/5.4.1/../../../../arm-none-eabi/lib/armv7-m\libg_nano.a(lib_a-memchr-stub.o)
 .debug_frame   0x00002f04       0x28 c:/program files (x86)/cypress/psoc creator/4.3/psoc creator/import/gnu/arm/5.4.1/bin/../lib/gcc/arm-none-eabi/5.4.1/../../../../arm-none-eabi/lib/armv7-m\libg_nano.a(lib_a-memmove.o)
 .debug_frame   0x00002f2c       0x38 c:/program files (x86)/cypress/psoc creator/4.3/psoc creator/import/gnu/arm/5.4.1/bin/../lib/gcc/arm-none-eabi/5.4.1/../../../../arm-none-eabi/lib/armv7-m\libg_nano.a(lib_a-nano-freer.o)
 .debug_frame   0x00002f64       0x2c c:/program files (x86)/cypress/psoc creator/4.3/psoc creator/import/gnu/arm/5.4.1/bin/../lib/gcc/arm-none-eabi/5.4.1/../../../../arm-none-eabi/lib/armv7-m\libg_nano.a(lib_a-nano-mallocr.o)
 .debug_frame   0x00002f90       0x3c c:/program files (x86)/cypress/psoc creator/4.3/psoc creator/import/gnu/arm/5.4.1/bin/../lib/gcc/arm-none-eabi/5.4.1/../../../../arm-none-eabi/lib/armv7-m\libg_nano.a(lib_a-nano-reallocr.o)
 .debug_frame   0x00002fcc       0x2c c:/program files (x86)/cypress/psoc creator/4.3/psoc creator/import/gnu/arm/5.4.1/bin/../lib/gcc/arm-none-eabi/5.4.1/../../../../arm-none-eabi/lib/armv7-m\libg_nano.a(lib_a-sbrkr.o)
 .debug_frame   0x00002ff8       0x30 c:/program files (x86)/cypress/psoc creator/4.3/psoc creator/import/gnu/arm/5.4.1/bin/../lib/gcc/arm-none-eabi/5.4.1/../../../../arm-none-eabi/lib/armv7-m\libg_nano.a(lib_a-mlock.o)
 .debug_frame   0x00003028       0x20 c:/program files (x86)/cypress/psoc creator/4.3/psoc creator/import/gnu/arm/5.4.1/bin/../lib/gcc/arm-none-eabi/5.4.1/../../../../arm-none-eabi/lib/armv7-m\libg_nano.a(lib_a-nano-msizer.o)
 .debug_frame   0x00003048       0x5c c:/program files (x86)/cypress/psoc creator/4.3/psoc creator/import/gnu/arm/5.4.1/bin/../lib/gcc/arm-none-eabi/5.4.1/../../../../arm-none-eabi/lib/armv7-m\libg_nano.a(lib_a-reent.o)

.debug_str      0x00000000     0x3ce9
 *(.debug_str)
 .debug_str     0x00000000      0x3da .\CortexM3\ARM_GCC_541\Debug\main.o
                                0x43d (size before relaxing)
 .debug_str     0x000003da      0x154 .\CortexM3\ARM_GCC_541\Debug\SPI_Interface.o
                                0x30b (size before relaxing)
 .debug_str     0x0000052e       0x3d .\CortexM3\ARM_GCC_541\Debug\LIS3DH_SPI.o
                                0x250 (size before relaxing)
 .debug_str     0x0000056b      0x1ca .\CortexM3\ARM_GCC_541\Debug\InterruptRoutines.o
                                0x43d (size before relaxing)
 .debug_str     0x00000735       0xc5 .\CortexM3\ARM_GCC_541\Debug\RGBLedDriver.o
                                0x2a8 (size before relaxing)
 .debug_str     0x000007fa       0xb3 .\CortexM3\ARM_GCC_541\Debug\25LC256.o
                                0x2ed (size before relaxing)
 .debug_str     0x000008ad       0xc7 .\CortexM3\ARM_GCC_541\Debug\SPI_Interface_EEPROM.o
                                0x32e (size before relaxing)
 .debug_str     0x00000974      0x211 .\CortexM3\ARM_GCC_541\Debug\cyfitter_cfg.o
                                0x3c4 (size before relaxing)
 .debug_str     0x00000b85       0x75 .\CortexM3\ARM_GCC_541\Debug\cymetadata.o
                                0x1fc (size before relaxing)
 .debug_str     0x00000bfa      0x144 .\CortexM3\ARM_GCC_541\Debug\Cm3Start.o
                                0x322 (size before relaxing)
 .debug_str     0x00000d3e      0x2f5 .\CortexM3\ARM_GCC_541\Debug\Final_assignment_01.a(SPIM_1.o)
                                0x542 (size before relaxing)
 .debug_str     0x00001033       0x40 .\CortexM3\ARM_GCC_541\Debug\Final_assignment_01.a(SPIM_1_INT.o)
                                0x2ad (size before relaxing)
 .debug_str     0x00001073       0x5b .\CortexM3\ARM_GCC_541\Debug\Final_assignment_01.a(CS_1.o)
                                0x1f5 (size before relaxing)
 .debug_str     0x000010ce       0x87 .\CortexM3\ARM_GCC_541\Debug\Final_assignment_01.a(Pin_ISR.o)
                                0x244 (size before relaxing)
 .debug_str     0x00001155      0x10a .\CortexM3\ARM_GCC_541\Debug\Final_assignment_01.a(isr_ACC.o)
                                0x2da (size before relaxing)
 .debug_str     0x0000125f      0x19d .\CortexM3\ARM_GCC_541\Debug\Final_assignment_01.a(SPIM_1_IntClock.o)
                                0x366 (size before relaxing)
 .debug_str     0x000013fc      0x7b9 .\CortexM3\ARM_GCC_541\Debug\Final_assignment_01.a(CyLib.o)
                                0xa5f (size before relaxing)
 .debug_str     0x00001bb5      0x365 .\CortexM3\ARM_GCC_541\Debug\Final_assignment_01.a(cyPm.o)
                                0x74b (size before relaxing)
 .debug_str     0x00001f1a      0x279 .\CortexM3\ARM_GCC_541\Debug\Final_assignment_01.a(UART_1.o)
                                0x4cb (size before relaxing)
 .debug_str     0x00002193      0x14c .\CortexM3\ARM_GCC_541\Debug\Final_assignment_01.a(UART_1_IntClock.o)
                                0x366 (size before relaxing)
 .debug_str     0x000022df      0x191 .\CortexM3\ARM_GCC_541\Debug\Final_assignment_01.a(PWM_RG.o)
                                0x3a7 (size before relaxing)
 .debug_str     0x00002470      0x13b .\CortexM3\ARM_GCC_541\Debug\Final_assignment_01.a(PWM_B.o)
                                0x369 (size before relaxing)
 .debug_str     0x000025ab       0x4b .\CortexM3\ARM_GCC_541\Debug\Final_assignment_01.a(CS_2.o)
                                0x1f5 (size before relaxing)
 .debug_str     0x000025f6      0x24f .\CortexM3\ARM_GCC_541\Debug\Final_assignment_01.a(SPIM_2.o)
                                0x542 (size before relaxing)
 .debug_str     0x00002845       0x40 .\CortexM3\ARM_GCC_541\Debug\Final_assignment_01.a(SPIM_2_INT.o)
                                0x2ad (size before relaxing)
 .debug_str     0x00002885      0x14c .\CortexM3\ARM_GCC_541\Debug\Final_assignment_01.a(SPIM_2_IntClock.o)
                                0x366 (size before relaxing)
 .debug_str     0x000029d1      0x140 .\CortexM3\ARM_GCC_541\Debug\Final_assignment_01.a(isr_DEBOUNCER.o)
                                0x32e (size before relaxing)
 .debug_str     0x00002b11       0x59 .\CortexM3\ARM_GCC_541\Debug\Final_assignment_01.a(Pin_Led_Blue.o)
                                0x21d (size before relaxing)
 .debug_str     0x00002b6a      0x168 .\CortexM3\ARM_GCC_541\Debug\Final_assignment_01.a(TIMER_button.o)
                                0x37d (size before relaxing)
 .debug_str     0x00002cd2      0x10c .\CortexM3\ARM_GCC_541\Debug\Final_assignment_01.a(isr_TIMER.o)
                                0x2f6 (size before relaxing)
 .debug_str     0x00002dde      0x176 .\CortexM3\ARM_GCC_541\Debug\Final_assignment_01.a(Timer_Blinking.o)
                                0x39d (size before relaxing)
 .debug_str     0x00002f54      0x133 .\CortexM3\ARM_GCC_541\Debug\Final_assignment_01.a(isr_BLINKING.o)
                                0x320 (size before relaxing)
 .debug_str     0x00003087      0x133 .\CortexM3\ARM_GCC_541\Debug\Final_assignment_01.a(isr_positive.o)
                                0x320 (size before relaxing)
 .debug_str     0x000031ba      0x442 .\CortexM3\ARM_GCC_541\Debug\Final_assignment_01.a(ADC_DelSig.o)
                                0x700 (size before relaxing)
 .debug_str     0x000035fc       0x68 .\CortexM3\ARM_GCC_541\Debug\Final_assignment_01.a(ADC_DelSig_INT.o)
                                0x1fb (size before relaxing)
 .debug_str     0x00003664       0x7b .\CortexM3\ARM_GCC_541\Debug\Final_assignment_01.a(ADC_DelSig_AMux.o)
                                0x248 (size before relaxing)
 .debug_str     0x000036df      0x170 .\CortexM3\ARM_GCC_541\Debug\Final_assignment_01.a(ADC_DelSig_Ext_CP_Clk.o)
                                0x3ae (size before relaxing)
 .debug_str     0x0000384f      0x1a3 .\CortexM3\ARM_GCC_541\Debug\Final_assignment_01.a(ADC_DelSig_theACLK.o)
                                0x3db (size before relaxing)
 .debug_str     0x000039f2       0x97 .\CortexM3\ARM_GCC_541\Debug\Final_assignment_01.a(Pin_RED_UARTVerboseFlag.o)
                                0x254 (size before relaxing)
 .debug_str     0x00003a89      0x1b4 .\CortexM3\ARM_GCC_541\Debug\Final_assignment_01.a(CyFlash.o)
                                0x3d8 (size before relaxing)
 .debug_str     0x00003c3d       0xac .\CortexM3\ARM_GCC_541\Debug\Final_assignment_01.a(CySpc.o)
                                0x350 (size before relaxing)

.debug_loc      0x00000000     0x3ab8
 *(.debug_loc)
 .debug_loc     0x00000000      0x1d6 .\CortexM3\ARM_GCC_541\Debug\main.o
 .debug_loc     0x000001d6      0x16c .\CortexM3\ARM_GCC_541\Debug\SPI_Interface.o
 .debug_loc     0x00000342      0x166 .\CortexM3\ARM_GCC_541\Debug\LIS3DH_SPI.o
 .debug_loc     0x000004a8       0xc6 .\CortexM3\ARM_GCC_541\Debug\RGBLedDriver.o
 .debug_loc     0x0000056e      0x15a .\CortexM3\ARM_GCC_541\Debug\25LC256.o
 .debug_loc     0x000006c8      0x16c .\CortexM3\ARM_GCC_541\Debug\SPI_Interface_EEPROM.o
 .debug_loc     0x00000834      0x2cb .\CortexM3\ARM_GCC_541\Debug\cyfitter_cfg.o
 .debug_loc     0x00000aff      0x144 .\CortexM3\ARM_GCC_541\Debug\Cm3Start.o
 .debug_loc     0x00000c43      0x20d .\CortexM3\ARM_GCC_541\Debug\Final_assignment_01.a(SPIM_1.o)
 .debug_loc     0x00000e50       0x74 .\CortexM3\ARM_GCC_541\Debug\Final_assignment_01.a(SPIM_1_INT.o)
 .debug_loc     0x00000ec4       0x42 .\CortexM3\ARM_GCC_541\Debug\Final_assignment_01.a(CS_1.o)
 .debug_loc     0x00000f06       0x84 .\CortexM3\ARM_GCC_541\Debug\Final_assignment_01.a(Pin_ISR.o)
 .debug_loc     0x00000f8a       0x56 .\CortexM3\ARM_GCC_541\Debug\Final_assignment_01.a(isr_ACC.o)
 .debug_loc     0x00000fe0      0x128 .\CortexM3\ARM_GCC_541\Debug\Final_assignment_01.a(SPIM_1_IntClock.o)
 .debug_loc     0x00001108      0xa11 .\CortexM3\ARM_GCC_541\Debug\Final_assignment_01.a(CyLib.o)
 .debug_loc     0x00001b19      0x1e4 .\CortexM3\ARM_GCC_541\Debug\Final_assignment_01.a(cyPm.o)
 .debug_loc     0x00001cfd      0x258 .\CortexM3\ARM_GCC_541\Debug\Final_assignment_01.a(UART_1.o)
 .debug_loc     0x00001f55      0x128 .\CortexM3\ARM_GCC_541\Debug\Final_assignment_01.a(UART_1_IntClock.o)
 .debug_loc     0x0000207d       0x26 .\CortexM3\ARM_GCC_541\Debug\Final_assignment_01.a(PWM_RG.o)
 .debug_loc     0x000020a3       0x26 .\CortexM3\ARM_GCC_541\Debug\Final_assignment_01.a(PWM_B.o)