Archive member included to satisfy reference by file (symbol)

.\CortexM3\ARM_GCC_541\Debug\Final_assignment_01.a(SPIM_1.o)
                              .\CortexM3\ARM_GCC_541\Debug\InterruptRoutines.o (SPIM_1_Enable)
.\CortexM3\ARM_GCC_541\Debug\Final_assignment_01.a(SPIM_1_INT.o)
                              .\CortexM3\ARM_GCC_541\Debug\Final_assignment_01.a(SPIM_1.o) (SPIM_1_TX_ISR)
.\CortexM3\ARM_GCC_541\Debug\Final_assignment_01.a(CS_1.o)
                              .\CortexM3\ARM_GCC_541\Debug\SPI_Interface.o (CS_1_Write)
.\CortexM3\ARM_GCC_541\Debug\Final_assignment_01.a(Pin_ISR.o)
                              .\CortexM3\ARM_GCC_541\Debug\InterruptRoutines.o (Pin_ISR_ClearInterrupt)
.\CortexM3\ARM_GCC_541\Debug\Final_assignment_01.a(isr_ACC.o)
                              .\CortexM3\ARM_GCC_541\Debug\main.o (isr_ACC_StartEx)
.\CortexM3\ARM_GCC_541\Debug\Final_assignment_01.a(SPIM_1_IntClock.o)
                              .\CortexM3\ARM_GCC_541\Debug\Final_assignment_01.a(SPIM_1.o) (SPIM_1_IntClock_Start)
.\CortexM3\ARM_GCC_541\Debug\Final_assignment_01.a(CyLib.o)
                              .\CortexM3\ARM_GCC_541\Debug\Cm3Start.o (CyHalt)
.\CortexM3\ARM_GCC_541\Debug\Final_assignment_01.a(cyPm.o)
                              .\CortexM3\ARM_GCC_541\Debug\Final_assignment_01.a(CyLib.o) (CyPmReadStatus)
.\CortexM3\ARM_GCC_541\Debug\Final_assignment_01.a(UART_1.o)
                              .\CortexM3\ARM_GCC_541\Debug\main.o (UART_1_Start)
.\CortexM3\ARM_GCC_541\Debug\Final_assignment_01.a(UART_1_IntClock.o)
                              .\CortexM3\ARM_GCC_541\Debug\Final_assignment_01.a(UART_1.o) (UART_1_IntClock_Start)
.\CortexM3\ARM_GCC_541\Debug\Final_assignment_01.a(PWM_RG.o)
                              .\CortexM3\ARM_GCC_541\Debug\RGBLedDriver.o (PWM_RG_Stop)
.\CortexM3\ARM_GCC_541\Debug\Final_assignment_01.a(PWM_B.o)
                              .\CortexM3\ARM_GCC_541\Debug\RGBLedDriver.o (PWM_B_Stop)
.\CortexM3\ARM_GCC_541\Debug\Final_assignment_01.a(CS_2.o)
                              .\CortexM3\ARM_GCC_541\Debug\SPI_Interface_EEPROM.o (CS_2_Write)
.\CortexM3\ARM_GCC_541\Debug\Final_assignment_01.a(SPIM_2.o)
                              .\CortexM3\ARM_GCC_541\Debug\SPI_Interface_EEPROM.o (SPIM_2_ReadTxStatus)
.\CortexM3\ARM_GCC_541\Debug\Final_assignment_01.a(SPIM_2_INT.o)
                              .\CortexM3\ARM_GCC_541\Debug\Final_assignment_01.a(SPIM_2.o) (SPIM_2_TX_ISR)
.\CortexM3\ARM_GCC_541\Debug\Final_assignment_01.a(SPIM_2_IntClock.o)
                              .\CortexM3\ARM_GCC_541\Debug\Final_assignment_01.a(SPIM_2.o) (SPIM_2_IntClock_Start)
.\CortexM3\ARM_GCC_541\Debug\Final_assignment_01.a(isr_DEBOUNCER.o)
                              .\CortexM3\ARM_GCC_541\Debug\main.o (isr_DEBOUNCER_StartEx)
.\CortexM3\ARM_GCC_541\Debug\Final_assignment_01.a(Pin_Led_Blue.o)
                              .\CortexM3\ARM_GCC_541\Debug\InterruptRoutines.o (Pin_Led_Blue_Write)
.\CortexM3\ARM_GCC_541\Debug\Final_assignment_01.a(TIMER_button.o)
                              .\CortexM3\ARM_GCC_541\Debug\InterruptRoutines.o (TIMER_button_Stop)
.\CortexM3\ARM_GCC_541\Debug\Final_assignment_01.a(isr_TIMER.o)
                              .\CortexM3\ARM_GCC_541\Debug\main.o (isr_TIMER_StartEx)
.\CortexM3\ARM_GCC_541\Debug\Final_assignment_01.a(Timer_Blinking.o)
                              .\CortexM3\ARM_GCC_541\Debug\InterruptRoutines.o (Timer_Blinking_Stop)
.\CortexM3\ARM_GCC_541\Debug\Final_assignment_01.a(isr_BLINKING.o)
                              .\CortexM3\ARM_GCC_541\Debug\main.o (isr_BLINKING_StartEx)
.\CortexM3\ARM_GCC_541\Debug\Final_assignment_01.a(isr_positive.o)
                              .\CortexM3\ARM_GCC_541\Debug\main.o (isr_positive_StartEx)
.\CortexM3\ARM_GCC_541\Debug\Final_assignment_01.a(ADC_DelSig.o)
                              .\CortexM3\ARM_GCC_541\Debug\main.o (ADC_DelSig_Start)
.\CortexM3\ARM_GCC_541\Debug\Final_assignment_01.a(ADC_DelSig_INT.o)
                              .\CortexM3\ARM_GCC_541\Debug\Final_assignment_01.a(ADC_DelSig.o) (ADC_DelSig_ISR1)
.\CortexM3\ARM_GCC_541\Debug\Final_assignment_01.a(ADC_DelSig_AMux.o)
                              .\CortexM3\ARM_GCC_541\Debug\Final_assignment_01.a(ADC_DelSig.o) (ADC_DelSig_AMux_Select)
.\CortexM3\ARM_GCC_541\Debug\Final_assignment_01.a(ADC_DelSig_Ext_CP_Clk.o)
                              .\CortexM3\ARM_GCC_541\Debug\Final_assignment_01.a(ADC_DelSig.o) (ADC_DelSig_Ext_CP_Clk_SetModeRegister)
.\CortexM3\ARM_GCC_541\Debug\Final_assignment_01.a(ADC_DelSig_theACLK.o)
                              .\CortexM3\ARM_GCC_541\Debug\Final_assignment_01.a(ADC_DelSig.o) (ADC_DelSig_theACLK_SetModeRegister)
.\CortexM3\ARM_GCC_541\Debug\Final_assignment_01.a(Pin_RED_UARTVerboseFlag.o)
                              .\CortexM3\ARM_GCC_541\Debug\InterruptRoutines.o (Pin_RED_UARTVerboseFlag_Write)
.\CortexM3\ARM_GCC_541\Debug\Final_assignment_01.a(Pin_EnableDisable.o)
[...]
Memory Configuration

Name             Origin             Length             Attributes
rom              0x00000000         0x00040000         xr
ram              0x1fff8000         0x00010000         xrw
*default*        0x00000000         0xffffffff

Linker script and memory map

LOAD c:/program files (x86)/cypress/psoc creator/4.3/psoc creator/import/gnu/arm/5.4.1/bin/../lib/gcc/arm-none-eabi/5.4.1/armv7-m/crti.o
LOAD c:/program files (x86)/cypress/psoc creator/4.3/psoc creator/import/gnu/arm/5.4.1/bin/../lib/gcc/arm-none-eabi/5.4.1/armv7-m/crtbegin.o
LOAD c:/program files (x86)/cypress/psoc creator/4.3/psoc creator/import/gnu/arm/5.4.1/bin/../lib/gcc/arm-none-eabi/5.4.1/../../../../arm-none-eabi/lib/armv7-m/crt0.o
START GROUP
LOAD .\CortexM3\ARM_GCC_541\Debug\main.o
LOAD .\CortexM3\ARM_GCC_541\Debug\SPI_Interface.o
LOAD .\CortexM3\ARM_GCC_541\Debug\LIS3DH_SPI.o
LOAD .\CortexM3\ARM_GCC_541\Debug\InterruptRoutines.o
LOAD .\CortexM3\ARM_GCC_541\Debug\RGBLedDriver.o
LOAD .\CortexM3\ARM_GCC_541\Debug\25LC256.o
LOAD .\CortexM3\ARM_GCC_541\Debug\SPI_Interface_EEPROM.o
LOAD .\CortexM3\ARM_GCC_541\Debug\cyfitter_cfg.o
LOAD .\CortexM3\ARM_GCC_541\Debug\cymetadata.o
LOAD .\CortexM3\ARM_GCC_541\Debug\Cm3Start.o
LOAD .\CortexM3\ARM_GCC_541\Debug\Final_assignment_01.a
LOAD C:\Program Files (x86)\Cypress\PSoC Creator\4.3\PSoC Creator\psoc\content\cycomponentlibrary\CyComponentLibrary.cylib\CortexM3\ARM_GCC_541\Debug\CyComponentLibrary.a
END GROUP
START GROUP
LOAD c:/program files (x86)/cypress/psoc creator/4.3/psoc creator/import/gnu/arm/5.4.1/bin/../lib/gcc/arm-none-eabi/5.4.1/armv7-m\libgcc.a
LOAD c:/program files (x86)/cypress/psoc creator/4.3/psoc creator/import/gnu/arm/5.4.1/bin/../lib/gcc/arm-none-eabi/5.4.1/../../../../arm-none-eabi/lib/armv7-m\libg_nano.a
LOAD c:/program files (x86)/cypress/psoc creator/4.3/psoc creator/import/gnu/arm/5.4.1/bin/../lib/gcc/arm-none-eabi/5.4.1/../../../../arm-none-eabi/lib/armv7-m\libc_nano.a
END GROUP
START GROUP
LOAD c:/program files (x86)/cypress/psoc creator/4.3/psoc creator/import/gnu/arm/5.4.1/bin/../lib/gcc/arm-none-eabi/5.4.1/armv7-m\libgcc.a
LOAD c:/program files (x86)/cypress/psoc creator/4.3/psoc creator/import/gnu/arm/5.4.1/bin/../lib/gcc/arm-none-eabi/5.4.1/../../../../arm-none-eabi/lib/armv7-m\libc_nano.a
END GROUP
LOAD c:/program files (x86)/cypress/psoc creator/4.3/psoc creator/import/gnu/arm/5.4.1/bin/../lib/gcc/arm-none-eabi/5.4.1/armv7-m/crtend.o
LOAD c:/program files (x86)/cypress/psoc creator/4.3/psoc creator/import/gnu/arm/5.4.1/bin/../lib/gcc/arm-none-eabi/5.4.1/armv7-m/crtn.o
START GROUP
LOAD c:/program files (x86)/cypress/psoc creator/4.3/psoc creator/import/gnu/arm/5.4.1/bin/../lib/gcc/arm-none-eabi/5.4.1/armv7-m\libgcc.a
LOAD c:/program files (x86)/cypress/psoc creator/4.3/psoc creator/import/gnu/arm/5.4.1/bin/../lib/gcc/arm-none-eabi/5.4.1/../../../../arm-none-eabi/lib/armv7-m\libc.a
LOAD c:/program files (x86)/cypress/psoc creator/4.3/psoc creator/import/gnu/arm/5.4.1/bin/../lib/gcc/arm-none-eabi/5.4.1/../../../../arm-none-eabi/lib/armv7-m\libnosys.a
END GROUP
                0x00000000                CY_APPL_ORIGIN = 0x0
                0x00000100                CY_FLASH_ROW_SIZE = 0x100
                0x00000020                CY_ECC_ROW_SIZE = 0x20
                0x00000000                CY_EE_IN_BTLDR = 0x0
                0x00000000                CY_APPL_LOADABLE = 0x0
                0x00000800                CY_EE_SIZE = 0x800
                0x00000001                CY_APPL_NUM = 0x1
                0x00000001                CY_APPL_MAX = 0x1
                0x00000040                CY_METADATA_SIZE = 0x40
                0x00000000                CY_APPL_LOADABLE = 0x0
                0x00000000                CY_CHECKSUM_EXCLUDE_SIZE = ALIGN (0x0, CY_FLASH_ROW_SIZE)
                [!provide]                PROVIDE (__cy_heap_start, _end)
                0x00000001                PROVIDE (__cy_region_num, ((__cy_regions_end - __cy_regions) / 0x10))
                0x20008000                PROVIDE (__cy_stack, (ORIGIN (ram) + LENGTH (ram)))
                [!provide]                PROVIDE (__cy_heap_end, (__cy_stack - 0x800))

.cybootloader   0x00000000        0x0
 *(.cybootloader)
                0x00000000                appl1_start = CY_APPL_ORIGIN?CY_APPL_ORIGIN:ALIGN (CY_FLASH_ROW_SIZE)
                0x0001ff00                appl2_start = (appl1_start + ALIGN ((((LENGTH (rom) - appl1_start) - (0x2 * CY_FLASH_ROW_SIZE)) / 0x2), CY_FLASH_ROW_SIZE))
                0x00000000                appl_start = (CY_APPL_NUM == 0x1)?appl1_start:appl2_start
                0x00000000                ecc_offset = ((appl_start / CY_FLASH_ROW_SIZE) * CY_ECC_ROW_SIZE)
                0x00000000                ee_offset = (CY_APPL_LOADABLE && ! (CY_EE_IN_BTLDR))?((CY_EE_SIZE / CY_APPL_MAX) * (CY_APPL_NUM - 0x1)):0x0
                0x00000800                ee_size = (CY_APPL_LOADABLE && ! (CY_EE_IN_BTLDR))?(CY_EE_SIZE / CY_APPL_MAX):CY_EE_SIZE
                [!provide]                PROVIDE (CY_ECC_OFFSET, ecc_offset)

.text           0x00000000     0x3c64
 CREATE_OBJECT_SYMBOLS
                0x00000000                PROVIDE (__cy_interrupt_vector, RomVectors)
 *(.romvectors)
 .romvectors    0x00000000       0x10 .\CortexM3\ARM_GCC_541\Debug\Cm3Start.o
                0x00000000                RomVectors
                0x00000001                ASSERT ((. != __cy_interrupt_vector), No interrupt vector)
                0x00000001                ASSERT (CY_APPL_ORIGIN?(SIZEOF (.cybootloader) <= CY_APPL_ORIGIN):0x1, Wrong image location)
                0x00000010                PROVIDE (__cy_reset, Reset)
 *(.text.Reset)
 .text.Reset    0x00000010       0x18 .\CortexM3\ARM_GCC_541\Debug\Cm3Start.o
                0x00000010                Reset
                0x00000001                ASSERT ((. != __cy_reset), No reset code)
 *(.dma_init)
                0x00000001                ASSERT ((((appl_start + .) <= 0x10000) || 0x1), DMA Init must be within the first 64k of flash)
 *(.text .text.* .gnu.linkonce.t.*)
 .text          0x00000028       0x5c c:/program files (x86)/cypress/psoc creator/4.3/psoc creator/import/gnu/arm/5.4.1/bin/../lib/gcc/arm-none-eabi/5.4.1/armv7-m/crtbegin.o
 *fill*         0x00000084        0x4 
 .text.main     0x00000088      0x600 .\CortexM3\ARM_GCC_541\Debug\main.o
                0x00000088                main
 .text.SPI_Interface_Multi_RW
                0x00000688       0xb8 .\CortexM3\ARM_GCC_541\Debug\SPI_Interface.o
                0x00000688                SPI_Interface_Multi_RW
 .text.LIS3DH_readByte
                0x00000740       0x2c .\CortexM3\ARM_GCC_541\Debug\LIS3DH_SPI.o
                0x00000740                LIS3DH_readByte
 .text.LIS3DH_writeByte
                0x0000076c       0x28 .\CortexM3\ARM_GCC_541\Debug\LIS3DH_SPI.o
                0x0000076c                LIS3DH_writeByte
 .text.LIS3DH_readPage
                0x00000794       0x20 .\CortexM3\ARM_GCC_541\Debug\LIS3DH_SPI.o
                0x00000794                LIS3DH_readPage
 .text.Custom_Pin_ISR
                0x000007b4       0x14 .\CortexM3\ARM_GCC_541\Debug\InterruptRoutines.o
                0x000007b4                Custom_Pin_ISR
 .text.Custom_Pin_Button
                0x000007c8       0x18 .\CortexM3\ARM_GCC_541\Debug\InterruptRoutines.o
                0x000007c8                Custom_Pin_Button
 .text.Custom_Pin_Button_Positive
                0x000007e0      0x15c .\CortexM3\ARM_GCC_541\Debug\InterruptRoutines.o
                0x000007e0                Custom_Pin_Button_Positive
 .text.Custom_Timer_Button
                0x0000093c       0x14 .\CortexM3\ARM_GCC_541\Debug\InterruptRoutines.o
                0x0000093c                Custom_Timer_Button
 .text.Custom_LED_Blinking
                0x00000950       0xac .\CortexM3\ARM_GCC_541\Debug\InterruptRoutines.o
                0x00000950                Custom_LED_Blinking
 .text.Custom_Pin_EnableDisable
                0x000009fc       0x20 .\CortexM3\ARM_GCC_541\Debug\InterruptRoutines.o
                0x000009fc                Custom_Pin_EnableDisable
 .text.Custom_TimeStamp
                0x00000a1c       0x18 .\CortexM3\ARM_GCC_541\Debug\InterruptRoutines.o
                0x00000a1c                Custom_TimeStamp
 .text.RGBLed_WriteRed
                0x00000a34        0x8 .\CortexM3\ARM_GCC_541\Debug\RGBLedDriver.o
 .text.RGBLed_WriteGreen
                0x00000a3c        0x8 .\CortexM3\ARM_GCC_541\Debug\RGBLedDriver.o
 .text.RGBLed_WriteBlu
                0x00000a44        0x8 .\CortexM3\ARM_GCC_541\Debug\RGBLedDriver.o
 .text.RGBLed_Start
                0x00000a4c        0xc .\CortexM3\ARM_GCC_541\Debug\RGBLedDriver.o
                0x00000a4c                RGBLed_Start
 .text.RGBLed_WriteColor
                0x00000a58       0x18 .\CortexM3\ARM_GCC_541\Debug\RGBLedDriver.o
                0x00000a58                RGBLed_WriteColor
 .text.EEPROM_readStatus
                0x00000a70        0xc .\CortexM3\ARM_GCC_541\Debug\25LC256.o
                0x00000a70                EEPROM_readStatus
 .text.EEPROM_writeEnable
                0x00000a7c        0xc .\CortexM3\ARM_GCC_541\Debug\25LC256.o
                0x00000a7c                EEPROM_writeEnable
 .text.EEPROM_readByte
                0x00000a88       0x30 .\CortexM3\ARM_GCC_541\Debug\25LC256.o
                0x00000a88                EEPROM_readByte
 .text.EEPROM_writeByte
                0x00000ab8       0x38 .\CortexM3\ARM_GCC_541\Debug\25LC256.o
                0x00000ab8                EEPROM_writeByte
 .text.EEPROM_readPage
                0x00000af0       0x24 .\CortexM3\ARM_GCC_541\Debug\25LC256.o
                0x00000af0                EEPROM_readPage
 .text.EEPROM_writePage
                0x00000b14       0x5c .\CortexM3\ARM_GCC_541\Debug\25LC256.o
                0x00000b14                EEPROM_writePage
 .text.EEPROM_waitForWriteComplete
                0x00000b70       0x10 .\CortexM3\ARM_GCC_541\Debug\25LC256.o
                0x00000b70                EEPROM_waitForWriteComplete
 .text.SPI_Interface_EEPROM_tradeByte
                0x00000b80       0x2c .\CortexM3\ARM_GCC_541\Debug\SPI_Interface_EEPROM.o
                0x00000b80                SPI_Interface_EEPROM_tradeByte
 .text.SPI_Interface_EEPROM_ReadByte
                0x00000bac       0x34 .\CortexM3\ARM_GCC_541\Debug\SPI_Interface_EEPROM.o
                0x00000bac                SPI_Interface_EEPROM_ReadByte
 .text.SPI_Interface_EEPROM_Multi_RW
                0x00000be0       0xb8 .\CortexM3\ARM_GCC_541\Debug\SPI_Interface_EEPROM.o
                0x00000be0                SPI_Interface_EEPROM_Multi_RW
 .text.CyClockStartupError
                0x00000c98        0x4 .\CortexM3\ARM_GCC_541\Debug\cyfitter_cfg.o
 .text.cfg_write_bytes32
                0x00000c9c       0x34 .\CortexM3\ARM_GCC_541\Debug\cyfitter_cfg.o
 .text.AnalogSetDefault
                0x00000cd0       0x40 .\CortexM3\ARM_GCC_541\Debug\cyfitter_cfg.o
 .text.CYMEMZERO
                0x00000d10        0xc .\CortexM3\ARM_GCC_541\Debug\cyfitter_cfg.o
 .text.CYCONFIGCPY
                0x00000d1c        0x8 .\CortexM3\ARM_GCC_541\Debug\cyfitter_cfg.o
 .text.ClockSetup
                0x00000d24      0x190 .\CortexM3\ARM_GCC_541\Debug\cyfitter_cfg.o
 .text.ADC_DelSig_AMux_Set
                0x00000eb4       0x1c .\CortexM3\ARM_GCC_541\Debug\cyfitter_cfg.o
                0x00000eb4                ADC_DelSig_AMux_Set
 .text.ADC_DelSig_AMux_Unset
                0x00000ed0       0x1c .\CortexM3\ARM_GCC_541\Debug\cyfitter_cfg.o
                0x00000ed0                ADC_DelSig_AMux_Unset
 .text.cyfitter_cfg
                0x00000eec      0x13c .\CortexM3\ARM_GCC_541\Debug\cyfitter_cfg.o
                0x00000eec                cyfitter_cfg
 .text.IntDefaultHandler
                0x00001028       0x10 .\CortexM3\ARM_GCC_541\Debug\Cm3Start.o
                0x00001028                IntDefaultHandler
 .text._sbrk    0x00001038       0x30 .\CortexM3\ARM_GCC_541\Debug\Cm3Start.o
                0x00001038                _sbrk
 .text.Start_c  0x00001068       0x4c .\CortexM3\ARM_GCC_541\Debug\Cm3Start.o
                0x00001068                Start_c
 .text.initialize_psoc
                0x000010b4       0x68 .\CortexM3\ARM_GCC_541\Debug\Cm3Start.o
                0x000010b4                initialize_psoc
 .text.SPIM_1_EnableTxInt
                0x0000111c        0xc .\CortexM3\ARM_GCC_541\Debug\Final_assignment_01.a(SPIM_1.o)
                0x0000111c                SPIM_1_EnableTxInt
 .text.SPIM_1_EnableRxInt
                0x00001128        0xc .\CortexM3\ARM_GCC_541\Debug\Final_assignment_01.a(SPIM_1.o)
                0x00001128                SPIM_1_EnableRxInt
 .text.SPIM_1_Enable
                0x00001134       0x3c .\CortexM3\ARM_GCC_541\Debug\Final_assignment_01.a(SPIM_1.o)
                0x00001134                SPIM_1_Enable
 .text.SPIM_1_DisableTxInt
                0x00001170        0xc .\CortexM3\ARM_GCC_541\Debug\Final_assignment_01.a(SPIM_1.o)
                0x00001170                SPIM_1_DisableTxInt
 .text.SPIM_1_DisableRxInt
                0x0000117c        0xc .\CortexM3\ARM_GCC_541\Debug\Final_assignment_01.a(SPIM_1.o)
                0x0000117c                SPIM_1_DisableRxInt
 .text.SPIM_1_Stop
                0x00001188       0x30 .\CortexM3\ARM_GCC_541\Debug\Final_assignment_01.a(SPIM_1.o)
                0x00001188                SPIM_1_Stop
 .text.SPIM_1_ReadTxStatus
                0x000011b8       0x28 .\CortexM3\ARM_GCC_541\Debug\Final_assignment_01.a(SPIM_1.o)
                0x000011b8                SPIM_1_ReadTxStatus
 .text.SPIM_1_ReadRxStatus
                0x000011e0       0x28 .\CortexM3\ARM_GCC_541\Debug\Final_assignment_01.a(SPIM_1.o)
                0x000011e0                SPIM_1_ReadRxStatus
 .text.SPIM_1_WriteTxData
                0x00001208       0xd4 .\CortexM3\ARM_GCC_541\Debug\Final_assignment_01.a(SPIM_1.o)
                0x00001208                SPIM_1_WriteTxData
 .text.SPIM_1_ReadRxData
                0x000012dc       0x64 .\CortexM3\ARM_GCC_541\Debug\Final_assignment_01.a(SPIM_1.o)
                0x000012dc                SPIM_1_ReadRxData
 .text.SPIM_1_ClearRxBuffer
                0x00001340       0x40 .\CortexM3\ARM_GCC_541\Debug\Final_assignment_01.a(SPIM_1.o)
                0x00001340                SPIM_1_ClearRxBuffer
 .text.SPIM_1_ClearTxBuffer
                0x00001380       0x54 .\CortexM3\ARM_GCC_541\Debug\Final_assignment_01.a(SPIM_1.o)
                0x00001380                SPIM_1_ClearTxBuffer
 .text.SPIM_1_PutArray
                0x000013d4       0x20 .\CortexM3\ARM_GCC_541\Debug\Final_assignment_01.a(SPIM_1.o)
                0x000013d4                SPIM_1_PutArray
 .text.SPIM_1_ClearFIFO
                0x000013f4       0x3c .\CortexM3\ARM_GCC_541\Debug\Final_assignment_01.a(SPIM_1.o)
                0x000013f4                SPIM_1_ClearFIFO
 .text.SPIM_1_Init
                0x00001430       0x90 .\CortexM3\ARM_GCC_541\Debug\Final_assignment_01.a(SPIM_1.o)
                0x00001430                SPIM_1_Init
 .text.SPIM_1_Start
                0x000014c0       0x1c .\CortexM3\ARM_GCC_541\Debug\Final_assignment_01.a(SPIM_1.o)
                0x000014c0                SPIM_1_Start
 .text.SPIM_1_TX_ISR
                0x000014dc       0xa0 .\CortexM3\ARM_GCC_541\Debug\Final_assignment_01.a(SPIM_1_INT.o)
                0x000014dc                SPIM_1_TX_ISR
 .text.SPIM_1_RX_ISR
                0x0000157c       0xa0 .\CortexM3\ARM_GCC_541\Debug\Final_assignment_01.a(SPIM_1_INT.o)
                0x0000157c                SPIM_1_RX_ISR
 .text.CS_1_Write
                0x0000161c       0x18 .\CortexM3\ARM_GCC_541\Debug\Final_assignment_01.a(CS_1.o)
                0x0000161c                CS_1_Write
 .text.Pin_ISR_ClearInterrupt
                0x00001634       0x10 .\CortexM3\ARM_GCC_541\Debug\Final_assignment_01.a(Pin_ISR.o)
                0x00001634                Pin_ISR_ClearInterrupt
 .text.isr_ACC_SetVector
                0x00001644        0xc .\CortexM3\ARM_GCC_541\Debug\Final_assignment_01.a(isr_ACC.o)
                0x00001644                isr_ACC_SetVector
 .text.isr_ACC_SetPriority
                0x00001650       0x10 .\CortexM3\ARM_GCC_541\Debug\Final_assignment_01.a(isr_ACC.o)
                0x00001650                isr_ACC_SetPriority
 .text.isr_ACC_Enable
                0x00001660       0x10 .\CortexM3\ARM_GCC_541\Debug\Final_assignment_01.a(isr_ACC.o)
                0x00001660                isr_ACC_Enable
 .text.isr_ACC_Disable
                0x00001670       0x10 .\CortexM3\ARM_GCC_541\Debug\Final_assignment_01.a(isr_ACC.o)
                0x00001670                isr_ACC_Disable
 .text.isr_ACC_StartEx
                0x00001680       0x1c .\CortexM3\ARM_GCC_541\Debug\Final_assignment_01.a(isr_ACC.o)
                0x00001680                isr_ACC_StartEx
 .text.SPIM_1_IntClock_Start
                0x0000169c       0x1c .\CortexM3\ARM_GCC_541\Debug\Final_assignment_01.a(SPIM_1_IntClock.o)
                0x0000169c                SPIM_1_IntClock_Start
 .text.SPIM_1_IntClock_Stop
                0x000016b8       0x1c .\CortexM3\ARM_GCC_541\Debug\Final_assignment_01.a(SPIM_1_IntClock.o)
                0x000016b8                SPIM_1_IntClock_Stop
 .text.CyHalt   0x000016d4        0x4 .\CortexM3\ARM_GCC_541\Debug\Final_assignment_01.a(CyLib.o)
                0x000016d4                CyHalt
 .text.CyDelay  0x000016d8       0x2c .\CortexM3\ARM_GCC_541\Debug\Final_assignment_01.a(CyLib.o)
                0x000016d8                CyDelay
 .text.CyDelayUs
                0x00001704       0x14 .\CortexM3\ARM_GCC_541\Debug\Final_assignment_01.a(CyLib.o)
                0x00001704                CyDelayUs
 .text.CyIntSetVector
                0x00001718       0x28 .\CortexM3\ARM_GCC_541\Debug\Final_assignment_01.a(CyLib.o)
                0x00001718                CyIntSetVector
 .text.CyIntSetPriority
                0x00001740       0x30 .\CortexM3\ARM_GCC_541\Debug\Final_assignment_01.a(CyLib.o)
                0x00001740                CyIntSetPriority
 .text.UART_1_Init
                0x00001770       0x24 .\CortexM3\ARM_GCC_541\Debug\Final_assignment_01.a(UART_1.o)
                0x00001770                UART_1_Init
 .text.UART_1_Enable
                0x00001794       0x38 .\CortexM3\ARM_GCC_541\Debug\Final_assignment_01.a(UART_1.o)
                0x00001794                UART_1_Enable
 .text.UART_1_Start
                0x000017cc       0x1c .\CortexM3\ARM_GCC_541\Debug\Final_assignment_01.a(UART_1.o)
                0x000017cc                UART_1_Start
 .text.UART_1_PutChar
                0x000017e8       0x18 .\CortexM3\ARM_GCC_541\Debug\Final_assignment_01.a(UART_1.o)
                0x000017e8                UART_1_PutChar
 .text.UART_1_PutString
                0x00001800       0x24 .\CortexM3\ARM_GCC_541\Debug\Final_assignment_01.a(UART_1.o)
                0x00001800                UART_1_PutString
 .text.UART_1_PutArray
                0x00001824       0x28 .\CortexM3\ARM_GCC_541\Debug\Final_assignment_01.a(UART_1.o)
                0x00001824                UART_1_PutArray
 .text.UART_1_IntClock_Start
                0x0000184c       0x1c .\CortexM3\ARM_GCC_541\Debug\Final_assignment_01.a(UART_1_IntClock.o)
                0x0000184c                UART_1_IntClock_Start
 .text.PWM_RG_Enable
                0x00001868       0x10 .\CortexM3\ARM_GCC_541\Debug\Final_assignment_01.a(PWM_RG.o)
                0x00001868                PWM_RG_Enable
 .text.PWM_RG_WriteCounter
                0x00001878        0xc .\CortexM3\ARM_GCC_541\Debug\Final_assignment_01.a(PWM_RG.o)
                0x00001878                PWM_RG_WriteCounter
 .text.PWM_RG_WritePeriod
                0x00001884        0xc .\CortexM3\ARM_GCC_541\Debug\Final_assignment_01.a(PWM_RG.o)
                0x00001884                PWM_RG_WritePeriod
 .text.PWM_RG_WriteCompare1
                0x00001890        0xc .\CortexM3\ARM_GCC_541\Debug\Final_assignment_01.a(PWM_RG.o)
                0x00001890                PWM_RG_WriteCompare1
 .text.PWM_RG_WriteCompare2
                0x0000189c        0xc .\CortexM3\ARM_GCC_541\Debug\Final_assignment_01.a(PWM_RG.o)
                0x0000189c                PWM_RG_WriteCompare2
 .text.PWM_RG_SetInterruptMode
                0x000018a8        0xc .\CortexM3\ARM_GCC_541\Debug\Final_assignment_01.a(PWM_RG.o)
                0x000018a8                PWM_RG_SetInterruptMode
 .text.PWM_RG_ReadStatusRegister
                0x000018b4        0xc .\CortexM3\ARM_GCC_541\Debug\Final_assignment_01.a(PWM_RG.o)
                0x000018b4                PWM_RG_ReadStatusRegister
 .text.PWM_RG_ReadCapture
                0x000018c0        0xc .\CortexM3\ARM_GCC_541\Debug\Final_assignment_01.a(PWM_RG.o)
                0x000018c0                PWM_RG_ReadCapture
 .text.PWM_RG_ClearFIFO
                0x000018cc       0x14 .\CortexM3\ARM_GCC_541\Debug\Final_assignment_01.a(PWM_RG.o)
                0x000018cc                PWM_RG_ClearFIFO
 .text.PWM_RG_Init
                0x000018e0       0x58 .\CortexM3\ARM_GCC_541\Debug\Final_assignment_01.a(PWM_RG.o)
                0x000018e0                PWM_RG_Init
 .text.PWM_RG_Start
                0x00001938       0x1c .\CortexM3\ARM_GCC_541\Debug\Final_assignment_01.a(PWM_RG.o)
                0x00001938                PWM_RG_Start
 .text.PWM_B_Enable
                0x00001954       0x10 .\CortexM3\ARM_GCC_541\Debug\Final_assignment_01.a(PWM_B.o)
                0x00001954                PWM_B_Enable
 .text.PWM_B_WriteCounter
                0x00001964        0xc .\CortexM3\ARM_GCC_541\Debug\Final_assignment_01.a(PWM_B.o)
                0x00001964                PWM_B_WriteCounter
 .text.PWM_B_WritePeriod
                0x00001970        0xc .\CortexM3\ARM_GCC_541\Debug\Final_assignment_01.a(PWM_B.o)
                0x00001970                PWM_B_WritePeriod
 .text.PWM_B_WriteCompare
                0x0000197c        0xc .\CortexM3\ARM_GCC_541\Debug\Final_assignment_01.a(PWM_B.o)
                0x0000197c                PWM_B_WriteCompare
 .text.PWM_B_SetInterruptMode
                0x00001988        0xc .\CortexM3\ARM_GCC_541\Debug\Final_assignment_01.a(PWM_B.o)
                0x00001988                PWM_B_SetInterruptMode
 .text.PWM_B_ReadStatusRegister
                0x00001994        0xc .\CortexM3\ARM_GCC_541\Debug\Final_assignment_01.a(PWM_B.o)
                0x00001994                PWM_B_ReadStatusRegister
 .text.PWM_B_ReadCapture
                0x000019a0        0xc .\CortexM3\ARM_GCC_541\Debug\Final_assignment_01.a(PWM_B.o)
                0x000019a0                PWM_B_ReadCapture
 .text.PWM_B_ClearFIFO
                0x000019ac       0x14 .\CortexM3\ARM_GCC_541\Debug\Final_assignment_01.a(PWM_B.o)
                0x000019ac                PWM_B_ClearFIFO
 .text.PWM_B_Init
                0x000019c0       0x54 .\CortexM3\ARM_GCC_541\Debug\Final_assignment_01.a(PWM_B.o)
                0x000019c0                PWM_B_Init
 .text.PWM_B_Start
                0x00001a14       0x1c .\CortexM3\ARM_GCC_541\Debug\Final_assignment_01.a(PWM_B.o)
                0x00001a14                PWM_B_Start
 .text.CS_2_Write
                0x00001a30       0x18 .\CortexM3\ARM_GCC_541\Debug\Final_assignment_01.a(CS_2.o)
                0x00001a30                CS_2_Write
 .text.SPIM_2_EnableTxInt
                0x00001a48        0xc .\CortexM3\ARM_GCC_541\Debug\Final_assignment_01.a(SPIM_2.o)
                0x00001a48                SPIM_2_EnableTxInt
 .text.SPIM_2_EnableRxInt
                0x00001a54        0xc .\CortexM3\ARM_GCC_541\Debug\Final_assignment_01.a(SPIM_2.o)
                0x00001a54                SPIM_2_EnableRxInt
 .text.SPIM_2_Enable
                0x00001a60       0x3c .\CortexM3\ARM_GCC_541\Debug\Final_assignment_01.a(SPIM_2.o)
                0x00001a60                SPIM_2_Enable
 .text.SPIM_2_DisableTxInt
                0x00001a9c        0xc .\CortexM3\ARM_GCC_541\Debug\Final_assignment_01.a(SPIM_2.o)
                0x00001a9c                SPIM_2_DisableTxInt
 .text.SPIM_2_DisableRxInt
                0x00001aa8        0xc .\CortexM3\ARM_GCC_541\Debug\Final_assignment_01.a(SPIM_2.o)
                0x00001aa8                SPIM_2_DisableRxInt
 .text.SPIM_2_ReadTxStatus
                0x00001ab4       0x28 .\CortexM3\ARM_GCC_541\Debug\Final_assignment_01.a(SPIM_2.o)
                0x00001ab4                SPIM_2_ReadTxStatus
 .text.SPIM_2_ReadRxStatus
                0x00001adc       0x28 .\CortexM3\ARM_GCC_541\Debug\Final_assignment_01.a(SPIM_2.o)
                0x00001adc                SPIM_2_ReadRxStatus
 .text.SPIM_2_WriteTxData
                0x00001b04       0xd4 .\CortexM3\ARM_GCC_541\Debug\Final_assignment_01.a(SPIM_2.o)
                0x00001b04                SPIM_2_WriteTxData
 .text.SPIM_2_ReadRxData
                0x00001bd8       0x64 .\CortexM3\ARM_GCC_541\Debug\Final_assignment_01.a(SPIM_2.o)
                0x00001bd8                SPIM_2_ReadRxData
 .text.SPIM_2_ClearRxBuffer
                0x00001c3c       0x40 .\CortexM3\ARM_GCC_541\Debug\Final_assignment_01.a(SPIM_2.o)
                0x00001c3c                SPIM_2_ClearRxBuffer
 .text.SPIM_2_ClearTxBuffer
                0x00001c7c       0x54 .\CortexM3\ARM_GCC_541\Debug\Final_assignment_01.a(SPIM_2.o)
                0x00001c7c                SPIM_2_ClearTxBuffer
 .text.SPIM_2_PutArray
                0x00001cd0       0x20 .\CortexM3\ARM_GCC_541\Debug\Final_assignment_01.a(SPIM_2.o)
                0x00001cd0                SPIM_2_PutArray
 .text.SPIM_2_ClearFIFO
                0x00001cf0       0x3c .\CortexM3\ARM_GCC_541\Debug\Final_assignment_01.a(SPIM_2.o)
                0x00001cf0                SPIM_2_ClearFIFO
 .text.SPIM_2_Init
                0x00001d2c       0x90 .\CortexM3\ARM_GCC_541\Debug\Final_assignment_01.a(SPIM_2.o)
                0x00001d2c                SPIM_2_Init
 .text.SPIM_2_Start
                0x00001dbc       0x1c .\CortexM3\ARM_GCC_541\Debug\Final_assignment_01.a(SPIM_2.o)
                0x00001dbc                SPIM_2_Start
 .text.SPIM_2_TX_ISR
                0x00001dd8       0xa0 .\CortexM3\ARM_GCC_541\Debug\Final_assignment_01.a(SPIM_2_INT.o)
                0x00001dd8                SPIM_2_TX_ISR
 .text.SPIM_2_RX_ISR
                0x00001e78       0xa0 .\CortexM3\ARM_GCC_541\Debug\Final_assignment_01.a(SPIM_2_INT.o)
                0x00001e78                SPIM_2_RX_ISR
 .text.SPIM_2_IntClock_Start
                0x00001f18       0x1c .\CortexM3\ARM_GCC_541\Debug\Final_assignment_01.a(SPIM_2_IntClock.o)
                0x00001f18                SPIM_2_IntClock_Start
 .text.isr_DEBOUNCER_SetVector
                0x00001f34        0xc .\CortexM3\ARM_GCC_541\Debug\Final_assignment_01.a(isr_DEBOUNCER.o)
                0x00001f34                isr_DEBOUNCER_SetVector
 .text.isr_DEBOUNCER_SetPriority
                0x00001f40       0x10 .\CortexM3\ARM_GCC_541\Debug\Final_assignment_01.a(isr_DEBOUNCER.o)
                0x00001f40                isr_DEBOUNCER_SetPriority
 .text.isr_DEBOUNCER_Enable
                0x00001f50        0xc .\CortexM3\ARM_GCC_541\Debug\Final_assignment_01.a(isr_DEBOUNCER.o)
                0x00001f50                isr_DEBOUNCER_Enable
 .text.isr_DEBOUNCER_Disable
                0x00001f5c        0xc .\CortexM3\ARM_GCC_541\Debug\Final_assignment_01.a(isr_DEBOUNCER.o)
                0x00001f5c                isr_DEBOUNCER_Disable
 .text.isr_DEBOUNCER_StartEx
                0x00001f68       0x1c .\CortexM3\ARM_GCC_541\Debug\Final_assignment_01.a(isr_DEBOUNCER.o)
                0x00001f68                isr_DEBOUNCER_StartEx
 .text.Pin_Led_Blue_Write
                0x00001f84       0x18 .\CortexM3\ARM_GCC_541\Debug\Final_assignment_01.a(Pin_Led_Blue.o)
                0x00001f84                Pin_Led_Blue_Write
 .text.Pin_Led_Blue_Read
                0x00001f9c       0x10 .\CortexM3\ARM_GCC_541\Debug\Final_assignment_01.a(Pin_Led_Blue.o)
                0x00001f9c                Pin_Led_Blue_Read
 .text.TIMER_button_Enable
                0x00001fac       0x28 .\CortexM3\ARM_GCC_541\Debug\Final_assignment_01.a(TIMER_button.o)
                0x00001fac                TIMER_button_Enable
 .text.TIMER_button_Stop
                0x00001fd4       0x28 .\CortexM3\ARM_GCC_541\Debug\Final_assignment_01.a(TIMER_button.o)
                0x00001fd4                TIMER_button_Stop
 .text.TIMER_button_SetInterruptMode
                0x00001ffc        0xc .\CortexM3\ARM_GCC_541\Debug\Final_assignment_01.a(TIMER_button.o)
                0x00001ffc                TIMER_button_SetInterruptMode
 .text.TIMER_button_ReadStatusRegister
                0x00002008        0xc .\CortexM3\ARM_GCC_541\Debug\Final_assignment_01.a(TIMER_button.o)
                0x00002008                TIMER_button_ReadStatusRegister
 .text.TIMER_button_WritePeriod
                0x00002014        0xc .\CortexM3\ARM_GCC_541\Debug\Final_assignment_01.a(TIMER_button.o)
                0x00002014                TIMER_button_WritePeriod
 .text.TIMER_button_WriteCounter
                0x00002020        0xc .\CortexM3\ARM_GCC_541\Debug\Final_assignment_01.a(TIMER_button.o)
                0x00002020                TIMER_button_WriteCounter
 .text.TIMER_button_Init
                0x0000202c       0x64 .\CortexM3\ARM_GCC_541\Debug\Final_assignment_01.a(TIMER_button.o)
                0x0000202c                TIMER_button_Init
 .text.TIMER_button_Start
                0x00002090       0x1c .\CortexM3\ARM_GCC_541\Debug\Final_assignment_01.a(TIMER_button.o)
                0x00002090                TIMER_button_Start
 .text.isr_TIMER_SetVector
                0x000020ac       0x10 .\CortexM3\ARM_GCC_541\Debug\Final_assignment_01.a(isr_TIMER.o)
                0x000020ac                isr_TIMER_SetVector
 .text.isr_TIMER_SetPriority
                0x000020bc       0x10 .\CortexM3\ARM_GCC_541\Debug\Final_assignment_01.a(isr_TIMER.o)
                0x000020bc                isr_TIMER_SetPriority
 .text.isr_TIMER_Enable
                0x000020cc       0x10 .\CortexM3\ARM_GCC_541\Debug\Final_assignment_01.a(isr_TIMER.o)
                0x000020cc                isr_TIMER_Enable
 .text.isr_TIMER_Disable
                0x000020dc       0x10 .\CortexM3\ARM_GCC_541\Debug\Final_assignment_01.a(isr_TIMER.o)
                0x000020dc                isr_TIMER_Disable
 .text.isr_TIMER_StartEx
                0x000020ec       0x1c .\CortexM3\ARM_GCC_541\Debug\Final_assignment_01.a(isr_TIMER.o)
                0x000020ec                isr_TIMER_StartEx
 .text.Timer_Blinking_Enable
                0x00002108       0x28 .\CortexM3\ARM_GCC_541\Debug\Final_assignment_01.a(Timer_Blinking.o)
                0x00002108                Timer_Blinking_Enable
 .text.Timer_Blinking_Stop
                0x00002130       0x28 .\CortexM3\ARM_GCC_541\Debug\Final_assignment_01.a(Timer_Blinking.o)
                0x00002130                Timer_Blinking_Stop
 .text.Timer_Blinking_SetInterruptMode
                0x00002158        0xc .\CortexM3\ARM_GCC_541\Debug\Final_assignment_01.a(Timer_Blinking.o)
                0x00002158                Timer_Blinking_SetInterruptMode
 .text.Timer_Blinking_ReadStatusRegister
                0x00002164        0xc .\CortexM3\ARM_GCC_541\Debug\Final_assignment_01.a(Timer_Blinking.o)
                0x00002164                Timer_Blinking_ReadStatusRegister
 .text.Timer_Blinking_WritePeriod
                0x00002170        0xc .\CortexM3\ARM_GCC_541\Debug\Final_assignment_01.a(Timer_Blinking.o)
                0x00002170                Timer_Blinking_WritePeriod
 .text.Timer_Blinking_WriteCounter
                0x0000217c        0xc .\CortexM3\ARM_GCC_541\Debug\Final_assignment_01.a(Timer_Blinking.o)
                0x0000217c                Timer_Blinking_WriteCounter
 .text.Timer_Blinking_Init
                0x00002188       0x64 .\CortexM3\ARM_GCC_541\Debug\Final_assignment_01.a(Timer_Blinking.o)
                0x00002188                Timer_Blinking_Init
 .text.Timer_Blinking_Start
                0x000021ec       0x1c .\CortexM3\ARM_GCC_541\Debug\Final_assignment_01.a(Timer_Blinking.o)
                0x000021ec                Timer_Blinking_Start
 .text.isr_BLINKING_SetVector
                0x00002208       0x10 .\CortexM3\ARM_GCC_541\Debug\Final_assignment_01.a(isr_BLINKING.o)
                0x00002208                isr_BLINKING_SetVector
 .text.isr_BLINKING_SetPriority
                0x00002218       0x10 .\CortexM3\ARM_GCC_541\Debug\Final_assignment_01.a(isr_BLINKING.o)
                0x00002218                isr_BLINKING_SetPriority
 .text.isr_BLINKING_Enable
                0x00002228       0x10 .\CortexM3\ARM_GCC_541\Debug\Final_assignment_01.a(isr_BLINKING.o)
                0x00002228                isr_BLINKING_Enable
 .text.isr_BLINKING_Disable
                0x00002238       0x10 .\CortexM3\ARM_GCC_541\Debug\Final_assignment_01.a(isr_BLINKING.o)
                0x00002238                isr_BLINKING_Disable
 .text.isr_BLINKING_StartEx
                0x00002248       0x1c .\CortexM3\ARM_GCC_541\Debug\Final_assignment_01.a(isr_BLINKING.o)
                0x00002248                isr_BLINKING_StartEx
 .text.isr_positive_SetVector
                0x00002264        0xc .\CortexM3\ARM_GCC_541\Debug\Final_assignment_01.a(isr_positive.o)
                0x00002264                isr_positive_SetVector
 .text.isr_positive_SetPriority
                0x00002270       0x10 .\CortexM3\ARM_GCC_541\Debug\Final_assignment_01.a(isr_positive.o)
                0x00002270                isr_positive_SetPriority
 .text.isr_positive_Enable
                0x00002280        0xc .\CortexM3\ARM_GCC_541\Debug\Final_assignment_01.a(isr_positive.o)
                0x00002280                isr_positive_Enable
 .text.isr_positive_Disable
                0x0000228c        0xc .\CortexM3\ARM_GCC_541\Debug\Final_assignment_01.a(isr_positive.o)
                0x0000228c                isr_positive_Disable
 .text.isr_positive_StartEx
                0x00002298       0x1c .\CortexM3\ARM_GCC_541\Debug\Final_assignment_01.a(isr_positive.o)
                0x00002298                isr_positive_StartEx
 .text.ADC_DelSig_GainCompensation
                0x000022b4       0xdc .\CortexM3\ARM_GCC_541\Debug\Final_assignment_01.a(ADC_DelSig.o)
 .text.ADC_DelSig_SetDSMRef0Reg
                0x00002390       0x4c .\CortexM3\ARM_GCC_541\Debug\Final_assignment_01.a(ADC_DelSig.o)
 .text.ADC_DelSig_InitConfig
                0x000023dc       0xe0 .\CortexM3\ARM_GCC_541\Debug\Final_assignment_01.a(ADC_DelSig.o)
 .text.ADC_DelSig_Init
                0x000024bc       0xc4 .\CortexM3\ARM_GCC_541\Debug\Final_assignment_01.a(ADC_DelSig.o)
                0x000024bc                ADC_DelSig_Init
 .text.ADC_DelSig_Enable
                0x00002580       0xd8 .\CortexM3\ARM_GCC_541\Debug\Final_assignment_01.a(ADC_DelSig.o)
                0x00002580                ADC_DelSig_Enable
 .text.ADC_DelSig_Start
                0x00002658       0x28 .\CortexM3\ARM_GCC_541\Debug\Final_assignment_01.a(ADC_DelSig.o)
                0x00002658                ADC_DelSig_Start
 .text.ADC_DelSig_StartConvert
                0x00002680       0x10 .\CortexM3\ARM_GCC_541\Debug\Final_assignment_01.a(ADC_DelSig.o)
                0x00002680                ADC_DelSig_StartConvert
 .text.ADC_DelSig_StopConvert
                0x00002690       0x10 .\CortexM3\ARM_GCC_541\Debug\Final_assignment_01.a(ADC_DelSig.o)
                0x00002690                ADC_DelSig_StopConvert
 .text.ADC_DelSig_IsEndConversion
                0x000026a0       0x30 .\CortexM3\ARM_GCC_541\Debug\Final_assignment_01.a(ADC_DelSig.o)
                0x000026a0                ADC_DelSig_IsEndConversion
 .text.ADC_DelSig_GetResult32
                0x000026d0       0x6c .\CortexM3\ARM_GCC_541\Debug\Final_assignment_01.a(ADC_DelSig.o)
                0x000026d0                ADC_DelSig_GetResult32
 .text.ADC_DelSig_Read32
                0x0000273c       0x28 .\CortexM3\ARM_GCC_541\Debug\Final_assignment_01.a(ADC_DelSig.o)
                0x0000273c                ADC_DelSig_Read32
 .text.ADC_DelSig_ISR1
                0x00002764        0x4 .\CortexM3\ARM_GCC_541\Debug\Final_assignment_01.a(ADC_DelSig_INT.o)
                0x00002764                ADC_DelSig_ISR1
 .text.ADC_DelSig_AMux_Start
                0x00002768       0x20 .\CortexM3\ARM_GCC_541\Debug\Final_assignment_01.a(ADC_DelSig_AMux.o)
                0x00002768                ADC_DelSig_AMux_Start
 .text.ADC_DelSig_AMux_Select
                0x00002788       0x18 .\CortexM3\ARM_GCC_541\Debug\Final_assignment_01.a(ADC_DelSig_AMux.o)
                0x00002788                ADC_DelSig_AMux_Select
 .text.ADC_DelSig_Ext_CP_Clk_GetDividerRegister
                0x000027a0        0xc .\CortexM3\ARM_GCC_541\Debug\Final_assignment_01.a(ADC_DelSig_Ext_CP_Clk.o)
                0x000027a0                ADC_DelSig_Ext_CP_Clk_GetDividerRegister
 .text.ADC_DelSig_Ext_CP_Clk_SetModeRegister
                0x000027ac       0x14 .\CortexM3\ARM_GCC_541\Debug\Final_assignment_01.a(ADC_DelSig_Ext_CP_Clk.o)
                0x000027ac                ADC_DelSig_Ext_CP_Clk_SetModeRegister
 .text.ADC_DelSig_Ext_CP_Clk_GetSourceRegister
                0x000027c0       0x10 .\CortexM3\ARM_GCC_541\Debug\Final_assignment_01.a(ADC_DelSig_Ext_CP_Clk.o)
                0x000027c0                ADC_DelSig_Ext_CP_Clk_GetSourceRegister
 .text.ADC_DelSig_Ext_CP_Clk_SetDividerRegister
                0x000027d0       0xd8 .\CortexM3\ARM_GCC_541\Debug\Final_assignment_01.a(ADC_DelSig_Ext_CP_Clk.o)
                0x000027d0                ADC_DelSig_Ext_CP_Clk_SetDividerRegister
 .text.ADC_DelSig_theACLK_GetDividerRegister
                0x000028a8        0xc .\CortexM3\ARM_GCC_541\Debug\Final_assignment_01.a(ADC_DelSig_theACLK.o)
                0x000028a8                ADC_DelSig_theACLK_GetDividerRegister
 .text.ADC_DelSig_theACLK_SetModeRegister
                0x000028b4       0x14 .\CortexM3\ARM_GCC_541\Debug\Final_assignment_01.a(ADC_DelSig_theACLK.o)
                0x000028b4                ADC_DelSig_theACLK_SetModeRegister
 .text.ADC_DelSig_theACLK_GetSourceRegister
                0x000028c8       0x10 .\CortexM3\ARM_GCC_541\Debug\Final_assignment_01.a(ADC_DelSig_theACLK.o)
                0x000028c8                ADC_DelSig_theACLK_GetSourceRegister
 .text.ADC_DelSig_theACLK_SetDividerRegister
                0x000028d8       0xd8 .\CortexM3\ARM_GCC_541\Debug\Final_assignment_01.a(ADC_DelSig_theACLK.o)
                0x000028d8                ADC_DelSig_theACLK_SetDividerRegister
 .text.Pin_RED_UARTVerboseFlag_Write
                0x000029b0       0x18 .\CortexM3\ARM_GCC_541\Debug\Final_assignment_01.a(Pin_RED_UARTVerboseFlag.o)
                0x000029b0                Pin_RED_UARTVerboseFlag_Write
 .text.Pin_EnableDisable_Read
                0x000029c8       0x10 .\CortexM3\ARM_GCC_541\Debug\Final_assignment_01.a(Pin_EnableDisable.o)
                0x000029c8                Pin_EnableDisable_Read
 .text.Pin_EnableDisable_ClearInterrupt
                0x000029d8       0x10 .\CortexM3\ARM_GCC_541\Debug\Final_assignment_01.a(Pin_EnableDisable.o)
                0x000029d8                Pin_EnableDisable_ClearInterrupt
 .text.isr_EnableDisable_SetVector
                0x000029e8        0xc .\CortexM3\ARM_GCC_541\Debug\Final_assignment_01.a(isr_EnableDisable.o)
                0x000029e8                isr_EnableDisable_SetVector
 .text.isr_EnableDisable_SetPriority
                0x000029f4       0x10 .\CortexM3\ARM_GCC_541\Debug\Final_assignment_01.a(isr_EnableDisable.o)
                0x000029f4                isr_EnableDisable_SetPriority
 .text.isr_EnableDisable_Enable
                0x00002a04        0xc .\CortexM3\ARM_GCC_541\Debug\Final_assignment_01.a(isr_EnableDisable.o)
                0x00002a04                isr_EnableDisable_Enable
 .text.isr_EnableDisable_Disable
                0x00002a10        0xc .\CortexM3\ARM_GCC_541\Debug\Final_assignment_01.a(isr_EnableDisable.o)
                0x00002a10                isr_EnableDisable_Disable
 .text.isr_EnableDisable_StartEx
                0x00002a1c       0x1c .\CortexM3\ARM_GCC_541\Debug\Final_assignment_01.a(isr_EnableDisable.o)
                0x00002a1c                isr_EnableDisable_StartEx
 .text.Counter_TimeStamp_Enable
                0x00002a38       0x28 .\CortexM3\ARM_GCC_541\Debug\Final_assignment_01.a(Counter_TimeStamp.o)
                0x00002a38                Counter_TimeStamp_Enable
 .text.Counter_TimeStamp_SetInterruptMode
                0x00002a60        0xc .\CortexM3\ARM_GCC_541\Debug\Final_assignment_01.a(Counter_TimeStamp.o)
                0x00002a60                Counter_TimeStamp_SetInterruptMode
 .text.Counter_TimeStamp_ReadStatusRegister
                0x00002a6c        0xc .\CortexM3\ARM_GCC_541\Debug\Final_assignment_01.a(Counter_TimeStamp.o)
                0x00002a6c                Counter_TimeStamp_ReadStatusRegister
 .text.Counter_TimeStamp_WriteCounter
                0x00002a78       0x34 .\CortexM3\ARM_GCC_541\Debug\Final_assignment_01.a(Counter_TimeStamp.o)
                0x00002a78                Counter_TimeStamp_WriteCounter
 .text.Counter_TimeStamp_ReadCounter
                0x00002aac       0x14 .\CortexM3\ARM_GCC_541\Debug\Final_assignment_01.a(Counter_TimeStamp.o)
                0x00002aac                Counter_TimeStamp_ReadCounter
 .text.Counter_TimeStamp_WritePeriod
                0x00002ac0        0xc .\CortexM3\ARM_GCC_541\Debug\Final_assignment_01.a(Counter_TimeStamp.o)
                0x00002ac0                Counter_TimeStamp_WritePeriod
 .text.Counter_TimeStamp_Init
                0x00002acc       0x64 .\CortexM3\ARM_GCC_541\Debug\Final_assignment_01.a(Counter_TimeStamp.o)
                0x00002acc                Counter_TimeStamp_Init
 .text.Counter_TimeStamp_Start
                0x00002b30       0x1c .\CortexM3\ARM_GCC_541\Debug\Final_assignment_01.a(Counter_TimeStamp.o)
                0x00002b30                Counter_TimeStamp_Start
 .text.isr_TimeStamp_SetVector
                0x00002b4c       0x10 .\CortexM3\ARM_GCC_541\Debug\Final_assignment_01.a(isr_TimeStamp.o)
                0x00002b4c                isr_TimeStamp_SetVector
 .text.isr_TimeStamp_SetPriority
                0x00002b5c       0x10 .\CortexM3\ARM_GCC_541\Debug\Final_assignment_01.a(isr_TimeStamp.o)
                0x00002b5c                isr_TimeStamp_SetPriority
 .text.isr_TimeStamp_Enable
                0x00002b6c       0x10 .\CortexM3\ARM_GCC_541\Debug\Final_assignment_01.a(isr_TimeStamp.o)
                0x00002b6c                isr_TimeStamp_Enable
 .text.isr_TimeStamp_Disable
                0x00002b7c       0x10 .\CortexM3\ARM_GCC_541\Debug\Final_assignment_01.a(isr_TimeStamp.o)
                0x00002b7c                isr_TimeStamp_Disable
 .text.isr_TimeStamp_StartEx
                0x00002b8c       0x1c .\CortexM3\ARM_GCC_541\Debug\Final_assignment_01.a(isr_TimeStamp.o)
                0x00002b8c                isr_TimeStamp_StartEx
 .text          0x00002ba8       0x20 .\CortexM3\ARM_GCC_541\Debug\Final_assignment_01.a(CyBootAsmGnu.o)
                0x00002ba8                CyDelayCycles
                0x00002bb8                CyEnterCriticalSection
                0x00002bc0                CyExitCriticalSection
 .text          0x00002bc8      0x370 c:/program files (x86)/cypress/psoc creator/4.3/psoc creator/import/gnu/arm/5.4.1/bin/../lib/gcc/arm-none-eabi/5.4.1/armv7-m\libgcc.a(_arm_addsubdf3.o)
                0x00002bc8                __aeabi_drsub
                0x00002bd0                __aeabi_dsub
                0x00002bd0                __subdf3
                0x00002bd4                __aeabi_dadd
                0x00002bd4                __adddf3
                0x00002e4c                __floatunsidf
                0x00002e4c                __aeabi_ui2d
                0x00002e6c                __floatsidf
                0x00002e6c                __aeabi_i2d
                0x00002e90                __aeabi_f2d
                0x00002e90                __extendsfdf2
                0x00002ecc                __floatundidf
                0x00002ecc                __aeabi_ul2d
                0x00002edc                __floatdidf
                0x00002edc                __aeabi_l2d
 .text          0x00002f38      0x424 c:/program files (x86)/cypress/psoc creator/4.3/psoc creator/import/gnu/arm/5.4.1/bin/../lib/gcc/arm-none-eabi/5.4.1/armv7-m\libgcc.a(_arm_muldivdf3.o)
                0x00002f38                __aeabi_dmul
                0x00002f38                __muldf3
                0x0000318c                __divdf3
                0x0000318c                __aeabi_ddiv
 .text          0x0000335c       0x40 c:/program files (x86)/cypress/psoc creator/4.3/psoc creator/import/gnu/arm/5.4.1/bin/../lib/gcc/arm-none-eabi/5.4.1/armv7-m\libgcc.a(_arm_fixunsdfsi.o)
                0x0000335c                __aeabi_d2uiz
                0x0000335c                __fixunsdfsi
 .text.__errno  0x0000339c        0xc c:/program files (x86)/cypress/psoc creator/4.3/psoc creator/import/gnu/arm/5.4.1/bin/../lib/gcc/arm-none-eabi/5.4.1/../../../../arm-none-eabi/lib/armv7-m\libg_nano.a(lib_a-errno.o)
                0x0000339c                __errno
 .text.__libc_init_array
                0x000033a8       0x4c c:/program files (x86)/cypress/psoc creator/4.3/psoc creator/import/gnu/arm/5.4.1/bin/../lib/gcc/arm-none-eabi/5.4.1/../../../../arm-none-eabi/lib/armv7-m\libg_nano.a(lib_a-init.o)
                0x000033a8                __libc_init_array
 .text.memcpy   0x000033f4       0x16 c:/program files (x86)/cypress/psoc creator/4.3/psoc creator/import/gnu/arm/5.4.1/bin/../lib/gcc/arm-none-eabi/5.4.1/../../../../arm-none-eabi/lib/armv7-m\libg_nano.a(lib_a-memcpy-stub.o)
                0x000033f4                memcpy
 .text.memset   0x0000340a       0x10 c:/program files (x86)/cypress/psoc creator/4.3/psoc creator/import/gnu/arm/5.4.1/bin/../lib/gcc/arm-none-eabi/5.4.1/../../../../arm-none-eabi/lib/armv7-m\libg_nano.a(lib_a-memset.o)
                0x0000340a                memset
 *fill*         0x0000341a        0x2 
 .text.sprintf  0x0000341c       0x48 c:/program files (x86)/cypress/psoc creator/4.3/psoc creator/import/gnu/arm/5.4.1/bin/../lib/gcc/arm-none-eabi/5.4.1/../../../../arm-none-eabi/lib/armv7-m\libg_nano.a(lib_a-sprintf.o)
                0x0000341c                siprintf
                0x0000341c                sprintf
 .text.__ssputs_r
                0x00003464       0xb2 c:/program files (x86)/cypress/psoc creator/4.3/psoc creator/import/gnu/arm/5.4.1/bin/../lib/gcc/arm-none-eabi/5.4.1/../../../../arm-none-eabi/lib/armv7-m\libg_nano.a(lib_a-nano-svfprintf.o)
                0x00003464                __ssputs_r
 *fill*         0x00003516        0x2 
 .text._svfprintf_r
                0x00003518      0x1e8 c:/program files (x86)/cypress/psoc creator/4.3/psoc creator/import/gnu/arm/5.4.1/bin/../lib/gcc/arm-none-eabi/5.4.1/../../../../arm-none-eabi/lib/armv7-m\libg_nano.a(lib_a-nano-svfprintf.o)
                0x00003518                _svfiprintf_r
                0x00003518                _svfprintf_r
 .text._printf_common
                0x00003700       0xec c:/program files (x86)/cypress/psoc creator/4.3/psoc creator/import/gnu/arm/5.4.1/bin/../lib/gcc/arm-none-eabi/5.4.1/../../../../arm-none-eabi/lib/armv7-m\libg_nano.a(lib_a-nano-vfprintf_i.o)
                0x00003700                _printf_common
 .text._printf_i
                0x000037ec      0x24c c:/program files (x86)/cypress/psoc creator/4.3/psoc creator/import/gnu/arm/5.4.1/bin/../lib/gcc/arm-none-eabi/5.4.1/../../../../arm-none-eabi/lib/armv7-m\libg_nano.a(lib_a-nano-vfprintf_i.o)
                0x000037ec                _printf_i
 .text.memchr   0x00003a38       0x1c c:/program files (x86)/cypress/psoc creator/4.3/psoc creator/import/gnu/arm/5.4.1/bin/../lib/gcc/arm-none-eabi/5.4.1/../../../../arm-none-eabi/lib/armv7-m\libg_nano.a(lib_a-memchr-stub.o)
                0x00003a38                memchr
 .text.memmove  0x00003a54       0x36 c:/program files (x86)/cypress/psoc creator/4.3/psoc creator/import/gnu/arm/5.4.1/bin/../lib/gcc/arm-none-eabi/5.4.1/../../../../arm-none-eabi/lib/armv7-m\libg_nano.a(lib_a-memmove.o)
                0x00003a54                memmove
 *fill*         0x00003a8a        0x2 
 .text._free_r  0x00003a8c       0x98 c:/program files (x86)/cypress/psoc creator/4.3/psoc creator/import/gnu/arm/5.4.1/bin/../lib/gcc/arm-none-eabi/5.4.1/../../../../arm-none-eabi/lib/armv7-m\libg_nano.a(lib_a-nano-freer.o)
                0x00003a8c                _free_r
 .text._malloc_r
                0x00003b24       0xbc c:/program files (x86)/cypress/psoc creator/4.3/psoc creator/import/gnu/arm/5.4.1/bin/../lib/gcc/arm-none-eabi/5.4.1/../../../../arm-none-eabi/lib/armv7-m\libg_nano.a(lib_a-nano-mallocr.o)
                0x00003b24                _malloc_r
 .text._realloc_r
                0x00003be0       0x4c c:/program files (x86)/cypress/psoc creator/4.3/psoc creator/import/gnu/arm/5.4.1/bin/../lib/gcc/arm-none-eabi/5.4.1/../../../../arm-none-eabi/lib/armv7-m\libg_nano.a(lib_a-nano-reallocr.o)
                0x00003be0                _realloc_r
 .text._sbrk_r  0x00003c2c       0x20 c:/program files (x86)/cypress/psoc creator/4.3/psoc creator/import/gnu/arm/5.4.1/bin/../lib/gcc/arm-none-eabi/5.4.1/../../../../arm-none-eabi/lib/armv7-m\libg_nano.a(lib_a-sbrkr.o)
                0x00003c2c                _sbrk_r
 .text.__malloc_lock
                0x00003c4c        0x2 c:/program files (x86)/cypress/psoc creator/4.3/psoc creator/import/gnu/arm/5.4.1/bin/../lib/gcc/arm-none-eabi/5.4.1/../../../../arm-none-eabi/lib/armv7-m\libg_nano.a(lib_a-mlock.o)
                0x00003c4c                __malloc_lock
 .text.__malloc_unlock
                0x00003c4e        0x2 c:/program files (x86)/cypress/psoc creator/4.3/psoc creator/import/gnu/arm/5.4.1/bin/../lib/gcc/arm-none-eabi/5.4.1/../../../../arm-none-eabi/lib/armv7-m\libg_nano.a(lib_a-mlock.o)
                0x00003c4e                __malloc_unlock
 .text._malloc_usable_size_r
                0x00003c50       0x14 c:/program files (x86)/cypress/psoc creator/4.3/psoc creator/import/gnu/arm/5.4.1/bin/../lib/gcc/arm-none-eabi/5.4.1/../../../../arm-none-eabi/lib/armv7-m\libg_nano.a(lib_a-nano-msizer.o)
                0x00003c50                _malloc_usable_size_r
 *(.plt)
 *(.gnu.warning)
 *(.glue_7t)
 .glue_7t       0x00003c64        0x0 linker stubs
 *(.glue_7)
 .glue_7        0x00003c64        0x0 linker stubs
 *(.vfp11_veneer)
 .vfp11_veneer  0x00003c64        0x0 linker stubs
 *(.bootloader)
 *(.ARM.extab* .gnu.linkonce.armextab.*)
 *(.gcc_except_table)

.v4_bx          0x00003c64        0x0
 .v4_bx         0x00003c64        0x0 linker stubs

.iplt           0x00003c64        0x0
 .iplt          0x00003c64        0x0 c:/program files (x86)/cypress/psoc creator/4.3/psoc creator/import/gnu/arm/5.4.1/bin/../lib/gcc/arm-none-eabi/5.4.1/armv7-m/crtbegin.o

.eh_frame_hdr
 *(.eh_frame_hdr)

.eh_frame       0x00003c64        0x4
 *(.eh_frame)
 .eh_frame      0x00003c64        0x0 c:/program files (x86)/cypress/psoc creator/4.3/psoc creator/import/gnu/arm/5.4.1/bin/../lib/gcc/arm-none-eabi/5.4.1/armv7-m/crtbegin.o
 .eh_frame      0x00003c64        0x4 c:/program files (x86)/cypress/psoc creator/4.3/psoc creator/import/gnu/arm/5.4.1/bin/../lib/gcc/arm-none-eabi/5.4.1/armv7-m/crtend.o
                [!provide]                PROVIDE (__exidx_start, .)

.ARM.exidx
 *(.ARM.exidx* .gnu.linkonce.armexidx.*)
                0x00003c68                __exidx_end = .

.rodata         0x00003c68      0x528
 *(.rodata .rodata.* .gnu.linkonce.r.*)
 .rodata        0x00003c68        0x6 .\CortexM3\ARM_GCC_541\Debug\main.o
 *fill*         0x00003c6e        0x2 
 .rodata.str1.4
                0x00003c70      0x450 .\CortexM3\ARM_GCC_541\Debug\main.o
                                0x44f (size before relaxing)
 .rodata        0x000040c0       0x66 .\CortexM3\ARM_GCC_541\Debug\cyfitter_cfg.o
                0x000040c0                ADC_DelSig_AMux__addrTable
                0x000040c8                ADC_DelSig_AMux__maskTable
 .rodata.str1.1
                0x00004126        0x2 c:/program files (x86)/cypress/psoc creator/4.3/psoc creator/import/gnu/arm/5.4.1/bin/../lib/gcc/arm-none-eabi/5.4.1/../../../../arm-none-eabi/lib/armv7-m\libg_nano.a(lib_a-impure.o)
 .rodata.str1.1
                0x00004128       0x11 c:/program files (x86)/cypress/psoc creator/4.3/psoc creator/import/gnu/arm/5.4.1/bin/../lib/gcc/arm-none-eabi/5.4.1/../../../../arm-none-eabi/lib/armv7-m\libg_nano.a(lib_a-nano-svfprintf.o)
 .rodata.str1.1
                0x00004139       0x22 c:/program files (x86)/cypress/psoc creator/4.3/psoc creator/import/gnu/arm/5.4.1/bin/../lib/gcc/arm-none-eabi/5.4.1/../../../../arm-none-eabi/lib/armv7-m\libg_nano.a(lib_a-nano-vfprintf_i.o)
                0x0000415c                . = ALIGN (0x4)
 *fill*         0x0000415b        0x1 
 *(.init)
 .init          0x0000415c        0x4 c:/program files (x86)/cypress/psoc creator/4.3/psoc creator/import/gnu/arm/5.4.1/bin/../lib/gcc/arm-none-eabi/5.4.1/armv7-m/crti.o
                0x0000415c                _init
 .init          0x00004160        0x8 c:/program files (x86)/cypress/psoc creator/4.3/psoc creator/import/gnu/arm/5.4.1/bin/../lib/gcc/arm-none-eabi/5.4.1/armv7-m/crtn.o
                0x00004168                . = ALIGN (0x4)
                0x00004168                __preinit_array_start = .
 *(.preinit_array)
                0x00004168                __preinit_array_end = .
                0x00004168                . = ALIGN (0x4)
                0x00004168                __init_array_start = .
 *(SORT(.init_array.*))
 *(.init_array)
 .init_array    0x00004168        0x4 c:/program files (x86)/cypress/psoc creator/4.3/psoc creator/import/gnu/arm/5.4.1/bin/../lib/gcc/arm-none-eabi/5.4.1/armv7-m/crtbegin.o
 .init_array    0x0000416c        0x4 .\CortexM3\ARM_GCC_541\Debug\Cm3Start.o
                0x00004170                __init_array_end = .
                0x00004170                . = ALIGN (0x4)
 *(.fini)
 .fini          0x00004170        0x4 c:/program files (x86)/cypress/psoc creator/4.3/psoc creator/import/gnu/arm/5.4.1/bin/../lib/gcc/arm-none-eabi/5.4.1/armv7-m/crti.o
                0x00004170                _fini
 .fini          0x00004174        0x8 c:/program files (x86)/cypress/psoc creator/4.3/psoc creator/import/gnu/arm/5.4.1/bin/../lib/gcc/arm-none-eabi/5.4.1/armv7-m/crtn.o
                0x0000417c                . = ALIGN (0x4)
                0x0000417c                __fini_array_start = .
 *(.fini_array)
 .fini_array    0x0000417c        0x4 c:/program files (x86)/cypress/psoc creator/4.3/psoc creator/import/gnu/arm/5.4.1/bin/../lib/gcc/arm-none-eabi/5.4.1/armv7-m/crtbegin.o
 *(SORT(.fini_array.*))
                0x00004180                __fini_array_end = .
                0x00004180                . = ALIGN (0x4)
 *crtbegin.o(.ctors)
 *(EXCLUDE_FILE(*crtend.o) .ctors)
 *(SORT(.ctors.*))
 *crtend.o(.ctors)
                0x00004180                . = ALIGN (0x4)
 *crtbegin.o(.dtors)
 *(EXCLUDE_FILE(*crtend.o) .dtors)
 *(SORT(.dtors.*))
 *crtend.o(.dtors)
                0x00004180                . = ALIGN (0x4)
                0x00004180                __cy_regions = .
                0x00004180        0x4 LONG 0x4190 __cy_region_init_ram
                0x00004184        0x4 LONG 0x1fff80c8 __cy_region_start_data
                0x00004188        0x4 LONG 0x80 __cy_region_init_size_ram
                0x0000418c        0x4 LONG 0xf8 __cy_region_zero_size_ram
                0x00004190                __cy_regions_end = .
                0x00004190                . = ALIGN (0x8)
                0x00004190                _etext = .

.cy_checksum_exclude
                0x00004190        0x0
 *(.cy_checksum_exclude)

.ramvectors     0x1fff8000       0xc0
                0x1fff8000                __cy_region_start_ram = .
 *(.ramvectors)
 .ramvectors    0x1fff8000       0xc0 .\CortexM3\ARM_GCC_541\Debug\Cm3Start.o
                0x1fff8000                CyRamVectors

.noinit         0x1fff80c0        0x1
 *(.noinit)
 .noinit        0x1fff80c0        0x1 .\CortexM3\ARM_GCC_541\Debug\Final_assignment_01.a(CyLib.o)
                0x1fff80c0                CyResetStatus

.data           0x1fff80c8       0x80 load address 0x00004190
                0x1fff80c8                __cy_region_start_data = .
 *(.jcr)
 .jcr           0x1fff80c8        0x0 c:/program files (x86)/cypress/psoc creator/4.3/psoc creator/import/gnu/arm/5.4.1/bin/../lib/gcc/arm-none-eabi/5.4.1/armv7-m/crtbegin.o
 .jcr           0x1fff80c8        0x4 c:/program files (x86)/cypress/psoc creator/4.3/psoc creator/import/gnu/arm/5.4.1/bin/../lib/gcc/arm-none-eabi/5.4.1/armv7-m/crtend.o
 *(.got.plt)
 *(.got)
 *(.shdata)
 *(.data .data.* .gnu.linkonce.d.*)
 .data          0x1fff80cc        0x4 .\CortexM3\ARM_GCC_541\Debug\Cm3Start.o
 .data          0x1fff80d0       0x10 .\CortexM3\ARM_GCC_541\Debug\Final_assignment_01.a(CyLib.o)
                0x1fff80d0                cydelay_32k_ms
                0x1fff80d4                cydelay_freq_khz
                0x1fff80d8                cydelay_freq_mhz
                0x1fff80dc                cydelay_freq_hz
 .data          0x1fff80e0        0x1 .\CortexM3\ARM_GCC_541\Debug\Final_assignment_01.a(ADC_DelSig.o)
                0x1fff80e0                ADC_DelSig_Config
 .data          0x1fff80e1        0x1 .\CortexM3\ARM_GCC_541\Debug\Final_assignment_01.a(ADC_DelSig_AMux.o)
 *fill*         0x1fff80e2        0x2 
 .data.impure_data
                0x1fff80e4       0x60 c:/program files (x86)/cypress/psoc creator/4.3/psoc creator/import/gnu/arm/5.4.1/bin/../lib/gcc/arm-none-eabi/5.4.1/../../../../arm-none-eabi/lib/armv7-m\libg_nano.a(lib_a-impure.o)
 .data._impure_ptr
                0x1fff8144        0x4 c:/program files (x86)/cypress/psoc creator/4.3/psoc creator/import/gnu/arm/5.4.1/bin/../lib/gcc/arm-none-eabi/5.4.1/../../../../arm-none-eabi/lib/armv7-m\libg_nano.a(lib_a-impure.o)
                0x1fff8144                _impure_ptr
                0x1fff8148                . = ALIGN (0x8)
 *(.ram)
                0x1fff8148                _edata = .

.igot.plt       0x1fff8148        0x0 load address 0x00004210
 .igot.plt      0x1fff8148        0x0 c:/program files (x86)/cypress/psoc creator/4.3/psoc creator/import/gnu/arm/5.4.1/bin/../lib/gcc/arm-none-eabi/5.4.1/armv7-m/crtbegin.o

.bss            0x1fff8148       0xf8 load address 0x00004210
                0x1fff8148                PROVIDE (__bss_start__, .)
 *(.shbss)
 *(.bss .bss.* .gnu.linkonce.b.*)
 .bss           0x1fff8148       0x1c c:/program files (x86)/cypress/psoc creator/4.3/psoc creator/import/gnu/arm/5.4.1/bin/../lib/gcc/arm-none-eabi/5.4.1/armv7-m/crtbegin.o
 .bss           0x1fff8164        0x6 .\CortexM3\ARM_GCC_541\Debug\InterruptRoutines.o
                0x1fff8164                i
                0x1fff8168                TimerFlag
                0x1fff8169                UARTVerboseFlagOLD
 .bss           0x1fff816a        0x1 .\CortexM3\ARM_GCC_541\Debug\Final_assignment_01.a(SPIM_1.o)
                0x1fff816a                SPIM_1_initVar
 .bss           0x1fff816b        0x2 .\CortexM3\ARM_GCC_541\Debug\Final_assignment_01.a(UART_1.o)
                0x1fff816b                UART_1_initVar
 .bss           0x1fff816d        0x1 .\CortexM3\ARM_GCC_541\Debug\Final_assignment_01.a(PWM_RG.o)
                0x1fff816d                PWM_RG_initVar
 .bss           0x1fff816e        0x1 .\CortexM3\ARM_GCC_541\Debug\Final_assignment_01.a(PWM_B.o)
                0x1fff816e                PWM_B_initVar
 .bss           0x1fff816f        0x1 .\CortexM3\ARM_GCC_541\Debug\Final_assignment_01.a(SPIM_2.o)
                0x1fff816f                SPIM_2_initVar
 .bss           0x1fff8170        0x1 .\CortexM3\ARM_GCC_541\Debug\Final_assignment_01.a(TIMER_button.o)
                0x1fff8170                TIMER_button_initVar
 .bss           0x1fff8171        0x1 .\CortexM3\ARM_GCC_541\Debug\Final_assignment_01.a(Timer_Blinking.o)
                0x1fff8171                Timer_Blinking_initVar
 *fill*         0x1fff8172        0x2 
 .bss           0x1fff8174        0xc .\CortexM3\ARM_GCC_541\Debug\Final_assignment_01.a(ADC_DelSig.o)
                0x1fff8178                ADC_DelSig_stopConversion
                0x1fff8179                ADC_DelSig_convDone
                0x1fff817a                ADC_DelSig_initVar
                0x1fff817b                ADC_DelSig_started
                0x1fff817c                ADC_DelSig_Offset
 .bss           0x1fff8180        0x1 .\CortexM3\ARM_GCC_541\Debug\Final_assignment_01.a(Counter_TimeStamp.o)
                0x1fff8180                Counter_TimeStamp_initVar
 *fill*         0x1fff8181        0x3 
 .bss.__malloc_sbrk_start
                0x1fff8184        0x4 c:/program files (x86)/cypress/psoc creator/4.3/psoc creator/import/gnu/arm/5.4.1/bin/../lib/gcc/arm-none-eabi/5.4.1/../../../../arm-none-eabi/lib/armv7-m\libg_nano.a(lib_a-nano-mallocr.o)
                0x1fff8184                __malloc_sbrk_start
 .bss.__malloc_free_list
                0x1fff8188        0x4 c:/program files (x86)/cypress/psoc creator/4.3/psoc creator/import/gnu/arm/5.4.1/bin/../lib/gcc/arm-none-eabi/5.4.1/../../../../arm-none-eabi/lib/armv7-m\libg_nano.a(lib_a-nano-mallocr.o)
                0x1fff8188                __malloc_free_list
 *(COMMON)
 COMMON         0x1fff818c       0x6f .\CortexM3\ARM_GCC_541\Debug\main.o
                0x1fff818c                data_water
                0x1fff818d                FlagChangeParameters
                0x1fff818e                new_EnableDisable
                0x1fff818f                Counter_overflow
                0x1fff8190                bufferUART
                0x1fff81f4                PacketReadyFlag
                0x1fff81f5                UARTVerboseFlag
                0x1fff81f6                system_status
                0x1fff81f7                data_register
                0x1fff81f8                configuration_status
                0x1fff81f9                new_EEPROM
                0x1fff81fa                FlagEnableDisable
 *fill*         0x1fff81fb        0x1 
 COMMON         0x1fff81fc        0x4 .\CortexM3\ARM_GCC_541\Debug\InterruptRoutines.o
                0x1fff81fc                value_POT
 COMMON         0x1fff8200       0x1c .\CortexM3\ARM_GCC_541\Debug\Final_assignment_01.a(SPIM_1.o)
                0x1fff8200                SPIM_1_swStatusTx
                0x1fff8204                SPIM_1_txBuffer
                0x1fff820c                SPIM_1_txBufferFull
                0x1fff820d                SPIM_1_rxBufferWrite
                0x1fff820e                SPIM_1_rxBufferFull
                0x1fff820f                SPIM_1_rxBufferRead
                0x1fff8210                SPIM_1_txBufferWrite
                0x1fff8211                SPIM_1_swStatusRx
                0x1fff8212                SPIM_1_txBufferRead
                0x1fff8214                SPIM_1_rxBuffer
 COMMON         0x1fff821c       0x18 .\CortexM3\ARM_GCC_541\Debug\Final_assignment_01.a(SPIM_2.o)
                0x1fff821c                SPIM_2_rxBuffer
                0x1fff8224                SPIM_2_swStatusRx
                0x1fff8225                SPIM_2_rxBufferWrite
                0x1fff8226                SPIM_2_rxBufferFull
                0x1fff8227                SPIM_2_txBufferFull
                0x1fff8228                SPIM_2_txBufferRead
                0x1fff8229                SPIM_2_txBufferWrite
                0x1fff822a                SPIM_2_rxBufferRead
                0x1fff822b                SPIM_2_swStatusTx
                0x1fff822c                SPIM_2_txBuffer
 COMMON         0x1fff8234        0x4 .\CortexM3\ARM_GCC_541\Debug\Final_assignment_01.a(ADC_DelSig.o)
                0x1fff8234                ADC_DelSig_CountsPerVolt
 COMMON         0x1fff8238        0x4 c:/program files (x86)/cypress/psoc creator/4.3/psoc creator/import/gnu/arm/5.4.1/bin/../lib/gcc/arm-none-eabi/5.4.1/../../../../arm-none-eabi/lib/armv7-m\libg_nano.a(lib_a-reent.o)
                0x1fff8238                errno
                0x1fff8240                . = ALIGN (0x8)
 *fill*         0x1fff823c        0x4 
 *(.ram.b)
                0x1fff8240                _end = .
                0x1fff8240                __end = .
                0x1fff8240                PROVIDE (end, .)
                0x1fff8240                PROVIDE (__bss_end__, .)
                0x00004190                __cy_region_init_ram = LOADADDR (.data)
                0x00000080                __cy_region_init_size_ram = (_edata - ADDR (.data))
                0x000000f8                __cy_region_zero_size_ram = (_end - _edata)

.heap           0x1fff8240       0x80 load address 0x00004210
                0x1fff8240                . = _end
                0x1fff82c0                . = (. + 0x80)
 *fill*         0x1fff8240       0x80 
                0x1fff82c0                __cy_heap_limit = .

.stack          0x20007800      0x800
                0x20007800                __cy_stack_limit = .
                0x20008000                . = (. + 0x800)
 *fill*         0x20007800      0x800 
                0x00000001                ASSERT ((__cy_stack_limit >= __cy_heap_limit), region RAM overflowed with stack)
                0x00000000                cy_checksum_exclude_size = (CY_APPL_LOADABLE == 0x1)?SIZEOF (.cy_checksum_exclude):0x0
                0x00000001                ASSERT ((cy_checksum_exclude_size <= CY_CHECKSUM_EXCLUDE_SIZE), CY_BOOT: Section .cy_checksum_exclude size exceedes specified limit.)

.cyloadermeta
 *(.cyloadermeta)

.cyloadablemeta
 *(.cyloadablemeta)

.cyconfigecc    0x80000000      0x9a4
 *(.cyconfigecc)
 .cyconfigecc   0x80000000      0x9a4 .\CortexM3\ARM_GCC_541\Debug\cymetadata.o
                0x80000000                cy_meta_configecc

.cycustnvl      0x90000000        0x4
 *(.cycustnvl)
 .cycustnvl     0x90000000        0x4 .\CortexM3\ARM_GCC_541\Debug\cymetadata.o
                0x90000000                cy_meta_custnvl

.cywolatch      0x90100000        0x4
 *(.cywolatch)
 .cywolatch     0x90100000        0x4 .\CortexM3\ARM_GCC_541\Debug\cymetadata.o
                0x90100000                cy_meta_wonvl

.cyeeprom       0x90200000        0x0
 *(.cyeeprom)
                0x00000001                ASSERT ((. <= ((0x90200000 + ee_offset) + ee_size)), .cyeeprom data will not fit in EEPROM)

.cyflashprotect
                0x90400000      0x100
 *(.cyflashprotect)
 .cyflashprotect
                0x90400000      0x100 .\CortexM3\ARM_GCC_541\Debug\cymetadata.o
                0x90400000                cy_meta_flashprotect

.cymeta         0x90500000        0xc
 *(.cymeta)
 .cymeta        0x90500000        0xc .\CortexM3\ARM_GCC_541\Debug\cymetadata.o
                0x90500000                cy_metadata

.rel.dyn        0x00004210        0x0 load address 0x9050000c
 .rel.iplt      0x00004210        0x0 c:/program files (x86)/cypress/psoc creator/4.3/psoc creator/import/gnu/arm/5.4.1/bin/../lib/gcc/arm-none-eabi/5.4.1/armv7-m/crtbegin.o

.stab
 *(.stab)

.stabstr
 *(.stabstr)

.debug
 *(.debug)

.line
 *(.line)

.debug_srcinfo
 *(.debug_srcinfo)

.debug_sfnames
 *(.debug_sfnames)

.debug_aranges  0x00000000     0x1518
 *(.debug_aranges)
 .debug_aranges
                0x00000000       0x20 .\CortexM3\ARM_GCC_541\Debug\main.o
 .debug_aranges
                0x00000020       0x38 .\CortexM3\ARM_GCC_541\Debug\SPI_Interface.o
 .debug_aranges
                0x00000058       0x38 .\CortexM3\ARM_GCC_541\Debug\LIS3DH_SPI.o
 .debug_aranges
                0x00000090       0x50 .\CortexM3\ARM_GCC_541\Debug\InterruptRoutines.o
 .debug_aranges
                0x000000e0       0x48 .\CortexM3\ARM_GCC_541\Debug\RGBLedDriver.o
 .debug_aranges
                0x00000128       0x50 .\CortexM3\ARM_GCC_541\Debug\25LC256.o
 .debug_aranges
                0x00000178       0x38 .\CortexM3\ARM_GCC_541\Debug\SPI_Interface_EEPROM.o
 .debug_aranges
                0x000001b0       0x68 .\CortexM3\ARM_GCC_541\Debug\cyfitter_cfg.o
 .debug_aranges
                0x00000218       0x18 .\CortexM3\ARM_GCC_541\Debug\cymetadata.o
 .debug_aranges
                0x00000230       0x48 .\CortexM3\ARM_GCC_541\Debug\Cm3Start.o
 .debug_aranges
                0x00000278       0xd8 .\CortexM3\ARM_GCC_541\Debug\Final_assignment_01.a(SPIM_1.o)
 .debug_aranges
                0x00000350       0x28 .\CortexM3\ARM_GCC_541\Debug\Final_assignment_01.a(SPIM_1_INT.o)
 .debug_aranges
                0x00000378       0x38 .\CortexM3\ARM_GCC_541\Debug\Final_assignment_01.a(CS_1.o)
 .debug_aranges
                0x000003b0       0x48 .\CortexM3\ARM_GCC_541\Debug\Final_assignment_01.a(Pin_ISR.o)
 .debug_aranges
                0x000003f8       0x80 .\CortexM3\ARM_GCC_541\Debug\Final_assignment_01.a(isr_ACC.o)
 .debug_aranges
                0x00000478       0x70 .\CortexM3\ARM_GCC_541\Debug\Final_assignment_01.a(SPIM_1_IntClock.o)
 .debug_aranges
                0x000004e8      0x2a0 .\CortexM3\ARM_GCC_541\Debug\Final_assignment_01.a(CyLib.o)
 .debug_aranges
                0x00000788       0x98 .\CortexM3\ARM_GCC_541\Debug\Final_assignment_01.a(cyPm.o)
 .debug_aranges
                0x00000820       0xf0 .\CortexM3\ARM_GCC_541\Debug\Final_assignment_01.a(UART_1.o)
 .debug_aranges
                0x00000910       0x70 .\CortexM3\ARM_GCC_541\Debug\Final_assignment_01.a(UART_1_IntClock.o)
 .debug_aranges
                0x00000980       0xa8 .\CortexM3\ARM_GCC_541\Debug\Final_assignment_01.a(PWM_RG.o)
 .debug_aranges
                0x00000a28       0x98 .\CortexM3\ARM_GCC_541\Debug\Final_assignment_01.a(PWM_B.o)
 .debug_aranges
                0x00000ac0       0x38 .\CortexM3\ARM_GCC_541\Debug\Final_assignment_01.a(CS_2.o)
 .debug_aranges
                0x00000af8       0xd8 .\CortexM3\ARM_GCC_541\Debug\Final_assignment_01.a(SPIM_2.o)
 .debug_aranges
                0x00000bd0       0x28 .\CortexM3\ARM_GCC_541\Debug\Final_assignment_01.a(SPIM_2_INT.o)
 .debug_aranges
                0x00000bf8       0x70 .\CortexM3\ARM_GCC_541\Debug\Final_assignment_01.a(SPIM_2_IntClock.o)
 .debug_aranges
                0x00000c68       0x80 .\CortexM3\ARM_GCC_541\Debug\Final_assignment_01.a(isr_DEBOUNCER.o)
 .debug_aranges
                0x00000ce8       0x38 .\CortexM3\ARM_GCC_541\Debug\Final_assignment_01.a(Pin_Led_Blue.o)
 .debug_aranges
                0x00000d20       0x88 .\CortexM3\ARM_GCC_541\Debug\Final_assignment_01.a(TIMER_button.o)
 .debug_aranges
                0x00000da8       0x80 .\CortexM3\ARM_GCC_541\Debug\Final_assignment_01.a(isr_TIMER.o)
 .debug_aranges
                0x00000e28       0x88 .\CortexM3\ARM_GCC_541\Debug\Final_assignment_01.a(Timer_Blinking.o)
 .debug_aranges
                0x00000eb0       0x80 .\CortexM3\ARM_GCC_541\Debug\Final_assignment_01.a(isr_BLINKING.o)
 .debug_aranges
                0x00000f30       0x80 .\CortexM3\ARM_GCC_541\Debug\Final_assignment_01.a(isr_positive.o)
 .debug_aranges
                0x00000fb0       0xe8 .\CortexM3\ARM_GCC_541\Debug\Final_assignment_01.a(ADC_DelSig.o)
 .debug_aranges
                0x00001098       0x38 .\CortexM3\ARM_GCC_541\Debug\Final_assignment_01.a(ADC_DelSig_INT.o)
 .debug_aranges
                0x000010d0       0x30 .\CortexM3\ARM_GCC_541\Debug\Final_assignment_01.a(ADC_DelSig_AMux.o)
 .debug_aranges
                0x00001100       0x70 .\CortexM3\ARM_GCC_541\Debug\Final_assignment_01.a(ADC_DelSig_Ext_CP_Clk.o)
 .debug_aranges
                0x00001170       0x80 .\CortexM3\ARM_GCC_541\Debug\Final_assignment_01.a(ADC_DelSig_theACLK.o)
 .debug_aranges
                0x000011f0       0x38 .\CortexM3\ARM_GCC_541\Debug\Final_assignment_01.a(Pin_RED_UARTVerboseFlag.o)
 .debug_aranges
                0x00001228       0x48 .\CortexM3\ARM_GCC_541\Debug\Final_assignment_01.a(Pin_EnableDisable.o)
 .debug_aranges
                0x00001270       0x80 .\CortexM3\ARM_GCC_541\Debug\Final_assignment_01.a(isr_EnableDisable.o)
 .debug_aranges
                0x000012f0       0x80 .\CortexM3\ARM_GCC_541\Debug\Final_assignment_01.a(Counter_TimeStamp.o)
 .debug_aranges
                0x00001370       0x80 .\CortexM3\ARM_GCC_541\Debug\Final_assignment_01.a(isr_TimeStamp.o)
 .debug_aranges
                0x000013f0       0x20 .\CortexM3\ARM_GCC_541\Debug\Final_assignment_01.a(CyBootAsmGnu.o)
 .debug_aranges
                0x00001410       0x88 .\CortexM3\ARM_GCC_541\Debug\Final_assignment_01.a(CyFlash.o)
 .debug_aranges
                0x00001498       0x80 .\CortexM3\ARM_GCC_541\Debug\Final_assignment_01.a(CySpc.o)

.debug_pubnames
 *(.debug_pubnames)

.debug_info     0x00000000     0xb421
 *(.debug_info .gnu.linkonce.wi.*)
 .debug_info    0x00000000      0xf08 .\CortexM3\ARM_GCC_541\Debug\main.o
 .debug_info    0x00000f08      0x3d4 .\CortexM3\ARM_GCC_541\Debug\SPI_Interface.o
 .debug_info    0x000012dc      0x2f5 .\CortexM3\ARM_GCC_541\Debug\LIS3DH_SPI.o
 .debug_info    0x000015d1      0x4bf .\CortexM3\ARM_GCC_541\Debug\InterruptRoutines.o
 .debug_info    0x00001a90      0x263 .\CortexM3\ARM_GCC_541\Debug\RGBLedDriver.o
 .debug_info    0x00001cf3      0x3b4 .\CortexM3\ARM_GCC_541\Debug\25LC256.o
 .debug_info    0x000020a7      0x3d4 .\CortexM3\ARM_GCC_541\Debug\SPI_Interface_EEPROM.o
 .debug_info    0x0000247b      0x6eb .\CortexM3\ARM_GCC_541\Debug\cyfitter_cfg.o
 .debug_info    0x00002b66      0x139 .\CortexM3\ARM_GCC_541\Debug\cymetadata.o
 .debug_info    0x00002c9f      0x3bb .\CortexM3\ARM_GCC_541\Debug\Cm3Start.o
 .debug_info    0x0000305a      0x709 .\CortexM3\ARM_GCC_541\Debug\Final_assignment_01.a(SPIM_1.o)
 .debug_info    0x00003763      0x18d .\CortexM3\ARM_GCC_541\Debug\Final_assignment_01.a(SPIM_1_INT.o)
 .debug_info    0x000038f0      0x11f .\CortexM3\ARM_GCC_541\Debug\Final_assignment_01.a(CS_1.o)
 .debug_info    0x00003a0f      0x174 .\CortexM3\ARM_GCC_541\Debug\Final_assignment_01.a(Pin_ISR.o)
 .debug_info    0x00003b83      0x2d2 .\CortexM3\ARM_GCC_541\Debug\Final_assignment_01.a(isr_ACC.o)
 .debug_info    0x00003e55      0x283 .\CortexM3\ARM_GCC_541\Debug\Final_assignment_01.a(SPIM_1_IntClock.o)
 .debug_info    0x000040d8     0x1374 .\CortexM3\ARM_GCC_541\Debug\Final_assignment_01.a(CyLib.o)
 .debug_info    0x0000544c      0xa2a .\CortexM3\ARM_GCC_541\Debug\Final_assignment_01.a(cyPm.o)
 .debug_info    0x00005e76      0x60c .\CortexM3\ARM_GCC_541\Debug\Final_assignment_01.a(UART_1.o)
 .debug_info    0x00006482      0x283 .\CortexM3\ARM_GCC_541\Debug\Final_assignment_01.a(UART_1_IntClock.o)
 .debug_info    0x00006705      0x381 .\CortexM3\ARM_GCC_541\Debug\Final_assignment_01.a(PWM_RG.o)
 .debug_info    0x00006a86      0x333 .\CortexM3\ARM_GCC_541\Debug\Final_assignment_01.a(PWM_B.o)
 .debug_info    0x00006db9      0x11f .\CortexM3\ARM_GCC_541\Debug\Final_assignment_01.a(CS_2.o)
 .debug_info    0x00006ed8      0x709 .\CortexM3\ARM_GCC_541\Debug\Final_assignment_01.a(SPIM_2.o)
 .debug_info    0x000075e1      0x18d .\CortexM3\ARM_GCC_541\Debug\Final_assignment_01.a(SPIM_2_INT.o)
 .debug_info    0x0000776e      0x283 .\CortexM3\ARM_GCC_541\Debug\Final_assignment_01.a(SPIM_2_IntClock.o)
 .debug_info    0x000079f1      0x2d2 .\CortexM3\ARM_GCC_541\Debug\Final_assignment_01.a(isr_DEBOUNCER.o)
 .debug_info    0x00007cc3      0x11f .\CortexM3\ARM_GCC_541\Debug\Final_assignment_01.a(Pin_Led_Blue.o)
 .debug_info    0x00007de2      0x293 .\CortexM3\ARM_GCC_541\Debug\Final_assignment_01.a(TIMER_button.o)
 .debug_info    0x00008075      0x2d2 .\CortexM3\ARM_GCC_541\Debug\Final_assignment_01.a(isr_TIMER.o)
 .debug_info    0x00008347      0x293 .\CortexM3\ARM_GCC_541\Debug\Final_assignment_01.a(Timer_Blinking.o)
 .debug_info    0x000085da      0x2d2 .\CortexM3\ARM_GCC_541\Debug\Final_assignment_01.a(isr_BLINKING.o)
 .debug_info    0x000088ac      0x2d2 .\CortexM3\ARM_GCC_541\Debug\Final_assignment_01.a(isr_positive.o)
 .debug_info    0x00008b7e      0xa19 .\CortexM3\ARM_GCC_541\Debug\Final_assignment_01.a(ADC_DelSig.o)
 .debug_info    0x00009597       0xd3 .\CortexM3\ARM_GCC_541\Debug\Final_assignment_01.a(ADC_DelSig_INT.o)
 .debug_info    0x0000966a      0x165 .\CortexM3\ARM_GCC_541\Debug\Final_assignment_01.a(ADC_DelSig_AMux.o)
 .debug_info    0x000097cf      0x283 .\CortexM3\ARM_GCC_541\Debug\Final_assignment_01.a(ADC_DelSig_Ext_CP_Clk.o)
 .debug_info    0x00009a52      0x2c4 .\CortexM3\ARM_GCC_541\Debug\Final_assignment_01.a(ADC_DelSig_theACLK.o)
 .debug_info    0x00009d16      0x11f .\CortexM3\ARM_GCC_541\Debug\Final_assignment_01.a(Pin_RED_UARTVerboseFlag.o)
 .debug_info    0x00009e35      0x174 .\CortexM3\ARM_GCC_541\Debug\Final_assignment_01.a(Pin_EnableDisable.o)
 .debug_info    0x00009fa9      0x2d2 .\CortexM3\ARM_GCC_541\Debug\Final_assignment_01.a(isr_EnableDisable.o)
 .debug_info    0x0000a27b      0x28f .\CortexM3\ARM_GCC_541\Debug\Final_assignment_01.a(Counter_TimeStamp.o)
 .debug_info    0x0000a50a      0x2d2 .\CortexM3\ARM_GCC_541\Debug\Final_assignment_01.a(isr_TimeStamp.o)
 .debug_info    0x0000a7dc       0xa8 .\CortexM3\ARM_GCC_541\Debug\Final_assignment_01.a(CyBootAsmGnu.o)
 .debug_info    0x0000a884      0x64d .\CortexM3\ARM_GCC_541\Debug\Final_assignment_01.a(CyFlash.o)
 .debug_info    0x0000aed1      0x550 .\CortexM3\ARM_GCC_541\Debug\Final_assignment_01.a(CySpc.o)

.debug_abbrev   0x00000000     0x34e7
 *(.debug_abbrev)
 .debug_abbrev  0x00000000      0x159 .\CortexM3\ARM_GCC_541\Debug\main.o
 .debug_abbrev  0x00000159      0x12b .\CortexM3\ARM_GCC_541\Debug\SPI_Interface.o
 .debug_abbrev  0x00000284      0x100 .\CortexM3\ARM_GCC_541\Debug\LIS3DH_SPI.o
 .debug_abbrev  0x00000384       0xf2 .\CortexM3\ARM_GCC_541\Debug\InterruptRoutines.o
 .debug_abbrev  0x00000476       0xdf .\CortexM3\ARM_GCC_541\Debug\RGBLedDriver.o
 .debug_abbrev  0x00000555      0x11c .\CortexM3\ARM_GCC_541\Debug\25LC256.o
 .debug_abbrev  0x00000671      0x12b .\CortexM3\ARM_GCC_541\Debug\SPI_Interface_EEPROM.o
 .debug_abbrev  0x0000079c      0x22d .\CortexM3\ARM_GCC_541\Debug\cyfitter_cfg.o
 .debug_abbrev  0x000009c9       0x77 .\CortexM3\ARM_GCC_541\Debug\cymetadata.o
 .debug_abbrev  0x00000a40      0x1e8 .\CortexM3\ARM_GCC_541\Debug\Cm3Start.o
 .debug_abbrev  0x00000c28      0x162 .\CortexM3\ARM_GCC_541\Debug\Final_assignment_01.a(SPIM_1.o)
 .debug_abbrev  0x00000d8a       0x8a .\CortexM3\ARM_GCC_541\Debug\Final_assignment_01.a(SPIM_1_INT.o)
 .debug_abbrev  0x00000e14       0x90 .\CortexM3\ARM_GCC_541\Debug\Final_assignment_01.a(CS_1.o)
 .debug_abbrev  0x00000ea4       0x90 .\CortexM3\ARM_GCC_541\Debug\Final_assignment_01.a(Pin_ISR.o)
 .debug_abbrev  0x00000f34      0x173 .\CortexM3\ARM_GCC_541\Debug\Final_assignment_01.a(isr_ACC.o)
 .debug_abbrev  0x000010a7      0x139 .\CortexM3\ARM_GCC_541\Debug\Final_assignment_01.a(SPIM_1_IntClock.o)
 .debug_abbrev  0x000011e0      0x254 .\CortexM3\ARM_GCC_541\Debug\Final_assignment_01.a(CyLib.o)
 .debug_abbrev  0x00001434      0x1ab .\CortexM3\ARM_GCC_541\Debug\Final_assignment_01.a(cyPm.o)
 .debug_abbrev  0x000015df      0x175 .\CortexM3\ARM_GCC_541\Debug\Final_assignment_01.a(UART_1.o)
 .debug_abbrev  0x00001754      0x139 .\CortexM3\ARM_GCC_541\Debug\Final_assignment_01.a(UART_1_IntClock.o)
 .debug_abbrev  0x0000188d      0x133 .\CortexM3\ARM_GCC_541\Debug\Final_assignment_01.a(PWM_RG.o)
 .debug_abbrev  0x000019c0      0x133 .\CortexM3\ARM_GCC_541\Debug\Final_assignment_01.a(PWM_B.o)
 .debug_abbrev  0x00001af3       0x90 .\CortexM3\ARM_GCC_541\Debug\Final_assignment_01.a(CS_2.o)
 .debug_abbrev  0x00001b83      0x162 .\CortexM3\ARM_GCC_541\Debug\Final_assignment_01.a(SPIM_2.o)
 .debug_abbrev  0x00001ce5       0x8a .\CortexM3\ARM_GCC_541\Debug\Final_assignment_01.a(SPIM_2_INT.o)
 .debug_abbrev  0x00001d6f      0x139 .\CortexM3\ARM_GCC_541\Debug\Final_assignment_01.a(SPIM_2_IntClock.o)
 .debug_abbrev  0x00001ea8      0x173 .\CortexM3\ARM_GCC_541\Debug\Final_assignment_01.a(isr_DEBOUNCER.o)
 .debug_abbrev  0x0000201b       0x90 .\CortexM3\ARM_GCC_541\Debug\Final_assignment_01.a(Pin_Led_Blue.o)
 .debug_abbrev  0x000020ab      0x11a .\CortexM3\ARM_GCC_541\Debug\Final_assignment_01.a(TIMER_button.o)
 .debug_abbrev  0x000021c5      0x173 .\CortexM3\ARM_GCC_541\Debug\Final_assignment_01.a(isr_TIMER.o)
 .debug_abbrev  0x00002338      0x11a .\CortexM3\ARM_GCC_541\Debug\Final_assignment_01.a(Timer_Blinking.o)
 .debug_abbrev  0x00002452      0x173 .\CortexM3\ARM_GCC_541\Debug\Final_assignment_01.a(isr_BLINKING.o)
 .debug_abbrev  0x000025c5      0x173 .\CortexM3\ARM_GCC_541\Debug\Final_assignment_01.a(isr_positive.o)
 .debug_abbrev  0x00002738      0x1eb .\CortexM3\ARM_GCC_541\Debug\Final_assignment_01.a(ADC_DelSig.o)
 .debug_abbrev  0x00002923       0x42 .\CortexM3\ARM_GCC_541\Debug\Final_assignment_01.a(ADC_DelSig_INT.o)
 .debug_abbrev  0x00002965       0xb1 .\CortexM3\ARM_GCC_541\Debug\Final_assignment_01.a(ADC_DelSig_AMux.o)
 .debug_abbrev  0x00002a16      0x139 .\CortexM3\ARM_GCC_541\Debug\Final_assignment_01.a(ADC_DelSig_Ext_CP_Clk.o)
 .debug_abbrev  0x00002b4f      0x121 .\CortexM3\ARM_GCC_541\Debug\Final_assignment_01.a(ADC_DelSig_theACLK.o)
 .debug_abbrev  0x00002c70       0x90 .\CortexM3\ARM_GCC_541\Debug\Final_assignment_01.a(Pin_RED_UARTVerboseFlag.o)
 .debug_abbrev  0x00002d00       0x90 .\CortexM3\ARM_GCC_541\Debug\Final_assignment_01.a(Pin_EnableDisable.o)
 .debug_abbrev  0x00002d90      0x173 .\CortexM3\ARM_GCC_541\Debug\Final_assignment_01.a(isr_EnableDisable.o)
 .debug_abbrev  0x00002f03      0x122 .\CortexM3\ARM_GCC_541\Debug\Final_assignment_01.a(Counter_TimeStamp.o)
 .debug_abbrev  0x00003025      0x173 .\CortexM3\ARM_GCC_541\Debug\Final_assignment_01.a(isr_TimeStamp.o)
 .debug_abbrev  0x00003198       0x14 .\CortexM3\ARM_GCC_541\Debug\Final_assignment_01.a(CyBootAsmGnu.o)
 .debug_abbrev  0x000031ac      0x1a7 .\CortexM3\ARM_GCC_541\Debug\Final_assignment_01.a(CyFlash.o)
 .debug_abbrev  0x00003353      0x194 .\CortexM3\ARM_GCC_541\Debug\Final_assignment_01.a(CySpc.o)

.debug_line     0x00000000     0x4fab
 *(.debug_line)
 .debug_line    0x00000000      0x3dc .\CortexM3\ARM_GCC_541\Debug\main.o
 .debug_line    0x000003dc      0x1f4 .\CortexM3\ARM_GCC_541\Debug\SPI_Interface.o
 .debug_line    0x000005d0      0x1ae .\CortexM3\ARM_GCC_541\Debug\LIS3DH_SPI.o
 .debug_line    0x0000077e      0x30a .\CortexM3\ARM_GCC_541\Debug\InterruptRoutines.o
 .debug_line    0x00000a88      0x1cc .\CortexM3\ARM_GCC_541\Debug\RGBLedDriver.o
 .debug_line    0x00000c54      0x1ed .\CortexM3\ARM_GCC_541\Debug\25LC256.o
 .debug_line    0x00000e41      0x1fb .\CortexM3\ARM_GCC_541\Debug\SPI_Interface_EEPROM.o
 .debug_line    0x0000103c      0x24d .\CortexM3\ARM_GCC_541\Debug\cyfitter_cfg.o
 .debug_line    0x00001289      0x141 .\CortexM3\ARM_GCC_541\Debug\cymetadata.o
 .debug_line    0x000013ca      0x234 .\CortexM3\ARM_GCC_541\Debug\Cm3Start.o
 .debug_line    0x000015fe      0x29e .\CortexM3\ARM_GCC_541\Debug\Final_assignment_01.a(SPIM_1.o)
 .debug_line    0x0000189c       0xaa .\CortexM3\ARM_GCC_541\Debug\Final_assignment_01.a(SPIM_1_INT.o)
 .debug_line    0x00001946       0x91 .\CortexM3\ARM_GCC_541\Debug\Final_assignment_01.a(CS_1.o)
 .debug_line    0x000019d7       0xb8 .\CortexM3\ARM_GCC_541\Debug\Final_assignment_01.a(Pin_ISR.o)
 .debug_line    0x00001a8f      0x134 .\CortexM3\ARM_GCC_541\Debug\Final_assignment_01.a(isr_ACC.o)
 .debug_line    0x00001bc3      0x17e .\CortexM3\ARM_GCC_541\Debug\Final_assignment_01.a(SPIM_1_IntClock.o)
 .debug_line    0x00001d41      0x816 .\CortexM3\ARM_GCC_541\Debug\Final_assignment_01.a(CyLib.o)
 .debug_line    0x00002557      0x367 .\CortexM3\ARM_GCC_541\Debug\Final_assignment_01.a(cyPm.o)
 .debug_line    0x000028be      0x2c0 .\CortexM3\ARM_GCC_541\Debug\Final_assignment_01.a(UART_1.o)
 .debug_line    0x00002b7e      0x17e .\CortexM3\ARM_GCC_541\Debug\Final_assignment_01.a(UART_1_IntClock.o)
 .debug_line    0x00002cfc      0x1aa .\CortexM3\ARM_GCC_541\Debug\Final_assignment_01.a(PWM_RG.o)
 .debug_line    0x00002ea6      0x185 .\CortexM3\ARM_GCC_541\Debug\Final_assignment_01.a(PWM_B.o)
 .debug_line    0x0000302b       0x91 .\CortexM3\ARM_GCC_541\Debug\Final_assignment_01.a(CS_2.o)
 .debug_line    0x000030bc      0x29e .\CortexM3\ARM_GCC_541\Debug\Final_assignment_01.a(SPIM_2.o)
 .debug_line    0x0000335a       0xaa .\CortexM3\ARM_GCC_541\Debug\Final_assignment_01.a(SPIM_2_INT.o)
 .debug_line    0x00003404      0x17e .\CortexM3\ARM_GCC_541\Debug\Final_assignment_01.a(SPIM_2_IntClock.o)
 .debug_line    0x00003582      0x13a .\CortexM3\ARM_GCC_541\Debug\Final_assignment_01.a(isr_DEBOUNCER.o)
 .debug_line    0x000036bc       0x99 .\CortexM3\ARM_GCC_541\Debug\Final_assignment_01.a(Pin_Led_Blue.o)
 .debug_line    0x00003755      0x15a .\CortexM3\ARM_GCC_541\Debug\Final_assignment_01.a(TIMER_button.o)
 .debug_line    0x000038af      0x136 .\CortexM3\ARM_GCC_541\Debug\Final_assignment_01.a(isr_TIMER.o)
 .debug_line    0x000039e5      0x15c .\CortexM3\ARM_GCC_541\Debug\Final_assignment_01.a(Timer_Blinking.o)
 .debug_line    0x00003b41      0x139 .\CortexM3\ARM_GCC_541\Debug\Final_assignment_01.a(isr_BLINKING.o)
 .debug_line    0x00003c7a      0x139 .\CortexM3\ARM_GCC_541\Debug\Final_assignment_01.a(isr_positive.o)
 .debug_line    0x00003db3      0x373 .\CortexM3\ARM_GCC_541\Debug\Final_assignment_01.a(ADC_DelSig.o)
 .debug_line    0x00004126       0x87 .\CortexM3\ARM_GCC_541\Debug\Final_assignment_01.a(ADC_DelSig_INT.o)
 .debug_line    0x000041ad       0xb3 .\CortexM3\ARM_GCC_541\Debug\Final_assignment_01.a(ADC_DelSig_AMux.o)
 .debug_line    0x00004260      0x184 .\CortexM3\ARM_GCC_541\Debug\Final_assignment_01.a(ADC_DelSig_Ext_CP_Clk.o)
 .debug_line    0x000043e4      0x1a4 .\CortexM3\ARM_GCC_541\Debug\Final_assignment_01.a(ADC_DelSig_theACLK.o)
 .debug_line    0x00004588       0xa4 .\CortexM3\ARM_GCC_541\Debug\Final_assignment_01.a(Pin_RED_UARTVerboseFlag.o)
 .debug_line    0x0000462c       0xc2 .\CortexM3\ARM_GCC_541\Debug\Final_assignment_01.a(Pin_EnableDisable.o)
 .debug_line    0x000046ee      0x13e .\CortexM3\ARM_GCC_541\Debug\Final_assignment_01.a(isr_EnableDisable.o)
 .debug_line    0x0000482c      0x165 .\CortexM3\ARM_GCC_541\Debug\Final_assignment_01.a(Counter_TimeStamp.o)
 .debug_line    0x00004991      0x13a .\CortexM3\ARM_GCC_541\Debug\Final_assignment_01.a(isr_TimeStamp.o)
 .debug_line    0x00004acb       0x66 .\CortexM3\ARM_GCC_541\Debug\Final_assignment_01.a(CyBootAsmGnu.o)
 .debug_line    0x00004b31      0x21a .\CortexM3\ARM_GCC_541\Debug\Final_assignment_01.a(CyFlash.o)
 .debug_line    0x00004d4b      0x260 .\CortexM3\ARM_GCC_541\Debug\Final_assignment_01.a(CySpc.o)

.debug_frame    0x00000000     0x3458
 *(.debug_frame)
 .debug_frame   0x00000000       0x40 .\CortexM3\ARM_GCC_541\Debug\main.o
 .debug_frame   0x00000040       0x88 .\CortexM3\ARM_GCC_541\Debug\SPI_Interface.o
 .debug_frame   0x000000c8       0x98 .\CortexM3\ARM_GCC_541\Debug\LIS3DH_SPI.o
 .debug_frame   0x00000160       0xd8 .\CortexM3\ARM_GCC_541\Debug\InterruptRoutines.o
 .debug_frame   0x00000238       0xbc .\CortexM3\ARM_GCC_541\Debug\RGBLedDriver.o
 .debug_frame   0x000002f4       0xf8 .\CortexM3\ARM_GCC_541\Debug\25LC256.o
 .debug_frame   0x000003ec       0x88 .\CortexM3\ARM_GCC_541\Debug\SPI_Interface_EEPROM.o
 .debug_frame   0x00000474      0x104 .\CortexM3\ARM_GCC_541\Debug\cyfitter_cfg.o
 .debug_frame   0x00000578       0xb8 .\CortexM3\ARM_GCC_541\Debug\Cm3Start.o
 .debug_frame   0x00000630      0x260 .\CortexM3\ARM_GCC_541\Debug\Final_assignment_01.a(SPIM_1.o)
 .debug_frame   0x00000890       0x30 .\CortexM3\ARM_GCC_541\Debug\Final_assignment_01.a(SPIM_1_INT.o)
 .debug_frame   0x000008c0       0x50 .\CortexM3\ARM_GCC_541\Debug\Final_assignment_01.a(CS_1.o)
 .debug_frame   0x00000910       0x70 .\CortexM3\ARM_GCC_541\Debug\Final_assignment_01.a(Pin_ISR.o)
 .debug_frame   0x00000980      0x104 .\CortexM3\ARM_GCC_541\Debug\Final_assignment_01.a(isr_ACC.o)
 .debug_frame   0x00000a84       0xe0 .\CortexM3\ARM_GCC_541\Debug\Final_assignment_01.a(SPIM_1_IntClock.o)
 .debug_frame   0x00000b64      0x738 .\CortexM3\ARM_GCC_541\Debug\Final_assignment_01.a(CyLib.o)
 .debug_frame   0x0000129c      0x1f8 .\CortexM3\ARM_GCC_541\Debug\Final_assignment_01.a(cyPm.o)
 .debug_frame   0x00001494      0x250 .\CortexM3\ARM_GCC_541\Debug\Final_assignment_01.a(UART_1.o)
 .debug_frame   0x000016e4       0xe0 .\CortexM3\ARM_GCC_541\Debug\Final_assignment_01.a(UART_1_IntClock.o)
 .debug_frame   0x000017c4      0x154 .\CortexM3\ARM_GCC_541\Debug\Final_assignment_01.a(PWM_RG.o)
 .debug_frame   0x00001918      0x134 .\CortexM3\ARM_GCC_541\Debug\Final_assignment_01.a(PWM_B.o)
 .debug_frame   0x00001a4c       0x50 .\CortexM3\ARM_GCC_541\Debug\Final_assignment_01.a(CS_2.o)
 .debug_frame   0x00001a9c      0x260 .\CortexM3\ARM_GCC_541\Debug\Final_assignment_01.a(SPIM_2.o)
 .debug_frame   0x00001cfc       0x30 .\CortexM3\ARM_GCC_541\Debug\Final_assignment_01.a(SPIM_2_INT.o)
 .debug_frame   0x00001d2c       0xe0 .\CortexM3\ARM_GCC_541\Debug\Final_assignment_01.a(SPIM_2_IntClock.o)
 .debug_frame   0x00001e0c      0x104 .\CortexM3\ARM_GCC_541\Debug\Final_assignment_01.a(isr_DEBOUNCER.o)
 .debug_frame   0x00001f10       0x50 .\CortexM3\ARM_GCC_541\Debug\Final_assignment_01.a(Pin_Led_Blue.o)
 .debug_frame   0x00001f60      0x108 .\CortexM3\ARM_GCC_541\Debug\Final_assignment_01.a(TIMER_button.o)
 .debug_frame   0x00002068      0x104 .\CortexM3\ARM_GCC_541\Debug\Final_assignment_01.a(isr_TIMER.o)
 .debug_frame   0x0000216c      0x108 .\CortexM3\ARM_GCC_541\Debug\Final_assignment_01.a(Timer_Blinking.o)
 .debug_frame   0x00002274      0x104 .\CortexM3\ARM_GCC_541\Debug\Final_assignment_01.a(isr_BLINKING.o)
 .debug_frame   0x00002378      0x104 .\CortexM3\ARM_GCC_541\Debug\Final_assignment_01.a(isr_positive.o)
 .debug_frame   0x0000247c      0x284 .\CortexM3\ARM_GCC_541\Debug\Final_assignment_01.a(ADC_DelSig.o)
 .debug_frame   0x00002700       0x50 .\CortexM3\ARM_GCC_541\Debug\Final_assignment_01.a(ADC_DelSig_INT.o)
 .debug_frame   0x00002750       0x64 .\CortexM3\ARM_GCC_541\Debug\Final_assignment_01.a(ADC_DelSig_AMux.o)
 .debug_frame   0x000027b4       0xe0 .\CortexM3\ARM_GCC_541\Debug\Final_assignment_01.a(ADC_DelSig_Ext_CP_Clk.o)
 .debug_frame   0x00002894      0x100 .\CortexM3\ARM_GCC_541\Debug\Final_assignment_01.a(ADC_DelSig_theACLK.o)
 .debug_frame   0x00002994       0x50 .\CortexM3\ARM_GCC_541\Debug\Final_assignment_01.a(Pin_RED_UARTVerboseFlag.o)
 .debug_frame   0x000029e4       0x70 .\CortexM3\ARM_GCC_541\Debug\Final_assignment_01.a(Pin_EnableDisable.o)
 .debug_frame   0x00002a54      0x104 .\CortexM3\ARM_GCC_541\Debug\Final_assignment_01.a(isr_EnableDisable.o)
 .debug_frame   0x00002b58      0x104 .\CortexM3\ARM_GCC_541\Debug\Final_assignment_01.a(Counter_TimeStamp.o)
 .debug_frame   0x00002c5c      0x104 .\CortexM3\ARM_GCC_541\Debug\Final_assignment_01.a(isr_TimeStamp.o)
 .debug_frame   0x00002d60      0x194 .\CortexM3\ARM_GCC_541\Debug\Final_assignment_01.a(CyFlash.o)
 .debug_frame   0x00002ef4      0x180 .\CortexM3\ARM_GCC_541\Debug\Final_assignment_01.a(CySpc.o)
 .debug_frame   0x00003074       0x20 c:/program files (x86)/cypress/psoc creator/4.3/psoc creator/import/gnu/arm/5.4.1/bin/../lib/gcc/arm-none-eabi/5.4.1/../../../../arm-none-eabi/lib/armv7-m\libg_nano.a(lib_a-errno.o)
 .debug_frame   0x00003094       0x28 c:/program files (x86)/cypress/psoc creator/4.3/psoc creator/import/gnu/arm/5.4.1/bin/../lib/gcc/arm-none-eabi/5.4.1/../../../../arm-none-eabi/lib/armv7-m\libg_nano.a(lib_a-exit.o)
 .debug_frame   0x000030bc       0x2c c:/program files (x86)/cypress/psoc creator/4.3/psoc creator/import/gnu/arm/5.4.1/bin/../lib/gcc/arm-none-eabi/5.4.1/../../../../arm-none-eabi/lib/armv7-m\libg_nano.a(lib_a-init.o)
 .debug_frame   0x000030e8       0x28 c:/program files (x86)/cypress/psoc creator/4.3/psoc creator/import/gnu/arm/5.4.1/bin/../lib/gcc/arm-none-eabi/5.4.1/../../../../arm-none-eabi/lib/armv7-m\libg_nano.a(lib_a-memcpy-stub.o)
 .debug_frame   0x00003110       0x20 c:/program files (x86)/cypress/psoc creator/4.3/psoc creator/import/gnu/arm/5.4.1/bin/../lib/gcc/arm-none-eabi/5.4.1/../../../../arm-none-eabi/lib/armv7-m\libg_nano.a(lib_a-memset.o)
 .debug_frame   0x00003130       0x70 c:/program files (x86)/cypress/psoc creator/4.3/psoc creator/import/gnu/arm/5.4.1/bin/../lib/gcc/arm-none-eabi/5.4.1/../../../../arm-none-eabi/lib/armv7-m\libg_nano.a(lib_a-sprintf.o)
 .debug_frame   0x000031a0       0x90 c:/program files (x86)/cypress/psoc creator/4.3/psoc creator/import/gnu/arm/5.4.1/bin/../lib/gcc/arm-none-eabi/5.4.1/../../../../arm-none-eabi/lib/armv7-m\libg_nano.a(lib_a-nano-svfprintf.o)
 .debug_frame   0x00003230       0x60 c:/program files (x86)/cypress/psoc creator/4.3/psoc creator/import/gnu/arm/5.4.1/bin/../lib/gcc/arm-none-eabi/5.4.1/../../../../arm-none-eabi/lib/armv7-m\libg_nano.a(lib_a-nano-vfprintf_i.o)
 .debug_frame   0x00003290       0x28 c:/program files (x86)/cypress/psoc creator/4.3/psoc creator/import/gnu/arm/5.4.1/bin/../lib/gcc/arm-none-eabi/5.4.1/../../../../arm-none-eabi/lib/armv7-m\libg_nano.a(lib_a-memchr-stub.o)
 .debug_frame   0x000032b8       0x28 c:/program files (x86)/cypress/psoc creator/4.3/psoc creator/import/gnu/arm/5.4.1/bin/../lib/gcc/arm-none-eabi/5.4.1/../../../../arm-none-eabi/lib/armv7-m\libg_nano.a(lib_a-memmove.o)
 .debug_frame   0x000032e0       0x38 c:/program files (x86)/cypress/psoc creator/4.3/psoc creator/import/gnu/arm/5.4.1/bin/../lib/gcc/arm-none-eabi/5.4.1/../../../../arm-none-eabi/lib/armv7-m\libg_nano.a(lib_a-nano-freer.o)
 .debug_frame   0x00003318       0x2c c:/program files (x86)/cypress/psoc creator/4.3/psoc creator/import/gnu/arm/5.4.1/bin/../lib/gcc/arm-none-eabi/5.4.1/../../../../arm-none-eabi/lib/armv7-m\libg_nano.a(lib_a-nano-mallocr.o)
 .debug_frame   0x00003344       0x3c c:/program files (x86)/cypress/psoc creator/4.3/psoc creator/import/gnu/arm/5.4.1/bin/../lib/gcc/arm-none-eabi/5.4.1/../../../../arm-none-eabi/lib/armv7-m\libg_nano.a(lib_a-nano-reallocr.o)
 .debug_frame   0x00003380       0x2c c:/program files (x86)/cypress/psoc creator/4.3/psoc creator/import/gnu/arm/5.4.1/bin/../lib/gcc/arm-none-eabi/5.4.1/../../../../arm-none-eabi/lib/armv7-m\libg_nano.a(lib_a-sbrkr.o)
 .debug_frame   0x000033ac       0x30 c:/program files (x86)/cypress/psoc creator/4.3/psoc creator/import/gnu/arm/5.4.1/bin/../lib/gcc/arm-none-eabi/5.4.1/../../../../arm-none-eabi/lib/armv7-m\libg_nano.a(lib_a-mlock.o)