Archive member included to satisfy reference by file (symbol)

.\CortexM3\ARM_GCC_541\Debug\Final_assignment_01.a(SPIM_1.o)
                              .\CortexM3\ARM_GCC_541\Debug\SPI_Interface.o (SPIM_1_ReadTxStatus)
.\CortexM3\ARM_GCC_541\Debug\Final_assignment_01.a(SPIM_1_INT.o)
                              .\CortexM3\ARM_GCC_541\Debug\Final_assignment_01.a(SPIM_1.o) (SPIM_1_TX_ISR)
.\CortexM3\ARM_GCC_541\Debug\Final_assignment_01.a(CS_1.o)
                              .\CortexM3\ARM_GCC_541\Debug\SPI_Interface.o (CS_1_Write)
.\CortexM3\ARM_GCC_541\Debug\Final_assignment_01.a(SPIM_1_IntClock.o)
                              .\CortexM3\ARM_GCC_541\Debug\Final_assignment_01.a(SPIM_1.o) (SPIM_1_IntClock_Start)
.\CortexM3\ARM_GCC_541\Debug\Final_assignment_01.a(CyLib.o)
                              .\CortexM3\ARM_GCC_541\Debug\Cm3Start.o (CyHalt)
.\CortexM3\ARM_GCC_541\Debug\Final_assignment_01.a(cyPm.o)
                              .\CortexM3\ARM_GCC_541\Debug\Final_assignment_01.a(CyLib.o) (CyPmReadStatus)
.\CortexM3\ARM_GCC_541\Debug\Final_assignment_01.a(UART_1.o)
                              .\CortexM3\ARM_GCC_541\Debug\main.o (UART_1_Start)
.\CortexM3\ARM_GCC_541\Debug\Final_assignment_01.a(UART_1_IntClock.o)
                              .\CortexM3\ARM_GCC_541\Debug\Final_assignment_01.a(UART_1.o) (UART_1_IntClock_Start)
.\CortexM3\ARM_GCC_541\Debug\Final_assignment_01.a(CyBootAsmGnu.o)
                              .\CortexM3\ARM_GCC_541\Debug\cyfitter_cfg.o (CyDelayCycles)
.\CortexM3\ARM_GCC_541\Debug\Final_assignment_01.a(CyFlash.o)
                              .\CortexM3\ARM_GCC_541\Debug\Final_assignment_01.a(cyPm.o) (CyFlash_SetWaitCycles)
.\CortexM3\ARM_GCC_541\Debug\Final_assignment_01.a(CySpc.o)
                              .\CortexM3\ARM_GCC_541\Debug\Final_assignment_01.a(CyFlash.o) (CySpcStart)
c:/program files (x86)/cypress/psoc creator/4.3/psoc creator/import/gnu/arm/5.4.1/bin/../lib/gcc/arm-none-eabi/5.4.1/../../../../arm-none-eabi/lib/armv7-m\libg_nano.a(lib_a-errno.o)
                              .\CortexM3\ARM_GCC_541\Debug\Cm3Start.o (__errno)
c:/program files (x86)/cypress/psoc creator/4.3/psoc creator/import/gnu/arm/5.4.1/bin/../lib/gcc/arm-none-eabi/5.4.1/../../../../arm-none-eabi/lib/armv7-m\libg_nano.a(lib_a-exit.o)
                              c:/program files (x86)/cypress/psoc creator/4.3/psoc creator/import/gnu/arm/5.4.1/bin/../lib/gcc/arm-none-eabi/5.4.1/../../../../arm-none-eabi/lib/armv7-m/crt0.o (exit)
c:/program files (x86)/cypress/psoc creator/4.3/psoc creator/import/gnu/arm/5.4.1/bin/../lib/gcc/arm-none-eabi/5.4.1/../../../../arm-none-eabi/lib/armv7-m\libg_nano.a(lib_a-impure.o)
                              c:/program files (x86)/cypress/psoc creator/4.3/psoc creator/import/gnu/arm/5.4.1/bin/../lib/gcc/arm-none-eabi/5.4.1/../../../../arm-none-eabi/lib/armv7-m\libg_nano.a(lib_a-exit.o) (_global_impure_ptr)
c:/program files (x86)/cypress/psoc creator/4.3/psoc creator/import/gnu/arm/5.4.1/bin/../lib/gcc/arm-none-eabi/5.4.1/../../../../arm-none-eabi/lib/armv7-m\libg_nano.a(lib_a-init.o)
                              c:/program files (x86)/cypress/psoc creator/4.3/psoc creator/import/gnu/arm/5.4.1/bin/../lib/gcc/arm-none-eabi/5.4.1/../../../../arm-none-eabi/lib/armv7-m/crt0.o (__libc_init_array)
c:/program files (x86)/cypress/psoc creator/4.3/psoc creator/import/gnu/arm/5.4.1/bin/../lib/gcc/arm-none-eabi/5.4.1/../../../../arm-none-eabi/lib/armv7-m\libg_nano.a(lib_a-memcpy-stub.o)
                              .\CortexM3\ARM_GCC_541\Debug\cyfitter_cfg.o (memcpy)
c:/program files (x86)/cypress/psoc creator/4.3/psoc creator/import/gnu/arm/5.4.1/bin/../lib/gcc/arm-none-eabi/5.4.1/../../../../arm-none-eabi/lib/armv7-m\libg_nano.a(lib_a-memset.o)
                              c:/program files (x86)/cypress/psoc creator/4.3/psoc creator/import/gnu/arm/5.4.1/bin/../lib/gcc/arm-none-eabi/5.4.1/../../../../arm-none-eabi/lib/armv7-m/crt0.o (memset)
c:/program files (x86)/cypress/psoc creator/4.3/psoc creator/import/gnu/arm/5.4.1/bin/../lib/gcc/arm-none-eabi/5.4.1/../../../../arm-none-eabi/lib/armv7-m\libg_nano.a(lib_a-sprintf.o)
                              .\CortexM3\ARM_GCC_541\Debug\main.o (sprintf)
c:/program files (x86)/cypress/psoc creator/4.3/psoc creator/import/gnu/arm/5.4.1/bin/../lib/gcc/arm-none-eabi/5.4.1/../../../../arm-none-eabi/lib/armv7-m\libg_nano.a(lib_a-nano-svfprintf.o)
                              c:/program files (x86)/cypress/psoc creator/4.3/psoc creator/import/gnu/arm/5.4.1/bin/../lib/gcc/arm-none-eabi/5.4.1/../../../../arm-none-eabi/lib/armv7-m\libg_nano.a(lib_a-sprintf.o) (_svfprintf_r)
c:/program files (x86)/cypress/psoc creator/4.3/psoc creator/import/gnu/arm/5.4.1/bin/../lib/gcc/arm-none-eabi/5.4.1/../../../../arm-none-eabi/lib/armv7-m\libg_nano.a(lib_a-nano-vfprintf_i.o)
[...]
Memory Configuration

Name             Origin             Length             Attributes
rom              0x00000000         0x00040000         xr
ram              0x1fff8000         0x00010000         xrw
*default*        0x00000000         0xffffffff

Linker script and memory map

LOAD c:/program files (x86)/cypress/psoc creator/4.3/psoc creator/import/gnu/arm/5.4.1/bin/../lib/gcc/arm-none-eabi/5.4.1/armv7-m/crti.o
LOAD c:/program files (x86)/cypress/psoc creator/4.3/psoc creator/import/gnu/arm/5.4.1/bin/../lib/gcc/arm-none-eabi/5.4.1/armv7-m/crtbegin.o
LOAD c:/program files (x86)/cypress/psoc creator/4.3/psoc creator/import/gnu/arm/5.4.1/bin/../lib/gcc/arm-none-eabi/5.4.1/../../../../arm-none-eabi/lib/armv7-m/crt0.o
START GROUP
LOAD .\CortexM3\ARM_GCC_541\Debug\main.o
LOAD .\CortexM3\ARM_GCC_541\Debug\SPI_Interface.o
LOAD .\CortexM3\ARM_GCC_541\Debug\LIS3DH_SPI.o
LOAD .\CortexM3\ARM_GCC_541\Debug\cyfitter_cfg.o
LOAD .\CortexM3\ARM_GCC_541\Debug\cymetadata.o
LOAD .\CortexM3\ARM_GCC_541\Debug\Cm3Start.o
LOAD .\CortexM3\ARM_GCC_541\Debug\Final_assignment_01.a
LOAD C:\Program Files (x86)\Cypress\PSoC Creator\4.3\PSoC Creator\psoc\content\cycomponentlibrary\CyComponentLibrary.cylib\CortexM3\ARM_GCC_541\Debug\CyComponentLibrary.a
END GROUP
START GROUP
LOAD c:/program files (x86)/cypress/psoc creator/4.3/psoc creator/import/gnu/arm/5.4.1/bin/../lib/gcc/arm-none-eabi/5.4.1/armv7-m\libgcc.a
LOAD c:/program files (x86)/cypress/psoc creator/4.3/psoc creator/import/gnu/arm/5.4.1/bin/../lib/gcc/arm-none-eabi/5.4.1/../../../../arm-none-eabi/lib/armv7-m\libg_nano.a
LOAD c:/program files (x86)/cypress/psoc creator/4.3/psoc creator/import/gnu/arm/5.4.1/bin/../lib/gcc/arm-none-eabi/5.4.1/../../../../arm-none-eabi/lib/armv7-m\libc_nano.a
END GROUP
START GROUP
LOAD c:/program files (x86)/cypress/psoc creator/4.3/psoc creator/import/gnu/arm/5.4.1/bin/../lib/gcc/arm-none-eabi/5.4.1/armv7-m\libgcc.a
LOAD c:/program files (x86)/cypress/psoc creator/4.3/psoc creator/import/gnu/arm/5.4.1/bin/../lib/gcc/arm-none-eabi/5.4.1/../../../../arm-none-eabi/lib/armv7-m\libc_nano.a
END GROUP
LOAD c:/program files (x86)/cypress/psoc creator/4.3/psoc creator/import/gnu/arm/5.4.1/bin/../lib/gcc/arm-none-eabi/5.4.1/armv7-m/crtend.o
LOAD c:/program files (x86)/cypress/psoc creator/4.3/psoc creator/import/gnu/arm/5.4.1/bin/../lib/gcc/arm-none-eabi/5.4.1/armv7-m/crtn.o
START GROUP
LOAD c:/program files (x86)/cypress/psoc creator/4.3/psoc creator/import/gnu/arm/5.4.1/bin/../lib/gcc/arm-none-eabi/5.4.1/armv7-m\libgcc.a
LOAD c:/program files (x86)/cypress/psoc creator/4.3/psoc creator/import/gnu/arm/5.4.1/bin/../lib/gcc/arm-none-eabi/5.4.1/../../../../arm-none-eabi/lib/armv7-m\libc.a
LOAD c:/program files (x86)/cypress/psoc creator/4.3/psoc creator/import/gnu/arm/5.4.1/bin/../lib/gcc/arm-none-eabi/5.4.1/../../../../arm-none-eabi/lib/armv7-m\libnosys.a
END GROUP
                0x00000000                CY_APPL_ORIGIN = 0x0
                0x00000100                CY_FLASH_ROW_SIZE = 0x100
                0x00000020                CY_ECC_ROW_SIZE = 0x20
                0x00000000                CY_EE_IN_BTLDR = 0x0
                0x00000000                CY_APPL_LOADABLE = 0x0
                0x00000800                CY_EE_SIZE = 0x800
                0x00000001                CY_APPL_NUM = 0x1
                0x00000001                CY_APPL_MAX = 0x1
                0x00000040                CY_METADATA_SIZE = 0x40
                0x00000000                CY_APPL_LOADABLE = 0x0
                0x00000000                CY_CHECKSUM_EXCLUDE_SIZE = ALIGN (0x0, CY_FLASH_ROW_SIZE)
                [!provide]                PROVIDE (__cy_heap_start, _end)
                0x00000001                PROVIDE (__cy_region_num, ((__cy_regions_end - __cy_regions) / 0x10))
                0x20008000                PROVIDE (__cy_stack, (ORIGIN (ram) + LENGTH (ram)))
                [!provide]                PROVIDE (__cy_heap_end, (__cy_stack - 0x800))

.cybootloader   0x00000000        0x0
 *(.cybootloader)
                0x00000000                appl1_start = CY_APPL_ORIGIN?CY_APPL_ORIGIN:ALIGN (CY_FLASH_ROW_SIZE)
                0x0001ff00                appl2_start = (appl1_start + ALIGN ((((LENGTH (rom) - appl1_start) - (0x2 * CY_FLASH_ROW_SIZE)) / 0x2), CY_FLASH_ROW_SIZE))
                0x00000000                appl_start = (CY_APPL_NUM == 0x1)?appl1_start:appl2_start
                0x00000000                ecc_offset = ((appl_start / CY_FLASH_ROW_SIZE) * CY_ECC_ROW_SIZE)
                0x00000000                ee_offset = (CY_APPL_LOADABLE && ! (CY_EE_IN_BTLDR))?((CY_EE_SIZE / CY_APPL_MAX) * (CY_APPL_NUM - 0x1)):0x0
                0x00000800                ee_size = (CY_APPL_LOADABLE && ! (CY_EE_IN_BTLDR))?(CY_EE_SIZE / CY_APPL_MAX):CY_EE_SIZE
                [!provide]                PROVIDE (CY_ECC_OFFSET, ecc_offset)

.text           0x00000000     0x1420
 CREATE_OBJECT_SYMBOLS
                0x00000000                PROVIDE (__cy_interrupt_vector, RomVectors)
 *(.romvectors)
 .romvectors    0x00000000       0x10 .\CortexM3\ARM_GCC_541\Debug\Cm3Start.o
                0x00000000                RomVectors
                0x00000001                ASSERT ((. != __cy_interrupt_vector), No interrupt vector)
                0x00000001                ASSERT (CY_APPL_ORIGIN?(SIZEOF (.cybootloader) <= CY_APPL_ORIGIN):0x1, Wrong image location)
                0x00000010                PROVIDE (__cy_reset, Reset)
 *(.text.Reset)
 .text.Reset    0x00000010       0x18 .\CortexM3\ARM_GCC_541\Debug\Cm3Start.o
                0x00000010                Reset
                0x00000001                ASSERT ((. != __cy_reset), No reset code)
 *(.dma_init)
                0x00000001                ASSERT ((((appl_start + .) <= 0x10000) || 0x1), DMA Init must be within the first 64k of flash)
 *(.text .text.* .gnu.linkonce.t.*)
 .text          0x00000028       0x5c c:/program files (x86)/cypress/psoc creator/4.3/psoc creator/import/gnu/arm/5.4.1/bin/../lib/gcc/arm-none-eabi/5.4.1/armv7-m/crtbegin.o
 .text.main     0x00000084       0x40 .\CortexM3\ARM_GCC_541\Debug\main.o
                0x00000084                main
 .text.SPI_Interface_Multi_RW
                0x000000c4       0xb8 .\CortexM3\ARM_GCC_541\Debug\SPI_Interface.o
                0x000000c4                SPI_Interface_Multi_RW
 .text.LIS3DH_readByte
                0x0000017c       0x2c .\CortexM3\ARM_GCC_541\Debug\LIS3DH_SPI.o
                0x0000017c                LIS3DH_readByte
 .text.CyClockStartupError
                0x000001a8        0x4 .\CortexM3\ARM_GCC_541\Debug\cyfitter_cfg.o
 .text.cfg_write_bytes32
                0x000001ac       0x34 .\CortexM3\ARM_GCC_541\Debug\cyfitter_cfg.o
 .text.AnalogSetDefault
                0x000001e0       0x28 .\CortexM3\ARM_GCC_541\Debug\cyfitter_cfg.o
 .text.CYMEMZERO
                0x00000208        0xc .\CortexM3\ARM_GCC_541\Debug\cyfitter_cfg.o
 .text.ClockSetup
                0x00000214       0xc8 .\CortexM3\ARM_GCC_541\Debug\cyfitter_cfg.o
 .text.CYCONFIGCPY
                0x000002dc        0x8 .\CortexM3\ARM_GCC_541\Debug\cyfitter_cfg.o
 .text.cyfitter_cfg
                0x000002e4      0x100 .\CortexM3\ARM_GCC_541\Debug\cyfitter_cfg.o
                0x000002e4                cyfitter_cfg
 .text.IntDefaultHandler
                0x000003e4       0x10 .\CortexM3\ARM_GCC_541\Debug\Cm3Start.o
                0x000003e4                IntDefaultHandler
 .text._sbrk    0x000003f4       0x30 .\CortexM3\ARM_GCC_541\Debug\Cm3Start.o
                0x000003f4                _sbrk
 .text.Start_c  0x00000424       0x4c .\CortexM3\ARM_GCC_541\Debug\Cm3Start.o
                0x00000424                Start_c
 .text.initialize_psoc
                0x00000470       0x68 .\CortexM3\ARM_GCC_541\Debug\Cm3Start.o
                0x00000470                initialize_psoc
 .text.SPIM_1_EnableTxInt
                0x000004d8        0xc .\CortexM3\ARM_GCC_541\Debug\Final_assignment_01.a(SPIM_1.o)
                0x000004d8                SPIM_1_EnableTxInt
 .text.SPIM_1_EnableRxInt
                0x000004e4        0xc .\CortexM3\ARM_GCC_541\Debug\Final_assignment_01.a(SPIM_1.o)
                0x000004e4                SPIM_1_EnableRxInt
 .text.SPIM_1_Enable
                0x000004f0       0x3c .\CortexM3\ARM_GCC_541\Debug\Final_assignment_01.a(SPIM_1.o)
                0x000004f0                SPIM_1_Enable
 .text.SPIM_1_DisableTxInt
                0x0000052c        0xc .\CortexM3\ARM_GCC_541\Debug\Final_assignment_01.a(SPIM_1.o)
                0x0000052c                SPIM_1_DisableTxInt
 .text.SPIM_1_DisableRxInt
                0x00000538        0xc .\CortexM3\ARM_GCC_541\Debug\Final_assignment_01.a(SPIM_1.o)
                0x00000538                SPIM_1_DisableRxInt
 .text.SPIM_1_ReadTxStatus
                0x00000544       0x28 .\CortexM3\ARM_GCC_541\Debug\Final_assignment_01.a(SPIM_1.o)
                0x00000544                SPIM_1_ReadTxStatus
 .text.SPIM_1_ReadRxStatus
                0x0000056c       0x28 .\CortexM3\ARM_GCC_541\Debug\Final_assignment_01.a(SPIM_1.o)
                0x0000056c                SPIM_1_ReadRxStatus
 .text.SPIM_1_WriteTxData
                0x00000594       0xd4 .\CortexM3\ARM_GCC_541\Debug\Final_assignment_01.a(SPIM_1.o)
                0x00000594                SPIM_1_WriteTxData
 .text.SPIM_1_ReadRxData
                0x00000668       0x64 .\CortexM3\ARM_GCC_541\Debug\Final_assignment_01.a(SPIM_1.o)
                0x00000668                SPIM_1_ReadRxData
 .text.SPIM_1_ClearRxBuffer
                0x000006cc       0x40 .\CortexM3\ARM_GCC_541\Debug\Final_assignment_01.a(SPIM_1.o)
                0x000006cc                SPIM_1_ClearRxBuffer
 .text.SPIM_1_ClearTxBuffer
                0x0000070c       0x54 .\CortexM3\ARM_GCC_541\Debug\Final_assignment_01.a(SPIM_1.o)
                0x0000070c                SPIM_1_ClearTxBuffer
 .text.SPIM_1_PutArray
                0x00000760       0x20 .\CortexM3\ARM_GCC_541\Debug\Final_assignment_01.a(SPIM_1.o)
                0x00000760                SPIM_1_PutArray
 .text.SPIM_1_ClearFIFO
                0x00000780       0x3c .\CortexM3\ARM_GCC_541\Debug\Final_assignment_01.a(SPIM_1.o)
                0x00000780                SPIM_1_ClearFIFO
 .text.SPIM_1_Init
                0x000007bc       0x90 .\CortexM3\ARM_GCC_541\Debug\Final_assignment_01.a(SPIM_1.o)
                0x000007bc                SPIM_1_Init
 .text.SPIM_1_Start
                0x0000084c       0x1c .\CortexM3\ARM_GCC_541\Debug\Final_assignment_01.a(SPIM_1.o)
                0x0000084c                SPIM_1_Start
 .text.SPIM_1_TX_ISR
                0x00000868       0xa0 .\CortexM3\ARM_GCC_541\Debug\Final_assignment_01.a(SPIM_1_INT.o)
                0x00000868                SPIM_1_TX_ISR
 .text.SPIM_1_RX_ISR
                0x00000908       0xa0 .\CortexM3\ARM_GCC_541\Debug\Final_assignment_01.a(SPIM_1_INT.o)
                0x00000908                SPIM_1_RX_ISR
 .text.CS_1_Write
                0x000009a8       0x18 .\CortexM3\ARM_GCC_541\Debug\Final_assignment_01.a(CS_1.o)
                0x000009a8                CS_1_Write
 .text.SPIM_1_IntClock_Start
                0x000009c0       0x1c .\CortexM3\ARM_GCC_541\Debug\Final_assignment_01.a(SPIM_1_IntClock.o)
                0x000009c0                SPIM_1_IntClock_Start
 .text.CyHalt   0x000009dc        0x4 .\CortexM3\ARM_GCC_541\Debug\Final_assignment_01.a(CyLib.o)
                0x000009dc                CyHalt
 .text.CyDelay  0x000009e0       0x2c .\CortexM3\ARM_GCC_541\Debug\Final_assignment_01.a(CyLib.o)
                0x000009e0                CyDelay
 .text.CyIntSetVector
                0x00000a0c       0x28 .\CortexM3\ARM_GCC_541\Debug\Final_assignment_01.a(CyLib.o)
                0x00000a0c                CyIntSetVector
 .text.CyIntSetPriority
                0x00000a34       0x30 .\CortexM3\ARM_GCC_541\Debug\Final_assignment_01.a(CyLib.o)
                0x00000a34                CyIntSetPriority
 .text.UART_1_Init
                0x00000a64       0x28 .\CortexM3\ARM_GCC_541\Debug\Final_assignment_01.a(UART_1.o)
                0x00000a64                UART_1_Init
 .text.UART_1_Enable
                0x00000a8c       0x38 .\CortexM3\ARM_GCC_541\Debug\Final_assignment_01.a(UART_1.o)
                0x00000a8c                UART_1_Enable
 .text.UART_1_Start
                0x00000ac4       0x1c .\CortexM3\ARM_GCC_541\Debug\Final_assignment_01.a(UART_1.o)
                0x00000ac4                UART_1_Start
 .text.UART_1_PutChar
                0x00000ae0       0x18 .\CortexM3\ARM_GCC_541\Debug\Final_assignment_01.a(UART_1.o)
                0x00000ae0                UART_1_PutChar
 .text.UART_1_PutString
                0x00000af8       0x24 .\CortexM3\ARM_GCC_541\Debug\Final_assignment_01.a(UART_1.o)
                0x00000af8                UART_1_PutString
 .text.UART_1_IntClock_Start
                0x00000b1c       0x1c .\CortexM3\ARM_GCC_541\Debug\Final_assignment_01.a(UART_1_IntClock.o)
                0x00000b1c                UART_1_IntClock_Start
 .text          0x00000b38       0x20 .\CortexM3\ARM_GCC_541\Debug\Final_assignment_01.a(CyBootAsmGnu.o)
                0x00000b38                CyDelayCycles
                0x00000b48                CyEnterCriticalSection
                0x00000b50                CyExitCriticalSection
 .text.__errno  0x00000b58        0xc c:/program files (x86)/cypress/psoc creator/4.3/psoc creator/import/gnu/arm/5.4.1/bin/../lib/gcc/arm-none-eabi/5.4.1/../../../../arm-none-eabi/lib/armv7-m\libg_nano.a(lib_a-errno.o)
                0x00000b58                __errno
 .text.__libc_init_array
                0x00000b64       0x4c c:/program files (x86)/cypress/psoc creator/4.3/psoc creator/import/gnu/arm/5.4.1/bin/../lib/gcc/arm-none-eabi/5.4.1/../../../../arm-none-eabi/lib/armv7-m\libg_nano.a(lib_a-init.o)
                0x00000b64                __libc_init_array
 .text.memcpy   0x00000bb0       0x16 c:/program files (x86)/cypress/psoc creator/4.3/psoc creator/import/gnu/arm/5.4.1/bin/../lib/gcc/arm-none-eabi/5.4.1/../../../../arm-none-eabi/lib/armv7-m\libg_nano.a(lib_a-memcpy-stub.o)
                0x00000bb0                memcpy
 .text.memset   0x00000bc6       0x10 c:/program files (x86)/cypress/psoc creator/4.3/psoc creator/import/gnu/arm/5.4.1/bin/../lib/gcc/arm-none-eabi/5.4.1/../../../../arm-none-eabi/lib/armv7-m\libg_nano.a(lib_a-memset.o)
                0x00000bc6                memset
 *fill*         0x00000bd6        0x2 
 .text.sprintf  0x00000bd8       0x48 c:/program files (x86)/cypress/psoc creator/4.3/psoc creator/import/gnu/arm/5.4.1/bin/../lib/gcc/arm-none-eabi/5.4.1/../../../../arm-none-eabi/lib/armv7-m\libg_nano.a(lib_a-sprintf.o)
                0x00000bd8                siprintf
                0x00000bd8                sprintf
 .text.__ssputs_r
                0x00000c20       0xb2 c:/program files (x86)/cypress/psoc creator/4.3/psoc creator/import/gnu/arm/5.4.1/bin/../lib/gcc/arm-none-eabi/5.4.1/../../../../arm-none-eabi/lib/armv7-m\libg_nano.a(lib_a-nano-svfprintf.o)
                0x00000c20                __ssputs_r
 *fill*         0x00000cd2        0x2 
 .text._svfprintf_r
                0x00000cd4      0x1e8 c:/program files (x86)/cypress/psoc creator/4.3/psoc creator/import/gnu/arm/5.4.1/bin/../lib/gcc/arm-none-eabi/5.4.1/../../../../arm-none-eabi/lib/armv7-m\libg_nano.a(lib_a-nano-svfprintf.o)
                0x00000cd4                _svfiprintf_r
                0x00000cd4                _svfprintf_r
 .text._printf_common
                0x00000ebc       0xec c:/program files (x86)/cypress/psoc creator/4.3/psoc creator/import/gnu/arm/5.4.1/bin/../lib/gcc/arm-none-eabi/5.4.1/../../../../arm-none-eabi/lib/armv7-m\libg_nano.a(lib_a-nano-vfprintf_i.o)
                0x00000ebc                _printf_common
 .text._printf_i
                0x00000fa8      0x24c c:/program files (x86)/cypress/psoc creator/4.3/psoc creator/import/gnu/arm/5.4.1/bin/../lib/gcc/arm-none-eabi/5.4.1/../../../../arm-none-eabi/lib/armv7-m\libg_nano.a(lib_a-nano-vfprintf_i.o)
                0x00000fa8                _printf_i
 .text.memchr   0x000011f4       0x1c c:/program files (x86)/cypress/psoc creator/4.3/psoc creator/import/gnu/arm/5.4.1/bin/../lib/gcc/arm-none-eabi/5.4.1/../../../../arm-none-eabi/lib/armv7-m\libg_nano.a(lib_a-memchr-stub.o)
                0x000011f4                memchr
 .text.memmove  0x00001210       0x36 c:/program files (x86)/cypress/psoc creator/4.3/psoc creator/import/gnu/arm/5.4.1/bin/../lib/gcc/arm-none-eabi/5.4.1/../../../../arm-none-eabi/lib/armv7-m\libg_nano.a(lib_a-memmove.o)
                0x00001210                memmove
 *fill*         0x00001246        0x2 
 .text._free_r  0x00001248       0x98 c:/program files (x86)/cypress/psoc creator/4.3/psoc creator/import/gnu/arm/5.4.1/bin/../lib/gcc/arm-none-eabi/5.4.1/../../../../arm-none-eabi/lib/armv7-m\libg_nano.a(lib_a-nano-freer.o)
                0x00001248                _free_r
 .text._malloc_r
                0x000012e0       0xbc c:/program files (x86)/cypress/psoc creator/4.3/psoc creator/import/gnu/arm/5.4.1/bin/../lib/gcc/arm-none-eabi/5.4.1/../../../../arm-none-eabi/lib/armv7-m\libg_nano.a(lib_a-nano-mallocr.o)
                0x000012e0                _malloc_r
 .text._realloc_r
                0x0000139c       0x4c c:/program files (x86)/cypress/psoc creator/4.3/psoc creator/import/gnu/arm/5.4.1/bin/../lib/gcc/arm-none-eabi/5.4.1/../../../../arm-none-eabi/lib/armv7-m\libg_nano.a(lib_a-nano-reallocr.o)
                0x0000139c                _realloc_r
 .text._sbrk_r  0x000013e8       0x20 c:/program files (x86)/cypress/psoc creator/4.3/psoc creator/import/gnu/arm/5.4.1/bin/../lib/gcc/arm-none-eabi/5.4.1/../../../../arm-none-eabi/lib/armv7-m\libg_nano.a(lib_a-sbrkr.o)
                0x000013e8                _sbrk_r
 .text.__malloc_lock
                0x00001408        0x2 c:/program files (x86)/cypress/psoc creator/4.3/psoc creator/import/gnu/arm/5.4.1/bin/../lib/gcc/arm-none-eabi/5.4.1/../../../../arm-none-eabi/lib/armv7-m\libg_nano.a(lib_a-mlock.o)
                0x00001408                __malloc_lock
 .text.__malloc_unlock
                0x0000140a        0x2 c:/program files (x86)/cypress/psoc creator/4.3/psoc creator/import/gnu/arm/5.4.1/bin/../lib/gcc/arm-none-eabi/5.4.1/../../../../arm-none-eabi/lib/armv7-m\libg_nano.a(lib_a-mlock.o)
                0x0000140a                __malloc_unlock
 .text._malloc_usable_size_r
                0x0000140c       0x14 c:/program files (x86)/cypress/psoc creator/4.3/psoc creator/import/gnu/arm/5.4.1/bin/../lib/gcc/arm-none-eabi/5.4.1/../../../../arm-none-eabi/lib/armv7-m\libg_nano.a(lib_a-nano-msizer.o)
                0x0000140c                _malloc_usable_size_r
 *(.plt)
 *(.gnu.warning)
 *(.glue_7t)
 .glue_7t       0x00001420        0x0 linker stubs
 *(.glue_7)
 .glue_7        0x00001420        0x0 linker stubs
 *(.vfp11_veneer)
 .vfp11_veneer  0x00001420        0x0 linker stubs
 *(.bootloader)
 *(.ARM.extab* .gnu.linkonce.armextab.*)
 *(.gcc_except_table)

.v4_bx          0x00001420        0x0
 .v4_bx         0x00001420        0x0 linker stubs

.iplt           0x00001420        0x0
 .iplt          0x00001420        0x0 c:/program files (x86)/cypress/psoc creator/4.3/psoc creator/import/gnu/arm/5.4.1/bin/../lib/gcc/arm-none-eabi/5.4.1/armv7-m/crtbegin.o

.eh_frame_hdr
 *(.eh_frame_hdr)

.eh_frame       0x00001420        0x4
 *(.eh_frame)
 .eh_frame      0x00001420        0x0 c:/program files (x86)/cypress/psoc creator/4.3/psoc creator/import/gnu/arm/5.4.1/bin/../lib/gcc/arm-none-eabi/5.4.1/armv7-m/crtbegin.o
 .eh_frame      0x00001420        0x4 c:/program files (x86)/cypress/psoc creator/4.3/psoc creator/import/gnu/arm/5.4.1/bin/../lib/gcc/arm-none-eabi/5.4.1/armv7-m/crtend.o
                [!provide]                PROVIDE (__exidx_start, .)

.ARM.exidx
 *(.ARM.exidx* .gnu.linkonce.armexidx.*)
                0x00001424                __exidx_end = .

.rodata         0x00001424      0x114
 *(.rodata .rodata.* .gnu.linkonce.r.*)
 .rodata.str1.4
                0x00001424       0x4c .\CortexM3\ARM_GCC_541\Debug\main.o
 .rodata        0x00001470       0x5a .\CortexM3\ARM_GCC_541\Debug\cyfitter_cfg.o
 .rodata.str1.1
                0x000014ca        0x2 c:/program files (x86)/cypress/psoc creator/4.3/psoc creator/import/gnu/arm/5.4.1/bin/../lib/gcc/arm-none-eabi/5.4.1/../../../../arm-none-eabi/lib/armv7-m\libg_nano.a(lib_a-impure.o)
 .rodata.str1.1
                0x000014cc       0x11 c:/program files (x86)/cypress/psoc creator/4.3/psoc creator/import/gnu/arm/5.4.1/bin/../lib/gcc/arm-none-eabi/5.4.1/../../../../arm-none-eabi/lib/armv7-m\libg_nano.a(lib_a-nano-svfprintf.o)
 .rodata.str1.1
                0x000014dd       0x22 c:/program files (x86)/cypress/psoc creator/4.3/psoc creator/import/gnu/arm/5.4.1/bin/../lib/gcc/arm-none-eabi/5.4.1/../../../../arm-none-eabi/lib/armv7-m\libg_nano.a(lib_a-nano-vfprintf_i.o)
                0x00001500                . = ALIGN (0x4)
 *fill*         0x000014ff        0x1 
 *(.init)
 .init          0x00001500        0x4 c:/program files (x86)/cypress/psoc creator/4.3/psoc creator/import/gnu/arm/5.4.1/bin/../lib/gcc/arm-none-eabi/5.4.1/armv7-m/crti.o
                0x00001500                _init
 .init          0x00001504        0x8 c:/program files (x86)/cypress/psoc creator/4.3/psoc creator/import/gnu/arm/5.4.1/bin/../lib/gcc/arm-none-eabi/5.4.1/armv7-m/crtn.o
                0x0000150c                . = ALIGN (0x4)
                0x0000150c                __preinit_array_start = .
 *(.preinit_array)
                0x0000150c                __preinit_array_end = .
                0x0000150c                . = ALIGN (0x4)
                0x0000150c                __init_array_start = .
 *(SORT(.init_array.*))
 *(.init_array)
 .init_array    0x0000150c        0x4 c:/program files (x86)/cypress/psoc creator/4.3/psoc creator/import/gnu/arm/5.4.1/bin/../lib/gcc/arm-none-eabi/5.4.1/armv7-m/crtbegin.o
 .init_array    0x00001510        0x4 .\CortexM3\ARM_GCC_541\Debug\Cm3Start.o
                0x00001514                __init_array_end = .
                0x00001514                . = ALIGN (0x4)
 *(.fini)
 .fini          0x00001514        0x4 c:/program files (x86)/cypress/psoc creator/4.3/psoc creator/import/gnu/arm/5.4.1/bin/../lib/gcc/arm-none-eabi/5.4.1/armv7-m/crti.o
                0x00001514                _fini
 .fini          0x00001518        0x8 c:/program files (x86)/cypress/psoc creator/4.3/psoc creator/import/gnu/arm/5.4.1/bin/../lib/gcc/arm-none-eabi/5.4.1/armv7-m/crtn.o
                0x00001520                . = ALIGN (0x4)
                0x00001520                __fini_array_start = .
 *(.fini_array)
 .fini_array    0x00001520        0x4 c:/program files (x86)/cypress/psoc creator/4.3/psoc creator/import/gnu/arm/5.4.1/bin/../lib/gcc/arm-none-eabi/5.4.1/armv7-m/crtbegin.o
 *(SORT(.fini_array.*))
                0x00001524                __fini_array_end = .
                0x00001524                . = ALIGN (0x4)
 *crtbegin.o(.ctors)
 *(EXCLUDE_FILE(*crtend.o) .ctors)
 *(SORT(.ctors.*))
 *crtend.o(.ctors)
                0x00001524                . = ALIGN (0x4)
 *crtbegin.o(.dtors)
 *(EXCLUDE_FILE(*crtend.o) .dtors)
 *(SORT(.dtors.*))
 *crtend.o(.dtors)
                0x00001524                . = ALIGN (0x4)
                0x00001524                __cy_regions = .
                0x00001524        0x4 LONG 0x1538 __cy_region_init_ram
                0x00001528        0x4 LONG 0x1fff80c8 __cy_region_start_data
                0x0000152c        0x4 LONG 0x80 __cy_region_init_size_ram
                0x00001530        0x4 LONG 0xb0 __cy_region_zero_size_ram
                0x00001534                __cy_regions_end = .
                0x00001538                . = ALIGN (0x8)
 *fill*         0x00001534        0x4 
                0x00001538                _etext = .

.cy_checksum_exclude
                0x00001538        0x0
 *(.cy_checksum_exclude)

.ramvectors     0x1fff8000       0xc0
                0x1fff8000                __cy_region_start_ram = .
 *(.ramvectors)
 .ramvectors    0x1fff8000       0xc0 .\CortexM3\ARM_GCC_541\Debug\Cm3Start.o
                0x1fff8000                CyRamVectors

.noinit         0x1fff80c0        0x1
 *(.noinit)
 .noinit        0x1fff80c0        0x1 .\CortexM3\ARM_GCC_541\Debug\Final_assignment_01.a(CyLib.o)
                0x1fff80c0                CyResetStatus

.data           0x1fff80c8       0x80 load address 0x00001538
                0x1fff80c8                __cy_region_start_data = .
 *(.jcr)
 .jcr           0x1fff80c8        0x0 c:/program files (x86)/cypress/psoc creator/4.3/psoc creator/import/gnu/arm/5.4.1/bin/../lib/gcc/arm-none-eabi/5.4.1/armv7-m/crtbegin.o
 .jcr           0x1fff80c8        0x4 c:/program files (x86)/cypress/psoc creator/4.3/psoc creator/import/gnu/arm/5.4.1/bin/../lib/gcc/arm-none-eabi/5.4.1/armv7-m/crtend.o
 *(.got.plt)
 *(.got)
 *(.shdata)
 *(.data .data.* .gnu.linkonce.d.*)
 .data          0x1fff80cc        0x4 .\CortexM3\ARM_GCC_541\Debug\Cm3Start.o
 .data          0x1fff80d0       0x10 .\CortexM3\ARM_GCC_541\Debug\Final_assignment_01.a(CyLib.o)
                0x1fff80d0                cydelay_32k_ms
                0x1fff80d4                cydelay_freq_khz
                0x1fff80d8                cydelay_freq_mhz
                0x1fff80dc                cydelay_freq_hz
 .data.impure_data
                0x1fff80e0       0x60 c:/program files (x86)/cypress/psoc creator/4.3/psoc creator/import/gnu/arm/5.4.1/bin/../lib/gcc/arm-none-eabi/5.4.1/../../../../arm-none-eabi/lib/armv7-m\libg_nano.a(lib_a-impure.o)
 .data._impure_ptr
                0x1fff8140        0x4 c:/program files (x86)/cypress/psoc creator/4.3/psoc creator/import/gnu/arm/5.4.1/bin/../lib/gcc/arm-none-eabi/5.4.1/../../../../arm-none-eabi/lib/armv7-m\libg_nano.a(lib_a-impure.o)
                0x1fff8140                _impure_ptr
                0x1fff8148                . = ALIGN (0x8)
 *fill*         0x1fff8144        0x4 
 *(.ram)
                0x1fff8148                _edata = .

.igot.plt       0x1fff8148        0x0 load address 0x000015b8
 .igot.plt      0x1fff8148        0x0 c:/program files (x86)/cypress/psoc creator/4.3/psoc creator/import/gnu/arm/5.4.1/bin/../lib/gcc/arm-none-eabi/5.4.1/armv7-m/crtbegin.o

.bss            0x1fff8148       0xb0 load address 0x000015b8
                0x1fff8148                PROVIDE (__bss_start__, .)
 *(.shbss)
 *(.bss .bss.* .gnu.linkonce.b.*)
 .bss           0x1fff8148       0x1c c:/program files (x86)/cypress/psoc creator/4.3/psoc creator/import/gnu/arm/5.4.1/bin/../lib/gcc/arm-none-eabi/5.4.1/armv7-m/crtbegin.o
 .bss           0x1fff8164        0x1 .\CortexM3\ARM_GCC_541\Debug\Final_assignment_01.a(SPIM_1.o)
                0x1fff8164                SPIM_1_initVar
 .bss           0x1fff8165        0x2 .\CortexM3\ARM_GCC_541\Debug\Final_assignment_01.a(UART_1.o)
                0x1fff8165                UART_1_initVar
 *fill*         0x1fff8167        0x1 
 .bss.__malloc_sbrk_start
                0x1fff8168        0x4 c:/program files (x86)/cypress/psoc creator/4.3/psoc creator/import/gnu/arm/5.4.1/bin/../lib/gcc/arm-none-eabi/5.4.1/../../../../arm-none-eabi/lib/armv7-m\libg_nano.a(lib_a-nano-mallocr.o)
                0x1fff8168                __malloc_sbrk_start
 .bss.__malloc_free_list
                0x1fff816c        0x4 c:/program files (x86)/cypress/psoc creator/4.3/psoc creator/import/gnu/arm/5.4.1/bin/../lib/gcc/arm-none-eabi/5.4.1/../../../../arm-none-eabi/lib/armv7-m\libg_nano.a(lib_a-nano-mallocr.o)
                0x1fff816c                __malloc_free_list
 *(COMMON)
 COMMON         0x1fff8170       0x64 .\CortexM3\ARM_GCC_541\Debug\main.o
                0x1fff8170                bufferUART
 COMMON         0x1fff81d4       0x1c .\CortexM3\ARM_GCC_541\Debug\Final_assignment_01.a(SPIM_1.o)
                0x1fff81d4                SPIM_1_swStatusTx
                0x1fff81d8                SPIM_1_txBuffer
                0x1fff81e0                SPIM_1_txBufferFull
                0x1fff81e1                SPIM_1_rxBufferWrite
                0x1fff81e2                SPIM_1_rxBufferFull
                0x1fff81e3                SPIM_1_rxBufferRead
                0x1fff81e4                SPIM_1_txBufferWrite
                0x1fff81e5                SPIM_1_swStatusRx
                0x1fff81e6                SPIM_1_txBufferRead
                0x1fff81e8                SPIM_1_rxBuffer
 COMMON         0x1fff81f0        0x4 c:/program files (x86)/cypress/psoc creator/4.3/psoc creator/import/gnu/arm/5.4.1/bin/../lib/gcc/arm-none-eabi/5.4.1/../../../../arm-none-eabi/lib/armv7-m\libg_nano.a(lib_a-reent.o)
                0x1fff81f0                errno
                0x1fff81f8                . = ALIGN (0x8)
 *fill*         0x1fff81f4        0x4 
 *(.ram.b)
                0x1fff81f8                _end = .
                0x1fff81f8                __end = .
                0x1fff81f8                PROVIDE (end, .)
                0x1fff81f8                PROVIDE (__bss_end__, .)
                0x00001538                __cy_region_init_ram = LOADADDR (.data)
                0x00000080                __cy_region_init_size_ram = (_edata - ADDR (.data))
                0x000000b0                __cy_region_zero_size_ram = (_end - _edata)

.heap           0x1fff81f8       0x80 load address 0x000015b8
                0x1fff81f8                . = _end
                0x1fff8278                . = (. + 0x80)
 *fill*         0x1fff81f8       0x80 
                0x1fff8278                __cy_heap_limit = .

.stack          0x20007800      0x800
                0x20007800                __cy_stack_limit = .
                0x20008000                . = (. + 0x800)
 *fill*         0x20007800      0x800 
                0x00000001                ASSERT ((__cy_stack_limit >= __cy_heap_limit), region RAM overflowed with stack)
                0x00000000                cy_checksum_exclude_size = (CY_APPL_LOADABLE == 0x1)?SIZEOF (.cy_checksum_exclude):0x0
                0x00000001                ASSERT ((cy_checksum_exclude_size <= CY_CHECKSUM_EXCLUDE_SIZE), CY_BOOT: Section .cy_checksum_exclude size exceedes specified limit.)

.cyloadermeta
 *(.cyloadermeta)

.cyloadablemeta
 *(.cyloadablemeta)

.cyconfigecc    0x80000000      0x5a8
 *(.cyconfigecc)
 .cyconfigecc   0x80000000      0x5a8 .\CortexM3\ARM_GCC_541\Debug\cymetadata.o
                0x80000000                cy_meta_configecc

.cycustnvl      0x90000000        0x4
 *(.cycustnvl)
 .cycustnvl     0x90000000        0x4 .\CortexM3\ARM_GCC_541\Debug\cymetadata.o
                0x90000000                cy_meta_custnvl

.cywolatch      0x90100000        0x4
 *(.cywolatch)
 .cywolatch     0x90100000        0x4 .\CortexM3\ARM_GCC_541\Debug\cymetadata.o
                0x90100000                cy_meta_wonvl

.cyeeprom       0x90200000        0x0
 *(.cyeeprom)
                0x00000001                ASSERT ((. <= ((0x90200000 + ee_offset) + ee_size)), .cyeeprom data will not fit in EEPROM)

.cyflashprotect
                0x90400000      0x100
 *(.cyflashprotect)
 .cyflashprotect
                0x90400000      0x100 .\CortexM3\ARM_GCC_541\Debug\cymetadata.o
                0x90400000                cy_meta_flashprotect

.cymeta         0x90500000        0xc
 *(.cymeta)
 .cymeta        0x90500000        0xc .\CortexM3\ARM_GCC_541\Debug\cymetadata.o
                0x90500000                cy_metadata

.rel.dyn        0x000015b8        0x0 load address 0x9050000c
 .rel.iplt      0x000015b8        0x0 c:/program files (x86)/cypress/psoc creator/4.3/psoc creator/import/gnu/arm/5.4.1/bin/../lib/gcc/arm-none-eabi/5.4.1/armv7-m/crtbegin.o

.stab
 *(.stab)

.stabstr
 *(.stabstr)

.debug
 *(.debug)

.line
 *(.line)

.debug_srcinfo
 *(.debug_srcinfo)

.debug_sfnames
 *(.debug_sfnames)

.debug_aranges  0x00000000      0x8a0
 *(.debug_aranges)
 .debug_aranges
                0x00000000       0x20 .\CortexM3\ARM_GCC_541\Debug\main.o
 .debug_aranges
                0x00000020       0x38 .\CortexM3\ARM_GCC_541\Debug\SPI_Interface.o
 .debug_aranges
                0x00000058       0x28 .\CortexM3\ARM_GCC_541\Debug\LIS3DH_SPI.o
 .debug_aranges
                0x00000080       0x58 .\CortexM3\ARM_GCC_541\Debug\cyfitter_cfg.o
 .debug_aranges
                0x000000d8       0x18 .\CortexM3\ARM_GCC_541\Debug\cymetadata.o
 .debug_aranges
                0x000000f0       0x48 .\CortexM3\ARM_GCC_541\Debug\Cm3Start.o
 .debug_aranges
                0x00000138       0xd8 .\CortexM3\ARM_GCC_541\Debug\Final_assignment_01.a(SPIM_1.o)
 .debug_aranges
                0x00000210       0x28 .\CortexM3\ARM_GCC_541\Debug\Final_assignment_01.a(SPIM_1_INT.o)
 .debug_aranges
                0x00000238       0x38 .\CortexM3\ARM_GCC_541\Debug\Final_assignment_01.a(CS_1.o)
 .debug_aranges
                0x00000270       0x70 .\CortexM3\ARM_GCC_541\Debug\Final_assignment_01.a(SPIM_1_IntClock.o)
 .debug_aranges
                0x000002e0      0x2a0 .\CortexM3\ARM_GCC_541\Debug\Final_assignment_01.a(CyLib.o)
 .debug_aranges
                0x00000580       0x98 .\CortexM3\ARM_GCC_541\Debug\Final_assignment_01.a(cyPm.o)
 .debug_aranges
                0x00000618       0xf0 .\CortexM3\ARM_GCC_541\Debug\Final_assignment_01.a(UART_1.o)
 .debug_aranges
                0x00000708       0x70 .\CortexM3\ARM_GCC_541\Debug\Final_assignment_01.a(UART_1_IntClock.o)
 .debug_aranges
                0x00000778       0x20 .\CortexM3\ARM_GCC_541\Debug\Final_assignment_01.a(CyBootAsmGnu.o)
 .debug_aranges
                0x00000798       0x88 .\CortexM3\ARM_GCC_541\Debug\Final_assignment_01.a(CyFlash.o)
 .debug_aranges
                0x00000820       0x80 .\CortexM3\ARM_GCC_541\Debug\Final_assignment_01.a(CySpc.o)

.debug_pubnames
 *(.debug_pubnames)

.debug_info     0x00000000     0x506b
 *(.debug_info .gnu.linkonce.wi.*)
 .debug_info    0x00000000      0x1d4 .\CortexM3\ARM_GCC_541\Debug\main.o
 .debug_info    0x000001d4      0x3d4 .\CortexM3\ARM_GCC_541\Debug\SPI_Interface.o
 .debug_info    0x000005a8      0x1a5 .\CortexM3\ARM_GCC_541\Debug\LIS3DH_SPI.o
 .debug_info    0x0000074d      0x583 .\CortexM3\ARM_GCC_541\Debug\cyfitter_cfg.o
 .debug_info    0x00000cd0      0x136 .\CortexM3\ARM_GCC_541\Debug\cymetadata.o
 .debug_info    0x00000e06      0x3bb .\CortexM3\ARM_GCC_541\Debug\Cm3Start.o
 .debug_info    0x000011c1      0x709 .\CortexM3\ARM_GCC_541\Debug\Final_assignment_01.a(SPIM_1.o)
 .debug_info    0x000018ca      0x18d .\CortexM3\ARM_GCC_541\Debug\Final_assignment_01.a(SPIM_1_INT.o)
 .debug_info    0x00001a57      0x11f .\CortexM3\ARM_GCC_541\Debug\Final_assignment_01.a(CS_1.o)
 .debug_info    0x00001b76      0x283 .\CortexM3\ARM_GCC_541\Debug\Final_assignment_01.a(SPIM_1_IntClock.o)
 .debug_info    0x00001df9     0x1374 .\CortexM3\ARM_GCC_541\Debug\Final_assignment_01.a(CyLib.o)
 .debug_info    0x0000316d      0xa2a .\CortexM3\ARM_GCC_541\Debug\Final_assignment_01.a(cyPm.o)
 .debug_info    0x00003b97      0x60c .\CortexM3\ARM_GCC_541\Debug\Final_assignment_01.a(UART_1.o)
 .debug_info    0x000041a3      0x283 .\CortexM3\ARM_GCC_541\Debug\Final_assignment_01.a(UART_1_IntClock.o)
 .debug_info    0x00004426       0xa8 .\CortexM3\ARM_GCC_541\Debug\Final_assignment_01.a(CyBootAsmGnu.o)
 .debug_info    0x000044ce      0x64d .\CortexM3\ARM_GCC_541\Debug\Final_assignment_01.a(CyFlash.o)
 .debug_info    0x00004b1b      0x550 .\CortexM3\ARM_GCC_541\Debug\Final_assignment_01.a(CySpc.o)

.debug_abbrev   0x00000000     0x14ed
 *(.debug_abbrev)
 .debug_abbrev  0x00000000       0xe0 .\CortexM3\ARM_GCC_541\Debug\main.o
 .debug_abbrev  0x000000e0      0x12b .\CortexM3\ARM_GCC_541\Debug\SPI_Interface.o
 .debug_abbrev  0x0000020b       0xc5 .\CortexM3\ARM_GCC_541\Debug\LIS3DH_SPI.o
 .debug_abbrev  0x000002d0      0x20d .\CortexM3\ARM_GCC_541\Debug\cyfitter_cfg.o
 .debug_abbrev  0x000004dd       0x77 .\CortexM3\ARM_GCC_541\Debug\cymetadata.o
 .debug_abbrev  0x00000554      0x1e8 .\CortexM3\ARM_GCC_541\Debug\Cm3Start.o
 .debug_abbrev  0x0000073c      0x162 .\CortexM3\ARM_GCC_541\Debug\Final_assignment_01.a(SPIM_1.o)
 .debug_abbrev  0x0000089e       0x8a .\CortexM3\ARM_GCC_541\Debug\Final_assignment_01.a(SPIM_1_INT.o)
 .debug_abbrev  0x00000928       0x90 .\CortexM3\ARM_GCC_541\Debug\Final_assignment_01.a(CS_1.o)
 .debug_abbrev  0x000009b8      0x139 .\CortexM3\ARM_GCC_541\Debug\Final_assignment_01.a(SPIM_1_IntClock.o)
 .debug_abbrev  0x00000af1      0x254 .\CortexM3\ARM_GCC_541\Debug\Final_assignment_01.a(CyLib.o)
 .debug_abbrev  0x00000d45      0x1ab .\CortexM3\ARM_GCC_541\Debug\Final_assignment_01.a(cyPm.o)
 .debug_abbrev  0x00000ef0      0x175 .\CortexM3\ARM_GCC_541\Debug\Final_assignment_01.a(UART_1.o)
 .debug_abbrev  0x00001065      0x139 .\CortexM3\ARM_GCC_541\Debug\Final_assignment_01.a(UART_1_IntClock.o)
 .debug_abbrev  0x0000119e       0x14 .\CortexM3\ARM_GCC_541\Debug\Final_assignment_01.a(CyBootAsmGnu.o)
 .debug_abbrev  0x000011b2      0x1a7 .\CortexM3\ARM_GCC_541\Debug\Final_assignment_01.a(CyFlash.o)
 .debug_abbrev  0x00001359      0x194 .\CortexM3\ARM_GCC_541\Debug\Final_assignment_01.a(CySpc.o)

.debug_line     0x00000000     0x24b8
 *(.debug_line)
 .debug_line    0x00000000      0x206 .\CortexM3\ARM_GCC_541\Debug\main.o
 .debug_line    0x00000206      0x1f4 .\CortexM3\ARM_GCC_541\Debug\SPI_Interface.o
 .debug_line    0x000003fa      0x163 .\CortexM3\ARM_GCC_541\Debug\LIS3DH_SPI.o
 .debug_line    0x0000055d      0x1f4 .\CortexM3\ARM_GCC_541\Debug\cyfitter_cfg.o
 .debug_line    0x00000751      0x141 .\CortexM3\ARM_GCC_541\Debug\cymetadata.o
 .debug_line    0x00000892      0x234 .\CortexM3\ARM_GCC_541\Debug\Cm3Start.o
 .debug_line    0x00000ac6      0x29e .\CortexM3\ARM_GCC_541\Debug\Final_assignment_01.a(SPIM_1.o)
 .debug_line    0x00000d64       0xaa .\CortexM3\ARM_GCC_541\Debug\Final_assignment_01.a(SPIM_1_INT.o)
 .debug_line    0x00000e0e       0x91 .\CortexM3\ARM_GCC_541\Debug\Final_assignment_01.a(CS_1.o)
 .debug_line    0x00000e9f      0x17e .\CortexM3\ARM_GCC_541\Debug\Final_assignment_01.a(SPIM_1_IntClock.o)
 .debug_line    0x0000101d      0x816 .\CortexM3\ARM_GCC_541\Debug\Final_assignment_01.a(CyLib.o)
 .debug_line    0x00001833      0x367 .\CortexM3\ARM_GCC_541\Debug\Final_assignment_01.a(cyPm.o)
 .debug_line    0x00001b9a      0x2c0 .\CortexM3\ARM_GCC_541\Debug\Final_assignment_01.a(UART_1.o)
 .debug_line    0x00001e5a      0x17e .\CortexM3\ARM_GCC_541\Debug\Final_assignment_01.a(UART_1_IntClock.o)
 .debug_line    0x00001fd8       0x66 .\CortexM3\ARM_GCC_541\Debug\Final_assignment_01.a(CyBootAsmGnu.o)
 .debug_line    0x0000203e      0x21a .\CortexM3\ARM_GCC_541\Debug\Final_assignment_01.a(CyFlash.o)
 .debug_line    0x00002258      0x260 .\CortexM3\ARM_GCC_541\Debug\Final_assignment_01.a(CySpc.o)

.debug_frame    0x00000000     0x19b0
 *(.debug_frame)
 .debug_frame   0x00000000       0x2c .\CortexM3\ARM_GCC_541\Debug\main.o
 .debug_frame   0x0000002c       0x88 .\CortexM3\ARM_GCC_541\Debug\SPI_Interface.o
 .debug_frame   0x000000b4       0x48 .\CortexM3\ARM_GCC_541\Debug\LIS3DH_SPI.o
 .debug_frame   0x000000fc       0xe4 .\CortexM3\ARM_GCC_541\Debug\cyfitter_cfg.o
 .debug_frame   0x000001e0       0xb8 .\CortexM3\ARM_GCC_541\Debug\Cm3Start.o
 .debug_frame   0x00000298      0x260 .\CortexM3\ARM_GCC_541\Debug\Final_assignment_01.a(SPIM_1.o)
 .debug_frame   0x000004f8       0x30 .\CortexM3\ARM_GCC_541\Debug\Final_assignment_01.a(SPIM_1_INT.o)
 .debug_frame   0x00000528       0x50 .\CortexM3\ARM_GCC_541\Debug\Final_assignment_01.a(CS_1.o)
 .debug_frame   0x00000578       0xe0 .\CortexM3\ARM_GCC_541\Debug\Final_assignment_01.a(SPIM_1_IntClock.o)
 .debug_frame   0x00000658      0x738 .\CortexM3\ARM_GCC_541\Debug\Final_assignment_01.a(CyLib.o)
 .debug_frame   0x00000d90      0x1f8 .\CortexM3\ARM_GCC_541\Debug\Final_assignment_01.a(cyPm.o)
 .debug_frame   0x00000f88      0x250 .\CortexM3\ARM_GCC_541\Debug\Final_assignment_01.a(UART_1.o)
 .debug_frame   0x000011d8       0xe0 .\CortexM3\ARM_GCC_541\Debug\Final_assignment_01.a(UART_1_IntClock.o)
 .debug_frame   0x000012b8      0x194 .\CortexM3\ARM_GCC_541\Debug\Final_assignment_01.a(CyFlash.o)
 .debug_frame   0x0000144c      0x180 .\CortexM3\ARM_GCC_541\Debug\Final_assignment_01.a(CySpc.o)
 .debug_frame   0x000015cc       0x20 c:/program files (x86)/cypress/psoc creator/4.3/psoc creator/import/gnu/arm/5.4.1/bin/../lib/gcc/arm-none-eabi/5.4.1/../../../../arm-none-eabi/lib/armv7-m\libg_nano.a(lib_a-errno.o)
 .debug_frame   0x000015ec       0x28 c:/program files (x86)/cypress/psoc creator/4.3/psoc creator/import/gnu/arm/5.4.1/bin/../lib/gcc/arm-none-eabi/5.4.1/../../../../arm-none-eabi/lib/armv7-m\libg_nano.a(lib_a-exit.o)
 .debug_frame   0x00001614       0x2c c:/program files (x86)/cypress/psoc creator/4.3/psoc creator/import/gnu/arm/5.4.1/bin/../lib/gcc/arm-none-eabi/5.4.1/../../../../arm-none-eabi/lib/armv7-m\libg_nano.a(lib_a-init.o)
 .debug_frame   0x00001640       0x28 c:/program files (x86)/cypress/psoc creator/4.3/psoc creator/import/gnu/arm/5.4.1/bin/../lib/gcc/arm-none-eabi/5.4.1/../../../../arm-none-eabi/lib/armv7-m\libg_nano.a(lib_a-memcpy-stub.o)
 .debug_frame   0x00001668       0x20 c:/program files (x86)/cypress/psoc creator/4.3/psoc creator/import/gnu/arm/5.4.1/bin/../lib/gcc/arm-none-eabi/5.4.1/../../../../arm-none-eabi/lib/armv7-m\libg_nano.a(lib_a-memset.o)
 .debug_frame   0x00001688       0x70 c:/program files (x86)/cypress/psoc creator/4.3/psoc creator/import/gnu/arm/5.4.1/bin/../lib/gcc/arm-none-eabi/5.4.1/../../../../arm-none-eabi/lib/armv7-m\libg_nano.a(lib_a-sprintf.o)
 .debug_frame   0x000016f8       0x90 c:/program files (x86)/cypress/psoc creator/4.3/psoc creator/import/gnu/arm/5.4.1/bin/../lib/gcc/arm-none-eabi/5.4.1/../../../../arm-none-eabi/lib/armv7-m\libg_nano.a(lib_a-nano-svfprintf.o)
 .debug_frame   0x00001788       0x60 c:/program files (x86)/cypress/psoc creator/4.3/psoc creator/import/gnu/arm/5.4.1/bin/../lib/gcc/arm-none-eabi/5.4.1/../../../../arm-none-eabi/lib/armv7-m\libg_nano.a(lib_a-nano-vfprintf_i.o)
 .debug_frame   0x000017e8       0x28 c:/program files (x86)/cypress/psoc creator/4.3/psoc creator/import/gnu/arm/5.4.1/bin/../lib/gcc/arm-none-eabi/5.4.1/../../../../arm-none-eabi/lib/armv7-m\libg_nano.a(lib_a-memchr-stub.o)
 .debug_frame   0x00001810       0x28 c:/program files (x86)/cypress/psoc creator/4.3/psoc creator/import/gnu/arm/5.4.1/bin/../lib/gcc/arm-none-eabi/5.4.1/../../../../arm-none-eabi/lib/armv7-m\libg_nano.a(lib_a-memmove.o)
 .debug_frame   0x00001838       0x38 c:/program files (x86)/cypress/psoc creator/4.3/psoc creator/import/gnu/arm/5.4.1/bin/../lib/gcc/arm-none-eabi/5.4.1/../../../../arm-none-eabi/lib/armv7-m\libg_nano.a(lib_a-nano-freer.o)
 .debug_frame   0x00001870       0x2c c:/program files (x86)/cypress/psoc creator/4.3/psoc creator/import/gnu/arm/5.4.1/bin/../lib/gcc/arm-none-eabi/5.4.1/../../../../arm-none-eabi/lib/armv7-m\libg_nano.a(lib_a-nano-mallocr.o)
 .debug_frame   0x0000189c       0x3c c:/program files (x86)/cypress/psoc creator/4.3/psoc creator/import/gnu/arm/5.4.1/bin/../lib/gcc/arm-none-eabi/5.4.1/../../../../arm-none-eabi/lib/armv7-m\libg_nano.a(lib_a-nano-reallocr.o)
 .debug_frame   0x000018d8       0x2c c:/program files (x86)/cypress/psoc creator/4.3/psoc creator/import/gnu/arm/5.4.1/bin/../lib/gcc/arm-none-eabi/5.4.1/../../../../arm-none-eabi/lib/armv7-m\libg_nano.a(lib_a-sbrkr.o)
 .debug_frame   0x00001904       0x30 c:/program files (x86)/cypress/psoc creator/4.3/psoc creator/import/gnu/arm/5.4.1/bin/../lib/gcc/arm-none-eabi/5.4.1/../../../../arm-none-eabi/lib/armv7-m\libg_nano.a(lib_a-mlock.o)
 .debug_frame   0x00001934       0x20 c:/program files (x86)/cypress/psoc creator/4.3/psoc creator/import/gnu/arm/5.4.1/bin/../lib/gcc/arm-none-eabi/5.4.1/../../../../arm-none-eabi/lib/armv7-m\libg_nano.a(lib_a-nano-msizer.o)
 .debug_frame   0x00001954       0x5c c:/program files (x86)/cypress/psoc creator/4.3/psoc creator/import/gnu/arm/5.4.1/bin/../lib/gcc/arm-none-eabi/5.4.1/../../../../arm-none-eabi/lib/armv7-m\libg_nano.a(lib_a-reent.o)

.debug_str      0x00000000     0x1da4
 *(.debug_str)
 .debug_str     0x00000000      0x1e0 .\CortexM3\ARM_GCC_541\Debug\main.o
                                0x230 (size before relaxing)
 .debug_str     0x000001e0      0x15a .\CortexM3\ARM_GCC_541\Debug\SPI_Interface.o
                                0x30b (size before relaxing)
 .debug_str     0x0000033a       0x38 .\CortexM3\ARM_GCC_541\Debug\LIS3DH_SPI.o
                                0x212 (size before relaxing)
 .debug_str     0x00000372      0x1b0 .\CortexM3\ARM_GCC_541\Debug\cyfitter_cfg.o
                                0x35c (size before relaxing)
 .debug_str     0x00000522       0x75 .\CortexM3\ARM_GCC_541\Debug\cymetadata.o
                                0x1fc (size before relaxing)
 .debug_str     0x00000597      0x144 .\CortexM3\ARM_GCC_541\Debug\Cm3Start.o
                                0x322 (size before relaxing)
 .debug_str     0x000006db      0x301 .\CortexM3\ARM_GCC_541\Debug\Final_assignment_01.a(SPIM_1.o)
                                0x542 (size before relaxing)
 .debug_str     0x000009dc       0x40 .\CortexM3\ARM_GCC_541\Debug\Final_assignment_01.a(SPIM_1_INT.o)
                                0x2ad (size before relaxing)
 .debug_str     0x00000a1c       0x5b .\CortexM3\ARM_GCC_541\Debug\Final_assignment_01.a(CS_1.o)
                                0x1f5 (size before relaxing)
 .debug_str     0x00000a77      0x19d .\CortexM3\ARM_GCC_541\Debug\Final_assignment_01.a(SPIM_1_IntClock.o)
                                0x366 (size before relaxing)
 .debug_str     0x00000c14      0x7ea .\CortexM3\ARM_GCC_541\Debug\Final_assignment_01.a(CyLib.o)
                                0xa5f (size before relaxing)
 .debug_str     0x000013fe      0x365 .\CortexM3\ARM_GCC_541\Debug\Final_assignment_01.a(cyPm.o)
                                0x74b (size before relaxing)
 .debug_str     0x00001763      0x295 .\CortexM3\ARM_GCC_541\Debug\Final_assignment_01.a(UART_1.o)
                                0x4cb (size before relaxing)
 .debug_str     0x000019f8      0x14c .\CortexM3\ARM_GCC_541\Debug\Final_assignment_01.a(UART_1_IntClock.o)
                                0x366 (size before relaxing)
 .debug_str     0x00001b44      0x1b4 .\CortexM3\ARM_GCC_541\Debug\Final_assignment_01.a(CyFlash.o)
                                0x3d8 (size before relaxing)
 .debug_str     0x00001cf8       0xac .\CortexM3\ARM_GCC_541\Debug\Final_assignment_01.a(CySpc.o)
                                0x350 (size before relaxing)

.debug_loc      0x00000000     0x23d6
 *(.debug_loc)
 .debug_loc     0x00000000       0x13 .\CortexM3\ARM_GCC_541\Debug\main.o
 .debug_loc     0x00000013      0x16c .\CortexM3\ARM_GCC_541\Debug\SPI_Interface.o
 .debug_loc     0x0000017f       0x6f .\CortexM3\ARM_GCC_541\Debug\LIS3DH_SPI.o
 .debug_loc     0x000001ee      0x289 .\CortexM3\ARM_GCC_541\Debug\cyfitter_cfg.o
 .debug_loc     0x00000477      0x144 .\CortexM3\ARM_GCC_541\Debug\Cm3Start.o
 .debug_loc     0x000005bb      0x20d .\CortexM3\ARM_GCC_541\Debug\Final_assignment_01.a(SPIM_1.o)
 .debug_loc     0x000007c8       0x74 .\CortexM3\ARM_GCC_541\Debug\Final_assignment_01.a(SPIM_1_INT.o)
 .debug_loc     0x0000083c       0x42 .\CortexM3\ARM_GCC_541\Debug\Final_assignment_01.a(CS_1.o)
 .debug_loc     0x0000087e      0x12c .\CortexM3\ARM_GCC_541\Debug\Final_assignment_01.a(SPIM_1_IntClock.o)
 .debug_loc     0x000009aa      0xa11 .\CortexM3\ARM_GCC_541\Debug\Final_assignment_01.a(CyLib.o)
 .debug_loc     0x000013bb      0x1e4 .\CortexM3\ARM_GCC_541\Debug\Final_assignment_01.a(cyPm.o)
 .debug_loc     0x0000159f      0x258 .\CortexM3\ARM_GCC_541\Debug\Final_assignment_01.a(UART_1.o)
 .debug_loc     0x000017f7      0x128 .\CortexM3\ARM_GCC_541\Debug\Final_assignment_01.a(UART_1_IntClock.o)
 .debug_loc     0x0000191f      0x3b2 .\CortexM3\ARM_GCC_541\Debug\Final_assignment_01.a(CyFlash.o)
 .debug_loc     0x00001cd1      0x705 .\CortexM3\ARM_GCC_541\Debug\Final_assignment_01.a(CySpc.o)

.debug_macinfo
 *(.debug_macinfo)

.debug_ranges   0x00000000      0x778
 *(.debug_ranges)
 .debug_ranges  0x00000000       0x10 .\CortexM3\ARM_GCC_541\Debug\main.o
 .debug_ranges  0x00000010       0x28 .\CortexM3\ARM_GCC_541\Debug\SPI_Interface.o
 .debug_ranges  0x00000038       0x18 .\CortexM3\ARM_GCC_541\Debug\LIS3DH_SPI.o
 .debug_ranges  0x00000050       0x48 .\CortexM3\ARM_GCC_541\Debug\cyfitter_cfg.o
 .debug_ranges  0x00000098       0x38 .\CortexM3\ARM_GCC_541\Debug\Cm3Start.o
 .debug_ranges  0x000000d0       0xc8 .\CortexM3\ARM_GCC_541\Debug\Final_assignment_01.a(SPIM_1.o)
 .debug_ranges  0x00000198       0x18 .\CortexM3\ARM_GCC_541\Debug\Final_assignment_01.a(SPIM_1_INT.o)
 .debug_ranges  0x000001b0       0x28 .\CortexM3\ARM_GCC_541\Debug\Final_assignment_01.a(CS_1.o)
 .debug_ranges  0x000001d8       0x60 .\CortexM3\ARM_GCC_541\Debug\Final_assignment_01.a(SPIM_1_IntClock.o)
 .debug_ranges  0x00000238      0x290 .\CortexM3\ARM_GCC_541\Debug\Final_assignment_01.a(CyLib.o)
 .debug_ranges  0x000004c8       0x88 .\CortexM3\ARM_GCC_541\Debug\Final_assignment_01.a(cyPm.o)
 .debug_ranges  0x00000550       0xe0 .\CortexM3\ARM_GCC_541\Debug\Final_assignment_01.a(UART_1.o)
 .debug_ranges  0x00000630       0x60 .\CortexM3\ARM_GCC_541\Debug\Final_assignment_01.a(UART_1_IntClock.o)
 .debug_ranges  0x00000690       0x78 .\CortexM3\ARM_GCC_541\Debug\Final_assignment_01.a(CyFlash.o)
 .debug_ranges  0x00000708       0x70 .\CortexM3\ARM_GCC_541\Debug\Final_assignment_01.a(CySpc.o)

.comment        0x00000000       0x6e
 .comment       0x00000000       0x6e .\CortexM3\ARM_GCC_541\Debug\main.o
                                 0x6f (size before relaxing)
 .comment       0x0000006e       0x6f .\CortexM3\ARM_GCC_541\Debug\SPI_Interface.o
 .comment       0x0000006e       0x6f .\CortexM3\ARM_GCC_541\Debug\LIS3DH_SPI.o
 .comment       0x0000006e       0x6f .\CortexM3\ARM_GCC_541\Debug\cyfitter_cfg.o
 .comment       0x0000006e       0x6f .\CortexM3\ARM_GCC_541\Debug\cymetadata.o
 .comment       0x0000006e       0x6f .\CortexM3\ARM_GCC_541\Debug\Cm3Start.o
 .comment       0x0000006e       0x6f .\CortexM3\ARM_GCC_541\Debug\Final_assignment_01.a(SPIM_1.o)
 .comment       0x0000006e       0x6f .\CortexM3\ARM_GCC_541\Debug\Final_assignment_01.a(SPIM_1_INT.o)
 .comment       0x0000006e       0x6f .\CortexM3\ARM_GCC_541\Debug\Final_assignment_01.a(CS_1.o)
 .comment       0x0000006e       0x6f .\CortexM3\ARM_GCC_541\Debug\Final_assignment_01.a(SPIM_1_IntClock.o)
 .comment       0x0000006e       0x6f .\CortexM3\ARM_GCC_541\Debug\Final_assignment_01.a(CyLib.o)
 .comment       0x0000006e       0x6f .\CortexM3\ARM_GCC_541\Debug\Final_assignment_01.a(cyPm.o)
 .comment       0x0000006e       0x6f .\CortexM3\ARM_GCC_541\Debug\Final_assignment_01.a(UART_1.o)
 .comment       0x0000006e       0x6f .\CortexM3\ARM_GCC_541\Debug\Final_assignment_01.a(UART_1_IntClock.o)
 .comment       0x0000006e       0x6f .\CortexM3\ARM_GCC_541\Debug\Final_assignment_01.a(CyFlash.o)
 .comment       0x0000006e       0x6f .\CortexM3\ARM_GCC_541\Debug\Final_assignment_01.a(CySpc.o)

.debug_weaknames
 *(.debug_weaknames)

.debug_funcnames
 *(.debug_funcnames)

.debug_typenames
 *(.debug_typenames)

.debug_varnames
 *(.debug_varnames)

.note.gnu.arm.ident
 *(.note.gnu.arm.ident)

.ARM.attributes
                0x00000000       0x29
 *(.ARM.attributes)
 .ARM.attributes
                0x00000000       0x1d c:/program files (x86)/cypress/psoc creator/4.3/psoc creator/import/gnu/arm/5.4.1/bin/../lib/gcc/arm-none-eabi/5.4.1/armv7-m/crti.o
 .ARM.attributes
                0x0000001d       0x2d c:/program files (x86)/cypress/psoc creator/4.3/psoc creator/import/gnu/arm/5.4.1/bin/../lib/gcc/arm-none-eabi/5.4.1/armv7-m/crtbegin.o
 .ARM.attributes
                0x0000004a       0x1b c:/program files (x86)/cypress/psoc creator/4.3/psoc creator/import/gnu/arm/5.4.1/bin/../lib/gcc/arm-none-eabi/5.4.1/../../../../arm-none-eabi/lib/armv7-m/crt0.o
 .ARM.attributes
                0x00000065       0x33 .\CortexM3\ARM_GCC_541\Debug\main.o
 .ARM.attributes
                0x00000098       0x33 .\CortexM3\ARM_GCC_541\Debug\SPI_Interface.o
 .ARM.attributes
                0x000000cb       0x33 .\CortexM3\ARM_GCC_541\Debug\LIS3DH_SPI.o
 .ARM.attributes
                0x000000fe       0x33 .\CortexM3\ARM_GCC_541\Debug\cyfitter_cfg.o
 .ARM.attributes
                0x00000131       0x33 .\CortexM3\ARM_GCC_541\Debug\cymetadata.o
 .ARM.attributes
                0x00000164       0x33 .\CortexM3\ARM_GCC_541\Debug\Cm3Start.o
 .ARM.attributes
                0x00000197       0x33 .\CortexM3\ARM_GCC_541\Debug\Final_assignment_01.a(SPIM_1.o)
 .ARM.attributes
                0x000001ca       0x33 .\CortexM3\ARM_GCC_541\Debug\Final_assignment_01.a(SPIM_1_INT.o)
 .ARM.attributes
                0x000001fd       0x33 .\CortexM3\ARM_GCC_541\Debug\Final_assignment_01.a(CS_1.o)
 .ARM.attributes
                0x00000230       0x33 .\CortexM3\ARM_GCC_541\Debug\Final_assignment_01.a(SPIM_1_IntClock.o)
 .ARM.attributes
                0x00000263       0x33 .\CortexM3\ARM_GCC_541\Debug\Final_assignment_01.a(CyLib.o)
 .ARM.attributes
                0x00000296       0x33 .\CortexM3\ARM_GCC_541\Debug\Final_assignment_01.a(cyPm.o)
 .ARM.attributes
                0x000002c9       0x33 .\CortexM3\ARM_GCC_541\Debug\Final_assignment_01.a(UART_1.o)
 .ARM.attributes
                0x000002fc       0x33 .\CortexM3\ARM_GCC_541\Debug\Final_assignment_01.a(UART_1_IntClock.o)
 .ARM.attributes
                0x0000032f       0x21 .\CortexM3\ARM_GCC_541\Debug\Final_assignment_01.a(CyBootAsmGnu.o)
 .ARM.attributes
                0x00000350       0x33 .\CortexM3\ARM_GCC_541\Debug\Final_assignment_01.a(CyFlash.o)
 .ARM.attributes
                0x00000383       0x33 .\CortexM3\ARM_GCC_541\Debug\Final_assignment_01.a(CySpc.o)
 .ARM.attributes
                0x000003b6       0x2d c:/program files (x86)/cypress/psoc creator/4.3/psoc creator/import/gnu/arm/5.4.1/bin/../lib/gcc/arm-none-eabi/5.4.1/../../../../arm-none-eabi/lib/armv7-m\libg_nano.a(lib_a-errno.o)
 .ARM.attributes
                0x000003e3       0x2d c:/program files (x86)/cypress/psoc creator/4.3/psoc creator/import/gnu/arm/5.4.1/bin/../lib/gcc/arm-none-eabi/5.4.1/../../../../arm-none-eabi/lib/armv7-m\libg_nano.a(lib_a-exit.o)
 .ARM.attributes
                0x00000410       0x2d c:/program files (x86)/cypress/psoc creator/4.3/psoc creator/import/gnu/arm/5.4.1/bin/../lib/gcc/arm-none-eabi/5.4.1/../../../../arm-none-eabi/lib/armv7-m\libg_nano.a(lib_a-impure.o)
 .ARM.attributes
                0x0000043d       0x2d c:/program files (x86)/cypress/psoc creator/4.3/psoc creator/import/gnu/arm/5.4.1/bin/../lib/gcc/arm-none-eabi/5.4.1/../../../../arm-none-eabi/lib/armv7-m\libg_nano.a(lib_a-init.o)
 .ARM.attributes
                0x0000046a       0x2d c:/program files (x86)/cypress/psoc creator/4.3/psoc creator/import/gnu/arm/5.4.1/bin/../lib/gcc/arm-none-eabi/5.4.1/../../../../arm-none-eabi/lib/armv7-m\libg_nano.a(lib_a-memcpy-stub.o)
 .ARM.attributes
                0x00000497       0x2d c:/program files (x86)/cypress/psoc creator/4.3/psoc creator/import/gnu/arm/5.4.1/bin/../lib/gcc/arm-none-eabi/5.4.1/../../../../arm-none-eabi/lib/armv7-m\libg_nano.a(lib_a-memset.o)
 .ARM.attributes
                0x000004c4       0x2d c:/program files (x86)/cypress/psoc creator/4.3/psoc creator/import/gnu/arm/5.4.1/bin/../lib/gcc/arm-none-eabi/5.4.1/../../../../arm-none-eabi/lib/armv7-m\libg_nano.a(lib_a-sprintf.o)
 .ARM.attributes
                0x000004f1       0x2d c:/program files (x86)/cypress/psoc creator/4.3/psoc creator/import/gnu/arm/5.4.1/bin/../lib/gcc/arm-none-eabi/5.4.1/../../../../arm-none-eabi/lib/armv7-m\libg_nano.a(lib_a-nano-svfprintf.o)
 .ARM.attributes
                0x0000051e       0x2d c:/program files (x86)/cypress/psoc creator/4.3/psoc creator/import/gnu/arm/5.4.1/bin/../lib/gcc/arm-none-eabi/5.4.1/../../../../arm-none-eabi/lib/armv7-m\libg_nano.a(lib_a-nano-vfprintf_i.o)
 .ARM.attributes
                0x0000054b       0x2d c:/program files (x86)/cypress/psoc creator/4.3/psoc creator/import/gnu/arm/5.4.1/bin/../lib/gcc/arm-none-eabi/5.4.1/../../../../arm-none-eabi/lib/armv7-m\libg_nano.a(lib_a-memchr-stub.o)
 .ARM.attributes
                0x00000578       0x2d c:/program files (x86)/cypress/psoc creator/4.3/psoc creator/import/gnu/arm/5.4.1/bin/../lib/gcc/arm-none-eabi/5.4.1/../../../../arm-none-eabi/lib/armv7-m\libg_nano.a(lib_a-memmove.o)
 .ARM.attributes
                0x000005a5       0x2d c:/program files (x86)/cypress/psoc creator/4.3/psoc creator/import/gnu/arm/5.4.1/bin/../lib/gcc/arm-none-eabi/5.4.1/../../../../arm-none-eabi/lib/armv7-m\libg_nano.a(lib_a-nano-freer.o)
 .ARM.attributes
                0x000005d2       0x2d c:/program files (x86)/cypress/psoc creator/4.3/psoc creator/import/gnu/arm/5.4.1/bin/../lib/gcc/arm-none-eabi/5.4.1/../../../../arm-none-eabi/lib/armv7-m\libg_nano.a(lib_a-nano-mallocr.o)
 .ARM.attributes
                0x000005ff       0x2d c:/program files (x86)/cypress/psoc creator/4.3/psoc creator/import/gnu/arm/5.4.1/bin/../lib/gcc/arm-none-eabi/5.4.1/../../../../arm-none-eabi/lib/armv7-m\libg_nano.a(lib_a-nano-reallocr.o)
 .ARM.attributes
                0x0000062c       0x2d c:/program files (x86)/cypress/psoc creator/4.3/psoc creator/import/gnu/arm/5.4.1/bin/../lib/gcc/arm-none-eabi/5.4.1/../../../../arm-none-eabi/lib/armv7-m\libg_nano.a(lib_a-sbrkr.o)
 .ARM.attributes
                0x00000659       0x2d c:/program files (x86)/cypress/psoc creator/4.3/psoc creator/import/gnu/arm/5.4.1/bin/../lib/gcc/arm-none-eabi/5.4.1/../../../../arm-none-eabi/lib/armv7-m\libg_nano.a(lib_a-mlock.o)
 .ARM.attributes
                0x00000686       0x2d c:/program files (x86)/cypress/psoc creator/4.3/psoc creator/import/gnu/arm/5.4.1/bin/../lib/gcc/arm-none-eabi/5.4.1/../../../../arm-none-eabi/lib/armv7-m\libg_nano.a(lib_a-nano-msizer.o)
 .ARM.attributes
                0x000006b3       0x2d c:/program files (x86)/cypress/psoc creator/4.3/psoc creator/import/gnu/arm/5.4.1/bin/../lib/gcc/arm-none-eabi/5.4.1/../../../../arm-none-eabi/lib/armv7-m\libg_nano.a(lib_a-reent.o)
 .ARM.attributes
                0x000006e0       0x2d c:/program files (x86)/cypress/psoc creator/4.3/psoc creator/import/gnu/arm/5.4.1/bin/../lib/gcc/arm-none-eabi/5.4.1/armv7-m/crtend.o
 .ARM.attributes
                0x0000070d       0x1d c:/program files (x86)/cypress/psoc creator/4.3/psoc creator/import/gnu/arm/5.4.1/bin/../lib/gcc/arm-none-eabi/5.4.1/armv7-m/crtn.o

/DISCARD/
 *(.note.GNU-stack)
OUTPUT(C:\Users\Lorenzo\Desktop\Final-Assignment-PSoC\Final_Assignment\Final_assignment_01.cydsn\CortexM3\ARM_GCC_541\Debug\Final_assignment_01.elf elf32-littlearm)
