Archive member included to satisfy reference by file (symbol)

.\CortexM3\ARM_GCC_541\Debug\Final_assignment_01.a(SPIM_1.o)
                              .\CortexM3\ARM_GCC_541\Debug\SPI_Interface.o (SPIM_1_ReadTxStatus)
.\CortexM3\ARM_GCC_541\Debug\Final_assignment_01.a(SPIM_1_INT.o)
                              .\CortexM3\ARM_GCC_541\Debug\Final_assignment_01.a(SPIM_1.o) (SPIM_1_TX_ISR)
.\CortexM3\ARM_GCC_541\Debug\Final_assignment_01.a(CS_1.o)
                              .\CortexM3\ARM_GCC_541\Debug\SPI_Interface.o (CS_1_Write)
.\CortexM3\ARM_GCC_541\Debug\Final_assignment_01.a(SPIM_1_IntClock.o)
                              .\CortexM3\ARM_GCC_541\Debug\Final_assignment_01.a(SPIM_1.o) (SPIM_1_IntClock_Start)
.\CortexM3\ARM_GCC_541\Debug\Final_assignment_01.a(CyLib.o)
                              .\CortexM3\ARM_GCC_541\Debug\Cm3Start.o (CyHalt)
.\CortexM3\ARM_GCC_541\Debug\Final_assignment_01.a(cyPm.o)
                              .\CortexM3\ARM_GCC_541\Debug\Final_assignment_01.a(CyLib.o) (CyPmReadStatus)
.\CortexM3\ARM_GCC_541\Debug\Final_assignment_01.a(UART_1.o)
                              .\CortexM3\ARM_GCC_541\Debug\main.o (UART_1_Start)
.\CortexM3\ARM_GCC_541\Debug\Final_assignment_01.a(UART_1_IntClock.o)
                              .\CortexM3\ARM_GCC_541\Debug\Final_assignment_01.a(UART_1.o) (UART_1_IntClock_Start)
.\CortexM3\ARM_GCC_541\Debug\Final_assignment_01.a(CyBootAsmGnu.o)
                              .\CortexM3\ARM_GCC_541\Debug\cyfitter_cfg.o (CyDelayCycles)
.\CortexM3\ARM_GCC_541\Debug\Final_assignment_01.a(CyFlash.o)
                              .\CortexM3\ARM_GCC_541\Debug\Final_assignment_01.a(cyPm.o) (CyFlash_SetWaitCycles)
.\CortexM3\ARM_GCC_541\Debug\Final_assignment_01.a(CySpc.o)
                              .\CortexM3\ARM_GCC_541\Debug\Final_assignment_01.a(CyFlash.o) (CySpcStart)
c:/program files (x86)/cypress/psoc creator/4.3/psoc creator/import/gnu/arm/5.4.1/bin/../lib/gcc/arm-none-eabi/5.4.1/../../../../arm-none-eabi/lib/armv7-m\libg_nano.a(lib_a-errno.o)
                              .\CortexM3\ARM_GCC_541\Debug\Cm3Start.o (__errno)
c:/program files (x86)/cypress/psoc creator/4.3/psoc creator/import/gnu/arm/5.4.1/bin/../lib/gcc/arm-none-eabi/5.4.1/../../../../arm-none-eabi/lib/armv7-m\libg_nano.a(lib_a-exit.o)
                              c:/program files (x86)/cypress/psoc creator/4.3/psoc creator/import/gnu/arm/5.4.1/bin/../lib/gcc/arm-none-eabi/5.4.1/../../../../arm-none-eabi/lib/armv7-m/crt0.o (exit)
c:/program files (x86)/cypress/psoc creator/4.3/psoc creator/import/gnu/arm/5.4.1/bin/../lib/gcc/arm-none-eabi/5.4.1/../../../../arm-none-eabi/lib/armv7-m\libg_nano.a(lib_a-impure.o)
                              c:/program files (x86)/cypress/psoc creator/4.3/psoc creator/import/gnu/arm/5.4.1/bin/../lib/gcc/arm-none-eabi/5.4.1/../../../../arm-none-eabi/lib/armv7-m\libg_nano.a(lib_a-exit.o) (_global_impure_ptr)
c:/program files (x86)/cypress/psoc creator/4.3/psoc creator/import/gnu/arm/5.4.1/bin/../lib/gcc/arm-none-eabi/5.4.1/../../../../arm-none-eabi/lib/armv7-m\libg_nano.a(lib_a-init.o)
                              c:/program files (x86)/cypress/psoc creator/4.3/psoc creator/import/gnu/arm/5.4.1/bin/../lib/gcc/arm-none-eabi/5.4.1/../../../../arm-none-eabi/lib/armv7-m/crt0.o (__libc_init_array)
c:/program files (x86)/cypress/psoc creator/4.3/psoc creator/import/gnu/arm/5.4.1/bin/../lib/gcc/arm-none-eabi/5.4.1/../../../../arm-none-eabi/lib/armv7-m\libg_nano.a(lib_a-memcpy-stub.o)
                              .\CortexM3\ARM_GCC_541\Debug\LIS3DH_SPI.o (memcpy)
c:/program files (x86)/cypress/psoc creator/4.3/psoc creator/import/gnu/arm/5.4.1/bin/../lib/gcc/arm-none-eabi/5.4.1/../../../../arm-none-eabi/lib/armv7-m\libg_nano.a(lib_a-memset.o)
                              c:/program files (x86)/cypress/psoc creator/4.3/psoc creator/import/gnu/arm/5.4.1/bin/../lib/gcc/arm-none-eabi/5.4.1/../../../../arm-none-eabi/lib/armv7-m/crt0.o (memset)
c:/program files (x86)/cypress/psoc creator/4.3/psoc creator/import/gnu/arm/5.4.1/bin/../lib/gcc/arm-none-eabi/5.4.1/../../../../arm-none-eabi/lib/armv7-m\libg_nano.a(lib_a-sprintf.o)
                              .\CortexM3\ARM_GCC_541\Debug\main.o (sprintf)
c:/program files (x86)/cypress/psoc creator/4.3/psoc creator/import/gnu/arm/5.4.1/bin/../lib/gcc/arm-none-eabi/5.4.1/../../../../arm-none-eabi/lib/armv7-m\libg_nano.a(lib_a-nano-svfprintf.o)
                              c:/program files (x86)/cypress/psoc creator/4.3/psoc creator/import/gnu/arm/5.4.1/bin/../lib/gcc/arm-none-eabi/5.4.1/../../../../arm-none-eabi/lib/armv7-m\libg_nano.a(lib_a-sprintf.o) (_svfprintf_r)
c:/program files (x86)/cypress/psoc creator/4.3/psoc creator/import/gnu/arm/5.4.1/bin/../lib/gcc/arm-none-eabi/5.4.1/../../../../arm-none-eabi/lib/armv7-m\libg_nano.a(lib_a-nano-vfprintf_i.o)
[...]
Memory Configuration

Name             Origin             Length             Attributes
rom              0x00000000         0x00040000         xr
ram              0x1fff8000         0x00010000         xrw
*default*        0x00000000         0xffffffff

Linker script and memory map

LOAD c:/program files (x86)/cypress/psoc creator/4.3/psoc creator/import/gnu/arm/5.4.1/bin/../lib/gcc/arm-none-eabi/5.4.1/armv7-m/crti.o
LOAD c:/program files (x86)/cypress/psoc creator/4.3/psoc creator/import/gnu/arm/5.4.1/bin/../lib/gcc/arm-none-eabi/5.4.1/armv7-m/crtbegin.o
LOAD c:/program files (x86)/cypress/psoc creator/4.3/psoc creator/import/gnu/arm/5.4.1/bin/../lib/gcc/arm-none-eabi/5.4.1/../../../../arm-none-eabi/lib/armv7-m/crt0.o
START GROUP
LOAD .\CortexM3\ARM_GCC_541\Debug\main.o
LOAD .\CortexM3\ARM_GCC_541\Debug\SPI_Interface.o
LOAD .\CortexM3\ARM_GCC_541\Debug\LIS3DH_SPI.o
LOAD .\CortexM3\ARM_GCC_541\Debug\cyfitter_cfg.o
LOAD .\CortexM3\ARM_GCC_541\Debug\cymetadata.o
LOAD .\CortexM3\ARM_GCC_541\Debug\Cm3Start.o
LOAD .\CortexM3\ARM_GCC_541\Debug\Final_assignment_01.a
LOAD C:\Program Files (x86)\Cypress\PSoC Creator\4.3\PSoC Creator\psoc\content\cycomponentlibrary\CyComponentLibrary.cylib\CortexM3\ARM_GCC_541\Debug\CyComponentLibrary.a
END GROUP
START GROUP
LOAD c:/program files (x86)/cypress/psoc creator/4.3/psoc creator/import/gnu/arm/5.4.1/bin/../lib/gcc/arm-none-eabi/5.4.1/armv7-m\libgcc.a
LOAD c:/program files (x86)/cypress/psoc creator/4.3/psoc creator/import/gnu/arm/5.4.1/bin/../lib/gcc/arm-none-eabi/5.4.1/../../../../arm-none-eabi/lib/armv7-m\libg_nano.a
LOAD c:/program files (x86)/cypress/psoc creator/4.3/psoc creator/import/gnu/arm/5.4.1/bin/../lib/gcc/arm-none-eabi/5.4.1/../../../../arm-none-eabi/lib/armv7-m\libc_nano.a
END GROUP
START GROUP
LOAD c:/program files (x86)/cypress/psoc creator/4.3/psoc creator/import/gnu/arm/5.4.1/bin/../lib/gcc/arm-none-eabi/5.4.1/armv7-m\libgcc.a
LOAD c:/program files (x86)/cypress/psoc creator/4.3/psoc creator/import/gnu/arm/5.4.1/bin/../lib/gcc/arm-none-eabi/5.4.1/../../../../arm-none-eabi/lib/armv7-m\libc_nano.a
END GROUP
LOAD c:/program files (x86)/cypress/psoc creator/4.3/psoc creator/import/gnu/arm/5.4.1/bin/../lib/gcc/arm-none-eabi/5.4.1/armv7-m/crtend.o
LOAD c:/program files (x86)/cypress/psoc creator/4.3/psoc creator/import/gnu/arm/5.4.1/bin/../lib/gcc/arm-none-eabi/5.4.1/armv7-m/crtn.o
START GROUP
LOAD c:/program files (x86)/cypress/psoc creator/4.3/psoc creator/import/gnu/arm/5.4.1/bin/../lib/gcc/arm-none-eabi/5.4.1/armv7-m\libgcc.a
LOAD c:/program files (x86)/cypress/psoc creator/4.3/psoc creator/import/gnu/arm/5.4.1/bin/../lib/gcc/arm-none-eabi/5.4.1/../../../../arm-none-eabi/lib/armv7-m\libc.a
LOAD c:/program files (x86)/cypress/psoc creator/4.3/psoc creator/import/gnu/arm/5.4.1/bin/../lib/gcc/arm-none-eabi/5.4.1/../../../../arm-none-eabi/lib/armv7-m\libnosys.a
END GROUP
                0x00000000                CY_APPL_ORIGIN = 0x0
                0x00000100                CY_FLASH_ROW_SIZE = 0x100
                0x00000020                CY_ECC_ROW_SIZE = 0x20
                0x00000000                CY_EE_IN_BTLDR = 0x0
                0x00000000                CY_APPL_LOADABLE = 0x0
                0x00000800                CY_EE_SIZE = 0x800
                0x00000001                CY_APPL_NUM = 0x1
                0x00000001                CY_APPL_MAX = 0x1
                0x00000040                CY_METADATA_SIZE = 0x40
                0x00000000                CY_APPL_LOADABLE = 0x0
                0x00000000                CY_CHECKSUM_EXCLUDE_SIZE = ALIGN (0x0, CY_FLASH_ROW_SIZE)
                [!provide]                PROVIDE (__cy_heap_start, _end)
                0x00000001                PROVIDE (__cy_region_num, ((__cy_regions_end - __cy_regions) / 0x10))
                0x20008000                PROVIDE (__cy_stack, (ORIGIN (ram) + LENGTH (ram)))
                [!provide]                PROVIDE (__cy_heap_end, (__cy_stack - 0x800))

.cybootloader   0x00000000        0x0
 *(.cybootloader)
                0x00000000                appl1_start = CY_APPL_ORIGIN?CY_APPL_ORIGIN:ALIGN (CY_FLASH_ROW_SIZE)
                0x0001ff00                appl2_start = (appl1_start + ALIGN ((((LENGTH (rom) - appl1_start) - (0x2 * CY_FLASH_ROW_SIZE)) / 0x2), CY_FLASH_ROW_SIZE))
                0x00000000                appl_start = (CY_APPL_NUM == 0x1)?appl1_start:appl2_start
                0x00000000                ecc_offset = ((appl_start / CY_FLASH_ROW_SIZE) * CY_ECC_ROW_SIZE)
                0x00000000                ee_offset = (CY_APPL_LOADABLE && ! (CY_EE_IN_BTLDR))?((CY_EE_SIZE / CY_APPL_MAX) * (CY_APPL_NUM - 0x1)):0x0
                0x00000800                ee_size = (CY_APPL_LOADABLE && ! (CY_EE_IN_BTLDR))?(CY_EE_SIZE / CY_APPL_MAX):CY_EE_SIZE
                [!provide]                PROVIDE (CY_ECC_OFFSET, ecc_offset)

.text           0x00000000     0x1550
 CREATE_OBJECT_SYMBOLS
                0x00000000                PROVIDE (__cy_interrupt_vector, RomVectors)
 *(.romvectors)
 .romvectors    0x00000000       0x10 .\CortexM3\ARM_GCC_541\Debug\Cm3Start.o
                0x00000000                RomVectors
                0x00000001                ASSERT ((. != __cy_interrupt_vector), No interrupt vector)
                0x00000001                ASSERT (CY_APPL_ORIGIN?(SIZEOF (.cybootloader) <= CY_APPL_ORIGIN):0x1, Wrong image location)
                0x00000010                PROVIDE (__cy_reset, Reset)
 *(.text.Reset)
 .text.Reset    0x00000010       0x18 .\CortexM3\ARM_GCC_541\Debug\Cm3Start.o
                0x00000010                Reset
                0x00000001                ASSERT ((. != __cy_reset), No reset code)
 *(.dma_init)
                0x00000001                ASSERT ((((appl_start + .) <= 0x10000) || 0x1), DMA Init must be within the first 64k of flash)
 *(.text .text.* .gnu.linkonce.t.*)
 .text          0x00000028       0x5c c:/program files (x86)/cypress/psoc creator/4.3/psoc creator/import/gnu/arm/5.4.1/bin/../lib/gcc/arm-none-eabi/5.4.1/armv7-m/crtbegin.o
 .text.main     0x00000084       0xf8 .\CortexM3\ARM_GCC_541\Debug\main.o
                0x00000084                main
 .text.SPI_Interface_Multi_RW
                0x0000017c       0xb8 .\CortexM3\ARM_GCC_541\Debug\SPI_Interface.o
                0x0000017c                SPI_Interface_Multi_RW
 .text.LIS3DH_readByte
                0x00000234       0x2c .\CortexM3\ARM_GCC_541\Debug\LIS3DH_SPI.o
                0x00000234                LIS3DH_readByte
 .text.LIS3DH_writeByte
                0x00000260       0x28 .\CortexM3\ARM_GCC_541\Debug\LIS3DH_SPI.o
                0x00000260                LIS3DH_writeByte
 .text.LIS3DH_readPage
                0x00000288       0x20 .\CortexM3\ARM_GCC_541\Debug\LIS3DH_SPI.o
                0x00000288                LIS3DH_readPage
 .text.CyClockStartupError
                0x000002a8        0x4 .\CortexM3\ARM_GCC_541\Debug\cyfitter_cfg.o
 .text.cfg_write_bytes32
                0x000002ac       0x34 .\CortexM3\ARM_GCC_541\Debug\cyfitter_cfg.o
 .text.AnalogSetDefault
                0x000002e0       0x28 .\CortexM3\ARM_GCC_541\Debug\cyfitter_cfg.o
 .text.CYMEMZERO
                0x00000308        0xc .\CortexM3\ARM_GCC_541\Debug\cyfitter_cfg.o
 .text.ClockSetup
                0x00000314       0xc8 .\CortexM3\ARM_GCC_541\Debug\cyfitter_cfg.o
 .text.CYCONFIGCPY
                0x000003dc        0x8 .\CortexM3\ARM_GCC_541\Debug\cyfitter_cfg.o
 .text.cyfitter_cfg
                0x000003e4      0x100 .\CortexM3\ARM_GCC_541\Debug\cyfitter_cfg.o
                0x000003e4                cyfitter_cfg
 .text.IntDefaultHandler
                0x000004e4       0x10 .\CortexM3\ARM_GCC_541\Debug\Cm3Start.o
                0x000004e4                IntDefaultHandler
 .text._sbrk    0x000004f4       0x30 .\CortexM3\ARM_GCC_541\Debug\Cm3Start.o
                0x000004f4                _sbrk
 .text.Start_c  0x00000524       0x4c .\CortexM3\ARM_GCC_541\Debug\Cm3Start.o
                0x00000524                Start_c
 .text.initialize_psoc
                0x00000570       0x68 .\CortexM3\ARM_GCC_541\Debug\Cm3Start.o
                0x00000570                initialize_psoc
 .text.SPIM_1_EnableTxInt
                0x000005d8        0xc .\CortexM3\ARM_GCC_541\Debug\Final_assignment_01.a(SPIM_1.o)
                0x000005d8                SPIM_1_EnableTxInt
 .text.SPIM_1_EnableRxInt
                0x000005e4        0xc .\CortexM3\ARM_GCC_541\Debug\Final_assignment_01.a(SPIM_1.o)
                0x000005e4                SPIM_1_EnableRxInt
 .text.SPIM_1_Enable
                0x000005f0       0x40 .\CortexM3\ARM_GCC_541\Debug\Final_assignment_01.a(SPIM_1.o)
                0x000005f0                SPIM_1_Enable
 .text.SPIM_1_DisableTxInt
                0x00000630        0xc .\CortexM3\ARM_GCC_541\Debug\Final_assignment_01.a(SPIM_1.o)
                0x00000630                SPIM_1_DisableTxInt
 .text.SPIM_1_DisableRxInt
                0x0000063c        0xc .\CortexM3\ARM_GCC_541\Debug\Final_assignment_01.a(SPIM_1.o)
                0x0000063c                SPIM_1_DisableRxInt
 .text.SPIM_1_ReadTxStatus
                0x00000648       0x28 .\CortexM3\ARM_GCC_541\Debug\Final_assignment_01.a(SPIM_1.o)
                0x00000648                SPIM_1_ReadTxStatus
 .text.SPIM_1_ReadRxStatus
                0x00000670       0x28 .\CortexM3\ARM_GCC_541\Debug\Final_assignment_01.a(SPIM_1.o)
                0x00000670                SPIM_1_ReadRxStatus
 .text.SPIM_1_WriteTxData
                0x00000698       0xd4 .\CortexM3\ARM_GCC_541\Debug\Final_assignment_01.a(SPIM_1.o)
                0x00000698                SPIM_1_WriteTxData
 .text.SPIM_1_ReadRxData
                0x0000076c       0x64 .\CortexM3\ARM_GCC_541\Debug\Final_assignment_01.a(SPIM_1.o)
                0x0000076c                SPIM_1_ReadRxData
 .text.SPIM_1_ClearRxBuffer
                0x000007d0       0x40 .\CortexM3\ARM_GCC_541\Debug\Final_assignment_01.a(SPIM_1.o)
                0x000007d0                SPIM_1_ClearRxBuffer
 .text.SPIM_1_ClearTxBuffer
                0x00000810       0x54 .\CortexM3\ARM_GCC_541\Debug\Final_assignment_01.a(SPIM_1.o)
                0x00000810                SPIM_1_ClearTxBuffer
 .text.SPIM_1_PutArray
                0x00000864       0x20 .\CortexM3\ARM_GCC_541\Debug\Final_assignment_01.a(SPIM_1.o)
                0x00000864                SPIM_1_PutArray
 .text.SPIM_1_ClearFIFO
                0x00000884       0x3c .\CortexM3\ARM_GCC_541\Debug\Final_assignment_01.a(SPIM_1.o)
                0x00000884                SPIM_1_ClearFIFO
 .text.SPIM_1_Init
                0x000008c0       0x94 .\CortexM3\ARM_GCC_541\Debug\Final_assignment_01.a(SPIM_1.o)
                0x000008c0                SPIM_1_Init
 .text.SPIM_1_Start
                0x00000954       0x1c .\CortexM3\ARM_GCC_541\Debug\Final_assignment_01.a(SPIM_1.o)
                0x00000954                SPIM_1_Start
 .text.SPIM_1_TX_ISR
                0x00000970       0xa0 .\CortexM3\ARM_GCC_541\Debug\Final_assignment_01.a(SPIM_1_INT.o)
                0x00000970                SPIM_1_TX_ISR
 .text.SPIM_1_RX_ISR
                0x00000a10       0xa0 .\CortexM3\ARM_GCC_541\Debug\Final_assignment_01.a(SPIM_1_INT.o)
                0x00000a10                SPIM_1_RX_ISR
 .text.CS_1_Write
                0x00000ab0       0x18 .\CortexM3\ARM_GCC_541\Debug\Final_assignment_01.a(CS_1.o)
                0x00000ab0                CS_1_Write
 .text.SPIM_1_IntClock_Start
                0x00000ac8       0x1c .\CortexM3\ARM_GCC_541\Debug\Final_assignment_01.a(SPIM_1_IntClock.o)
                0x00000ac8                SPIM_1_IntClock_Start
 .text.CyHalt   0x00000ae4        0x4 .\CortexM3\ARM_GCC_541\Debug\Final_assignment_01.a(CyLib.o)
                0x00000ae4                CyHalt
 .text.CyDelay  0x00000ae8       0x2c .\CortexM3\ARM_GCC_541\Debug\Final_assignment_01.a(CyLib.o)
                0x00000ae8                CyDelay
 .text.CyIntSetVector
                0x00000b14       0x28 .\CortexM3\ARM_GCC_541\Debug\Final_assignment_01.a(CyLib.o)
                0x00000b14                CyIntSetVector
 .text.CyIntSetPriority
                0x00000b3c       0x30 .\CortexM3\ARM_GCC_541\Debug\Final_assignment_01.a(CyLib.o)
                0x00000b3c                CyIntSetPriority
 .text.UART_1_Init
                0x00000b6c       0x28 .\CortexM3\ARM_GCC_541\Debug\Final_assignment_01.a(UART_1.o)
                0x00000b6c                UART_1_Init
 .text.UART_1_Enable
                0x00000b94       0x38 .\CortexM3\ARM_GCC_541\Debug\Final_assignment_01.a(UART_1.o)
                0x00000b94                UART_1_Enable
 .text.UART_1_Start
                0x00000bcc       0x1c .\CortexM3\ARM_GCC_541\Debug\Final_assignment_01.a(UART_1.o)
                0x00000bcc                UART_1_Start
 .text.UART_1_PutChar
                0x00000be8       0x18 .\CortexM3\ARM_GCC_541\Debug\Final_assignment_01.a(UART_1.o)
                0x00000be8                UART_1_PutChar
 .text.UART_1_PutString
                0x00000c00       0x24 .\CortexM3\ARM_GCC_541\Debug\Final_assignment_01.a(UART_1.o)
                0x00000c00                UART_1_PutString
 .text.UART_1_PutArray
                0x00000c24       0x28 .\CortexM3\ARM_GCC_541\Debug\Final_assignment_01.a(UART_1.o)
                0x00000c24                UART_1_PutArray
 .text.UART_1_IntClock_Start
                0x00000c4c       0x1c .\CortexM3\ARM_GCC_541\Debug\Final_assignment_01.a(UART_1_IntClock.o)
                0x00000c4c                UART_1_IntClock_Start
 .text          0x00000c68       0x20 .\CortexM3\ARM_GCC_541\Debug\Final_assignment_01.a(CyBootAsmGnu.o)
                0x00000c68                CyDelayCycles
                0x00000c78                CyEnterCriticalSection
                0x00000c80                CyExitCriticalSection
 .text.__errno  0x00000c88        0xc c:/program files (x86)/cypress/psoc creator/4.3/psoc creator/import/gnu/arm/5.4.1/bin/../lib/gcc/arm-none-eabi/5.4.1/../../../../arm-none-eabi/lib/armv7-m\libg_nano.a(lib_a-errno.o)
                0x00000c88                __errno
 .text.__libc_init_array
                0x00000c94       0x4c c:/program files (x86)/cypress/psoc creator/4.3/psoc creator/import/gnu/arm/5.4.1/bin/../lib/gcc/arm-none-eabi/5.4.1/../../../../arm-none-eabi/lib/armv7-m\libg_nano.a(lib_a-init.o)
                0x00000c94                __libc_init_array
 .text.memcpy   0x00000ce0       0x16 c:/program files (x86)/cypress/psoc creator/4.3/psoc creator/import/gnu/arm/5.4.1/bin/../lib/gcc/arm-none-eabi/5.4.1/../../../../arm-none-eabi/lib/armv7-m\libg_nano.a(lib_a-memcpy-stub.o)
                0x00000ce0                memcpy
 .text.memset   0x00000cf6       0x10 c:/program files (x86)/cypress/psoc creator/4.3/psoc creator/import/gnu/arm/5.4.1/bin/../lib/gcc/arm-none-eabi/5.4.1/../../../../arm-none-eabi/lib/armv7-m\libg_nano.a(lib_a-memset.o)
                0x00000cf6                memset
 *fill*         0x00000d06        0x2 
 .text.sprintf  0x00000d08       0x48 c:/program files (x86)/cypress/psoc creator/4.3/psoc creator/import/gnu/arm/5.4.1/bin/../lib/gcc/arm-none-eabi/5.4.1/../../../../arm-none-eabi/lib/armv7-m\libg_nano.a(lib_a-sprintf.o)
                0x00000d08                siprintf
                0x00000d08                sprintf
 .text.__ssputs_r
                0x00000d50       0xb2 c:/program files (x86)/cypress/psoc creator/4.3/psoc creator/import/gnu/arm/5.4.1/bin/../lib/gcc/arm-none-eabi/5.4.1/../../../../arm-none-eabi/lib/armv7-m\libg_nano.a(lib_a-nano-svfprintf.o)
                0x00000d50                __ssputs_r
 *fill*         0x00000e02        0x2 
 .text._svfprintf_r
                0x00000e04      0x1e8 c:/program files (x86)/cypress/psoc creator/4.3/psoc creator/import/gnu/arm/5.4.1/bin/../lib/gcc/arm-none-eabi/5.4.1/../../../../arm-none-eabi/lib/armv7-m\libg_nano.a(lib_a-nano-svfprintf.o)
                0x00000e04                _svfiprintf_r
                0x00000e04                _svfprintf_r
 .text._printf_common
                0x00000fec       0xec c:/program files (x86)/cypress/psoc creator/4.3/psoc creator/import/gnu/arm/5.4.1/bin/../lib/gcc/arm-none-eabi/5.4.1/../../../../arm-none-eabi/lib/armv7-m\libg_nano.a(lib_a-nano-vfprintf_i.o)
                0x00000fec                _printf_common
 .text._printf_i
                0x000010d8      0x24c c:/program files (x86)/cypress/psoc creator/4.3/psoc creator/import/gnu/arm/5.4.1/bin/../lib/gcc/arm-none-eabi/5.4.1/../../../../arm-none-eabi/lib/armv7-m\libg_nano.a(lib_a-nano-vfprintf_i.o)
                0x000010d8                _printf_i
 .text.memchr   0x00001324       0x1c c:/program files (x86)/cypress/psoc creator/4.3/psoc creator/import/gnu/arm/5.4.1/bin/../lib/gcc/arm-none-eabi/5.4.1/../../../../arm-none-eabi/lib/armv7-m\libg_nano.a(lib_a-memchr-stub.o)
                0x00001324                memchr
 .text.memmove  0x00001340       0x36 c:/program files (x86)/cypress/psoc creator/4.3/psoc creator/import/gnu/arm/5.4.1/bin/../lib/gcc/arm-none-eabi/5.4.1/../../../../arm-none-eabi/lib/armv7-m\libg_nano.a(lib_a-memmove.o)
                0x00001340                memmove
 *fill*         0x00001376        0x2 
 .text._free_r  0x00001378       0x98 c:/program files (x86)/cypress/psoc creator/4.3/psoc creator/import/gnu/arm/5.4.1/bin/../lib/gcc/arm-none-eabi/5.4.1/../../../../arm-none-eabi/lib/armv7-m\libg_nano.a(lib_a-nano-freer.o)
                0x00001378                _free_r
 .text._malloc_r
                0x00001410       0xbc c:/program files (x86)/cypress/psoc creator/4.3/psoc creator/import/gnu/arm/5.4.1/bin/../lib/gcc/arm-none-eabi/5.4.1/../../../../arm-none-eabi/lib/armv7-m\libg_nano.a(lib_a-nano-mallocr.o)
                0x00001410                _malloc_r
 .text._realloc_r
                0x000014cc       0x4c c:/program files (x86)/cypress/psoc creator/4.3/psoc creator/import/gnu/arm/5.4.1/bin/../lib/gcc/arm-none-eabi/5.4.1/../../../../arm-none-eabi/lib/armv7-m\libg_nano.a(lib_a-nano-reallocr.o)
                0x000014cc                _realloc_r
 .text._sbrk_r  0x00001518       0x20 c:/program files (x86)/cypress/psoc creator/4.3/psoc creator/import/gnu/arm/5.4.1/bin/../lib/gcc/arm-none-eabi/5.4.1/../../../../arm-none-eabi/lib/armv7-m\libg_nano.a(lib_a-sbrkr.o)
                0x00001518                _sbrk_r
 .text.__malloc_lock
                0x00001538        0x2 c:/program files (x86)/cypress/psoc creator/4.3/psoc creator/import/gnu/arm/5.4.1/bin/../lib/gcc/arm-none-eabi/5.4.1/../../../../arm-none-eabi/lib/armv7-m\libg_nano.a(lib_a-mlock.o)
                0x00001538                __malloc_lock
 .text.__malloc_unlock
                0x0000153a        0x2 c:/program files (x86)/cypress/psoc creator/4.3/psoc creator/import/gnu/arm/5.4.1/bin/../lib/gcc/arm-none-eabi/5.4.1/../../../../arm-none-eabi/lib/armv7-m\libg_nano.a(lib_a-mlock.o)
                0x0000153a                __malloc_unlock
 .text._malloc_usable_size_r
                0x0000153c       0x14 c:/program files (x86)/cypress/psoc creator/4.3/psoc creator/import/gnu/arm/5.4.1/bin/../lib/gcc/arm-none-eabi/5.4.1/../../../../arm-none-eabi/lib/armv7-m\libg_nano.a(lib_a-nano-msizer.o)
                0x0000153c                _malloc_usable_size_r
 *(.plt)
 *(.gnu.warning)
 *(.glue_7t)
 .glue_7t       0x00001550        0x0 linker stubs
 *(.glue_7)
 .glue_7        0x00001550        0x0 linker stubs
 *(.vfp11_veneer)
 .vfp11_veneer  0x00001550        0x0 linker stubs
 *(.bootloader)
 *(.ARM.extab* .gnu.linkonce.armextab.*)
 *(.gcc_except_table)

.v4_bx          0x00001550        0x0
 .v4_bx         0x00001550        0x0 linker stubs

.iplt           0x00001550        0x0
 .iplt          0x00001550        0x0 c:/program files (x86)/cypress/psoc creator/4.3/psoc creator/import/gnu/arm/5.4.1/bin/../lib/gcc/arm-none-eabi/5.4.1/armv7-m/crtbegin.o

.eh_frame_hdr
 *(.eh_frame_hdr)

.eh_frame       0x00001550        0x4
 *(.eh_frame)
 .eh_frame      0x00001550        0x0 c:/program files (x86)/cypress/psoc creator/4.3/psoc creator/import/gnu/arm/5.4.1/bin/../lib/gcc/arm-none-eabi/5.4.1/armv7-m/crtbegin.o
 .eh_frame      0x00001550        0x4 c:/program files (x86)/cypress/psoc creator/4.3/psoc creator/import/gnu/arm/5.4.1/bin/../lib/gcc/arm-none-eabi/5.4.1/armv7-m/crtend.o
                [!provide]                PROVIDE (__exidx_start, .)

.ARM.exidx
 *(.ARM.exidx* .gnu.linkonce.armexidx.*)
                0x00001554                __exidx_end = .

.rodata         0x00001554      0x12c
 *(.rodata .rodata.* .gnu.linkonce.r.*)
 .rodata.str1.4
                0x00001554       0x70 .\CortexM3\ARM_GCC_541\Debug\main.o
 .rodata        0x000015c4       0x4c .\CortexM3\ARM_GCC_541\Debug\cyfitter_cfg.o
 .rodata.str1.1
                0x00001610        0x2 c:/program files (x86)/cypress/psoc creator/4.3/psoc creator/import/gnu/arm/5.4.1/bin/../lib/gcc/arm-none-eabi/5.4.1/../../../../arm-none-eabi/lib/armv7-m\libg_nano.a(lib_a-impure.o)
 .rodata.str1.1
                0x00001612       0x11 c:/program files (x86)/cypress/psoc creator/4.3/psoc creator/import/gnu/arm/5.4.1/bin/../lib/gcc/arm-none-eabi/5.4.1/../../../../arm-none-eabi/lib/armv7-m\libg_nano.a(lib_a-nano-svfprintf.o)
 .rodata.str1.1
                0x00001623       0x22 c:/program files (x86)/cypress/psoc creator/4.3/psoc creator/import/gnu/arm/5.4.1/bin/../lib/gcc/arm-none-eabi/5.4.1/../../../../arm-none-eabi/lib/armv7-m\libg_nano.a(lib_a-nano-vfprintf_i.o)
                0x00001648                . = ALIGN (0x4)
 *fill*         0x00001645        0x3 
 *(.init)
 .init          0x00001648        0x4 c:/program files (x86)/cypress/psoc creator/4.3/psoc creator/import/gnu/arm/5.4.1/bin/../lib/gcc/arm-none-eabi/5.4.1/armv7-m/crti.o
                0x00001648                _init
 .init          0x0000164c        0x8 c:/program files (x86)/cypress/psoc creator/4.3/psoc creator/import/gnu/arm/5.4.1/bin/../lib/gcc/arm-none-eabi/5.4.1/armv7-m/crtn.o
                0x00001654                . = ALIGN (0x4)
                0x00001654                __preinit_array_start = .
 *(.preinit_array)
                0x00001654                __preinit_array_end = .
                0x00001654                . = ALIGN (0x4)
                0x00001654                __init_array_start = .
 *(SORT(.init_array.*))
 *(.init_array)
 .init_array    0x00001654        0x4 c:/program files (x86)/cypress/psoc creator/4.3/psoc creator/import/gnu/arm/5.4.1/bin/../lib/gcc/arm-none-eabi/5.4.1/armv7-m/crtbegin.o
 .init_array    0x00001658        0x4 .\CortexM3\ARM_GCC_541\Debug\Cm3Start.o
                0x0000165c                __init_array_end = .
                0x0000165c                . = ALIGN (0x4)
 *(.fini)
 .fini          0x0000165c        0x4 c:/program files (x86)/cypress/psoc creator/4.3/psoc creator/import/gnu/arm/5.4.1/bin/../lib/gcc/arm-none-eabi/5.4.1/armv7-m/crti.o
                0x0000165c                _fini
 .fini          0x00001660        0x8 c:/program files (x86)/cypress/psoc creator/4.3/psoc creator/import/gnu/arm/5.4.1/bin/../lib/gcc/arm-none-eabi/5.4.1/armv7-m/crtn.o
                0x00001668                . = ALIGN (0x4)
                0x00001668                __fini_array_start = .
 *(.fini_array)
 .fini_array    0x00001668        0x4 c:/program files (x86)/cypress/psoc creator/4.3/psoc creator/import/gnu/arm/5.4.1/bin/../lib/gcc/arm-none-eabi/5.4.1/armv7-m/crtbegin.o
 *(SORT(.fini_array.*))
                0x0000166c                __fini_array_end = .
                0x0000166c                . = ALIGN (0x4)
 *crtbegin.o(.ctors)
 *(EXCLUDE_FILE(*crtend.o) .ctors)
 *(SORT(.ctors.*))
 *crtend.o(.ctors)
                0x0000166c                . = ALIGN (0x4)
 *crtbegin.o(.dtors)
 *(EXCLUDE_FILE(*crtend.o) .dtors)
 *(SORT(.dtors.*))
 *crtend.o(.dtors)
                0x0000166c                . = ALIGN (0x4)
                0x0000166c                __cy_regions = .
                0x0000166c        0x4 LONG 0x1680 __cy_region_init_ram
                0x00001670        0x4 LONG 0x1fff80c8 __cy_region_start_data
                0x00001674        0x4 LONG 0x80 __cy_region_init_size_ram
                0x00001678        0x4 LONG 0xb0 __cy_region_zero_size_ram
                0x0000167c                __cy_regions_end = .
                0x00001680                . = ALIGN (0x8)
 *fill*         0x0000167c        0x4 
                0x00001680                _etext = .

.cy_checksum_exclude
                0x00001680        0x0
 *(.cy_checksum_exclude)

.ramvectors     0x1fff8000       0xc0
                0x1fff8000                __cy_region_start_ram = .
 *(.ramvectors)
 .ramvectors    0x1fff8000       0xc0 .\CortexM3\ARM_GCC_541\Debug\Cm3Start.o
                0x1fff8000                CyRamVectors

.noinit         0x1fff80c0        0x1
 *(.noinit)
 .noinit        0x1fff80c0        0x1 .\CortexM3\ARM_GCC_541\Debug\Final_assignment_01.a(CyLib.o)
                0x1fff80c0                CyResetStatus

.data           0x1fff80c8       0x80 load address 0x00001680
                0x1fff80c8                __cy_region_start_data = .
 *(.jcr)
 .jcr           0x1fff80c8        0x0 c:/program files (x86)/cypress/psoc creator/4.3/psoc creator/import/gnu/arm/5.4.1/bin/../lib/gcc/arm-none-eabi/5.4.1/armv7-m/crtbegin.o
 .jcr           0x1fff80c8        0x4 c:/program files (x86)/cypress/psoc creator/4.3/psoc creator/import/gnu/arm/5.4.1/bin/../lib/gcc/arm-none-eabi/5.4.1/armv7-m/crtend.o
 *(.got.plt)
 *(.got)
 *(.shdata)
 *(.data .data.* .gnu.linkonce.d.*)
 .data          0x1fff80cc        0x4 .\CortexM3\ARM_GCC_541\Debug\Cm3Start.o
 .data          0x1fff80d0       0x10 .\CortexM3\ARM_GCC_541\Debug\Final_assignment_01.a(CyLib.o)
                0x1fff80d0                cydelay_32k_ms
                0x1fff80d4                cydelay_freq_khz
                0x1fff80d8                cydelay_freq_mhz
                0x1fff80dc                cydelay_freq_hz
 .data.impure_data
                0x1fff80e0       0x60 c:/program files (x86)/cypress/psoc creator/4.3/psoc creator/import/gnu/arm/5.4.1/bin/../lib/gcc/arm-none-eabi/5.4.1/../../../../arm-none-eabi/lib/armv7-m\libg_nano.a(lib_a-impure.o)
 .data._impure_ptr
                0x1fff8140        0x4 c:/program files (x86)/cypress/psoc creator/4.3/psoc creator/import/gnu/arm/5.4.1/bin/../lib/gcc/arm-none-eabi/5.4.1/../../../../arm-none-eabi/lib/armv7-m\libg_nano.a(lib_a-impure.o)
                0x1fff8140                _impure_ptr
                0x1fff8148                . = ALIGN (0x8)
 *fill*         0x1fff8144        0x4 
 *(.ram)
                0x1fff8148                _edata = .

.igot.plt       0x1fff8148        0x0 load address 0x00001700
 .igot.plt      0x1fff8148        0x0 c:/program files (x86)/cypress/psoc creator/4.3/psoc creator/import/gnu/arm/5.4.1/bin/../lib/gcc/arm-none-eabi/5.4.1/armv7-m/crtbegin.o

.bss            0x1fff8148       0xb0 load address 0x00001700
                0x1fff8148                PROVIDE (__bss_start__, .)
 *(.shbss)
 *(.bss .bss.* .gnu.linkonce.b.*)
 .bss           0x1fff8148       0x1c c:/program files (x86)/cypress/psoc creator/4.3/psoc creator/import/gnu/arm/5.4.1/bin/../lib/gcc/arm-none-eabi/5.4.1/armv7-m/crtbegin.o
 .bss           0x1fff8164        0x1 .\CortexM3\ARM_GCC_541\Debug\Final_assignment_01.a(SPIM_1.o)
                0x1fff8164                SPIM_1_initVar
 .bss           0x1fff8165        0x2 .\CortexM3\ARM_GCC_541\Debug\Final_assignment_01.a(UART_1.o)
                0x1fff8165                UART_1_initVar
 *fill*         0x1fff8167        0x1 
 .bss.__malloc_sbrk_start
                0x1fff8168        0x4 c:/program files (x86)/cypress/psoc creator/4.3/psoc creator/import/gnu/arm/5.4.1/bin/../lib/gcc/arm-none-eabi/5.4.1/../../../../arm-none-eabi/lib/armv7-m\libg_nano.a(lib_a-nano-mallocr.o)
                0x1fff8168                __malloc_sbrk_start
 .bss.__malloc_free_list
                0x1fff816c        0x4 c:/program files (x86)/cypress/psoc creator/4.3/psoc creator/import/gnu/arm/5.4.1/bin/../lib/gcc/arm-none-eabi/5.4.1/../../../../arm-none-eabi/lib/armv7-m\libg_nano.a(lib_a-nano-mallocr.o)
                0x1fff816c                __malloc_free_list
 *(COMMON)
 COMMON         0x1fff8170       0x64 .\CortexM3\ARM_GCC_541\Debug\main.o
                0x1fff8170                bufferUART
 COMMON         0x1fff81d4       0x1c .\CortexM3\ARM_GCC_541\Debug\Final_assignment_01.a(SPIM_1.o)
                0x1fff81d4                SPIM_1_swStatusTx
                0x1fff81d8                SPIM_1_txBuffer
                0x1fff81e0                SPIM_1_txBufferFull
                0x1fff81e1                SPIM_1_rxBufferWrite
                0x1fff81e2                SPIM_1_rxBufferFull
                0x1fff81e3                SPIM_1_rxBufferRead
                0x1fff81e4                SPIM_1_txBufferWrite
                0x1fff81e5                SPIM_1_swStatusRx
                0x1fff81e6                SPIM_1_txBufferRead
                0x1fff81e8                SPIM_1_rxBuffer
 COMMON         0x1fff81f0        0x4 c:/program files (x86)/cypress/psoc creator/4.3/psoc creator/import/gnu/arm/5.4.1/bin/../lib/gcc/arm-none-eabi/5.4.1/../../../../arm-none-eabi/lib/armv7-m\libg_nano.a(lib_a-reent.o)
                0x1fff81f0                errno
                0x1fff81f8                . = ALIGN (0x8)
 *fill*         0x1fff81f4        0x4 
 *(.ram.b)
                0x1fff81f8                _end = .
                0x1fff81f8                __end = .
                0x1fff81f8                PROVIDE (end, .)
                0x1fff81f8                PROVIDE (__bss_end__, .)
                0x00001680                __cy_region_init_ram = LOADADDR (.data)
                0x00000080                __cy_region_init_size_ram = (_edata - ADDR (.data))
                0x000000b0                __cy_region_zero_size_ram = (_end - _edata)

.heap           0x1fff81f8       0x80 load address 0x00001700
                0x1fff81f8                . = _end
                0x1fff8278                . = (. + 0x80)
 *fill*         0x1fff81f8       0x80 
                0x1fff8278                __cy_heap_limit = .

.stack          0x20007800      0x800
                0x20007800                __cy_stack_limit = .
                0x20008000                . = (. + 0x800)
 *fill*         0x20007800      0x800 
                0x00000001                ASSERT ((__cy_stack_limit >= __cy_heap_limit), region RAM overflowed with stack)
                0x00000000                cy_checksum_exclude_size = (CY_APPL_LOADABLE == 0x1)?SIZEOF (.cy_checksum_exclude):0x0
                0x00000001                ASSERT ((cy_checksum_exclude_size <= CY_CHECKSUM_EXCLUDE_SIZE), CY_BOOT: Section .cy_checksum_exclude size exceedes specified limit.)

.cyloadermeta
 *(.cyloadermeta)

.cyloadablemeta
 *(.cyloadablemeta)

.cyconfigecc    0x80000000      0x57c
 *(.cyconfigecc)
 .cyconfigecc   0x80000000      0x57c .\CortexM3\ARM_GCC_541\Debug\cymetadata.o
                0x80000000                cy_meta_configecc

.cycustnvl      0x90000000        0x4
 *(.cycustnvl)
 .cycustnvl     0x90000000        0x4 .\CortexM3\ARM_GCC_541\Debug\cymetadata.o
                0x90000000                cy_meta_custnvl

.cywolatch      0x90100000        0x4
 *(.cywolatch)
 .cywolatch     0x90100000        0x4 .\CortexM3\ARM_GCC_541\Debug\cymetadata.o
                0x90100000                cy_meta_wonvl

.cyeeprom       0x90200000        0x0
 *(.cyeeprom)
                0x00000001                ASSERT ((. <= ((0x90200000 + ee_offset) + ee_size)), .cyeeprom data will not fit in EEPROM)

.cyflashprotect
                0x90400000      0x100
 *(.cyflashprotect)
 .cyflashprotect
                0x90400000      0x100 .\CortexM3\ARM_GCC_541\Debug\cymetadata.o
                0x90400000                cy_meta_flashprotect

.cymeta         0x90500000        0xc
 *(.cymeta)
 .cymeta        0x90500000        0xc .\CortexM3\ARM_GCC_541\Debug\cymetadata.o
                0x90500000                cy_metadata

.rel.dyn        0x00001700        0x0 load address 0x9050000c
 .rel.iplt      0x00001700        0x0 c:/program files (x86)/cypress/psoc creator/4.3/psoc creator/import/gnu/arm/5.4.1/bin/../lib/gcc/arm-none-eabi/5.4.1/armv7-m/crtbegin.o

.stab
 *(.stab)

.stabstr
 *(.stabstr)

.debug
 *(.debug)

.line
 *(.line)

.debug_srcinfo
 *(.debug_srcinfo)

.debug_sfnames
 *(.debug_sfnames)

.debug_aranges  0x00000000      0x8b0
 *(.debug_aranges)
 .debug_aranges
                0x00000000       0x20 .\CortexM3\ARM_GCC_541\Debug\main.o
 .debug_aranges
                0x00000020       0x38 .\CortexM3\ARM_GCC_541\Debug\SPI_Interface.o
 .debug_aranges
                0x00000058       0x38 .\CortexM3\ARM_GCC_541\Debug\LIS3DH_SPI.o
 .debug_aranges
                0x00000090       0x58 .\CortexM3\ARM_GCC_541\Debug\cyfitter_cfg.o
 .debug_aranges
                0x000000e8       0x18 .\CortexM3\ARM_GCC_541\Debug\cymetadata.o
 .debug_aranges
                0x00000100       0x48 .\CortexM3\ARM_GCC_541\Debug\Cm3Start.o
 .debug_aranges
                0x00000148       0xd8 .\CortexM3\ARM_GCC_541\Debug\Final_assignment_01.a(SPIM_1.o)
 .debug_aranges
                0x00000220       0x28 .\CortexM3\ARM_GCC_541\Debug\Final_assignment_01.a(SPIM_1_INT.o)
 .debug_aranges
                0x00000248       0x38 .\CortexM3\ARM_GCC_541\Debug\Final_assignment_01.a(CS_1.o)
 .debug_aranges
                0x00000280       0x70 .\CortexM3\ARM_GCC_541\Debug\Final_assignment_01.a(SPIM_1_IntClock.o)
 .debug_aranges
                0x000002f0      0x2a0 .\CortexM3\ARM_GCC_541\Debug\Final_assignment_01.a(CyLib.o)
 .debug_aranges
                0x00000590       0x98 .\CortexM3\ARM_GCC_541\Debug\Final_assignment_01.a(cyPm.o)
 .debug_aranges
                0x00000628       0xf0 .\CortexM3\ARM_GCC_541\Debug\Final_assignment_01.a(UART_1.o)
 .debug_aranges
                0x00000718       0x70 .\CortexM3\ARM_GCC_541\Debug\Final_assignment_01.a(UART_1_IntClock.o)
 .debug_aranges
                0x00000788       0x20 .\CortexM3\ARM_GCC_541\Debug\Final_assignment_01.a(CyBootAsmGnu.o)
 .debug_aranges
                0x000007a8       0x88 .\CortexM3\ARM_GCC_541\Debug\Final_assignment_01.a(CyFlash.o)
 .debug_aranges
                0x00000830       0x80 .\CortexM3\ARM_GCC_541\Debug\Final_assignment_01.a(CySpc.o)

.debug_pubnames
 *(.debug_pubnames)

.debug_info     0x00000000     0x53a1
 *(.debug_info .gnu.linkonce.wi.*)
 .debug_info    0x00000000      0x3ba .\CortexM3\ARM_GCC_541\Debug\main.o
 .debug_info    0x000003ba      0x3d4 .\CortexM3\ARM_GCC_541\Debug\SPI_Interface.o
 .debug_info    0x0000078e      0x2f5 .\CortexM3\ARM_GCC_541\Debug\LIS3DH_SPI.o
 .debug_info    0x00000a83      0x583 .\CortexM3\ARM_GCC_541\Debug\cyfitter_cfg.o
 .debug_info    0x00001006      0x136 .\CortexM3\ARM_GCC_541\Debug\cymetadata.o
 .debug_info    0x0000113c      0x3bb .\CortexM3\ARM_GCC_541\Debug\Cm3Start.o
 .debug_info    0x000014f7      0x709 .\CortexM3\ARM_GCC_541\Debug\Final_assignment_01.a(SPIM_1.o)
 .debug_info    0x00001c00      0x18d .\CortexM3\ARM_GCC_541\Debug\Final_assignment_01.a(SPIM_1_INT.o)
 .debug_info    0x00001d8d      0x11f .\CortexM3\ARM_GCC_541\Debug\Final_assignment_01.a(CS_1.o)
 .debug_info    0x00001eac      0x283 .\CortexM3\ARM_GCC_541\Debug\Final_assignment_01.a(SPIM_1_IntClock.o)
 .debug_info    0x0000212f     0x1374 .\CortexM3\ARM_GCC_541\Debug\Final_assignment_01.a(CyLib.o)
 .debug_info    0x000034a3      0xa2a .\CortexM3\ARM_GCC_541\Debug\Final_assignment_01.a(cyPm.o)
 .debug_info    0x00003ecd      0x60c .\CortexM3\ARM_GCC_541\Debug\Final_assignment_01.a(UART_1.o)
 .debug_info    0x000044d9      0x283 .\CortexM3\ARM_GCC_541\Debug\Final_assignment_01.a(UART_1_IntClock.o)
 .debug_info    0x0000475c       0xa8 .\CortexM3\ARM_GCC_541\Debug\Final_assignment_01.a(CyBootAsmGnu.o)
 .debug_info    0x00004804      0x64d .\CortexM3\ARM_GCC_541\Debug\Final_assignment_01.a(CyFlash.o)
 .debug_info    0x00004e51      0x550 .\CortexM3\ARM_GCC_541\Debug\Final_assignment_01.a(CySpc.o)

.debug_abbrev   0x00000000     0x155e
 *(.debug_abbrev)
 .debug_abbrev  0x00000000      0x116 .\CortexM3\ARM_GCC_541\Debug\main.o
 .debug_abbrev  0x00000116      0x12b .\CortexM3\ARM_GCC_541\Debug\SPI_Interface.o
 .debug_abbrev  0x00000241      0x100 .\CortexM3\ARM_GCC_541\Debug\LIS3DH_SPI.o
 .debug_abbrev  0x00000341      0x20d .\CortexM3\ARM_GCC_541\Debug\cyfitter_cfg.o
 .debug_abbrev  0x0000054e       0x77 .\CortexM3\ARM_GCC_541\Debug\cymetadata.o
 .debug_abbrev  0x000005c5      0x1e8 .\CortexM3\ARM_GCC_541\Debug\Cm3Start.o
 .debug_abbrev  0x000007ad      0x162 .\CortexM3\ARM_GCC_541\Debug\Final_assignment_01.a(SPIM_1.o)
 .debug_abbrev  0x0000090f       0x8a .\CortexM3\ARM_GCC_541\Debug\Final_assignment_01.a(SPIM_1_INT.o)
 .debug_abbrev  0x00000999       0x90 .\CortexM3\ARM_GCC_541\Debug\Final_assignment_01.a(CS_1.o)
 .debug_abbrev  0x00000a29      0x139 .\CortexM3\ARM_GCC_541\Debug\Final_assignment_01.a(SPIM_1_IntClock.o)
 .debug_abbrev  0x00000b62      0x254 .\CortexM3\ARM_GCC_541\Debug\Final_assignment_01.a(CyLib.o)
 .debug_abbrev  0x00000db6      0x1ab .\CortexM3\ARM_GCC_541\Debug\Final_assignment_01.a(cyPm.o)
 .debug_abbrev  0x00000f61      0x175 .\CortexM3\ARM_GCC_541\Debug\Final_assignment_01.a(UART_1.o)
 .debug_abbrev  0x000010d6      0x139 .\CortexM3\ARM_GCC_541\Debug\Final_assignment_01.a(UART_1_IntClock.o)
 .debug_abbrev  0x0000120f       0x14 .\CortexM3\ARM_GCC_541\Debug\Final_assignment_01.a(CyBootAsmGnu.o)
 .debug_abbrev  0x00001223      0x1a7 .\CortexM3\ARM_GCC_541\Debug\Final_assignment_01.a(CyFlash.o)
 .debug_abbrev  0x000013ca      0x194 .\CortexM3\ARM_GCC_541\Debug\Final_assignment_01.a(CySpc.o)

.debug_line     0x00000000     0x252a
 *(.debug_line)
 .debug_line    0x00000000      0x22d .\CortexM3\ARM_GCC_541\Debug\main.o
 .debug_line    0x0000022d      0x1f4 .\CortexM3\ARM_GCC_541\Debug\SPI_Interface.o
 .debug_line    0x00000421      0x1ae .\CortexM3\ARM_GCC_541\Debug\LIS3DH_SPI.o
 .debug_line    0x000005cf      0x1f4 .\CortexM3\ARM_GCC_541\Debug\cyfitter_cfg.o
 .debug_line    0x000007c3      0x141 .\CortexM3\ARM_GCC_541\Debug\cymetadata.o
 .debug_line    0x00000904      0x234 .\CortexM3\ARM_GCC_541\Debug\Cm3Start.o
 .debug_line    0x00000b38      0x29e .\CortexM3\ARM_GCC_541\Debug\Final_assignment_01.a(SPIM_1.o)
 .debug_line    0x00000dd6       0xaa .\CortexM3\ARM_GCC_541\Debug\Final_assignment_01.a(SPIM_1_INT.o)
 .debug_line    0x00000e80       0x91 .\CortexM3\ARM_GCC_541\Debug\Final_assignment_01.a(CS_1.o)
 .debug_line    0x00000f11      0x17e .\CortexM3\ARM_GCC_541\Debug\Final_assignment_01.a(SPIM_1_IntClock.o)
 .debug_line    0x0000108f      0x816 .\CortexM3\ARM_GCC_541\Debug\Final_assignment_01.a(CyLib.o)
 .debug_line    0x000018a5      0x367 .\CortexM3\ARM_GCC_541\Debug\Final_assignment_01.a(cyPm.o)
 .debug_line    0x00001c0c      0x2c0 .\CortexM3\ARM_GCC_541\Debug\Final_assignment_01.a(UART_1.o)
 .debug_line    0x00001ecc      0x17e .\CortexM3\ARM_GCC_541\Debug\Final_assignment_01.a(UART_1_IntClock.o)
 .debug_line    0x0000204a       0x66 .\CortexM3\ARM_GCC_541\Debug\Final_assignment_01.a(CyBootAsmGnu.o)
 .debug_line    0x000020b0      0x21a .\CortexM3\ARM_GCC_541\Debug\Final_assignment_01.a(CyFlash.o)
 .debug_line    0x000022ca      0x260 .\CortexM3\ARM_GCC_541\Debug\Final_assignment_01.a(CySpc.o)

.debug_frame    0x00000000     0x1a00
 *(.debug_frame)
 .debug_frame   0x00000000       0x2c .\CortexM3\ARM_GCC_541\Debug\main.o
 .debug_frame   0x0000002c       0x88 .\CortexM3\ARM_GCC_541\Debug\SPI_Interface.o
 .debug_frame   0x000000b4       0x98 .\CortexM3\ARM_GCC_541\Debug\LIS3DH_SPI.o
 .debug_frame   0x0000014c       0xe4 .\CortexM3\ARM_GCC_541\Debug\cyfitter_cfg.o
 .debug_frame   0x00000230       0xb8 .\CortexM3\ARM_GCC_541\Debug\Cm3Start.o
 .debug_frame   0x000002e8      0x260 .\CortexM3\ARM_GCC_541\Debug\Final_assignment_01.a(SPIM_1.o)
 .debug_frame   0x00000548       0x30 .\CortexM3\ARM_GCC_541\Debug\Final_assignment_01.a(SPIM_1_INT.o)
 .debug_frame   0x00000578       0x50 .\CortexM3\ARM_GCC_541\Debug\Final_assignment_01.a(CS_1.o)
 .debug_frame   0x000005c8       0xe0 .\CortexM3\ARM_GCC_541\Debug\Final_assignment_01.a(SPIM_1_IntClock.o)
 .debug_frame   0x000006a8      0x738 .\CortexM3\ARM_GCC_541\Debug\Final_assignment_01.a(CyLib.o)
 .debug_frame   0x00000de0      0x1f8 .\CortexM3\ARM_GCC_541\Debug\Final_assignment_01.a(cyPm.o)
 .debug_frame   0x00000fd8      0x250 .\CortexM3\ARM_GCC_541\Debug\Final_assignment_01.a(UART_1.o)
 .debug_frame   0x00001228       0xe0 .\CortexM3\ARM_GCC_541\Debug\Final_assignment_01.a(UART_1_IntClock.o)
 .debug_frame   0x00001308      0x194 .\CortexM3\ARM_GCC_541\Debug\Final_assignment_01.a(CyFlash.o)
 .debug_frame   0x0000149c      0x180 .\CortexM3\ARM_GCC_541\Debug\Final_assignment_01.a(CySpc.o)
 .debug_frame   0x0000161c       0x20 c:/program files (x86)/cypress/psoc creator/4.3/psoc creator/import/gnu/arm/5.4.1/bin/../lib/gcc/arm-none-eabi/5.4.1/../../../../arm-none-eabi/lib/armv7-m\libg_nano.a(lib_a-errno.o)
 .debug_frame   0x0000163c       0x28 c:/program files (x86)/cypress/psoc creator/4.3/psoc creator/import/gnu/arm/5.4.1/bin/../lib/gcc/arm-none-eabi/5.4.1/../../../../arm-none-eabi/lib/armv7-m\libg_nano.a(lib_a-exit.o)
 .debug_frame   0x00001664       0x2c c:/program files (x86)/cypress/psoc creator/4.3/psoc creator/import/gnu/arm/5.4.1/bin/../lib/gcc/arm-none-eabi/5.4.1/../../../../arm-none-eabi/lib/armv7-m\libg_nano.a(lib_a-init.o)
 .debug_frame   0x00001690       0x28 c:/program files (x86)/cypress/psoc creator/4.3/psoc creator/import/gnu/arm/5.4.1/bin/../lib/gcc/arm-none-eabi/5.4.1/../../../../arm-none-eabi/lib/armv7-m\libg_nano.a(lib_a-memcpy-stub.o)
 .debug_frame   0x000016b8       0x20 c:/program files (x86)/cypress/psoc creator/4.3/psoc creator/import/gnu/arm/5.4.1/bin/../lib/gcc/arm-none-eabi/5.4.1/../../../../arm-none-eabi/lib/armv7-m\libg_nano.a(lib_a-memset.o)
 .debug_frame   0x000016d8       0x70 c:/program files (x86)/cypress/psoc creator/4.3/psoc creator/import/gnu/arm/5.4.1/bin/../lib/gcc/arm-none-eabi/5.4.1/../../../../arm-none-eabi/lib/armv7-m\libg_nano.a(lib_a-sprintf.o)
 .debug_frame   0x00001748       0x90 c:/program files (x86)/cypress/psoc creator/4.3/psoc creator/import/gnu/arm/5.4.1/bin/../lib/gcc/arm-none-eabi/5.4.1/../../../../arm-none-eabi/lib/armv7-m\libg_nano.a(lib_a-nano-svfprintf.o)
 .debug_frame   0x000017d8       0x60 c:/program files (x86)/cypress/psoc creator/4.3/psoc creator/import/gnu/arm/5.4.1/bin/../lib/gcc/arm-none-eabi/5.4.1/../../../../arm-none-eabi/lib/armv7-m\libg_nano.a(lib_a-nano-vfprintf_i.o)
 .debug_frame   0x00001838       0x28 c:/program files (x86)/cypress/psoc creator/4.3/psoc creator/import/gnu/arm/5.4.1/bin/../lib/gcc/arm-none-eabi/5.4.1/../../../../arm-none-eabi/lib/armv7-m\libg_nano.a(lib_a-memchr-stub.o)
 .debug_frame   0x00001860       0x28 c:/program files (x86)/cypress/psoc creator/4.3/psoc creator/import/gnu/arm/5.4.1/bin/../lib/gcc/arm-none-eabi/5.4.1/../../../../arm-none-eabi/lib/armv7-m\libg_nano.a(lib_a-memmove.o)
 .debug_frame   0x00001888       0x38 c:/program files (x86)/cypress/psoc creator/4.3/psoc creator/import/gnu/arm/5.4.1/bin/../lib/gcc/arm-none-eabi/5.4.1/../../../../arm-none-eabi/lib/armv7-m\libg_nano.a(lib_a-nano-freer.o)
 .debug_frame   0x000018c0       0x2c c:/program files (x86)/cypress/psoc creator/4.3/psoc creator/import/gnu/arm/5.4.1/bin/../lib/gcc/arm-none-eabi/5.4.1/../../../../arm-none-eabi/lib/armv7-m\libg_nano.a(lib_a-nano-mallocr.o)
 .debug_frame   0x000018ec       0x3c c:/program files (x86)/cypress/psoc creator/4.3/psoc creator/import/gnu/arm/5.4.1/bin/../lib/gcc/arm-none-eabi/5.4.1/../../../../arm-none-eabi/lib/armv7-m\libg_nano.a(lib_a-nano-reallocr.o)
 .debug_frame   0x00001928       0x2c c:/program files (x86)/cypress/psoc creator/4.3/psoc creator/import/gnu/arm/5.4.1/bin/../lib/gcc/arm-none-eabi/5.4.1/../../../../arm-none-eabi/lib/armv7-m\libg_nano.a(lib_a-sbrkr.o)
 .debug_frame   0x00001954       0x30 c:/program files (x86)/cypress/psoc creator/4.3/psoc creator/import/gnu/arm/5.4.1/bin/../lib/gcc/arm-none-eabi/5.4.1/../../../../arm-none-eabi/lib/armv7-m\libg_nano.a(lib_a-mlock.o)
 .debug_frame   0x00001984       0x20 c:/program files (x86)/cypress/psoc creator/4.3/psoc creator/import/gnu/arm/5.4.1/bin/../lib/gcc/arm-none-eabi/5.4.1/../../../../arm-none-eabi/lib/armv7-m\libg_nano.a(lib_a-nano-msizer.o)
 .debug_frame   0x000019a4       0x5c c:/program files (x86)/cypress/psoc creator/4.3/psoc creator/import/gnu/arm/5.4.1/bin/../lib/gcc/arm-none-eabi/5.4.1/../../../../arm-none-eabi/lib/armv7-m\libg_nano.a(lib_a-reent.o)

.debug_str      0x00000000     0x1e16
 *(.debug_str)
 .debug_str     0x00000000      0x26b .\CortexM3\ARM_GCC_541\Debug\main.o
                                0x2d0 (size before relaxing)
 .debug_str     0x0000026b      0x151 .\CortexM3\ARM_GCC_541\Debug\SPI_Interface.o
                                0x30b (size before relaxing)
 .debug_str     0x000003bc       0x49 .\CortexM3\ARM_GCC_541\Debug\LIS3DH_SPI.o
                                0x250 (size before relaxing)
 .debug_str     0x00000405      0x1a9 .\CortexM3\ARM_GCC_541\Debug\cyfitter_cfg.o
                                0x35c (size before relaxing)
 .debug_str     0x000005ae       0x75 .\CortexM3\ARM_GCC_541\Debug\cymetadata.o
                                0x1fc (size before relaxing)
 .debug_str     0x00000623      0x144 .\CortexM3\ARM_GCC_541\Debug\Cm3Start.o
                                0x322 (size before relaxing)
 .debug_str     0x00000767      0x301 .\CortexM3\ARM_GCC_541\Debug\Final_assignment_01.a(SPIM_1.o)
                                0x542 (size before relaxing)
 .debug_str     0x00000a68       0x40 .\CortexM3\ARM_GCC_541\Debug\Final_assignment_01.a(SPIM_1_INT.o)
                                0x2ad (size before relaxing)
 .debug_str     0x00000aa8       0x5b .\CortexM3\ARM_GCC_541\Debug\Final_assignment_01.a(CS_1.o)
                                0x1f5 (size before relaxing)
 .debug_str     0x00000b03      0x19d .\CortexM3\ARM_GCC_541\Debug\Final_assignment_01.a(SPIM_1_IntClock.o)
                                0x366 (size before relaxing)
 .debug_str     0x00000ca0      0x7e0 .\CortexM3\ARM_GCC_541\Debug\Final_assignment_01.a(CyLib.o)
                                0xa5f (size before relaxing)
 .debug_str     0x00001480      0x365 .\CortexM3\ARM_GCC_541\Debug\Final_assignment_01.a(cyPm.o)
                                0x74b (size before relaxing)
 .debug_str     0x000017e5      0x285 .\CortexM3\ARM_GCC_541\Debug\Final_assignment_01.a(UART_1.o)
                                0x4cb (size before relaxing)
 .debug_str     0x00001a6a      0x14c .\CortexM3\ARM_GCC_541\Debug\Final_assignment_01.a(UART_1_IntClock.o)
                                0x366 (size before relaxing)
 .debug_str     0x00001bb6      0x1b4 .\CortexM3\ARM_GCC_541\Debug\Final_assignment_01.a(CyFlash.o)
                                0x3d8 (size before relaxing)
 .debug_str     0x00001d6a       0xac .\CortexM3\ARM_GCC_541\Debug\Final_assignment_01.a(CySpc.o)
                                0x350 (size before relaxing)

.debug_loc      0x00000000     0x25b1
 *(.debug_loc)
 .debug_loc     0x00000000       0xf7 .\CortexM3\ARM_GCC_541\Debug\main.o
 .debug_loc     0x000000f7      0x16c .\CortexM3\ARM_GCC_541\Debug\SPI_Interface.o
 .debug_loc     0x00000263      0x166 .\CortexM3\ARM_GCC_541\Debug\LIS3DH_SPI.o
 .debug_loc     0x000003c9      0x289 .\CortexM3\ARM_GCC_541\Debug\cyfitter_cfg.o
 .debug_loc     0x00000652      0x144 .\CortexM3\ARM_GCC_541\Debug\Cm3Start.o
 .debug_loc     0x00000796      0x20d .\CortexM3\ARM_GCC_541\Debug\Final_assignment_01.a(SPIM_1.o)
 .debug_loc     0x000009a3       0x74 .\CortexM3\ARM_GCC_541\Debug\Final_assignment_01.a(SPIM_1_INT.o)
 .debug_loc     0x00000a17       0x42 .\CortexM3\ARM_GCC_541\Debug\Final_assignment_01.a(CS_1.o)
 .debug_loc     0x00000a59      0x12c .\CortexM3\ARM_GCC_541\Debug\Final_assignment_01.a(SPIM_1_IntClock.o)
 .debug_loc     0x00000b85      0xa11 .\CortexM3\ARM_GCC_541\Debug\Final_assignment_01.a(CyLib.o)
 .debug_loc     0x00001596      0x1e4 .\CortexM3\ARM_GCC_541\Debug\Final_assignment_01.a(cyPm.o)
 .debug_loc     0x0000177a      0x258 .\CortexM3\ARM_GCC_541\Debug\Final_assignment_01.a(UART_1.o)
 .debug_loc     0x000019d2      0x128 .\CortexM3\ARM_GCC_541\Debug\Final_assignment_01.a(UART_1_IntClock.o)
 .debug_loc     0x00001afa      0x3b2 .\CortexM3\ARM_GCC_541\Debug\Final_assignment_01.a(CyFlash.o)
 .debug_loc     0x00001eac      0x705 .\CortexM3\ARM_GCC_541\Debug\Final_assignment_01.a(CySpc.o)

.debug_macinfo
 *(.debug_macinfo)

.debug_ranges   0x00000000      0x788
 *(.debug_ranges)
 .debug_ranges  0x00000000       0x10 .\CortexM3\ARM_GCC_541\Debug\main.o
 .debug_ranges  0x00000010       0x28 .\CortexM3\ARM_GCC_541\Debug\SPI_Interface.o
 .debug_ranges  0x00000038       0x28 .\CortexM3\ARM_GCC_541\Debug\LIS3DH_SPI.o
 .debug_ranges  0x00000060       0x48 .\CortexM3\ARM_GCC_541\Debug\cyfitter_cfg.o
 .debug_ranges  0x000000a8       0x38 .\CortexM3\ARM_GCC_541\Debug\Cm3Start.o
 .debug_ranges  0x000000e0       0xc8 .\CortexM3\ARM_GCC_541\Debug\Final_assignment_01.a(SPIM_1.o)
 .debug_ranges  0x000001a8       0x18 .\CortexM3\ARM_GCC_541\Debug\Final_assignment_01.a(SPIM_1_INT.o)
 .debug_ranges  0x000001c0       0x28 .\CortexM3\ARM_GCC_541\Debug\Final_assignment_01.a(CS_1.o)
 .debug_ranges  0x000001e8       0x60 .\CortexM3\ARM_GCC_541\Debug\Final_assignment_01.a(SPIM_1_IntClock.o)
 .debug_ranges  0x00000248      0x290 .\CortexM3\ARM_GCC_541\Debug\Final_assignment_01.a(CyLib.o)
 .debug_ranges  0x000004d8       0x88 .\CortexM3\ARM_GCC_541\Debug\Final_assignment_01.a(cyPm.o)
 .debug_ranges  0x00000560       0xe0 .\CortexM3\ARM_GCC_541\Debug\Final_assignment_01.a(UART_1.o)
 .debug_ranges  0x00000640       0x60 .\CortexM3\ARM_GCC_541\Debug\Final_assignment_01.a(UART_1_IntClock.o)
 .debug_ranges  0x000006a0       0x78 .\CortexM3\ARM_GCC_541\Debug\Final_assignment_01.a(CyFlash.o)
 .debug_ranges  0x00000718       0x70 .\CortexM3\ARM_GCC_541\Debug\Final_assignment_01.a(CySpc.o)

.comment        0x00000000       0x6e
 .comment       0x00000000       0x6e .\CortexM3\ARM_GCC_541\Debug\main.o
                                 0x6f (size before relaxing)
 .comment       0x0000006e       0x6f .\CortexM3\ARM_GCC_541\Debug\SPI_Interface.o
 .comment       0x0000006e       0x6f .\CortexM3\ARM_GCC_541\Debug\LIS3DH_SPI.o
 .comment       0x0000006e       0x6f .\CortexM3\ARM_GCC_541\Debug\cyfitter_cfg.o
 .comment       0x0000006e       0x6f .\CortexM3\ARM_GCC_541\Debug\cymetadata.o
 .comment       0x0000006e       0x6f .\CortexM3\ARM_GCC_541\Debug\Cm3Start.o
 .comment       0x0000006e       0x6f .\CortexM3\ARM_GCC_541\Debug\Final_assignment_01.a(SPIM_1.o)
 .comment       0x0000006e       0x6f .\CortexM3\ARM_GCC_541\Debug\Final_assignment_01.a(SPIM_1_INT.o)
 .comment       0x0000006e       0x6f .\CortexM3\ARM_GCC_541\Debug\Final_assignment_01.a(CS_1.o)
 .comment       0x0000006e       0x6f .\CortexM3\ARM_GCC_541\Debug\Final_assignment_01.a(SPIM_1_IntClock.o)
 .comment       0x0000006e       0x6f .\CortexM3\ARM_GCC_541\Debug\Final_assignment_01.a(CyLib.o)
 .comment       0x0000006e       0x6f .\CortexM3\ARM_GCC_541\Debug\Final_assignment_01.a(cyPm.o)
 .comment       0x0000006e       0x6f .\CortexM3\ARM_GCC_541\Debug\Final_assignment_01.a(UART_1.o)
 .comment       0x0000006e       0x6f .\CortexM3\ARM_GCC_541\Debug\Final_assignment_01.a(UART_1_IntClock.o)
 .comment       0x0000006e       0x6f .\CortexM3\ARM_GCC_541\Debug\Final_assignment_01.a(CyFlash.o)
 .comment       0x0000006e       0x6f .\CortexM3\ARM_GCC_541\Debug\Final_assignment_01.a(CySpc.o)

.debug_weaknames
 *(.debug_weaknames)

.debug_funcnames
 *(.debug_funcnames)

.debug_typenames
 *(.debug_typenames)

.debug_varnames
 *(.debug_varnames)

.note.gnu.arm.ident
 *(.note.gnu.arm.ident)

.ARM.attributes
                0x00000000       0x29
 *(.ARM.attributes)
 .ARM.attributes
                0x00000000       0x1d c:/program files (x86)/cypress/psoc creator/4.3/psoc creator/import/gnu/arm/5.4.1/bin/../lib/gcc/arm-none-eabi/5.4.1/armv7-m/crti.o
 .ARM.attributes
                0x0000001d       0x2d c:/program files (x86)/cypress/psoc creator/4.3/psoc creator/import/gnu/arm/5.4.1/bin/../lib/gcc/arm-none-eabi/5.4.1/armv7-m/crtbegin.o
 .ARM.attributes
                0x0000004a       0x1b c:/program files (x86)/cypress/psoc creator/4.3/psoc creator/import/gnu/arm/5.4.1/bin/../lib/gcc/arm-none-eabi/5.4.1/../../../../arm-none-eabi/lib/armv7-m/crt0.o
 .ARM.attributes
                0x00000065       0x33 .\CortexM3\ARM_GCC_541\Debug\main.o
 .ARM.attributes
                0x00000098       0x33 .\CortexM3\ARM_GCC_541\Debug\SPI_Interface.o
 .ARM.attributes
                0x000000cb       0x33 .\CortexM3\ARM_GCC_541\Debug\LIS3DH_SPI.o
 .ARM.attributes
                0x000000fe       0x33 .\CortexM3\ARM_GCC_541\Debug\cyfitter_cfg.o
 .ARM.attributes
                0x00000131       0x33 .\CortexM3\ARM_GCC_541\Debug\cymetadata.o
 .ARM.attributes
                0x00000164       0x33 .\CortexM3\ARM_GCC_541\Debug\Cm3Start.o
 .ARM.attributes
                0x00000197       0x33 .\CortexM3\ARM_GCC_541\Debug\Final_assignment_01.a(SPIM_1.o)
 .ARM.attributes
                0x000001ca       0x33 .\CortexM3\ARM_GCC_541\Debug\Final_assignment_01.a(SPIM_1_INT.o)
 .ARM.attributes
                0x000001fd       0x33 .\CortexM3\ARM_GCC_541\Debug\Final_assignment_01.a(CS_1.o)
 .ARM.attributes
                0x00000230       0x33 .\CortexM3\ARM_GCC_541\Debug\Final_assignment_01.a(SPIM_1_IntClock.o)
 .ARM.attributes
                0x00000263       0x33 .\CortexM3\ARM_GCC_541\Debug\Final_assignment_01.a(CyLib.o)
 .ARM.attributes
                0x00000296       0x33 .\CortexM3\ARM_GCC_541\Debug\Final_assignment_01.a(cyPm.o)
 .ARM.attributes
                0x000002c9       0x33 .\CortexM3\ARM_GCC_541\Debug\Final_assignment_01.a(UART_1.o)
 .ARM.attributes
                0x000002fc       0x33 .\CortexM3\ARM_GCC_541\Debug\Final_assignment_01.a(UART_1_IntClock.o)
 .ARM.attributes
                0x0000032f       0x21 .\CortexM3\ARM_GCC_541\Debug\Final_assignment_01.a(CyBootAsmGnu.o)
 .ARM.attributes
                0x00000350       0x33 .\CortexM3\ARM_GCC_541\Debug\Final_assignment_01.a(CyFlash.o)
 .ARM.attributes
                0x00000383       0x33 .\CortexM3\ARM_GCC_541\Debug\Final_assignment_01.a(CySpc.o)
 .ARM.attributes
                0x000003b6       0x2d c:/program files (x86)/cypress/psoc creator/4.3/psoc creator/import/gnu/arm/5.4.1/bin/../lib/gcc/arm-none-eabi/5.4.1/../../../../arm-none-eabi/lib/armv7-m\libg_nano.a(lib_a-errno.o)
 .ARM.attributes
                0x000003e3       0x2d c:/program files (x86)/cypress/psoc creator/4.3/psoc creator/import/gnu/arm/5.4.1/bin/../lib/gcc/arm-none-eabi/5.4.1/../../../../arm-none-eabi/lib/armv7-m\libg_nano.a(lib_a-exit.o)
 .ARM.attributes
                0x00000410       0x2d c:/program files (x86)/cypress/psoc creator/4.3/psoc creator/import/gnu/arm/5.4.1/bin/../lib/gcc/arm-none-eabi/5.4.1/../../../../arm-none-eabi/lib/armv7-m\libg_nano.a(lib_a-impure.o)
 .ARM.attributes
                0x0000043d       0x2d c:/program files (x86)/cypress/psoc creator/4.3/psoc creator/import/gnu/arm/5.4.1/bin/../lib/gcc/arm-none-eabi/5.4.1/../../../../arm-none-eabi/lib/armv7-m\libg_nano.a(lib_a-init.o)
 .ARM.attributes
                0x0000046a       0x2d c:/program files (x86)/cypress/psoc creator/4.3/psoc creator/import/gnu/arm/5.4.1/bin/../lib/gcc/arm-none-eabi/5.4.1/../../../../arm-none-eabi/lib/armv7-m\libg_nano.a(lib_a-memcpy-stub.o)
 .ARM.attributes
                0x00000497       0x2d c:/program files (x86)/cypress/psoc creator/4.3/psoc creator/import/gnu/arm/5.4.1/bin/../lib/gcc/arm-none-eabi/5.4.1/../../../../arm-none-eabi/lib/armv7-m\libg_nano.a(lib_a-memset.o)
 .ARM.attributes
                0x000004c4       0x2d c:/program files (x86)/cypress/psoc creator/4.3/psoc creator/import/gnu/arm/5.4.1/bin/../lib/gcc/arm-none-eabi/5.4.1/../../../../arm-none-eabi/lib/armv7-m\libg_nano.a(lib_a-sprintf.o)
 .ARM.attributes
                0x000004f1       0x2d c:/program files (x86)/cypress/psoc creator/4.3/psoc creator/import/gnu/arm/5.4.1/bin/../lib/gcc/arm-none-eabi/5.4.1/../../../../arm-none-eabi/lib/armv7-m\libg_nano.a(lib_a-nano-svfprintf.o)
 .ARM.attributes
                0x0000051e       0x2d c:/program files (x86)/cypress/psoc creator/4.3/psoc creator/import/gnu/arm/5.4.1/bin/../lib/gcc/arm-none-eabi/5.4.1/../../../../arm-none-eabi/lib/armv7-m\libg_nano.a(lib_a-nano-vfprintf_i.o)
 .ARM.attributes
                0x0000054b       0x2d c:/program files (x86)/cypress/psoc creator/4.3/psoc creator/import/gnu/arm/5.4.1/bin/../lib/gcc/arm-none-eabi/5.4.1/../../../../arm-none-eabi/lib/armv7-m\libg_nano.a(lib_a-memchr-stub.o)
 .ARM.attributes
                0x00000578       0x2d c:/program files (x86)/cypress/psoc creator/4.3/psoc creator/import/gnu/arm/5.4.1/bin/../lib/gcc/arm-none-eabi/5.4.1/../../../../arm-none-eabi/lib/armv7-m\libg_nano.a(lib_a-memmove.o)
 .ARM.attributes
                0x000005a5       0x2d c:/program files (x86)/cypress/psoc creator/4.3/psoc creator/import/gnu/arm/5.4.1/bin/../lib/gcc/arm-none-eabi/5.4.1/../../../../arm-none-eabi/lib/armv7-m\libg_nano.a(lib_a-nano-freer.o)
 .ARM.attributes
                0x000005d2       0x2d c:/program files (x86)/cypress/psoc creator/4.3/psoc creator/import/gnu/arm/5.4.1/bin/../lib/gcc/arm-none-eabi/5.4.1/../../../../arm-none-eabi/lib/armv7-m\libg_nano.a(lib_a-nano-mallocr.o)
 .ARM.attributes
                0x000005ff       0x2d c:/program files (x86)/cypress/psoc creator/4.3/psoc creator/import/gnu/arm/5.4.1/bin/../lib/gcc/arm-none-eabi/5.4.1/../../../../arm-none-eabi/lib/armv7-m\libg_nano.a(lib_a-nano-reallocr.o)
 .ARM.attributes
                0x0000062c       0x2d c:/program files (x86)/cypress/psoc creator/4.3/psoc creator/import/gnu/arm/5.4.1/bin/../lib/gcc/arm-none-eabi/5.4.1/../../../../arm-none-eabi/lib/armv7-m\libg_nano.a(lib_a-sbrkr.o)
 .ARM.attributes
                0x00000659       0x2d c:/program files (x86)/cypress/psoc creator/4.3/psoc creator/import/gnu/arm/5.4.1/bin/../lib/gcc/arm-none-eabi/5.4.1/../../../../arm-none-eabi/lib/armv7-m\libg_nano.a(lib_a-mlock.o)
 .ARM.attributes
                0x00000686       0x2d c:/program files (x86)/cypress/psoc creator/4.3/psoc creator/import/gnu/arm/5.4.1/bin/../lib/gcc/arm-none-eabi/5.4.1/../../../../arm-none-eabi/lib/armv7-m\libg_nano.a(lib_a-nano-msizer.o)
 .ARM.attributes
                0x000006b3       0x2d c:/program files (x86)/cypress/psoc creator/4.3/psoc creator/import/gnu/arm/5.4.1/bin/../lib/gcc/arm-none-eabi/5.4.1/../../../../arm-none-eabi/lib/armv7-m\libg_nano.a(lib_a-reent.o)
 .ARM.attributes
                0x000006e0       0x2d c:/program files (x86)/cypress/psoc creator/4.3/psoc creator/import/gnu/arm/5.4.1/bin/../lib/gcc/arm-none-eabi/5.4.1/armv7-m/crtend.o
 .ARM.attributes
                0x0000070d       0x1d c:/program files (x86)/cypress/psoc creator/4.3/psoc creator/import/gnu/arm/5.4.1/bin/../lib/gcc/arm-none-eabi/5.4.1/armv7-m/crtn.o

/DISCARD/
 *(.note.GNU-stack)
OUTPUT(C:\Users\Lorenzo\Desktop\Final-Assignment-PSoC\Final_Assignment\Final_assignment_01.cydsn\CortexM3\ARM_GCC_541\Debug\Final_assignment_01.elf elf32-littlearm)
