Archive member included to satisfy reference by file (symbol)

.\CortexM3\ARM_GCC_541\Debug\Final_assignment_01.a(SPIM_1.o)
                              .\CortexM3\ARM_GCC_541\Debug\main.o (SPIM_1_Stop)
.\CortexM3\ARM_GCC_541\Debug\Final_assignment_01.a(SPIM_1_INT.o)
                              .\CortexM3\ARM_GCC_541\Debug\Final_assignment_01.a(SPIM_1.o) (SPIM_1_TX_ISR)
.\CortexM3\ARM_GCC_541\Debug\Final_assignment_01.a(CS_1.o)
                              .\CortexM3\ARM_GCC_541\Debug\SPI_Interface.o (CS_1_Write)
.\CortexM3\ARM_GCC_541\Debug\Final_assignment_01.a(Pin_ISR.o)
                              .\CortexM3\ARM_GCC_541\Debug\InterruptRoutines.o (Pin_ISR_ClearInterrupt)
.\CortexM3\ARM_GCC_541\Debug\Final_assignment_01.a(isr_ACC.o)
                              .\CortexM3\ARM_GCC_541\Debug\main.o (isr_ACC_StartEx)
.\CortexM3\ARM_GCC_541\Debug\Final_assignment_01.a(SPIM_1_IntClock.o)
                              .\CortexM3\ARM_GCC_541\Debug\Final_assignment_01.a(SPIM_1.o) (SPIM_1_IntClock_Start)
.\CortexM3\ARM_GCC_541\Debug\Final_assignment_01.a(CyLib.o)
                              .\CortexM3\ARM_GCC_541\Debug\Cm3Start.o (CyHalt)
.\CortexM3\ARM_GCC_541\Debug\Final_assignment_01.a(cyPm.o)
                              .\CortexM3\ARM_GCC_541\Debug\Final_assignment_01.a(CyLib.o) (CyPmReadStatus)
.\CortexM3\ARM_GCC_541\Debug\Final_assignment_01.a(UART_1.o)
                              .\CortexM3\ARM_GCC_541\Debug\main.o (UART_1_Start)
.\CortexM3\ARM_GCC_541\Debug\Final_assignment_01.a(UART_1_IntClock.o)
                              .\CortexM3\ARM_GCC_541\Debug\Final_assignment_01.a(UART_1.o) (UART_1_IntClock_Start)
.\CortexM3\ARM_GCC_541\Debug\Final_assignment_01.a(PWM_RG.o)
                              .\CortexM3\ARM_GCC_541\Debug\RGBLedDriver.o (PWM_RG_Stop)
.\CortexM3\ARM_GCC_541\Debug\Final_assignment_01.a(PWM_B.o)
                              .\CortexM3\ARM_GCC_541\Debug\RGBLedDriver.o (PWM_B_Stop)
.\CortexM3\ARM_GCC_541\Debug\Final_assignment_01.a(CS_2.o)
                              .\CortexM3\ARM_GCC_541\Debug\SPI_Interface_EEPROM.o (CS_2_Write)
.\CortexM3\ARM_GCC_541\Debug\Final_assignment_01.a(SPIM_2.o)
                              .\CortexM3\ARM_GCC_541\Debug\main.o (SPIM_2_Stop)
.\CortexM3\ARM_GCC_541\Debug\Final_assignment_01.a(SPIM_2_INT.o)
                              .\CortexM3\ARM_GCC_541\Debug\Final_assignment_01.a(SPIM_2.o) (SPIM_2_TX_ISR)
.\CortexM3\ARM_GCC_541\Debug\Final_assignment_01.a(SPIM_2_IntClock.o)
                              .\CortexM3\ARM_GCC_541\Debug\Final_assignment_01.a(SPIM_2.o) (SPIM_2_IntClock_Start)
.\CortexM3\ARM_GCC_541\Debug\Final_assignment_01.a(isr_DEBOUNCER.o)
                              .\CortexM3\ARM_GCC_541\Debug\main.o (isr_DEBOUNCER_StartEx)
.\CortexM3\ARM_GCC_541\Debug\Final_assignment_01.a(Pin_Led_Blue.o)
                              .\CortexM3\ARM_GCC_541\Debug\InterruptRoutines.o (Pin_Led_Blue_Write)
.\CortexM3\ARM_GCC_541\Debug\Final_assignment_01.a(TIMER_button.o)
                              .\CortexM3\ARM_GCC_541\Debug\InterruptRoutines.o (TIMER_button_Stop)
.\CortexM3\ARM_GCC_541\Debug\Final_assignment_01.a(isr_TIMER.o)
                              .\CortexM3\ARM_GCC_541\Debug\main.o (isr_TIMER_StartEx)
.\CortexM3\ARM_GCC_541\Debug\Final_assignment_01.a(Timer_Blinking.o)
                              .\CortexM3\ARM_GCC_541\Debug\InterruptRoutines.o (Timer_Blinking_Stop)
.\CortexM3\ARM_GCC_541\Debug\Final_assignment_01.a(isr_BLINKING.o)
                              .\CortexM3\ARM_GCC_541\Debug\main.o (isr_BLINKING_StartEx)
.\CortexM3\ARM_GCC_541\Debug\Final_assignment_01.a(isr_positive.o)
                              .\CortexM3\ARM_GCC_541\Debug\main.o (isr_positive_StartEx)
.\CortexM3\ARM_GCC_541\Debug\Final_assignment_01.a(ADC_DelSig.o)
                              .\CortexM3\ARM_GCC_541\Debug\main.o (ADC_DelSig_Start)
.\CortexM3\ARM_GCC_541\Debug\Final_assignment_01.a(ADC_DelSig_INT.o)
                              .\CortexM3\ARM_GCC_541\Debug\Final_assignment_01.a(ADC_DelSig.o) (ADC_DelSig_ISR1)
.\CortexM3\ARM_GCC_541\Debug\Final_assignment_01.a(ADC_DelSig_AMux.o)
                              .\CortexM3\ARM_GCC_541\Debug\Final_assignment_01.a(ADC_DelSig.o) (ADC_DelSig_AMux_Select)
.\CortexM3\ARM_GCC_541\Debug\Final_assignment_01.a(ADC_DelSig_Ext_CP_Clk.o)
                              .\CortexM3\ARM_GCC_541\Debug\Final_assignment_01.a(ADC_DelSig.o) (ADC_DelSig_Ext_CP_Clk_SetModeRegister)
.\CortexM3\ARM_GCC_541\Debug\Final_assignment_01.a(ADC_DelSig_theACLK.o)
                              .\CortexM3\ARM_GCC_541\Debug\Final_assignment_01.a(ADC_DelSig.o) (ADC_DelSig_theACLK_SetModeRegister)
.\CortexM3\ARM_GCC_541\Debug\Final_assignment_01.a(Pin_RED_UARTVerboseFlag.o)
                              .\CortexM3\ARM_GCC_541\Debug\InterruptRoutines.o (Pin_RED_UARTVerboseFlag_Write)
.\CortexM3\ARM_GCC_541\Debug\Final_assignment_01.a(Pin_EnableDisable.o)
[...]
Memory Configuration

Name             Origin             Length             Attributes
rom              0x00000000         0x00040000         xr
ram              0x1fff8000         0x00010000         xrw
*default*        0x00000000         0xffffffff

Linker script and memory map

LOAD c:/program files (x86)/cypress/psoc creator/4.3/psoc creator/import/gnu/arm/5.4.1/bin/../lib/gcc/arm-none-eabi/5.4.1/armv7-m/crti.o
LOAD c:/program files (x86)/cypress/psoc creator/4.3/psoc creator/import/gnu/arm/5.4.1/bin/../lib/gcc/arm-none-eabi/5.4.1/armv7-m/crtbegin.o
LOAD c:/program files (x86)/cypress/psoc creator/4.3/psoc creator/import/gnu/arm/5.4.1/bin/../lib/gcc/arm-none-eabi/5.4.1/../../../../arm-none-eabi/lib/armv7-m/crt0.o
START GROUP
LOAD .\CortexM3\ARM_GCC_541\Debug\main.o
LOAD .\CortexM3\ARM_GCC_541\Debug\SPI_Interface.o
LOAD .\CortexM3\ARM_GCC_541\Debug\LIS3DH_SPI.o
LOAD .\CortexM3\ARM_GCC_541\Debug\InterruptRoutines.o
LOAD .\CortexM3\ARM_GCC_541\Debug\RGBLedDriver.o
LOAD .\CortexM3\ARM_GCC_541\Debug\25LC256.o
LOAD .\CortexM3\ARM_GCC_541\Debug\SPI_Interface_EEPROM.o
LOAD .\CortexM3\ARM_GCC_541\Debug\cyfitter_cfg.o
LOAD .\CortexM3\ARM_GCC_541\Debug\cymetadata.o
LOAD .\CortexM3\ARM_GCC_541\Debug\Cm3Start.o
LOAD .\CortexM3\ARM_GCC_541\Debug\Final_assignment_01.a
LOAD C:\Program Files (x86)\Cypress\PSoC Creator\4.3\PSoC Creator\psoc\content\cycomponentlibrary\CyComponentLibrary.cylib\CortexM3\ARM_GCC_541\Debug\CyComponentLibrary.a
END GROUP
START GROUP
LOAD c:/program files (x86)/cypress/psoc creator/4.3/psoc creator/import/gnu/arm/5.4.1/bin/../lib/gcc/arm-none-eabi/5.4.1/armv7-m\libgcc.a
LOAD c:/program files (x86)/cypress/psoc creator/4.3/psoc creator/import/gnu/arm/5.4.1/bin/../lib/gcc/arm-none-eabi/5.4.1/../../../../arm-none-eabi/lib/armv7-m\libg_nano.a
LOAD c:/program files (x86)/cypress/psoc creator/4.3/psoc creator/import/gnu/arm/5.4.1/bin/../lib/gcc/arm-none-eabi/5.4.1/../../../../arm-none-eabi/lib/armv7-m\libc_nano.a
END GROUP
START GROUP
LOAD c:/program files (x86)/cypress/psoc creator/4.3/psoc creator/import/gnu/arm/5.4.1/bin/../lib/gcc/arm-none-eabi/5.4.1/armv7-m\libgcc.a
LOAD c:/program files (x86)/cypress/psoc creator/4.3/psoc creator/import/gnu/arm/5.4.1/bin/../lib/gcc/arm-none-eabi/5.4.1/../../../../arm-none-eabi/lib/armv7-m\libc_nano.a
END GROUP
LOAD c:/program files (x86)/cypress/psoc creator/4.3/psoc creator/import/gnu/arm/5.4.1/bin/../lib/gcc/arm-none-eabi/5.4.1/armv7-m/crtend.o
LOAD c:/program files (x86)/cypress/psoc creator/4.3/psoc creator/import/gnu/arm/5.4.1/bin/../lib/gcc/arm-none-eabi/5.4.1/armv7-m/crtn.o
START GROUP
LOAD c:/program files (x86)/cypress/psoc creator/4.3/psoc creator/import/gnu/arm/5.4.1/bin/../lib/gcc/arm-none-eabi/5.4.1/armv7-m\libgcc.a
LOAD c:/program files (x86)/cypress/psoc creator/4.3/psoc creator/import/gnu/arm/5.4.1/bin/../lib/gcc/arm-none-eabi/5.4.1/../../../../arm-none-eabi/lib/armv7-m\libc.a
LOAD c:/program files (x86)/cypress/psoc creator/4.3/psoc creator/import/gnu/arm/5.4.1/bin/../lib/gcc/arm-none-eabi/5.4.1/../../../../arm-none-eabi/lib/armv7-m\libnosys.a
END GROUP
                0x00000000                CY_APPL_ORIGIN = 0x0
                0x00000100                CY_FLASH_ROW_SIZE = 0x100
                0x00000020                CY_ECC_ROW_SIZE = 0x20
                0x00000000                CY_EE_IN_BTLDR = 0x0
                0x00000000                CY_APPL_LOADABLE = 0x0
                0x00000800                CY_EE_SIZE = 0x800
                0x00000001                CY_APPL_NUM = 0x1
                0x00000001                CY_APPL_MAX = 0x1
                0x00000040                CY_METADATA_SIZE = 0x40
                0x00000000                CY_APPL_LOADABLE = 0x0
                0x00000000                CY_CHECKSUM_EXCLUDE_SIZE = ALIGN (0x0, CY_FLASH_ROW_SIZE)
                [!provide]                PROVIDE (__cy_heap_start, _end)
                0x00000001                PROVIDE (__cy_region_num, ((__cy_regions_end - __cy_regions) / 0x10))
                0x20008000                PROVIDE (__cy_stack, (ORIGIN (ram) + LENGTH (ram)))
                [!provide]                PROVIDE (__cy_heap_end, (__cy_stack - 0x800))

.cybootloader   0x00000000        0x0
 *(.cybootloader)
                0x00000000                appl1_start = CY_APPL_ORIGIN?CY_APPL_ORIGIN:ALIGN (CY_FLASH_ROW_SIZE)
                0x0001ff00                appl2_start = (appl1_start + ALIGN ((((LENGTH (rom) - appl1_start) - (0x2 * CY_FLASH_ROW_SIZE)) / 0x2), CY_FLASH_ROW_SIZE))
                0x00000000                appl_start = (CY_APPL_NUM == 0x1)?appl1_start:appl2_start
                0x00000000                ecc_offset = ((appl_start / CY_FLASH_ROW_SIZE) * CY_ECC_ROW_SIZE)
                0x00000000                ee_offset = (CY_APPL_LOADABLE && ! (CY_EE_IN_BTLDR))?((CY_EE_SIZE / CY_APPL_MAX) * (CY_APPL_NUM - 0x1)):0x0
                0x00000800                ee_size = (CY_APPL_LOADABLE && ! (CY_EE_IN_BTLDR))?(CY_EE_SIZE / CY_APPL_MAX):CY_EE_SIZE
                [!provide]                PROVIDE (CY_ECC_OFFSET, ecc_offset)

.text           0x00000000     0x3110
 CREATE_OBJECT_SYMBOLS
                0x00000000                PROVIDE (__cy_interrupt_vector, RomVectors)
 *(.romvectors)
 .romvectors    0x00000000       0x10 .\CortexM3\ARM_GCC_541\Debug\Cm3Start.o
                0x00000000                RomVectors
                0x00000001                ASSERT ((. != __cy_interrupt_vector), No interrupt vector)
                0x00000001                ASSERT (CY_APPL_ORIGIN?(SIZEOF (.cybootloader) <= CY_APPL_ORIGIN):0x1, Wrong image location)
                0x00000010                PROVIDE (__cy_reset, Reset)
 *(.text.Reset)
 .text.Reset    0x00000010       0x18 .\CortexM3\ARM_GCC_541\Debug\Cm3Start.o
                0x00000010                Reset
                0x00000001                ASSERT ((. != __cy_reset), No reset code)
 *(.dma_init)
                0x00000001                ASSERT ((((appl_start + .) <= 0x10000) || 0x1), DMA Init must be within the first 64k of flash)
 *(.text .text.* .gnu.linkonce.t.*)
 .text          0x00000028       0x5c c:/program files (x86)/cypress/psoc creator/4.3/psoc creator/import/gnu/arm/5.4.1/bin/../lib/gcc/arm-none-eabi/5.4.1/armv7-m/crtbegin.o
 .text.main     0x00000084      0x430 .\CortexM3\ARM_GCC_541\Debug\main.o
                0x00000084                main
 .text.SPI_Interface_Multi_RW
                0x000004b4       0xb8 .\CortexM3\ARM_GCC_541\Debug\SPI_Interface.o
                0x000004b4                SPI_Interface_Multi_RW
 .text.LIS3DH_readByte
                0x0000056c       0x2c .\CortexM3\ARM_GCC_541\Debug\LIS3DH_SPI.o
                0x0000056c                LIS3DH_readByte
 .text.LIS3DH_writeByte
                0x00000598       0x28 .\CortexM3\ARM_GCC_541\Debug\LIS3DH_SPI.o
                0x00000598                LIS3DH_writeByte
 .text.LIS3DH_readPage
                0x000005c0       0x20 .\CortexM3\ARM_GCC_541\Debug\LIS3DH_SPI.o
                0x000005c0                LIS3DH_readPage
 .text.Custom_Pin_ISR
                0x000005e0       0x14 .\CortexM3\ARM_GCC_541\Debug\InterruptRoutines.o
                0x000005e0                Custom_Pin_ISR
 .text.Custom_Pin_Button
                0x000005f4       0x18 .\CortexM3\ARM_GCC_541\Debug\InterruptRoutines.o
                0x000005f4                Custom_Pin_Button
 .text.Custom_Pin_Button_Positive
                0x0000060c      0x14c .\CortexM3\ARM_GCC_541\Debug\InterruptRoutines.o
                0x0000060c                Custom_Pin_Button_Positive
 .text.Custom_Timer_Button
                0x00000758       0x14 .\CortexM3\ARM_GCC_541\Debug\InterruptRoutines.o
                0x00000758                Custom_Timer_Button
 .text.Custom_LED_Blinking
                0x0000076c       0x84 .\CortexM3\ARM_GCC_541\Debug\InterruptRoutines.o
                0x0000076c                Custom_LED_Blinking
 .text.Custom_Pin_EnableDisable
                0x000007f0       0x14 .\CortexM3\ARM_GCC_541\Debug\InterruptRoutines.o
                0x000007f0                Custom_Pin_EnableDisable
 .text.RGBLed_WriteRed
                0x00000804        0x8 .\CortexM3\ARM_GCC_541\Debug\RGBLedDriver.o
 .text.RGBLed_WriteGreen
                0x0000080c        0x8 .\CortexM3\ARM_GCC_541\Debug\RGBLedDriver.o
 .text.RGBLed_WriteBlu
                0x00000814        0x8 .\CortexM3\ARM_GCC_541\Debug\RGBLedDriver.o
 .text.RGBLed_Start
                0x0000081c        0xc .\CortexM3\ARM_GCC_541\Debug\RGBLedDriver.o
                0x0000081c                RGBLed_Start
 .text.RGBLed_WriteColor
                0x00000828       0x18 .\CortexM3\ARM_GCC_541\Debug\RGBLedDriver.o
                0x00000828                RGBLed_WriteColor
 .text.EEPROM_readStatus
                0x00000840        0xc .\CortexM3\ARM_GCC_541\Debug\25LC256.o
                0x00000840                EEPROM_readStatus
 .text.EEPROM_writeEnable
                0x0000084c        0xc .\CortexM3\ARM_GCC_541\Debug\25LC256.o
                0x0000084c                EEPROM_writeEnable
 .text.EEPROM_writeByte
                0x00000858       0x38 .\CortexM3\ARM_GCC_541\Debug\25LC256.o
                0x00000858                EEPROM_writeByte
 .text.EEPROM_readPage
                0x00000890       0x24 .\CortexM3\ARM_GCC_541\Debug\25LC256.o
                0x00000890                EEPROM_readPage
 .text.EEPROM_writePage
                0x000008b4       0x5c .\CortexM3\ARM_GCC_541\Debug\25LC256.o
                0x000008b4                EEPROM_writePage
 .text.EEPROM_waitForWriteComplete
                0x00000910       0x10 .\CortexM3\ARM_GCC_541\Debug\25LC256.o
                0x00000910                EEPROM_waitForWriteComplete
 .text.SPI_Interface_EEPROM_tradeByte
                0x00000920       0x2c .\CortexM3\ARM_GCC_541\Debug\SPI_Interface_EEPROM.o
                0x00000920                SPI_Interface_EEPROM_tradeByte
 .text.SPI_Interface_EEPROM_ReadByte
                0x0000094c       0x34 .\CortexM3\ARM_GCC_541\Debug\SPI_Interface_EEPROM.o
                0x0000094c                SPI_Interface_EEPROM_ReadByte
 .text.SPI_Interface_EEPROM_Multi_RW
                0x00000980       0xb8 .\CortexM3\ARM_GCC_541\Debug\SPI_Interface_EEPROM.o
                0x00000980                SPI_Interface_EEPROM_Multi_RW
 .text.CyClockStartupError
                0x00000a38        0x4 .\CortexM3\ARM_GCC_541\Debug\cyfitter_cfg.o
 .text.cfg_write_bytes32
                0x00000a3c       0x34 .\CortexM3\ARM_GCC_541\Debug\cyfitter_cfg.o
 .text.AnalogSetDefault
                0x00000a70       0x40 .\CortexM3\ARM_GCC_541\Debug\cyfitter_cfg.o
 .text.CYMEMZERO
                0x00000ab0        0xc .\CortexM3\ARM_GCC_541\Debug\cyfitter_cfg.o
 .text.CYCONFIGCPY
                0x00000abc        0x8 .\CortexM3\ARM_GCC_541\Debug\cyfitter_cfg.o
 .text.ClockSetup
                0x00000ac4      0x138 .\CortexM3\ARM_GCC_541\Debug\cyfitter_cfg.o
 .text.ADC_DelSig_AMux_Set
                0x00000bfc       0x1c .\CortexM3\ARM_GCC_541\Debug\cyfitter_cfg.o
                0x00000bfc                ADC_DelSig_AMux_Set
 .text.ADC_DelSig_AMux_Unset
                0x00000c18       0x1c .\CortexM3\ARM_GCC_541\Debug\cyfitter_cfg.o
                0x00000c18                ADC_DelSig_AMux_Unset
 .text.cyfitter_cfg
                0x00000c34      0x13c .\CortexM3\ARM_GCC_541\Debug\cyfitter_cfg.o
                0x00000c34                cyfitter_cfg
 .text.IntDefaultHandler
                0x00000d70       0x10 .\CortexM3\ARM_GCC_541\Debug\Cm3Start.o
                0x00000d70                IntDefaultHandler
 .text._sbrk    0x00000d80       0x30 .\CortexM3\ARM_GCC_541\Debug\Cm3Start.o
                0x00000d80                _sbrk
 .text.Start_c  0x00000db0       0x4c .\CortexM3\ARM_GCC_541\Debug\Cm3Start.o
                0x00000db0                Start_c
 .text.initialize_psoc
                0x00000dfc       0x68 .\CortexM3\ARM_GCC_541\Debug\Cm3Start.o
                0x00000dfc                initialize_psoc
 .text.SPIM_1_EnableTxInt
                0x00000e64        0xc .\CortexM3\ARM_GCC_541\Debug\Final_assignment_01.a(SPIM_1.o)
                0x00000e64                SPIM_1_EnableTxInt
 .text.SPIM_1_EnableRxInt
                0x00000e70        0xc .\CortexM3\ARM_GCC_541\Debug\Final_assignment_01.a(SPIM_1.o)
                0x00000e70                SPIM_1_EnableRxInt
 .text.SPIM_1_Enable
                0x00000e7c       0x3c .\CortexM3\ARM_GCC_541\Debug\Final_assignment_01.a(SPIM_1.o)
                0x00000e7c                SPIM_1_Enable
 .text.SPIM_1_DisableTxInt
                0x00000eb8        0xc .\CortexM3\ARM_GCC_541\Debug\Final_assignment_01.a(SPIM_1.o)
                0x00000eb8                SPIM_1_DisableTxInt
 .text.SPIM_1_DisableRxInt
                0x00000ec4        0xc .\CortexM3\ARM_GCC_541\Debug\Final_assignment_01.a(SPIM_1.o)
                0x00000ec4                SPIM_1_DisableRxInt
 .text.SPIM_1_Stop
                0x00000ed0       0x30 .\CortexM3\ARM_GCC_541\Debug\Final_assignment_01.a(SPIM_1.o)
                0x00000ed0                SPIM_1_Stop
 .text.SPIM_1_ReadTxStatus
                0x00000f00       0x28 .\CortexM3\ARM_GCC_541\Debug\Final_assignment_01.a(SPIM_1.o)
                0x00000f00                SPIM_1_ReadTxStatus
 .text.SPIM_1_ReadRxStatus
                0x00000f28       0x28 .\CortexM3\ARM_GCC_541\Debug\Final_assignment_01.a(SPIM_1.o)
                0x00000f28                SPIM_1_ReadRxStatus
 .text.SPIM_1_WriteTxData
                0x00000f50       0xd4 .\CortexM3\ARM_GCC_541\Debug\Final_assignment_01.a(SPIM_1.o)
                0x00000f50                SPIM_1_WriteTxData
 .text.SPIM_1_ReadRxData
                0x00001024       0x64 .\CortexM3\ARM_GCC_541\Debug\Final_assignment_01.a(SPIM_1.o)
                0x00001024                SPIM_1_ReadRxData
 .text.SPIM_1_ClearRxBuffer
                0x00001088       0x40 .\CortexM3\ARM_GCC_541\Debug\Final_assignment_01.a(SPIM_1.o)
                0x00001088                SPIM_1_ClearRxBuffer
 .text.SPIM_1_ClearTxBuffer
                0x000010c8       0x54 .\CortexM3\ARM_GCC_541\Debug\Final_assignment_01.a(SPIM_1.o)
                0x000010c8                SPIM_1_ClearTxBuffer
 .text.SPIM_1_PutArray
                0x0000111c       0x20 .\CortexM3\ARM_GCC_541\Debug\Final_assignment_01.a(SPIM_1.o)
                0x0000111c                SPIM_1_PutArray
 .text.SPIM_1_ClearFIFO
                0x0000113c       0x3c .\CortexM3\ARM_GCC_541\Debug\Final_assignment_01.a(SPIM_1.o)
                0x0000113c                SPIM_1_ClearFIFO
 .text.SPIM_1_Init
                0x00001178       0x90 .\CortexM3\ARM_GCC_541\Debug\Final_assignment_01.a(SPIM_1.o)
                0x00001178                SPIM_1_Init
 .text.SPIM_1_Start
                0x00001208       0x1c .\CortexM3\ARM_GCC_541\Debug\Final_assignment_01.a(SPIM_1.o)
                0x00001208                SPIM_1_Start
 .text.SPIM_1_TX_ISR
                0x00001224       0xa0 .\CortexM3\ARM_GCC_541\Debug\Final_assignment_01.a(SPIM_1_INT.o)
                0x00001224                SPIM_1_TX_ISR
 .text.SPIM_1_RX_ISR
                0x000012c4       0xa0 .\CortexM3\ARM_GCC_541\Debug\Final_assignment_01.a(SPIM_1_INT.o)
                0x000012c4                SPIM_1_RX_ISR
 .text.CS_1_Write
                0x00001364       0x18 .\CortexM3\ARM_GCC_541\Debug\Final_assignment_01.a(CS_1.o)
                0x00001364                CS_1_Write
 .text.Pin_ISR_ClearInterrupt
                0x0000137c       0x10 .\CortexM3\ARM_GCC_541\Debug\Final_assignment_01.a(Pin_ISR.o)
                0x0000137c                Pin_ISR_ClearInterrupt
 .text.isr_ACC_SetVector
                0x0000138c        0xc .\CortexM3\ARM_GCC_541\Debug\Final_assignment_01.a(isr_ACC.o)
                0x0000138c                isr_ACC_SetVector
 .text.isr_ACC_SetPriority
                0x00001398       0x10 .\CortexM3\ARM_GCC_541\Debug\Final_assignment_01.a(isr_ACC.o)
                0x00001398                isr_ACC_SetPriority
 .text.isr_ACC_Enable
                0x000013a8       0x10 .\CortexM3\ARM_GCC_541\Debug\Final_assignment_01.a(isr_ACC.o)
                0x000013a8                isr_ACC_Enable
 .text.isr_ACC_Disable
                0x000013b8       0x10 .\CortexM3\ARM_GCC_541\Debug\Final_assignment_01.a(isr_ACC.o)
                0x000013b8                isr_ACC_Disable
 .text.isr_ACC_StartEx
                0x000013c8       0x1c .\CortexM3\ARM_GCC_541\Debug\Final_assignment_01.a(isr_ACC.o)
                0x000013c8                isr_ACC_StartEx
 .text.SPIM_1_IntClock_Start
                0x000013e4       0x1c .\CortexM3\ARM_GCC_541\Debug\Final_assignment_01.a(SPIM_1_IntClock.o)
                0x000013e4                SPIM_1_IntClock_Start
 .text.SPIM_1_IntClock_Stop
                0x00001400       0x1c .\CortexM3\ARM_GCC_541\Debug\Final_assignment_01.a(SPIM_1_IntClock.o)
                0x00001400                SPIM_1_IntClock_Stop
 .text.CyHalt   0x0000141c        0x4 .\CortexM3\ARM_GCC_541\Debug\Final_assignment_01.a(CyLib.o)
                0x0000141c                CyHalt
 .text.CyDelay  0x00001420       0x2c .\CortexM3\ARM_GCC_541\Debug\Final_assignment_01.a(CyLib.o)
                0x00001420                CyDelay
 .text.CyDelayUs
                0x0000144c       0x14 .\CortexM3\ARM_GCC_541\Debug\Final_assignment_01.a(CyLib.o)
                0x0000144c                CyDelayUs
 .text.CyIntSetVector
                0x00001460       0x28 .\CortexM3\ARM_GCC_541\Debug\Final_assignment_01.a(CyLib.o)
                0x00001460                CyIntSetVector
 .text.CyIntSetPriority
                0x00001488       0x30 .\CortexM3\ARM_GCC_541\Debug\Final_assignment_01.a(CyLib.o)
                0x00001488                CyIntSetPriority
 .text.UART_1_Init
                0x000014b8       0x28 .\CortexM3\ARM_GCC_541\Debug\Final_assignment_01.a(UART_1.o)
                0x000014b8                UART_1_Init
 .text.UART_1_Enable
                0x000014e0       0x38 .\CortexM3\ARM_GCC_541\Debug\Final_assignment_01.a(UART_1.o)
                0x000014e0                UART_1_Enable
 .text.UART_1_Start
                0x00001518       0x1c .\CortexM3\ARM_GCC_541\Debug\Final_assignment_01.a(UART_1.o)
                0x00001518                UART_1_Start
 .text.UART_1_Stop
                0x00001534       0x3c .\CortexM3\ARM_GCC_541\Debug\Final_assignment_01.a(UART_1.o)
                0x00001534                UART_1_Stop
 .text.UART_1_PutChar
                0x00001570       0x18 .\CortexM3\ARM_GCC_541\Debug\Final_assignment_01.a(UART_1.o)
                0x00001570                UART_1_PutChar
 .text.UART_1_PutString
                0x00001588       0x24 .\CortexM3\ARM_GCC_541\Debug\Final_assignment_01.a(UART_1.o)
                0x00001588                UART_1_PutString
 .text.UART_1_PutArray
                0x000015ac       0x28 .\CortexM3\ARM_GCC_541\Debug\Final_assignment_01.a(UART_1.o)
                0x000015ac                UART_1_PutArray
 .text.UART_1_IntClock_Start
                0x000015d4       0x1c .\CortexM3\ARM_GCC_541\Debug\Final_assignment_01.a(UART_1_IntClock.o)
                0x000015d4                UART_1_IntClock_Start
 .text.UART_1_IntClock_Stop
                0x000015f0       0x1c .\CortexM3\ARM_GCC_541\Debug\Final_assignment_01.a(UART_1_IntClock.o)
                0x000015f0                UART_1_IntClock_Stop
 .text.PWM_RG_Enable
                0x0000160c       0x10 .\CortexM3\ARM_GCC_541\Debug\Final_assignment_01.a(PWM_RG.o)
                0x0000160c                PWM_RG_Enable
 .text.PWM_RG_WriteCounter
                0x0000161c        0xc .\CortexM3\ARM_GCC_541\Debug\Final_assignment_01.a(PWM_RG.o)
                0x0000161c                PWM_RG_WriteCounter
 .text.PWM_RG_WritePeriod
                0x00001628        0xc .\CortexM3\ARM_GCC_541\Debug\Final_assignment_01.a(PWM_RG.o)
                0x00001628                PWM_RG_WritePeriod
 .text.PWM_RG_WriteCompare1
                0x00001634        0xc .\CortexM3\ARM_GCC_541\Debug\Final_assignment_01.a(PWM_RG.o)
                0x00001634                PWM_RG_WriteCompare1
 .text.PWM_RG_WriteCompare2
                0x00001640        0xc .\CortexM3\ARM_GCC_541\Debug\Final_assignment_01.a(PWM_RG.o)
                0x00001640                PWM_RG_WriteCompare2
 .text.PWM_RG_SetInterruptMode
                0x0000164c        0xc .\CortexM3\ARM_GCC_541\Debug\Final_assignment_01.a(PWM_RG.o)
                0x0000164c                PWM_RG_SetInterruptMode
 .text.PWM_RG_ReadStatusRegister
                0x00001658        0xc .\CortexM3\ARM_GCC_541\Debug\Final_assignment_01.a(PWM_RG.o)
                0x00001658                PWM_RG_ReadStatusRegister
 .text.PWM_RG_ReadCapture
                0x00001664        0xc .\CortexM3\ARM_GCC_541\Debug\Final_assignment_01.a(PWM_RG.o)
                0x00001664                PWM_RG_ReadCapture
 .text.PWM_RG_ClearFIFO
                0x00001670       0x14 .\CortexM3\ARM_GCC_541\Debug\Final_assignment_01.a(PWM_RG.o)
                0x00001670                PWM_RG_ClearFIFO
 .text.PWM_RG_Init
                0x00001684       0x58 .\CortexM3\ARM_GCC_541\Debug\Final_assignment_01.a(PWM_RG.o)
                0x00001684                PWM_RG_Init
 .text.PWM_RG_Start
                0x000016dc       0x1c .\CortexM3\ARM_GCC_541\Debug\Final_assignment_01.a(PWM_RG.o)
                0x000016dc                PWM_RG_Start
 .text.PWM_B_Enable
                0x000016f8       0x10 .\CortexM3\ARM_GCC_541\Debug\Final_assignment_01.a(PWM_B.o)
                0x000016f8                PWM_B_Enable
 .text.PWM_B_WriteCounter
                0x00001708        0xc .\CortexM3\ARM_GCC_541\Debug\Final_assignment_01.a(PWM_B.o)
                0x00001708                PWM_B_WriteCounter
 .text.PWM_B_WritePeriod
                0x00001714        0xc .\CortexM3\ARM_GCC_541\Debug\Final_assignment_01.a(PWM_B.o)
                0x00001714                PWM_B_WritePeriod
 .text.PWM_B_WriteCompare
                0x00001720        0xc .\CortexM3\ARM_GCC_541\Debug\Final_assignment_01.a(PWM_B.o)
                0x00001720                PWM_B_WriteCompare
 .text.PWM_B_SetInterruptMode
                0x0000172c        0xc .\CortexM3\ARM_GCC_541\Debug\Final_assignment_01.a(PWM_B.o)
                0x0000172c                PWM_B_SetInterruptMode
 .text.PWM_B_ReadStatusRegister
                0x00001738        0xc .\CortexM3\ARM_GCC_541\Debug\Final_assignment_01.a(PWM_B.o)
                0x00001738                PWM_B_ReadStatusRegister
 .text.PWM_B_ReadCapture
                0x00001744        0xc .\CortexM3\ARM_GCC_541\Debug\Final_assignment_01.a(PWM_B.o)
                0x00001744                PWM_B_ReadCapture
 .text.PWM_B_ClearFIFO
                0x00001750       0x14 .\CortexM3\ARM_GCC_541\Debug\Final_assignment_01.a(PWM_B.o)
                0x00001750                PWM_B_ClearFIFO
 .text.PWM_B_Init
                0x00001764       0x54 .\CortexM3\ARM_GCC_541\Debug\Final_assignment_01.a(PWM_B.o)
                0x00001764                PWM_B_Init
 .text.PWM_B_Start
                0x000017b8       0x1c .\CortexM3\ARM_GCC_541\Debug\Final_assignment_01.a(PWM_B.o)
                0x000017b8                PWM_B_Start
 .text.CS_2_Write
                0x000017d4       0x18 .\CortexM3\ARM_GCC_541\Debug\Final_assignment_01.a(CS_2.o)
                0x000017d4                CS_2_Write
 .text.SPIM_2_EnableTxInt
                0x000017ec        0xc .\CortexM3\ARM_GCC_541\Debug\Final_assignment_01.a(SPIM_2.o)
                0x000017ec                SPIM_2_EnableTxInt
 .text.SPIM_2_EnableRxInt
                0x000017f8        0xc .\CortexM3\ARM_GCC_541\Debug\Final_assignment_01.a(SPIM_2.o)
                0x000017f8                SPIM_2_EnableRxInt
 .text.SPIM_2_Enable
                0x00001804       0x3c .\CortexM3\ARM_GCC_541\Debug\Final_assignment_01.a(SPIM_2.o)
                0x00001804                SPIM_2_Enable
 .text.SPIM_2_DisableTxInt
                0x00001840        0xc .\CortexM3\ARM_GCC_541\Debug\Final_assignment_01.a(SPIM_2.o)
                0x00001840                SPIM_2_DisableTxInt
 .text.SPIM_2_DisableRxInt
                0x0000184c        0xc .\CortexM3\ARM_GCC_541\Debug\Final_assignment_01.a(SPIM_2.o)
                0x0000184c                SPIM_2_DisableRxInt
 .text.SPIM_2_Stop
                0x00001858       0x30 .\CortexM3\ARM_GCC_541\Debug\Final_assignment_01.a(SPIM_2.o)
                0x00001858                SPIM_2_Stop
 .text.SPIM_2_ReadTxStatus
                0x00001888       0x28 .\CortexM3\ARM_GCC_541\Debug\Final_assignment_01.a(SPIM_2.o)
                0x00001888                SPIM_2_ReadTxStatus
 .text.SPIM_2_ReadRxStatus
                0x000018b0       0x28 .\CortexM3\ARM_GCC_541\Debug\Final_assignment_01.a(SPIM_2.o)
                0x000018b0                SPIM_2_ReadRxStatus
 .text.SPIM_2_WriteTxData
                0x000018d8       0xd4 .\CortexM3\ARM_GCC_541\Debug\Final_assignment_01.a(SPIM_2.o)
                0x000018d8                SPIM_2_WriteTxData
 .text.SPIM_2_ReadRxData
                0x000019ac       0x64 .\CortexM3\ARM_GCC_541\Debug\Final_assignment_01.a(SPIM_2.o)
                0x000019ac                SPIM_2_ReadRxData
 .text.SPIM_2_ClearRxBuffer
                0x00001a10       0x40 .\CortexM3\ARM_GCC_541\Debug\Final_assignment_01.a(SPIM_2.o)
                0x00001a10                SPIM_2_ClearRxBuffer
 .text.SPIM_2_ClearTxBuffer
                0x00001a50       0x54 .\CortexM3\ARM_GCC_541\Debug\Final_assignment_01.a(SPIM_2.o)
                0x00001a50                SPIM_2_ClearTxBuffer
 .text.SPIM_2_PutArray
                0x00001aa4       0x20 .\CortexM3\ARM_GCC_541\Debug\Final_assignment_01.a(SPIM_2.o)
                0x00001aa4                SPIM_2_PutArray
 .text.SPIM_2_ClearFIFO
                0x00001ac4       0x3c .\CortexM3\ARM_GCC_541\Debug\Final_assignment_01.a(SPIM_2.o)
                0x00001ac4                SPIM_2_ClearFIFO
 .text.SPIM_2_Init
                0x00001b00       0x90 .\CortexM3\ARM_GCC_541\Debug\Final_assignment_01.a(SPIM_2.o)
                0x00001b00                SPIM_2_Init
 .text.SPIM_2_Start
                0x00001b90       0x1c .\CortexM3\ARM_GCC_541\Debug\Final_assignment_01.a(SPIM_2.o)
                0x00001b90                SPIM_2_Start
 .text.SPIM_2_TX_ISR
                0x00001bac       0xa0 .\CortexM3\ARM_GCC_541\Debug\Final_assignment_01.a(SPIM_2_INT.o)
                0x00001bac                SPIM_2_TX_ISR
 .text.SPIM_2_RX_ISR
                0x00001c4c       0xa0 .\CortexM3\ARM_GCC_541\Debug\Final_assignment_01.a(SPIM_2_INT.o)
                0x00001c4c                SPIM_2_RX_ISR
 .text.SPIM_2_IntClock_Start
                0x00001cec       0x1c .\CortexM3\ARM_GCC_541\Debug\Final_assignment_01.a(SPIM_2_IntClock.o)
                0x00001cec                SPIM_2_IntClock_Start
 .text.SPIM_2_IntClock_Stop
                0x00001d08       0x1c .\CortexM3\ARM_GCC_541\Debug\Final_assignment_01.a(SPIM_2_IntClock.o)
                0x00001d08                SPIM_2_IntClock_Stop
 .text.isr_DEBOUNCER_SetVector
                0x00001d24        0xc .\CortexM3\ARM_GCC_541\Debug\Final_assignment_01.a(isr_DEBOUNCER.o)
                0x00001d24                isr_DEBOUNCER_SetVector
 .text.isr_DEBOUNCER_SetPriority
                0x00001d30       0x10 .\CortexM3\ARM_GCC_541\Debug\Final_assignment_01.a(isr_DEBOUNCER.o)
                0x00001d30                isr_DEBOUNCER_SetPriority
 .text.isr_DEBOUNCER_Enable
                0x00001d40        0xc .\CortexM3\ARM_GCC_541\Debug\Final_assignment_01.a(isr_DEBOUNCER.o)
                0x00001d40                isr_DEBOUNCER_Enable
 .text.isr_DEBOUNCER_Disable
                0x00001d4c        0xc .\CortexM3\ARM_GCC_541\Debug\Final_assignment_01.a(isr_DEBOUNCER.o)
                0x00001d4c                isr_DEBOUNCER_Disable
 .text.isr_DEBOUNCER_StartEx
                0x00001d58       0x1c .\CortexM3\ARM_GCC_541\Debug\Final_assignment_01.a(isr_DEBOUNCER.o)
                0x00001d58                isr_DEBOUNCER_StartEx
 .text.Pin_Led_Blue_Write
                0x00001d74       0x18 .\CortexM3\ARM_GCC_541\Debug\Final_assignment_01.a(Pin_Led_Blue.o)
                0x00001d74                Pin_Led_Blue_Write
 .text.Pin_Led_Blue_Read
                0x00001d8c       0x10 .\CortexM3\ARM_GCC_541\Debug\Final_assignment_01.a(Pin_Led_Blue.o)
                0x00001d8c                Pin_Led_Blue_Read
 .text.TIMER_button_Enable
                0x00001d9c       0x28 .\CortexM3\ARM_GCC_541\Debug\Final_assignment_01.a(TIMER_button.o)
                0x00001d9c                TIMER_button_Enable
 .text.TIMER_button_Stop
                0x00001dc4       0x28 .\CortexM3\ARM_GCC_541\Debug\Final_assignment_01.a(TIMER_button.o)
                0x00001dc4                TIMER_button_Stop
 .text.TIMER_button_SetInterruptMode
                0x00001dec        0xc .\CortexM3\ARM_GCC_541\Debug\Final_assignment_01.a(TIMER_button.o)
                0x00001dec                TIMER_button_SetInterruptMode
 .text.TIMER_button_ReadStatusRegister
                0x00001df8        0xc .\CortexM3\ARM_GCC_541\Debug\Final_assignment_01.a(TIMER_button.o)
                0x00001df8                TIMER_button_ReadStatusRegister
 .text.TIMER_button_WritePeriod
                0x00001e04        0xc .\CortexM3\ARM_GCC_541\Debug\Final_assignment_01.a(TIMER_button.o)
                0x00001e04                TIMER_button_WritePeriod
 .text.TIMER_button_WriteCounter
                0x00001e10        0xc .\CortexM3\ARM_GCC_541\Debug\Final_assignment_01.a(TIMER_button.o)
                0x00001e10                TIMER_button_WriteCounter
 .text.TIMER_button_Init
                0x00001e1c       0x64 .\CortexM3\ARM_GCC_541\Debug\Final_assignment_01.a(TIMER_button.o)
                0x00001e1c                TIMER_button_Init
 .text.TIMER_button_Start
                0x00001e80       0x1c .\CortexM3\ARM_GCC_541\Debug\Final_assignment_01.a(TIMER_button.o)
                0x00001e80                TIMER_button_Start
 .text.isr_TIMER_SetVector
                0x00001e9c       0x10 .\CortexM3\ARM_GCC_541\Debug\Final_assignment_01.a(isr_TIMER.o)
                0x00001e9c                isr_TIMER_SetVector
 .text.isr_TIMER_SetPriority
                0x00001eac       0x10 .\CortexM3\ARM_GCC_541\Debug\Final_assignment_01.a(isr_TIMER.o)
                0x00001eac                isr_TIMER_SetPriority
 .text.isr_TIMER_Enable
                0x00001ebc       0x10 .\CortexM3\ARM_GCC_541\Debug\Final_assignment_01.a(isr_TIMER.o)
                0x00001ebc                isr_TIMER_Enable
 .text.isr_TIMER_Disable
                0x00001ecc       0x10 .\CortexM3\ARM_GCC_541\Debug\Final_assignment_01.a(isr_TIMER.o)
                0x00001ecc                isr_TIMER_Disable
 .text.isr_TIMER_StartEx
                0x00001edc       0x1c .\CortexM3\ARM_GCC_541\Debug\Final_assignment_01.a(isr_TIMER.o)
                0x00001edc                isr_TIMER_StartEx
 .text.Timer_Blinking_Enable
                0x00001ef8       0x28 .\CortexM3\ARM_GCC_541\Debug\Final_assignment_01.a(Timer_Blinking.o)
                0x00001ef8                Timer_Blinking_Enable
 .text.Timer_Blinking_Stop
                0x00001f20       0x28 .\CortexM3\ARM_GCC_541\Debug\Final_assignment_01.a(Timer_Blinking.o)
                0x00001f20                Timer_Blinking_Stop
 .text.Timer_Blinking_SetInterruptMode
                0x00001f48        0xc .\CortexM3\ARM_GCC_541\Debug\Final_assignment_01.a(Timer_Blinking.o)
                0x00001f48                Timer_Blinking_SetInterruptMode
 .text.Timer_Blinking_ReadStatusRegister
                0x00001f54        0xc .\CortexM3\ARM_GCC_541\Debug\Final_assignment_01.a(Timer_Blinking.o)
                0x00001f54                Timer_Blinking_ReadStatusRegister
 .text.Timer_Blinking_WritePeriod
                0x00001f60        0xc .\CortexM3\ARM_GCC_541\Debug\Final_assignment_01.a(Timer_Blinking.o)
                0x00001f60                Timer_Blinking_WritePeriod
 .text.Timer_Blinking_WriteCounter
                0x00001f6c        0xc .\CortexM3\ARM_GCC_541\Debug\Final_assignment_01.a(Timer_Blinking.o)
                0x00001f6c                Timer_Blinking_WriteCounter
 .text.Timer_Blinking_Init
                0x00001f78       0x64 .\CortexM3\ARM_GCC_541\Debug\Final_assignment_01.a(Timer_Blinking.o)
                0x00001f78                Timer_Blinking_Init
 .text.Timer_Blinking_Start
                0x00001fdc       0x1c .\CortexM3\ARM_GCC_541\Debug\Final_assignment_01.a(Timer_Blinking.o)
                0x00001fdc                Timer_Blinking_Start
 .text.isr_BLINKING_SetVector
                0x00001ff8       0x10 .\CortexM3\ARM_GCC_541\Debug\Final_assignment_01.a(isr_BLINKING.o)
                0x00001ff8                isr_BLINKING_SetVector
 .text.isr_BLINKING_SetPriority
                0x00002008       0x10 .\CortexM3\ARM_GCC_541\Debug\Final_assignment_01.a(isr_BLINKING.o)
                0x00002008                isr_BLINKING_SetPriority
 .text.isr_BLINKING_Enable
                0x00002018       0x10 .\CortexM3\ARM_GCC_541\Debug\Final_assignment_01.a(isr_BLINKING.o)
                0x00002018                isr_BLINKING_Enable
 .text.isr_BLINKING_Disable
                0x00002028       0x10 .\CortexM3\ARM_GCC_541\Debug\Final_assignment_01.a(isr_BLINKING.o)
                0x00002028                isr_BLINKING_Disable
 .text.isr_BLINKING_StartEx
                0x00002038       0x1c .\CortexM3\ARM_GCC_541\Debug\Final_assignment_01.a(isr_BLINKING.o)
                0x00002038                isr_BLINKING_StartEx
 .text.isr_positive_SetVector
                0x00002054        0xc .\CortexM3\ARM_GCC_541\Debug\Final_assignment_01.a(isr_positive.o)
                0x00002054                isr_positive_SetVector
 .text.isr_positive_SetPriority
                0x00002060       0x10 .\CortexM3\ARM_GCC_541\Debug\Final_assignment_01.a(isr_positive.o)
                0x00002060                isr_positive_SetPriority
 .text.isr_positive_Enable
                0x00002070        0xc .\CortexM3\ARM_GCC_541\Debug\Final_assignment_01.a(isr_positive.o)
                0x00002070                isr_positive_Enable
 .text.isr_positive_Disable
                0x0000207c        0xc .\CortexM3\ARM_GCC_541\Debug\Final_assignment_01.a(isr_positive.o)
                0x0000207c                isr_positive_Disable
 .text.isr_positive_StartEx
                0x00002088       0x1c .\CortexM3\ARM_GCC_541\Debug\Final_assignment_01.a(isr_positive.o)
                0x00002088                isr_positive_StartEx
 .text.ADC_DelSig_GainCompensation
                0x000020a4       0xdc .\CortexM3\ARM_GCC_541\Debug\Final_assignment_01.a(ADC_DelSig.o)
 .text.ADC_DelSig_SetDSMRef0Reg
                0x00002180       0x4c .\CortexM3\ARM_GCC_541\Debug\Final_assignment_01.a(ADC_DelSig.o)
 .text.ADC_DelSig_InitConfig
                0x000021cc       0xe0 .\CortexM3\ARM_GCC_541\Debug\Final_assignment_01.a(ADC_DelSig.o)
 .text.ADC_DelSig_Init
                0x000022ac       0xc4 .\CortexM3\ARM_GCC_541\Debug\Final_assignment_01.a(ADC_DelSig.o)
                0x000022ac                ADC_DelSig_Init
 .text.ADC_DelSig_Enable
                0x00002370       0xd8 .\CortexM3\ARM_GCC_541\Debug\Final_assignment_01.a(ADC_DelSig.o)
                0x00002370                ADC_DelSig_Enable
 .text.ADC_DelSig_Start
                0x00002448       0x28 .\CortexM3\ARM_GCC_541\Debug\Final_assignment_01.a(ADC_DelSig.o)
                0x00002448                ADC_DelSig_Start
 .text.ADC_DelSig_StartConvert
                0x00002470       0x10 .\CortexM3\ARM_GCC_541\Debug\Final_assignment_01.a(ADC_DelSig.o)
                0x00002470                ADC_DelSig_StartConvert
 .text.ADC_DelSig_StopConvert
                0x00002480       0x10 .\CortexM3\ARM_GCC_541\Debug\Final_assignment_01.a(ADC_DelSig.o)
                0x00002480                ADC_DelSig_StopConvert
 .text.ADC_DelSig_IsEndConversion
                0x00002490       0x30 .\CortexM3\ARM_GCC_541\Debug\Final_assignment_01.a(ADC_DelSig.o)
                0x00002490                ADC_DelSig_IsEndConversion
 .text.ADC_DelSig_GetResult32
                0x000024c0       0x6c .\CortexM3\ARM_GCC_541\Debug\Final_assignment_01.a(ADC_DelSig.o)
                0x000024c0                ADC_DelSig_GetResult32
 .text.ADC_DelSig_Read32
                0x0000252c       0x28 .\CortexM3\ARM_GCC_541\Debug\Final_assignment_01.a(ADC_DelSig.o)
                0x0000252c                ADC_DelSig_Read32
 .text.ADC_DelSig_ISR1
                0x00002554        0x4 .\CortexM3\ARM_GCC_541\Debug\Final_assignment_01.a(ADC_DelSig_INT.o)
                0x00002554                ADC_DelSig_ISR1
 .text.ADC_DelSig_AMux_Start
                0x00002558       0x20 .\CortexM3\ARM_GCC_541\Debug\Final_assignment_01.a(ADC_DelSig_AMux.o)
                0x00002558                ADC_DelSig_AMux_Start
 .text.ADC_DelSig_AMux_Select
                0x00002578       0x18 .\CortexM3\ARM_GCC_541\Debug\Final_assignment_01.a(ADC_DelSig_AMux.o)
                0x00002578                ADC_DelSig_AMux_Select
 .text.ADC_DelSig_Ext_CP_Clk_GetDividerRegister
                0x00002590        0xc .\CortexM3\ARM_GCC_541\Debug\Final_assignment_01.a(ADC_DelSig_Ext_CP_Clk.o)
                0x00002590                ADC_DelSig_Ext_CP_Clk_GetDividerRegister
 .text.ADC_DelSig_Ext_CP_Clk_SetModeRegister
                0x0000259c       0x14 .\CortexM3\ARM_GCC_541\Debug\Final_assignment_01.a(ADC_DelSig_Ext_CP_Clk.o)
                0x0000259c                ADC_DelSig_Ext_CP_Clk_SetModeRegister
 .text.ADC_DelSig_Ext_CP_Clk_GetSourceRegister
                0x000025b0       0x10 .\CortexM3\ARM_GCC_541\Debug\Final_assignment_01.a(ADC_DelSig_Ext_CP_Clk.o)
                0x000025b0                ADC_DelSig_Ext_CP_Clk_GetSourceRegister
 .text.ADC_DelSig_Ext_CP_Clk_SetDividerRegister
                0x000025c0       0xd8 .\CortexM3\ARM_GCC_541\Debug\Final_assignment_01.a(ADC_DelSig_Ext_CP_Clk.o)
                0x000025c0                ADC_DelSig_Ext_CP_Clk_SetDividerRegister
 .text.ADC_DelSig_theACLK_GetDividerRegister
                0x00002698        0xc .\CortexM3\ARM_GCC_541\Debug\Final_assignment_01.a(ADC_DelSig_theACLK.o)
                0x00002698                ADC_DelSig_theACLK_GetDividerRegister
 .text.ADC_DelSig_theACLK_SetModeRegister
                0x000026a4       0x14 .\CortexM3\ARM_GCC_541\Debug\Final_assignment_01.a(ADC_DelSig_theACLK.o)
                0x000026a4                ADC_DelSig_theACLK_SetModeRegister
 .text.ADC_DelSig_theACLK_GetSourceRegister
                0x000026b8       0x10 .\CortexM3\ARM_GCC_541\Debug\Final_assignment_01.a(ADC_DelSig_theACLK.o)
                0x000026b8                ADC_DelSig_theACLK_GetSourceRegister
 .text.ADC_DelSig_theACLK_SetDividerRegister
                0x000026c8       0xd8 .\CortexM3\ARM_GCC_541\Debug\Final_assignment_01.a(ADC_DelSig_theACLK.o)
                0x000026c8                ADC_DelSig_theACLK_SetDividerRegister
 .text.Pin_RED_UARTVerboseFlag_Write
                0x000027a0       0x18 .\CortexM3\ARM_GCC_541\Debug\Final_assignment_01.a(Pin_RED_UARTVerboseFlag.o)
                0x000027a0                Pin_RED_UARTVerboseFlag_Write
 .text.Pin_EnableDisable_Read
                0x000027b8       0x10 .\CortexM3\ARM_GCC_541\Debug\Final_assignment_01.a(Pin_EnableDisable.o)
                0x000027b8                Pin_EnableDisable_Read
 .text.Pin_EnableDisable_ClearInterrupt
                0x000027c8       0x10 .\CortexM3\ARM_GCC_541\Debug\Final_assignment_01.a(Pin_EnableDisable.o)
                0x000027c8                Pin_EnableDisable_ClearInterrupt
 .text.isr_EnableDisable_SetVector
                0x000027d8        0xc .\CortexM3\ARM_GCC_541\Debug\Final_assignment_01.a(isr_EnableDisable.o)
                0x000027d8                isr_EnableDisable_SetVector
 .text.isr_EnableDisable_SetPriority
                0x000027e4       0x10 .\CortexM3\ARM_GCC_541\Debug\Final_assignment_01.a(isr_EnableDisable.o)
                0x000027e4                isr_EnableDisable_SetPriority
 .text.isr_EnableDisable_Enable
                0x000027f4        0xc .\CortexM3\ARM_GCC_541\Debug\Final_assignment_01.a(isr_EnableDisable.o)
                0x000027f4                isr_EnableDisable_Enable
 .text.isr_EnableDisable_Disable
                0x00002800        0xc .\CortexM3\ARM_GCC_541\Debug\Final_assignment_01.a(isr_EnableDisable.o)
                0x00002800                isr_EnableDisable_Disable
 .text.isr_EnableDisable_StartEx
                0x0000280c       0x1c .\CortexM3\ARM_GCC_541\Debug\Final_assignment_01.a(isr_EnableDisable.o)
                0x0000280c                isr_EnableDisable_StartEx
 .text          0x00002828       0x20 .\CortexM3\ARM_GCC_541\Debug\Final_assignment_01.a(CyBootAsmGnu.o)
                0x00002828                CyDelayCycles
                0x00002838                CyEnterCriticalSection
                0x00002840                CyExitCriticalSection
 .text.__errno  0x00002848        0xc c:/program files (x86)/cypress/psoc creator/4.3/psoc creator/import/gnu/arm/5.4.1/bin/../lib/gcc/arm-none-eabi/5.4.1/../../../../arm-none-eabi/lib/armv7-m\libg_nano.a(lib_a-errno.o)
                0x00002848                __errno
 .text.__libc_init_array
                0x00002854       0x4c c:/program files (x86)/cypress/psoc creator/4.3/psoc creator/import/gnu/arm/5.4.1/bin/../lib/gcc/arm-none-eabi/5.4.1/../../../../arm-none-eabi/lib/armv7-m\libg_nano.a(lib_a-init.o)
                0x00002854                __libc_init_array
 .text.memcpy   0x000028a0       0x16 c:/program files (x86)/cypress/psoc creator/4.3/psoc creator/import/gnu/arm/5.4.1/bin/../lib/gcc/arm-none-eabi/5.4.1/../../../../arm-none-eabi/lib/armv7-m\libg_nano.a(lib_a-memcpy-stub.o)
                0x000028a0                memcpy
 .text.memset   0x000028b6       0x10 c:/program files (x86)/cypress/psoc creator/4.3/psoc creator/import/gnu/arm/5.4.1/bin/../lib/gcc/arm-none-eabi/5.4.1/../../../../arm-none-eabi/lib/armv7-m\libg_nano.a(lib_a-memset.o)
                0x000028b6                memset
 *fill*         0x000028c6        0x2 
 .text.sprintf  0x000028c8       0x48 c:/program files (x86)/cypress/psoc creator/4.3/psoc creator/import/gnu/arm/5.4.1/bin/../lib/gcc/arm-none-eabi/5.4.1/../../../../arm-none-eabi/lib/armv7-m\libg_nano.a(lib_a-sprintf.o)
                0x000028c8                siprintf
                0x000028c8                sprintf
 .text.__ssputs_r
                0x00002910       0xb2 c:/program files (x86)/cypress/psoc creator/4.3/psoc creator/import/gnu/arm/5.4.1/bin/../lib/gcc/arm-none-eabi/5.4.1/../../../../arm-none-eabi/lib/armv7-m\libg_nano.a(lib_a-nano-svfprintf.o)
                0x00002910                __ssputs_r
 *fill*         0x000029c2        0x2 
 .text._svfprintf_r
                0x000029c4      0x1e8 c:/program files (x86)/cypress/psoc creator/4.3/psoc creator/import/gnu/arm/5.4.1/bin/../lib/gcc/arm-none-eabi/5.4.1/../../../../arm-none-eabi/lib/armv7-m\libg_nano.a(lib_a-nano-svfprintf.o)
                0x000029c4                _svfiprintf_r
                0x000029c4                _svfprintf_r
 .text._printf_common
                0x00002bac       0xec c:/program files (x86)/cypress/psoc creator/4.3/psoc creator/import/gnu/arm/5.4.1/bin/../lib/gcc/arm-none-eabi/5.4.1/../../../../arm-none-eabi/lib/armv7-m\libg_nano.a(lib_a-nano-vfprintf_i.o)
                0x00002bac                _printf_common
 .text._printf_i
                0x00002c98      0x24c c:/program files (x86)/cypress/psoc creator/4.3/psoc creator/import/gnu/arm/5.4.1/bin/../lib/gcc/arm-none-eabi/5.4.1/../../../../arm-none-eabi/lib/armv7-m\libg_nano.a(lib_a-nano-vfprintf_i.o)
                0x00002c98                _printf_i
 .text.memchr   0x00002ee4       0x1c c:/program files (x86)/cypress/psoc creator/4.3/psoc creator/import/gnu/arm/5.4.1/bin/../lib/gcc/arm-none-eabi/5.4.1/../../../../arm-none-eabi/lib/armv7-m\libg_nano.a(lib_a-memchr-stub.o)
                0x00002ee4                memchr
 .text.memmove  0x00002f00       0x36 c:/program files (x86)/cypress/psoc creator/4.3/psoc creator/import/gnu/arm/5.4.1/bin/../lib/gcc/arm-none-eabi/5.4.1/../../../../arm-none-eabi/lib/armv7-m\libg_nano.a(lib_a-memmove.o)
                0x00002f00                memmove
 *fill*         0x00002f36        0x2 
 .text._free_r  0x00002f38       0x98 c:/program files (x86)/cypress/psoc creator/4.3/psoc creator/import/gnu/arm/5.4.1/bin/../lib/gcc/arm-none-eabi/5.4.1/../../../../arm-none-eabi/lib/armv7-m\libg_nano.a(lib_a-nano-freer.o)
                0x00002f38                _free_r
 .text._malloc_r
                0x00002fd0       0xbc c:/program files (x86)/cypress/psoc creator/4.3/psoc creator/import/gnu/arm/5.4.1/bin/../lib/gcc/arm-none-eabi/5.4.1/../../../../arm-none-eabi/lib/armv7-m\libg_nano.a(lib_a-nano-mallocr.o)
                0x00002fd0                _malloc_r
 .text._realloc_r
                0x0000308c       0x4c c:/program files (x86)/cypress/psoc creator/4.3/psoc creator/import/gnu/arm/5.4.1/bin/../lib/gcc/arm-none-eabi/5.4.1/../../../../arm-none-eabi/lib/armv7-m\libg_nano.a(lib_a-nano-reallocr.o)
                0x0000308c                _realloc_r
 .text._sbrk_r  0x000030d8       0x20 c:/program files (x86)/cypress/psoc creator/4.3/psoc creator/import/gnu/arm/5.4.1/bin/../lib/gcc/arm-none-eabi/5.4.1/../../../../arm-none-eabi/lib/armv7-m\libg_nano.a(lib_a-sbrkr.o)
                0x000030d8                _sbrk_r
 .text.__malloc_lock
                0x000030f8        0x2 c:/program files (x86)/cypress/psoc creator/4.3/psoc creator/import/gnu/arm/5.4.1/bin/../lib/gcc/arm-none-eabi/5.4.1/../../../../arm-none-eabi/lib/armv7-m\libg_nano.a(lib_a-mlock.o)
                0x000030f8                __malloc_lock
 .text.__malloc_unlock
                0x000030fa        0x2 c:/program files (x86)/cypress/psoc creator/4.3/psoc creator/import/gnu/arm/5.4.1/bin/../lib/gcc/arm-none-eabi/5.4.1/../../../../arm-none-eabi/lib/armv7-m\libg_nano.a(lib_a-mlock.o)
                0x000030fa                __malloc_unlock
 .text._malloc_usable_size_r
                0x000030fc       0x14 c:/program files (x86)/cypress/psoc creator/4.3/psoc creator/import/gnu/arm/5.4.1/bin/../lib/gcc/arm-none-eabi/5.4.1/../../../../arm-none-eabi/lib/armv7-m\libg_nano.a(lib_a-nano-msizer.o)
                0x000030fc                _malloc_usable_size_r
 *(.plt)
 *(.gnu.warning)
 *(.glue_7t)
 .glue_7t       0x00003110        0x0 linker stubs
 *(.glue_7)
 .glue_7        0x00003110        0x0 linker stubs
 *(.vfp11_veneer)
 .vfp11_veneer  0x00003110        0x0 linker stubs
 *(.bootloader)
 *(.ARM.extab* .gnu.linkonce.armextab.*)
 *(.gcc_except_table)

.v4_bx          0x00003110        0x0
 .v4_bx         0x00003110        0x0 linker stubs

.iplt           0x00003110        0x0
 .iplt          0x00003110        0x0 c:/program files (x86)/cypress/psoc creator/4.3/psoc creator/import/gnu/arm/5.4.1/bin/../lib/gcc/arm-none-eabi/5.4.1/armv7-m/crtbegin.o

.eh_frame_hdr
 *(.eh_frame_hdr)

.eh_frame       0x00003110        0x4
 *(.eh_frame)
 .eh_frame      0x00003110        0x0 c:/program files (x86)/cypress/psoc creator/4.3/psoc creator/import/gnu/arm/5.4.1/bin/../lib/gcc/arm-none-eabi/5.4.1/armv7-m/crtbegin.o
 .eh_frame      0x00003110        0x4 c:/program files (x86)/cypress/psoc creator/4.3/psoc creator/import/gnu/arm/5.4.1/bin/../lib/gcc/arm-none-eabi/5.4.1/armv7-m/crtend.o
                [!provide]                PROVIDE (__exidx_start, .)

.ARM.exidx
 *(.ARM.exidx* .gnu.linkonce.armexidx.*)
                0x00003114                __exidx_end = .

.rodata         0x00003114      0x394
 *(.rodata .rodata.* .gnu.linkonce.r.*)
 .rodata        0x00003114        0x6 .\CortexM3\ARM_GCC_541\Debug\main.o
 *fill*         0x0000311a        0x2 
 .rodata.str1.4
                0x0000311c      0x2d8 .\CortexM3\ARM_GCC_541\Debug\main.o
                                0x2d7 (size before relaxing)
 .rodata        0x000033f4       0x46 .\CortexM3\ARM_GCC_541\Debug\cyfitter_cfg.o
                0x000033f4                ADC_DelSig_AMux__addrTable
                0x000033fc                ADC_DelSig_AMux__maskTable
 .rodata.str1.1
                0x0000343a        0x2 c:/program files (x86)/cypress/psoc creator/4.3/psoc creator/import/gnu/arm/5.4.1/bin/../lib/gcc/arm-none-eabi/5.4.1/../../../../arm-none-eabi/lib/armv7-m\libg_nano.a(lib_a-impure.o)
 .rodata.str1.1
                0x0000343c       0x11 c:/program files (x86)/cypress/psoc creator/4.3/psoc creator/import/gnu/arm/5.4.1/bin/../lib/gcc/arm-none-eabi/5.4.1/../../../../arm-none-eabi/lib/armv7-m\libg_nano.a(lib_a-nano-svfprintf.o)
 .rodata.str1.1
                0x0000344d       0x22 c:/program files (x86)/cypress/psoc creator/4.3/psoc creator/import/gnu/arm/5.4.1/bin/../lib/gcc/arm-none-eabi/5.4.1/../../../../arm-none-eabi/lib/armv7-m\libg_nano.a(lib_a-nano-vfprintf_i.o)
                0x00003470                . = ALIGN (0x4)
 *fill*         0x0000346f        0x1 
 *(.init)
 .init          0x00003470        0x4 c:/program files (x86)/cypress/psoc creator/4.3/psoc creator/import/gnu/arm/5.4.1/bin/../lib/gcc/arm-none-eabi/5.4.1/armv7-m/crti.o
                0x00003470                _init
 .init          0x00003474        0x8 c:/program files (x86)/cypress/psoc creator/4.3/psoc creator/import/gnu/arm/5.4.1/bin/../lib/gcc/arm-none-eabi/5.4.1/armv7-m/crtn.o
                0x0000347c                . = ALIGN (0x4)
                0x0000347c                __preinit_array_start = .
 *(.preinit_array)
                0x0000347c                __preinit_array_end = .
                0x0000347c                . = ALIGN (0x4)
                0x0000347c                __init_array_start = .
 *(SORT(.init_array.*))
 *(.init_array)
 .init_array    0x0000347c        0x4 c:/program files (x86)/cypress/psoc creator/4.3/psoc creator/import/gnu/arm/5.4.1/bin/../lib/gcc/arm-none-eabi/5.4.1/armv7-m/crtbegin.o
 .init_array    0x00003480        0x4 .\CortexM3\ARM_GCC_541\Debug\Cm3Start.o
                0x00003484                __init_array_end = .
                0x00003484                . = ALIGN (0x4)
 *(.fini)
 .fini          0x00003484        0x4 c:/program files (x86)/cypress/psoc creator/4.3/psoc creator/import/gnu/arm/5.4.1/bin/../lib/gcc/arm-none-eabi/5.4.1/armv7-m/crti.o
                0x00003484                _fini
 .fini          0x00003488        0x8 c:/program files (x86)/cypress/psoc creator/4.3/psoc creator/import/gnu/arm/5.4.1/bin/../lib/gcc/arm-none-eabi/5.4.1/armv7-m/crtn.o
                0x00003490                . = ALIGN (0x4)
                0x00003490                __fini_array_start = .
 *(.fini_array)
 .fini_array    0x00003490        0x4 c:/program files (x86)/cypress/psoc creator/4.3/psoc creator/import/gnu/arm/5.4.1/bin/../lib/gcc/arm-none-eabi/5.4.1/armv7-m/crtbegin.o
 *(SORT(.fini_array.*))
                0x00003494                __fini_array_end = .
                0x00003494                . = ALIGN (0x4)
 *crtbegin.o(.ctors)
 *(EXCLUDE_FILE(*crtend.o) .ctors)
 *(SORT(.ctors.*))
 *crtend.o(.ctors)
                0x00003494                . = ALIGN (0x4)
 *crtbegin.o(.dtors)
 *(EXCLUDE_FILE(*crtend.o) .dtors)
 *(SORT(.dtors.*))
 *crtend.o(.dtors)
                0x00003494                . = ALIGN (0x4)
                0x00003494                __cy_regions = .
                0x00003494        0x4 LONG 0x34a8 __cy_region_init_ram
                0x00003498        0x4 LONG 0x1fff80c8 __cy_region_start_data
                0x0000349c        0x4 LONG 0x80 __cy_region_init_size_ram
                0x000034a0        0x4 LONG 0xf0 __cy_region_zero_size_ram
                0x000034a4                __cy_regions_end = .
                0x000034a8                . = ALIGN (0x8)
 *fill*         0x000034a4        0x4 
                0x000034a8                _etext = .

.cy_checksum_exclude
                0x000034a8        0x0
 *(.cy_checksum_exclude)

.ramvectors     0x1fff8000       0xc0
                0x1fff8000                __cy_region_start_ram = .
 *(.ramvectors)
 .ramvectors    0x1fff8000       0xc0 .\CortexM3\ARM_GCC_541\Debug\Cm3Start.o
                0x1fff8000                CyRamVectors

.noinit         0x1fff80c0        0x1
 *(.noinit)
 .noinit        0x1fff80c0        0x1 .\CortexM3\ARM_GCC_541\Debug\Final_assignment_01.a(CyLib.o)
                0x1fff80c0                CyResetStatus

.data           0x1fff80c8       0x80 load address 0x000034a8
                0x1fff80c8                __cy_region_start_data = .
 *(.jcr)
 .jcr           0x1fff80c8        0x0 c:/program files (x86)/cypress/psoc creator/4.3/psoc creator/import/gnu/arm/5.4.1/bin/../lib/gcc/arm-none-eabi/5.4.1/armv7-m/crtbegin.o
 .jcr           0x1fff80c8        0x4 c:/program files (x86)/cypress/psoc creator/4.3/psoc creator/import/gnu/arm/5.4.1/bin/../lib/gcc/arm-none-eabi/5.4.1/armv7-m/crtend.o
 *(.got.plt)
 *(.got)
 *(.shdata)
 *(.data .data.* .gnu.linkonce.d.*)
 .data          0x1fff80cc        0x4 .\CortexM3\ARM_GCC_541\Debug\Cm3Start.o
 .data          0x1fff80d0       0x10 .\CortexM3\ARM_GCC_541\Debug\Final_assignment_01.a(CyLib.o)
                0x1fff80d0                cydelay_32k_ms
                0x1fff80d4                cydelay_freq_khz
                0x1fff80d8                cydelay_freq_mhz
                0x1fff80dc                cydelay_freq_hz
 .data          0x1fff80e0        0x1 .\CortexM3\ARM_GCC_541\Debug\Final_assignment_01.a(ADC_DelSig.o)
                0x1fff80e0                ADC_DelSig_Config
 .data          0x1fff80e1        0x1 .\CortexM3\ARM_GCC_541\Debug\Final_assignment_01.a(ADC_DelSig_AMux.o)
 *fill*         0x1fff80e2        0x2 
 .data.impure_data
                0x1fff80e4       0x60 c:/program files (x86)/cypress/psoc creator/4.3/psoc creator/import/gnu/arm/5.4.1/bin/../lib/gcc/arm-none-eabi/5.4.1/../../../../arm-none-eabi/lib/armv7-m\libg_nano.a(lib_a-impure.o)
 .data._impure_ptr
                0x1fff8144        0x4 c:/program files (x86)/cypress/psoc creator/4.3/psoc creator/import/gnu/arm/5.4.1/bin/../lib/gcc/arm-none-eabi/5.4.1/../../../../arm-none-eabi/lib/armv7-m\libg_nano.a(lib_a-impure.o)
                0x1fff8144                _impure_ptr
                0x1fff8148                . = ALIGN (0x8)
 *(.ram)
                0x1fff8148                _edata = .

.igot.plt       0x1fff8148        0x0 load address 0x00003528
 .igot.plt      0x1fff8148        0x0 c:/program files (x86)/cypress/psoc creator/4.3/psoc creator/import/gnu/arm/5.4.1/bin/../lib/gcc/arm-none-eabi/5.4.1/armv7-m/crtbegin.o

.bss            0x1fff8148       0xf0 load address 0x00003528
                0x1fff8148                PROVIDE (__bss_start__, .)
 *(.shbss)
 *(.bss .bss.* .gnu.linkonce.b.*)
 .bss           0x1fff8148       0x1c c:/program files (x86)/cypress/psoc creator/4.3/psoc creator/import/gnu/arm/5.4.1/bin/../lib/gcc/arm-none-eabi/5.4.1/armv7-m/crtbegin.o
 .bss           0x1fff8164        0x4 .\CortexM3\ARM_GCC_541\Debug\InterruptRoutines.o
                0x1fff8164                i
                0x1fff8165                configuration_status
                0x1fff8166                system_status
                0x1fff8167                TimerFlag
 .bss           0x1fff8168        0x1 .\CortexM3\ARM_GCC_541\Debug\Final_assignment_01.a(SPIM_1.o)
                0x1fff8168                SPIM_1_initVar
 .bss           0x1fff8169        0x2 .\CortexM3\ARM_GCC_541\Debug\Final_assignment_01.a(UART_1.o)
                0x1fff8169                UART_1_initVar
 .bss           0x1fff816b        0x1 .\CortexM3\ARM_GCC_541\Debug\Final_assignment_01.a(PWM_RG.o)
                0x1fff816b                PWM_RG_initVar
 .bss           0x1fff816c        0x1 .\CortexM3\ARM_GCC_541\Debug\Final_assignment_01.a(PWM_B.o)
                0x1fff816c                PWM_B_initVar
 .bss           0x1fff816d        0x1 .\CortexM3\ARM_GCC_541\Debug\Final_assignment_01.a(SPIM_2.o)
                0x1fff816d                SPIM_2_initVar
 .bss           0x1fff816e        0x1 .\CortexM3\ARM_GCC_541\Debug\Final_assignment_01.a(TIMER_button.o)
                0x1fff816e                TIMER_button_initVar
 .bss           0x1fff816f        0x1 .\CortexM3\ARM_GCC_541\Debug\Final_assignment_01.a(Timer_Blinking.o)
                0x1fff816f                Timer_Blinking_initVar
 .bss           0x1fff8170        0xc .\CortexM3\ARM_GCC_541\Debug\Final_assignment_01.a(ADC_DelSig.o)
                0x1fff8174                ADC_DelSig_stopConversion
                0x1fff8175                ADC_DelSig_convDone
                0x1fff8176                ADC_DelSig_initVar
                0x1fff8177                ADC_DelSig_started
                0x1fff8178                ADC_DelSig_Offset
 .bss.__malloc_sbrk_start
                0x1fff817c        0x4 c:/program files (x86)/cypress/psoc creator/4.3/psoc creator/import/gnu/arm/5.4.1/bin/../lib/gcc/arm-none-eabi/5.4.1/../../../../arm-none-eabi/lib/armv7-m\libg_nano.a(lib_a-nano-mallocr.o)
                0x1fff817c                __malloc_sbrk_start
 .bss.__malloc_free_list
                0x1fff8180        0x4 c:/program files (x86)/cypress/psoc creator/4.3/psoc creator/import/gnu/arm/5.4.1/bin/../lib/gcc/arm-none-eabi/5.4.1/../../../../arm-none-eabi/lib/armv7-m\libg_nano.a(lib_a-nano-mallocr.o)
                0x1fff8180                __malloc_free_list
 *(COMMON)
 COMMON         0x1fff8184       0x6b .\CortexM3\ARM_GCC_541\Debug\main.o
                0x1fff8184                data_water
                0x1fff8188                bufferUART
                0x1fff81ec                PacketReadyFlag
                0x1fff81ed                UARTVerboseFlag
                0x1fff81ee                FlagEnableDisable
 *fill*         0x1fff81ef        0x1 
 COMMON         0x1fff81f0        0x5 .\CortexM3\ARM_GCC_541\Debug\InterruptRoutines.o
                0x1fff81f0                value_POT
                0x1fff81f4                data_register
 *fill*         0x1fff81f5        0x3 
 COMMON         0x1fff81f8       0x1c .\CortexM3\ARM_GCC_541\Debug\Final_assignment_01.a(SPIM_1.o)
                0x1fff81f8                SPIM_1_swStatusTx
                0x1fff81fc                SPIM_1_txBuffer
                0x1fff8204                SPIM_1_txBufferFull
                0x1fff8205                SPIM_1_rxBufferWrite
                0x1fff8206                SPIM_1_rxBufferFull
                0x1fff8207                SPIM_1_rxBufferRead
                0x1fff8208                SPIM_1_txBufferWrite
                0x1fff8209                SPIM_1_swStatusRx
                0x1fff820a                SPIM_1_txBufferRead
                0x1fff820c                SPIM_1_rxBuffer
 COMMON         0x1fff8214       0x18 .\CortexM3\ARM_GCC_541\Debug\Final_assignment_01.a(SPIM_2.o)
                0x1fff8214                SPIM_2_rxBuffer
                0x1fff821c                SPIM_2_swStatusRx
                0x1fff821d                SPIM_2_rxBufferWrite
                0x1fff821e                SPIM_2_rxBufferFull
                0x1fff821f                SPIM_2_txBufferFull
                0x1fff8220                SPIM_2_txBufferRead
                0x1fff8221                SPIM_2_txBufferWrite
                0x1fff8222                SPIM_2_rxBufferRead
                0x1fff8223                SPIM_2_swStatusTx
                0x1fff8224                SPIM_2_txBuffer
 COMMON         0x1fff822c        0x4 .\CortexM3\ARM_GCC_541\Debug\Final_assignment_01.a(ADC_DelSig.o)
                0x1fff822c                ADC_DelSig_CountsPerVolt
 COMMON         0x1fff8230        0x4 c:/program files (x86)/cypress/psoc creator/4.3/psoc creator/import/gnu/arm/5.4.1/bin/../lib/gcc/arm-none-eabi/5.4.1/../../../../arm-none-eabi/lib/armv7-m\libg_nano.a(lib_a-reent.o)
                0x1fff8230                errno
                0x1fff8238                . = ALIGN (0x8)
 *fill*         0x1fff8234        0x4 
 *(.ram.b)
                0x1fff8238                _end = .
                0x1fff8238                __end = .
                0x1fff8238                PROVIDE (end, .)
                0x1fff8238                PROVIDE (__bss_end__, .)
                0x000034a8                __cy_region_init_ram = LOADADDR (.data)
                0x00000080                __cy_region_init_size_ram = (_edata - ADDR (.data))
                0x000000f0                __cy_region_zero_size_ram = (_end - _edata)

.heap           0x1fff8238       0x80 load address 0x00003528
                0x1fff8238                . = _end
                0x1fff82b8                . = (. + 0x80)
 *fill*         0x1fff8238       0x80 
                0x1fff82b8                __cy_heap_limit = .

.stack          0x20007800      0x800
                0x20007800                __cy_stack_limit = .
                0x20008000                . = (. + 0x800)
 *fill*         0x20007800      0x800 
                0x00000001                ASSERT ((__cy_stack_limit >= __cy_heap_limit), region RAM overflowed with stack)
                0x00000000                cy_checksum_exclude_size = (CY_APPL_LOADABLE == 0x1)?SIZEOF (.cy_checksum_exclude):0x0
                0x00000001                ASSERT ((cy_checksum_exclude_size <= CY_CHECKSUM_EXCLUDE_SIZE), CY_BOOT: Section .cy_checksum_exclude size exceedes specified limit.)

.cyloadermeta
 *(.cyloadermeta)

.cyloadablemeta
 *(.cyloadablemeta)

.cyconfigecc    0x80000000      0x984
 *(.cyconfigecc)
 .cyconfigecc   0x80000000      0x984 .\CortexM3\ARM_GCC_541\Debug\cymetadata.o
                0x80000000                cy_meta_configecc

.cycustnvl      0x90000000        0x4
 *(.cycustnvl)
 .cycustnvl     0x90000000        0x4 .\CortexM3\ARM_GCC_541\Debug\cymetadata.o
                0x90000000                cy_meta_custnvl

.cywolatch      0x90100000        0x4
 *(.cywolatch)
 .cywolatch     0x90100000        0x4 .\CortexM3\ARM_GCC_541\Debug\cymetadata.o
                0x90100000                cy_meta_wonvl

.cyeeprom       0x90200000        0x0
 *(.cyeeprom)
                0x00000001                ASSERT ((. <= ((0x90200000 + ee_offset) + ee_size)), .cyeeprom data will not fit in EEPROM)

.cyflashprotect
                0x90400000      0x100
 *(.cyflashprotect)
 .cyflashprotect
                0x90400000      0x100 .\CortexM3\ARM_GCC_541\Debug\cymetadata.o
                0x90400000                cy_meta_flashprotect

.cymeta         0x90500000        0xc
 *(.cymeta)
 .cymeta        0x90500000        0xc .\CortexM3\ARM_GCC_541\Debug\cymetadata.o
                0x90500000                cy_metadata

.rel.dyn        0x00003528        0x0 load address 0x9050000c
 .rel.iplt      0x00003528        0x0 c:/program files (x86)/cypress/psoc creator/4.3/psoc creator/import/gnu/arm/5.4.1/bin/../lib/gcc/arm-none-eabi/5.4.1/armv7-m/crtbegin.o

.stab
 *(.stab)

.stabstr
 *(.stabstr)

.debug
 *(.debug)

.line
 *(.line)

.debug_srcinfo
 *(.debug_srcinfo)

.debug_sfnames
 *(.debug_sfnames)

.debug_aranges  0x00000000     0x1410
 *(.debug_aranges)
 .debug_aranges
                0x00000000       0x20 .\CortexM3\ARM_GCC_541\Debug\main.o
 .debug_aranges
                0x00000020       0x38 .\CortexM3\ARM_GCC_541\Debug\SPI_Interface.o
 .debug_aranges
                0x00000058       0x38 .\CortexM3\ARM_GCC_541\Debug\LIS3DH_SPI.o
 .debug_aranges
                0x00000090       0x48 .\CortexM3\ARM_GCC_541\Debug\InterruptRoutines.o
 .debug_aranges
                0x000000d8       0x48 .\CortexM3\ARM_GCC_541\Debug\RGBLedDriver.o
 .debug_aranges
                0x00000120       0x50 .\CortexM3\ARM_GCC_541\Debug\25LC256.o
 .debug_aranges
                0x00000170       0x38 .\CortexM3\ARM_GCC_541\Debug\SPI_Interface_EEPROM.o
 .debug_aranges
                0x000001a8       0x68 .\CortexM3\ARM_GCC_541\Debug\cyfitter_cfg.o
 .debug_aranges
                0x00000210       0x18 .\CortexM3\ARM_GCC_541\Debug\cymetadata.o
 .debug_aranges
                0x00000228       0x48 .\CortexM3\ARM_GCC_541\Debug\Cm3Start.o
 .debug_aranges
                0x00000270       0xd8 .\CortexM3\ARM_GCC_541\Debug\Final_assignment_01.a(SPIM_1.o)
 .debug_aranges
                0x00000348       0x28 .\CortexM3\ARM_GCC_541\Debug\Final_assignment_01.a(SPIM_1_INT.o)
 .debug_aranges
                0x00000370       0x38 .\CortexM3\ARM_GCC_541\Debug\Final_assignment_01.a(CS_1.o)
 .debug_aranges
                0x000003a8       0x48 .\CortexM3\ARM_GCC_541\Debug\Final_assignment_01.a(Pin_ISR.o)
 .debug_aranges
                0x000003f0       0x80 .\CortexM3\ARM_GCC_541\Debug\Final_assignment_01.a(isr_ACC.o)
 .debug_aranges
                0x00000470       0x70 .\CortexM3\ARM_GCC_541\Debug\Final_assignment_01.a(SPIM_1_IntClock.o)
 .debug_aranges
                0x000004e0      0x2a0 .\CortexM3\ARM_GCC_541\Debug\Final_assignment_01.a(CyLib.o)
 .debug_aranges
                0x00000780       0x98 .\CortexM3\ARM_GCC_541\Debug\Final_assignment_01.a(cyPm.o)
 .debug_aranges
                0x00000818       0xf0 .\CortexM3\ARM_GCC_541\Debug\Final_assignment_01.a(UART_1.o)
 .debug_aranges
                0x00000908       0x70 .\CortexM3\ARM_GCC_541\Debug\Final_assignment_01.a(UART_1_IntClock.o)
 .debug_aranges
                0x00000978       0xa8 .\CortexM3\ARM_GCC_541\Debug\Final_assignment_01.a(PWM_RG.o)
 .debug_aranges
                0x00000a20       0x98 .\CortexM3\ARM_GCC_541\Debug\Final_assignment_01.a(PWM_B.o)
 .debug_aranges
                0x00000ab8       0x38 .\CortexM3\ARM_GCC_541\Debug\Final_assignment_01.a(CS_2.o)
 .debug_aranges
                0x00000af0       0xd8 .\CortexM3\ARM_GCC_541\Debug\Final_assignment_01.a(SPIM_2.o)
 .debug_aranges
                0x00000bc8       0x28 .\CortexM3\ARM_GCC_541\Debug\Final_assignment_01.a(SPIM_2_INT.o)
 .debug_aranges
                0x00000bf0       0x70 .\CortexM3\ARM_GCC_541\Debug\Final_assignment_01.a(SPIM_2_IntClock.o)
 .debug_aranges
                0x00000c60       0x80 .\CortexM3\ARM_GCC_541\Debug\Final_assignment_01.a(isr_DEBOUNCER.o)
 .debug_aranges
                0x00000ce0       0x38 .\CortexM3\ARM_GCC_541\Debug\Final_assignment_01.a(Pin_Led_Blue.o)
 .debug_aranges
                0x00000d18       0x88 .\CortexM3\ARM_GCC_541\Debug\Final_assignment_01.a(TIMER_button.o)
 .debug_aranges
                0x00000da0       0x80 .\CortexM3\ARM_GCC_541\Debug\Final_assignment_01.a(isr_TIMER.o)
 .debug_aranges
                0x00000e20       0x88 .\CortexM3\ARM_GCC_541\Debug\Final_assignment_01.a(Timer_Blinking.o)
 .debug_aranges
                0x00000ea8       0x80 .\CortexM3\ARM_GCC_541\Debug\Final_assignment_01.a(isr_BLINKING.o)
 .debug_aranges
                0x00000f28       0x80 .\CortexM3\ARM_GCC_541\Debug\Final_assignment_01.a(isr_positive.o)
 .debug_aranges
                0x00000fa8       0xe8 .\CortexM3\ARM_GCC_541\Debug\Final_assignment_01.a(ADC_DelSig.o)
 .debug_aranges
                0x00001090       0x38 .\CortexM3\ARM_GCC_541\Debug\Final_assignment_01.a(ADC_DelSig_INT.o)
 .debug_aranges
                0x000010c8       0x30 .\CortexM3\ARM_GCC_541\Debug\Final_assignment_01.a(ADC_DelSig_AMux.o)
 .debug_aranges
                0x000010f8       0x70 .\CortexM3\ARM_GCC_541\Debug\Final_assignment_01.a(ADC_DelSig_Ext_CP_Clk.o)
 .debug_aranges
                0x00001168       0x80 .\CortexM3\ARM_GCC_541\Debug\Final_assignment_01.a(ADC_DelSig_theACLK.o)
 .debug_aranges
                0x000011e8       0x38 .\CortexM3\ARM_GCC_541\Debug\Final_assignment_01.a(Pin_RED_UARTVerboseFlag.o)
 .debug_aranges
                0x00001220       0x48 .\CortexM3\ARM_GCC_541\Debug\Final_assignment_01.a(Pin_EnableDisable.o)
 .debug_aranges
                0x00001268       0x80 .\CortexM3\ARM_GCC_541\Debug\Final_assignment_01.a(isr_EnableDisable.o)
 .debug_aranges
                0x000012e8       0x20 .\CortexM3\ARM_GCC_541\Debug\Final_assignment_01.a(CyBootAsmGnu.o)
 .debug_aranges
                0x00001308       0x88 .\CortexM3\ARM_GCC_541\Debug\Final_assignment_01.a(CyFlash.o)
 .debug_aranges
                0x00001390       0x80 .\CortexM3\ARM_GCC_541\Debug\Final_assignment_01.a(CySpc.o)

.debug_pubnames
 *(.debug_pubnames)

.debug_info     0x00000000     0xac3c
 *(.debug_info .gnu.linkonce.wi.*)
 .debug_info    0x00000000      0xc4a .\CortexM3\ARM_GCC_541\Debug\main.o
 .debug_info    0x00000c4a      0x3d4 .\CortexM3\ARM_GCC_541\Debug\SPI_Interface.o
 .debug_info    0x0000101e      0x2f5 .\CortexM3\ARM_GCC_541\Debug\LIS3DH_SPI.o
 .debug_info    0x00001313      0x530 .\CortexM3\ARM_GCC_541\Debug\InterruptRoutines.o
 .debug_info    0x00001843      0x263 .\CortexM3\ARM_GCC_541\Debug\RGBLedDriver.o
 .debug_info    0x00001aa6      0x3b4 .\CortexM3\ARM_GCC_541\Debug\25LC256.o
 .debug_info    0x00001e5a      0x3d4 .\CortexM3\ARM_GCC_541\Debug\SPI_Interface_EEPROM.o
 .debug_info    0x0000222e      0x6b4 .\CortexM3\ARM_GCC_541\Debug\cyfitter_cfg.o
 .debug_info    0x000028e2      0x139 .\CortexM3\ARM_GCC_541\Debug\cymetadata.o
 .debug_info    0x00002a1b      0x3bb .\CortexM3\ARM_GCC_541\Debug\Cm3Start.o
 .debug_info    0x00002dd6      0x709 .\CortexM3\ARM_GCC_541\Debug\Final_assignment_01.a(SPIM_1.o)
 .debug_info    0x000034df      0x18d .\CortexM3\ARM_GCC_541\Debug\Final_assignment_01.a(SPIM_1_INT.o)
 .debug_info    0x0000366c      0x11f .\CortexM3\ARM_GCC_541\Debug\Final_assignment_01.a(CS_1.o)
 .debug_info    0x0000378b      0x174 .\CortexM3\ARM_GCC_541\Debug\Final_assignment_01.a(Pin_ISR.o)
 .debug_info    0x000038ff      0x2d2 .\CortexM3\ARM_GCC_541\Debug\Final_assignment_01.a(isr_ACC.o)
 .debug_info    0x00003bd1      0x283 .\CortexM3\ARM_GCC_541\Debug\Final_assignment_01.a(SPIM_1_IntClock.o)
 .debug_info    0x00003e54     0x1374 .\CortexM3\ARM_GCC_541\Debug\Final_assignment_01.a(CyLib.o)
 .debug_info    0x000051c8      0xa2a .\CortexM3\ARM_GCC_541\Debug\Final_assignment_01.a(cyPm.o)
 .debug_info    0x00005bf2      0x60c .\CortexM3\ARM_GCC_541\Debug\Final_assignment_01.a(UART_1.o)
 .debug_info    0x000061fe      0x283 .\CortexM3\ARM_GCC_541\Debug\Final_assignment_01.a(UART_1_IntClock.o)
 .debug_info    0x00006481      0x381 .\CortexM3\ARM_GCC_541\Debug\Final_assignment_01.a(PWM_RG.o)
 .debug_info    0x00006802      0x333 .\CortexM3\ARM_GCC_541\Debug\Final_assignment_01.a(PWM_B.o)
 .debug_info    0x00006b35      0x11f .\CortexM3\ARM_GCC_541\Debug\Final_assignment_01.a(CS_2.o)
 .debug_info    0x00006c54      0x709 .\CortexM3\ARM_GCC_541\Debug\Final_assignment_01.a(SPIM_2.o)
 .debug_info    0x0000735d      0x18d .\CortexM3\ARM_GCC_541\Debug\Final_assignment_01.a(SPIM_2_INT.o)
 .debug_info    0x000074ea      0x283 .\CortexM3\ARM_GCC_541\Debug\Final_assignment_01.a(SPIM_2_IntClock.o)
 .debug_info    0x0000776d      0x2d2 .\CortexM3\ARM_GCC_541\Debug\Final_assignment_01.a(isr_DEBOUNCER.o)
 .debug_info    0x00007a3f      0x11f .\CortexM3\ARM_GCC_541\Debug\Final_assignment_01.a(Pin_Led_Blue.o)
 .debug_info    0x00007b5e      0x293 .\CortexM3\ARM_GCC_541\Debug\Final_assignment_01.a(TIMER_button.o)
 .debug_info    0x00007df1      0x2d2 .\CortexM3\ARM_GCC_541\Debug\Final_assignment_01.a(isr_TIMER.o)
 .debug_info    0x000080c3      0x293 .\CortexM3\ARM_GCC_541\Debug\Final_assignment_01.a(Timer_Blinking.o)
 .debug_info    0x00008356      0x2d2 .\CortexM3\ARM_GCC_541\Debug\Final_assignment_01.a(isr_BLINKING.o)
 .debug_info    0x00008628      0x2d2 .\CortexM3\ARM_GCC_541\Debug\Final_assignment_01.a(isr_positive.o)
 .debug_info    0x000088fa      0xa19 .\CortexM3\ARM_GCC_541\Debug\Final_assignment_01.a(ADC_DelSig.o)
 .debug_info    0x00009313       0xd3 .\CortexM3\ARM_GCC_541\Debug\Final_assignment_01.a(ADC_DelSig_INT.o)
 .debug_info    0x000093e6      0x165 .\CortexM3\ARM_GCC_541\Debug\Final_assignment_01.a(ADC_DelSig_AMux.o)
 .debug_info    0x0000954b      0x283 .\CortexM3\ARM_GCC_541\Debug\Final_assignment_01.a(ADC_DelSig_Ext_CP_Clk.o)
 .debug_info    0x000097ce      0x2c4 .\CortexM3\ARM_GCC_541\Debug\Final_assignment_01.a(ADC_DelSig_theACLK.o)
 .debug_info    0x00009a92      0x11f .\CortexM3\ARM_GCC_541\Debug\Final_assignment_01.a(Pin_RED_UARTVerboseFlag.o)
 .debug_info    0x00009bb1      0x174 .\CortexM3\ARM_GCC_541\Debug\Final_assignment_01.a(Pin_EnableDisable.o)
 .debug_info    0x00009d25      0x2d2 .\CortexM3\ARM_GCC_541\Debug\Final_assignment_01.a(isr_EnableDisable.o)
 .debug_info    0x00009ff7       0xa8 .\CortexM3\ARM_GCC_541\Debug\Final_assignment_01.a(CyBootAsmGnu.o)
 .debug_info    0x0000a09f      0x64d .\CortexM3\ARM_GCC_541\Debug\Final_assignment_01.a(CyFlash.o)
 .debug_info    0x0000a6ec      0x550 .\CortexM3\ARM_GCC_541\Debug\Final_assignment_01.a(CySpc.o)

.debug_abbrev   0x00000000     0x322c
 *(.debug_abbrev)
 .debug_abbrev  0x00000000      0x13b .\CortexM3\ARM_GCC_541\Debug\main.o
 .debug_abbrev  0x0000013b      0x12b .\CortexM3\ARM_GCC_541\Debug\SPI_Interface.o
 .debug_abbrev  0x00000266      0x100 .\CortexM3\ARM_GCC_541\Debug\LIS3DH_SPI.o
 .debug_abbrev  0x00000366       0xea .\CortexM3\ARM_GCC_541\Debug\InterruptRoutines.o
 .debug_abbrev  0x00000450       0xdf .\CortexM3\ARM_GCC_541\Debug\RGBLedDriver.o
 .debug_abbrev  0x0000052f      0x11c .\CortexM3\ARM_GCC_541\Debug\25LC256.o
 .debug_abbrev  0x0000064b      0x12b .\CortexM3\ARM_GCC_541\Debug\SPI_Interface_EEPROM.o
 .debug_abbrev  0x00000776      0x22d .\CortexM3\ARM_GCC_541\Debug\cyfitter_cfg.o
 .debug_abbrev  0x000009a3       0x77 .\CortexM3\ARM_GCC_541\Debug\cymetadata.o
 .debug_abbrev  0x00000a1a      0x1e8 .\CortexM3\ARM_GCC_541\Debug\Cm3Start.o
 .debug_abbrev  0x00000c02      0x162 .\CortexM3\ARM_GCC_541\Debug\Final_assignment_01.a(SPIM_1.o)
 .debug_abbrev  0x00000d64       0x8a .\CortexM3\ARM_GCC_541\Debug\Final_assignment_01.a(SPIM_1_INT.o)
 .debug_abbrev  0x00000dee       0x90 .\CortexM3\ARM_GCC_541\Debug\Final_assignment_01.a(CS_1.o)
 .debug_abbrev  0x00000e7e       0x90 .\CortexM3\ARM_GCC_541\Debug\Final_assignment_01.a(Pin_ISR.o)
 .debug_abbrev  0x00000f0e      0x173 .\CortexM3\ARM_GCC_541\Debug\Final_assignment_01.a(isr_ACC.o)
 .debug_abbrev  0x00001081      0x139 .\CortexM3\ARM_GCC_541\Debug\Final_assignment_01.a(SPIM_1_IntClock.o)
 .debug_abbrev  0x000011ba      0x254 .\CortexM3\ARM_GCC_541\Debug\Final_assignment_01.a(CyLib.o)
 .debug_abbrev  0x0000140e      0x1ab .\CortexM3\ARM_GCC_541\Debug\Final_assignment_01.a(cyPm.o)
 .debug_abbrev  0x000015b9      0x175 .\CortexM3\ARM_GCC_541\Debug\Final_assignment_01.a(UART_1.o)
 .debug_abbrev  0x0000172e      0x139 .\CortexM3\ARM_GCC_541\Debug\Final_assignment_01.a(UART_1_IntClock.o)
 .debug_abbrev  0x00001867      0x133 .\CortexM3\ARM_GCC_541\Debug\Final_assignment_01.a(PWM_RG.o)
 .debug_abbrev  0x0000199a      0x133 .\CortexM3\ARM_GCC_541\Debug\Final_assignment_01.a(PWM_B.o)
 .debug_abbrev  0x00001acd       0x90 .\CortexM3\ARM_GCC_541\Debug\Final_assignment_01.a(CS_2.o)
 .debug_abbrev  0x00001b5d      0x162 .\CortexM3\ARM_GCC_541\Debug\Final_assignment_01.a(SPIM_2.o)
 .debug_abbrev  0x00001cbf       0x8a .\CortexM3\ARM_GCC_541\Debug\Final_assignment_01.a(SPIM_2_INT.o)
 .debug_abbrev  0x00001d49      0x139 .\CortexM3\ARM_GCC_541\Debug\Final_assignment_01.a(SPIM_2_IntClock.o)
 .debug_abbrev  0x00001e82      0x173 .\CortexM3\ARM_GCC_541\Debug\Final_assignment_01.a(isr_DEBOUNCER.o)
 .debug_abbrev  0x00001ff5       0x90 .\CortexM3\ARM_GCC_541\Debug\Final_assignment_01.a(Pin_Led_Blue.o)
 .debug_abbrev  0x00002085      0x11a .\CortexM3\ARM_GCC_541\Debug\Final_assignment_01.a(TIMER_button.o)
 .debug_abbrev  0x0000219f      0x173 .\CortexM3\ARM_GCC_541\Debug\Final_assignment_01.a(isr_TIMER.o)
 .debug_abbrev  0x00002312      0x11a .\CortexM3\ARM_GCC_541\Debug\Final_assignment_01.a(Timer_Blinking.o)
 .debug_abbrev  0x0000242c      0x173 .\CortexM3\ARM_GCC_541\Debug\Final_assignment_01.a(isr_BLINKING.o)
 .debug_abbrev  0x0000259f      0x173 .\CortexM3\ARM_GCC_541\Debug\Final_assignment_01.a(isr_positive.o)
 .debug_abbrev  0x00002712      0x1eb .\CortexM3\ARM_GCC_541\Debug\Final_assignment_01.a(ADC_DelSig.o)
 .debug_abbrev  0x000028fd       0x42 .\CortexM3\ARM_GCC_541\Debug\Final_assignment_01.a(ADC_DelSig_INT.o)
 .debug_abbrev  0x0000293f       0xb1 .\CortexM3\ARM_GCC_541\Debug\Final_assignment_01.a(ADC_DelSig_AMux.o)
 .debug_abbrev  0x000029f0      0x139 .\CortexM3\ARM_GCC_541\Debug\Final_assignment_01.a(ADC_DelSig_Ext_CP_Clk.o)
 .debug_abbrev  0x00002b29      0x121 .\CortexM3\ARM_GCC_541\Debug\Final_assignment_01.a(ADC_DelSig_theACLK.o)
 .debug_abbrev  0x00002c4a       0x90 .\CortexM3\ARM_GCC_541\Debug\Final_assignment_01.a(Pin_RED_UARTVerboseFlag.o)
 .debug_abbrev  0x00002cda       0x90 .\CortexM3\ARM_GCC_541\Debug\Final_assignment_01.a(Pin_EnableDisable.o)
 .debug_abbrev  0x00002d6a      0x173 .\CortexM3\ARM_GCC_541\Debug\Final_assignment_01.a(isr_EnableDisable.o)
 .debug_abbrev  0x00002edd       0x14 .\CortexM3\ARM_GCC_541\Debug\Final_assignment_01.a(CyBootAsmGnu.o)
 .debug_abbrev  0x00002ef1      0x1a7 .\CortexM3\ARM_GCC_541\Debug\Final_assignment_01.a(CyFlash.o)
 .debug_abbrev  0x00003098      0x194 .\CortexM3\ARM_GCC_541\Debug\Final_assignment_01.a(CySpc.o)

.debug_line     0x00000000     0x4c8a
 *(.debug_line)
 .debug_line    0x00000000      0x379 .\CortexM3\ARM_GCC_541\Debug\main.o
 .debug_line    0x00000379      0x1f4 .\CortexM3\ARM_GCC_541\Debug\SPI_Interface.o
 .debug_line    0x0000056d      0x1ae .\CortexM3\ARM_GCC_541\Debug\LIS3DH_SPI.o
 .debug_line    0x0000071b      0x309 .\CortexM3\ARM_GCC_541\Debug\InterruptRoutines.o
 .debug_line    0x00000a24      0x1cc .\CortexM3\ARM_GCC_541\Debug\RGBLedDriver.o
 .debug_line    0x00000bf0      0x1ed .\CortexM3\ARM_GCC_541\Debug\25LC256.o
 .debug_line    0x00000ddd      0x1fb .\CortexM3\ARM_GCC_541\Debug\SPI_Interface_EEPROM.o
 .debug_line    0x00000fd8      0x22f .\CortexM3\ARM_GCC_541\Debug\cyfitter_cfg.o
 .debug_line    0x00001207      0x141 .\CortexM3\ARM_GCC_541\Debug\cymetadata.o
 .debug_line    0x00001348      0x234 .\CortexM3\ARM_GCC_541\Debug\Cm3Start.o
 .debug_line    0x0000157c      0x29e .\CortexM3\ARM_GCC_541\Debug\Final_assignment_01.a(SPIM_1.o)
 .debug_line    0x0000181a       0xaa .\CortexM3\ARM_GCC_541\Debug\Final_assignment_01.a(SPIM_1_INT.o)
 .debug_line    0x000018c4       0x91 .\CortexM3\ARM_GCC_541\Debug\Final_assignment_01.a(CS_1.o)
 .debug_line    0x00001955       0xb8 .\CortexM3\ARM_GCC_541\Debug\Final_assignment_01.a(Pin_ISR.o)
 .debug_line    0x00001a0d      0x134 .\CortexM3\ARM_GCC_541\Debug\Final_assignment_01.a(isr_ACC.o)
 .debug_line    0x00001b41      0x17e .\CortexM3\ARM_GCC_541\Debug\Final_assignment_01.a(SPIM_1_IntClock.o)
 .debug_line    0x00001cbf      0x816 .\CortexM3\ARM_GCC_541\Debug\Final_assignment_01.a(CyLib.o)
 .debug_line    0x000024d5      0x367 .\CortexM3\ARM_GCC_541\Debug\Final_assignment_01.a(cyPm.o)
 .debug_line    0x0000283c      0x2c0 .\CortexM3\ARM_GCC_541\Debug\Final_assignment_01.a(UART_1.o)
 .debug_line    0x00002afc      0x17e .\CortexM3\ARM_GCC_541\Debug\Final_assignment_01.a(UART_1_IntClock.o)
 .debug_line    0x00002c7a      0x1aa .\CortexM3\ARM_GCC_541\Debug\Final_assignment_01.a(PWM_RG.o)
 .debug_line    0x00002e24      0x185 .\CortexM3\ARM_GCC_541\Debug\Final_assignment_01.a(PWM_B.o)
 .debug_line    0x00002fa9       0x91 .\CortexM3\ARM_GCC_541\Debug\Final_assignment_01.a(CS_2.o)
 .debug_line    0x0000303a      0x29e .\CortexM3\ARM_GCC_541\Debug\Final_assignment_01.a(SPIM_2.o)
 .debug_line    0x000032d8       0xaa .\CortexM3\ARM_GCC_541\Debug\Final_assignment_01.a(SPIM_2_INT.o)
 .debug_line    0x00003382      0x17e .\CortexM3\ARM_GCC_541\Debug\Final_assignment_01.a(SPIM_2_IntClock.o)
 .debug_line    0x00003500      0x13a .\CortexM3\ARM_GCC_541\Debug\Final_assignment_01.a(isr_DEBOUNCER.o)
 .debug_line    0x0000363a       0x99 .\CortexM3\ARM_GCC_541\Debug\Final_assignment_01.a(Pin_Led_Blue.o)
 .debug_line    0x000036d3      0x15a .\CortexM3\ARM_GCC_541\Debug\Final_assignment_01.a(TIMER_button.o)
 .debug_line    0x0000382d      0x136 .\CortexM3\ARM_GCC_541\Debug\Final_assignment_01.a(isr_TIMER.o)
 .debug_line    0x00003963      0x15c .\CortexM3\ARM_GCC_541\Debug\Final_assignment_01.a(Timer_Blinking.o)
 .debug_line    0x00003abf      0x139 .\CortexM3\ARM_GCC_541\Debug\Final_assignment_01.a(isr_BLINKING.o)
 .debug_line    0x00003bf8      0x139 .\CortexM3\ARM_GCC_541\Debug\Final_assignment_01.a(isr_positive.o)
 .debug_line    0x00003d31      0x373 .\CortexM3\ARM_GCC_541\Debug\Final_assignment_01.a(ADC_DelSig.o)
 .debug_line    0x000040a4       0x87 .\CortexM3\ARM_GCC_541\Debug\Final_assignment_01.a(ADC_DelSig_INT.o)
 .debug_line    0x0000412b       0xb3 .\CortexM3\ARM_GCC_541\Debug\Final_assignment_01.a(ADC_DelSig_AMux.o)
 .debug_line    0x000041de      0x184 .\CortexM3\ARM_GCC_541\Debug\Final_assignment_01.a(ADC_DelSig_Ext_CP_Clk.o)
 .debug_line    0x00004362      0x1a4 .\CortexM3\ARM_GCC_541\Debug\Final_assignment_01.a(ADC_DelSig_theACLK.o)
 .debug_line    0x00004506       0xa4 .\CortexM3\ARM_GCC_541\Debug\Final_assignment_01.a(Pin_RED_UARTVerboseFlag.o)
 .debug_line    0x000045aa       0xc2 .\CortexM3\ARM_GCC_541\Debug\Final_assignment_01.a(Pin_EnableDisable.o)
 .debug_line    0x0000466c      0x13e .\CortexM3\ARM_GCC_541\Debug\Final_assignment_01.a(isr_EnableDisable.o)
 .debug_line    0x000047aa       0x66 .\CortexM3\ARM_GCC_541\Debug\Final_assignment_01.a(CyBootAsmGnu.o)
 .debug_line    0x00004810      0x21a .\CortexM3\ARM_GCC_541\Debug\Final_assignment_01.a(CyFlash.o)
 .debug_line    0x00004a2a      0x260 .\CortexM3\ARM_GCC_541\Debug\Final_assignment_01.a(CySpc.o)

.debug_frame    0x00000000     0x3234
 *(.debug_frame)
 .debug_frame   0x00000000       0x40 .\CortexM3\ARM_GCC_541\Debug\main.o
 .debug_frame   0x00000040       0x88 .\CortexM3\ARM_GCC_541\Debug\SPI_Interface.o
 .debug_frame   0x000000c8       0x98 .\CortexM3\ARM_GCC_541\Debug\LIS3DH_SPI.o
 .debug_frame   0x00000160       0xbc .\CortexM3\ARM_GCC_541\Debug\InterruptRoutines.o
 .debug_frame   0x0000021c       0xbc .\CortexM3\ARM_GCC_541\Debug\RGBLedDriver.o
 .debug_frame   0x000002d8       0xf8 .\CortexM3\ARM_GCC_541\Debug\25LC256.o
 .debug_frame   0x000003d0       0x88 .\CortexM3\ARM_GCC_541\Debug\SPI_Interface_EEPROM.o
 .debug_frame   0x00000458      0x104 .\CortexM3\ARM_GCC_541\Debug\cyfitter_cfg.o
 .debug_frame   0x0000055c       0xb8 .\CortexM3\ARM_GCC_541\Debug\Cm3Start.o
 .debug_frame   0x00000614      0x260 .\CortexM3\ARM_GCC_541\Debug\Final_assignment_01.a(SPIM_1.o)
 .debug_frame   0x00000874       0x30 .\CortexM3\ARM_GCC_541\Debug\Final_assignment_01.a(SPIM_1_INT.o)
 .debug_frame   0x000008a4       0x50 .\CortexM3\ARM_GCC_541\Debug\Final_assignment_01.a(CS_1.o)
 .debug_frame   0x000008f4       0x70 .\CortexM3\ARM_GCC_541\Debug\Final_assignment_01.a(Pin_ISR.o)
 .debug_frame   0x00000964      0x104 .\CortexM3\ARM_GCC_541\Debug\Final_assignment_01.a(isr_ACC.o)
 .debug_frame   0x00000a68       0xe0 .\CortexM3\ARM_GCC_541\Debug\Final_assignment_01.a(SPIM_1_IntClock.o)
 .debug_frame   0x00000b48      0x738 .\CortexM3\ARM_GCC_541\Debug\Final_assignment_01.a(CyLib.o)
 .debug_frame   0x00001280      0x1f8 .\CortexM3\ARM_GCC_541\Debug\Final_assignment_01.a(cyPm.o)
 .debug_frame   0x00001478      0x250 .\CortexM3\ARM_GCC_541\Debug\Final_assignment_01.a(UART_1.o)
 .debug_frame   0x000016c8       0xe0 .\CortexM3\ARM_GCC_541\Debug\Final_assignment_01.a(UART_1_IntClock.o)
 .debug_frame   0x000017a8      0x154 .\CortexM3\ARM_GCC_541\Debug\Final_assignment_01.a(PWM_RG.o)
 .debug_frame   0x000018fc      0x134 .\CortexM3\ARM_GCC_541\Debug\Final_assignment_01.a(PWM_B.o)
 .debug_frame   0x00001a30       0x50 .\CortexM3\ARM_GCC_541\Debug\Final_assignment_01.a(CS_2.o)
 .debug_frame   0x00001a80      0x260 .\CortexM3\ARM_GCC_541\Debug\Final_assignment_01.a(SPIM_2.o)
 .debug_frame   0x00001ce0       0x30 .\CortexM3\ARM_GCC_541\Debug\Final_assignment_01.a(SPIM_2_INT.o)
 .debug_frame   0x00001d10       0xe0 .\CortexM3\ARM_GCC_541\Debug\Final_assignment_01.a(SPIM_2_IntClock.o)
 .debug_frame   0x00001df0      0x104 .\CortexM3\ARM_GCC_541\Debug\Final_assignment_01.a(isr_DEBOUNCER.o)
 .debug_frame   0x00001ef4       0x50 .\CortexM3\ARM_GCC_541\Debug\Final_assignment_01.a(Pin_Led_Blue.o)
 .debug_frame   0x00001f44      0x108 .\CortexM3\ARM_GCC_541\Debug\Final_assignment_01.a(TIMER_button.o)
 .debug_frame   0x0000204c      0x104 .\CortexM3\ARM_GCC_541\Debug\Final_assignment_01.a(isr_TIMER.o)
 .debug_frame   0x00002150      0x108 .\CortexM3\ARM_GCC_541\Debug\Final_assignment_01.a(Timer_Blinking.o)
 .debug_frame   0x00002258      0x104 .\CortexM3\ARM_GCC_541\Debug\Final_assignment_01.a(isr_BLINKING.o)
 .debug_frame   0x0000235c      0x104 .\CortexM3\ARM_GCC_541\Debug\Final_assignment_01.a(isr_positive.o)
 .debug_frame   0x00002460      0x284 .\CortexM3\ARM_GCC_541\Debug\Final_assignment_01.a(ADC_DelSig.o)
 .debug_frame   0x000026e4       0x50 .\CortexM3\ARM_GCC_541\Debug\Final_assignment_01.a(ADC_DelSig_INT.o)
 .debug_frame   0x00002734       0x64 .\CortexM3\ARM_GCC_541\Debug\Final_assignment_01.a(ADC_DelSig_AMux.o)
 .debug_frame   0x00002798       0xe0 .\CortexM3\ARM_GCC_541\Debug\Final_assignment_01.a(ADC_DelSig_Ext_CP_Clk.o)
 .debug_frame   0x00002878      0x100 .\CortexM3\ARM_GCC_541\Debug\Final_assignment_01.a(ADC_DelSig_theACLK.o)
 .debug_frame   0x00002978       0x50 .\CortexM3\ARM_GCC_541\Debug\Final_assignment_01.a(Pin_RED_UARTVerboseFlag.o)
 .debug_frame   0x000029c8       0x70 .\CortexM3\ARM_GCC_541\Debug\Final_assignment_01.a(Pin_EnableDisable.o)
 .debug_frame   0x00002a38      0x104 .\CortexM3\ARM_GCC_541\Debug\Final_assignment_01.a(isr_EnableDisable.o)
 .debug_frame   0x00002b3c      0x194 .\CortexM3\ARM_GCC_541\Debug\Final_assignment_01.a(CyFlash.o)
 .debug_frame   0x00002cd0      0x180 .\CortexM3\ARM_GCC_541\Debug\Final_assignment_01.a(CySpc.o)
 .debug_frame   0x00002e50       0x20 c:/program files (x86)/cypress/psoc creator/4.3/psoc creator/import/gnu/arm/5.4.1/bin/../lib/gcc/arm-none-eabi/5.4.1/../../../../arm-none-eabi/lib/armv7-m\libg_nano.a(lib_a-errno.o)
 .debug_frame   0x00002e70       0x28 c:/program files (x86)/cypress/psoc creator/4.3/psoc creator/import/gnu/arm/5.4.1/bin/../lib/gcc/arm-none-eabi/5.4.1/../../../../arm-none-eabi/lib/armv7-m\libg_nano.a(lib_a-exit.o)
 .debug_frame   0x00002e98       0x2c c:/program files (x86)/cypress/psoc creator/4.3/psoc creator/import/gnu/arm/5.4.1/bin/../lib/gcc/arm-none-eabi/5.4.1/../../../../arm-none-eabi/lib/armv7-m\libg_nano.a(lib_a-init.o)
 .debug_frame   0x00002ec4       0x28 c:/program files (x86)/cypress/psoc creator/4.3/psoc creator/import/gnu/arm/5.4.1/bin/../lib/gcc/arm-none-eabi/5.4.1/../../../../arm-none-eabi/lib/armv7-m\libg_nano.a(lib_a-memcpy-stub.o)
 .debug_frame   0x00002eec       0x20 c:/program files (x86)/cypress/psoc creator/4.3/psoc creator/import/gnu/arm/5.4.1/bin/../lib/gcc/arm-none-eabi/5.4.1/../../../../arm-none-eabi/lib/armv7-m\libg_nano.a(lib_a-memset.o)
 .debug_frame   0x00002f0c       0x70 c:/program files (x86)/cypress/psoc creator/4.3/psoc creator/import/gnu/arm/5.4.1/bin/../lib/gcc/arm-none-eabi/5.4.1/../../../../arm-none-eabi/lib/armv7-m\libg_nano.a(lib_a-sprintf.o)
 .debug_frame   0x00002f7c       0x90 c:/program files (x86)/cypress/psoc creator/4.3/psoc creator/import/gnu/arm/5.4.1/bin/../lib/gcc/arm-none-eabi/5.4.1/../../../../arm-none-eabi/lib/armv7-m\libg_nano.a(lib_a-nano-svfprintf.o)
 .debug_frame   0x0000300c       0x60 c:/program files (x86)/cypress/psoc creator/4.3/psoc creator/import/gnu/arm/5.4.1/bin/../lib/gcc/arm-none-eabi/5.4.1/../../../../arm-none-eabi/lib/armv7-m\libg_nano.a(lib_a-nano-vfprintf_i.o)
 .debug_frame   0x0000306c       0x28 c:/program files (x86)/cypress/psoc creator/4.3/psoc creator/import/gnu/arm/5.4.1/bin/../lib/gcc/arm-none-eabi/5.4.1/../../../../arm-none-eabi/lib/armv7-m\libg_nano.a(lib_a-memchr-stub.o)
 .debug_frame   0x00003094       0x28 c:/program files (x86)/cypress/psoc creator/4.3/psoc creator/import/gnu/arm/5.4.1/bin/../lib/gcc/arm-none-eabi/5.4.1/../../../../arm-none-eabi/lib/armv7-m\libg_nano.a(lib_a-memmove.o)
 .debug_frame   0x000030bc       0x38 c:/program files (x86)/cypress/psoc creator/4.3/psoc creator/import/gnu/arm/5.4.1/bin/../lib/gcc/arm-none-eabi/5.4.1/../../../../arm-none-eabi/lib/armv7-m\libg_nano.a(lib_a-nano-freer.o)
 .debug_frame   0x000030f4       0x2c c:/program files (x86)/cypress/psoc creator/4.3/psoc creator/import/gnu/arm/5.4.1/bin/../lib/gcc/arm-none-eabi/5.4.1/../../../../arm-none-eabi/lib/armv7-m\libg_nano.a(lib_a-nano-mallocr.o)
 .debug_frame   0x00003120       0x3c c:/program files (x86)/cypress/psoc creator/4.3/psoc creator/import/gnu/arm/5.4.1/bin/../lib/gcc/arm-none-eabi/5.4.1/../../../../arm-none-eabi/lib/armv7-m\libg_nano.a(lib_a-nano-reallocr.o)
 .debug_frame   0x0000315c       0x2c c:/program files (x86)/cypress/psoc creator/4.3/psoc creator/import/gnu/arm/5.4.1/bin/../lib/gcc/arm-none-eabi/5.4.1/../../../../arm-none-eabi/lib/armv7-m\libg_nano.a(lib_a-sbrkr.o)
 .debug_frame   0x00003188       0x30 c:/program files (x86)/cypress/psoc creator/4.3/psoc creator/import/gnu/arm/5.4.1/bin/../lib/gcc/arm-none-eabi/5.4.1/../../../../arm-none-eabi/lib/armv7-m\libg_nano.a(lib_a-mlock.o)
 .debug_frame   0x000031b8       0x20 c:/program files (x86)/cypress/psoc creator/4.3/psoc creator/import/gnu/arm/5.4.1/bin/../lib/gcc/arm-none-eabi/5.4.1/../../../../arm-none-eabi/lib/armv7-m\libg_nano.a(lib_a-nano-msizer.o)
 .debug_frame   0x000031d8       0x5c c:/program files (x86)/cypress/psoc creator/4.3/psoc creator/import/gnu/arm/5.4.1/bin/../lib/gcc/arm-none-eabi/5.4.1/../../../../arm-none-eabi/lib/armv7-m\libg_nano.a(lib_a-reent.o)

.debug_str      0x00000000     0x401f
 *(.debug_str)
 .debug_str     0x00000000      0x43b .\CortexM3\ARM_GCC_541\Debug\main.o
                                0x49e (size before relaxing)
 .debug_str     0x0000043b      0x154 .\CortexM3\ARM_GCC_541\Debug\SPI_Interface.o
                                0x30b (size before relaxing)
 .debug_str     0x0000058f       0x3d .\CortexM3\ARM_GCC_541\Debug\LIS3DH_SPI.o
                                0x250 (size before relaxing)
 .debug_str     0x000005cc      0x204 .\CortexM3\ARM_GCC_541\Debug\InterruptRoutines.o
                                0x4b9 (size before relaxing)
 .debug_str     0x000007d0       0xc5 .\CortexM3\ARM_GCC_541\Debug\RGBLedDriver.o
                                0x2a8 (size before relaxing)
 .debug_str     0x00000895       0xb3 .\CortexM3\ARM_GCC_541\Debug\25LC256.o
                                0x2ed (size before relaxing)
 .debug_str     0x00000948       0xc7 .\CortexM3\ARM_GCC_541\Debug\SPI_Interface_EEPROM.o
                                0x32e (size before relaxing)
 .debug_str     0x00000a0f      0x211 .\CortexM3\ARM_GCC_541\Debug\cyfitter_cfg.o
                                0x3c4 (size before relaxing)
 .debug_str     0x00000c20      0x105 .\CortexM3\ARM_GCC_541\Debug\cymetadata.o
                                0x232 (size before relaxing)
 .debug_str     0x00000d25      0x144 .\CortexM3\ARM_GCC_541\Debug\Cm3Start.o
                                0x322 (size before relaxing)
 .debug_str     0x00000e69      0x2f5 .\CortexM3\ARM_GCC_541\Debug\Final_assignment_01.a(SPIM_1.o)
                                0x542 (size before relaxing)
 .debug_str     0x0000115e       0x40 .\CortexM3\ARM_GCC_541\Debug\Final_assignment_01.a(SPIM_1_INT.o)
                                0x2ad (size before relaxing)
 .debug_str     0x0000119e       0x5b .\CortexM3\ARM_GCC_541\Debug\Final_assignment_01.a(CS_1.o)
                                0x1f5 (size before relaxing)
 .debug_str     0x000011f9       0x87 .\CortexM3\ARM_GCC_541\Debug\Final_assignment_01.a(Pin_ISR.o)
                                0x244 (size before relaxing)
 .debug_str     0x00001280      0x10a .\CortexM3\ARM_GCC_541\Debug\Final_assignment_01.a(isr_ACC.o)
                                0x2da (size before relaxing)
 .debug_str     0x0000138a      0x19d .\CortexM3\ARM_GCC_541\Debug\Final_assignment_01.a(SPIM_1_IntClock.o)
                                0x366 (size before relaxing)
 .debug_str     0x00001527      0x7b9 .\CortexM3\ARM_GCC_541\Debug\Final_assignment_01.a(CyLib.o)
                                0xa5f (size before relaxing)
 .debug_str     0x00001ce0      0x365 .\CortexM3\ARM_GCC_541\Debug\Final_assignment_01.a(cyPm.o)
                                0x74b (size before relaxing)
 .debug_str     0x00002045      0x279 .\CortexM3\ARM_GCC_541\Debug\Final_assignment_01.a(UART_1.o)
                                0x4cb (size before relaxing)
 .debug_str     0x000022be      0x14c .\CortexM3\ARM_GCC_541\Debug\Final_assignment_01.a(UART_1_IntClock.o)
                                0x366 (size before relaxing)
 .debug_str     0x0000240a      0x191 .\CortexM3\ARM_GCC_541\Debug\Final_assignment_01.a(PWM_RG.o)
                                0x3a7 (size before relaxing)
 .debug_str     0x0000259b      0x13b .\CortexM3\ARM_GCC_541\Debug\Final_assignment_01.a(PWM_B.o)
                                0x369 (size before relaxing)
 .debug_str     0x000026d6       0x4b .\CortexM3\ARM_GCC_541\Debug\Final_assignment_01.a(CS_2.o)
                                0x1f5 (size before relaxing)
 .debug_str     0x00002721      0x243 .\CortexM3\ARM_GCC_541\Debug\Final_assignment_01.a(SPIM_2.o)
                                0x542 (size before relaxing)
 .debug_str     0x00002964       0x40 .\CortexM3\ARM_GCC_541\Debug\Final_assignment_01.a(SPIM_2_INT.o)
                                0x2ad (size before relaxing)
 .debug_str     0x000029a4      0x14c .\CortexM3\ARM_GCC_541\Debug\Final_assignment_01.a(SPIM_2_IntClock.o)
                                0x366 (size before relaxing)
 .debug_str     0x00002af0      0x140 .\CortexM3\ARM_GCC_541\Debug\Final_assignment_01.a(isr_DEBOUNCER.o)
                                0x32e (size before relaxing)
 .debug_str     0x00002c30       0x59 .\CortexM3\ARM_GCC_541\Debug\Final_assignment_01.a(Pin_Led_Blue.o)
                                0x21d (size before relaxing)
 .debug_str     0x00002c89      0x168 .\CortexM3\ARM_GCC_541\Debug\Final_assignment_01.a(TIMER_button.o)
                                0x37d (size before relaxing)
 .debug_str     0x00002df1      0x10c .\CortexM3\ARM_GCC_541\Debug\Final_assignment_01.a(isr_TIMER.o)
                                0x2f6 (size before relaxing)
 .debug_str     0x00002efd      0x176 .\CortexM3\ARM_GCC_541\Debug\Final_assignment_01.a(Timer_Blinking.o)
                                0x39d (size before relaxing)
 .debug_str     0x00003073      0x133 .\CortexM3\ARM_GCC_541\Debug\Final_assignment_01.a(isr_BLINKING.o)
                                0x320 (size before relaxing)
 .debug_str     0x000031a6      0x133 .\CortexM3\ARM_GCC_541\Debug\Final_assignment_01.a(isr_positive.o)
                                0x320 (size before relaxing)
 .debug_str     0x000032d9      0x442 .\CortexM3\ARM_GCC_541\Debug\Final_assignment_01.a(ADC_DelSig.o)